Java HotSpot(TM) 64-Bit Server VM (25.144-b01) for linux-amd64 JRE (1.8.0_144-b01), built on Jul 21 2017 21:57:33 by "java_re" with gcc 4.3.0 20080428 (Red Hat 4.3.0-8)
Memory: 4k page, physical 16306956k(7922328k free), swap 9432060k(9432060k free)
CommandLine flags: -XX:CMSInitiatingOccupancyFraction=50 -XX:CMSMaxAbortablePrecleanTime=6000 -XX:+CMSParallelRemarkEnabled -XX:+CMSScavengeBeforeRemark -XX:ConcGCThreads=4 -XX:GCLogFileSize=20971520 -XX:InitialHeapSize=536870912 -XX:MaxHeapSize=536870912 -XX:MaxTenuringThreshold=8 -XX:NewRatio=3 -XX:NumberOfGCLogFiles=9 -XX:OldPLABSize=16 -XX:-OmitStackTraceInFastThrow -XX:OnOutOfMemoryError=/home/tareq/rokomari-solr/bin/oom_solr.sh 8983 /home/tareq/rokomari-solr/server/logs -XX:ParallelGCThreads=4 -XX:+ParallelRefProcEnabled -XX:PretenureSizeThreshold=67108864 -XX:+PrintGC -XX:+PrintGCApplicationStoppedTime -XX:+PrintGCDateStamps -XX:+PrintGCDetails -XX:+PrintGCTimeStamps -XX:+PrintHeapAtGC -XX:+PrintTenuringDistribution -XX:SurvivorRatio=4 -XX:TargetSurvivorRatio=90 -XX:ThreadStackSize=256 -XX:+UseCMSInitiatingOccupancyOnly -XX:+UseCompressedClassPointers -XX:+UseCompressedOops -XX:+UseConcMarkSweepGC -XX:+UseGCLogFileRotation -XX:+UseParNewGC 
2017-08-29T18:42:37.054+0600: 0.152: Total time for which application threads were stopped: 0.0000867 seconds, Stopping threads took: 0.0000184 seconds
2017-08-29T18:42:37.162+0600: 0.260: Total time for which application threads were stopped: 0.0001013 seconds, Stopping threads took: 0.0000182 seconds
2017-08-29T18:42:37.361+0600: 0.459: Total time for which application threads were stopped: 0.0002381 seconds, Stopping threads took: 0.0000553 seconds
2017-08-29T18:42:37.514+0600: 0.612: Total time for which application threads were stopped: 0.0001209 seconds, Stopping threads took: 0.0000132 seconds
2017-08-29T18:42:37.647+0600: 0.745: Total time for which application threads were stopped: 0.0001507 seconds, Stopping threads took: 0.0000177 seconds
2017-08-29T18:42:37.675+0600: 0.773: Total time for which application threads were stopped: 0.0001560 seconds, Stopping threads took: 0.0000169 seconds
2017-08-29T18:42:37.838+0600: 0.936: Total time for which application threads were stopped: 0.0002032 seconds, Stopping threads took: 0.0000158 seconds
2017-08-29T18:42:37.869+0600: 0.967: Total time for which application threads were stopped: 0.0001776 seconds, Stopping threads took: 0.0000157 seconds
2017-08-29T18:42:38.029+0600: 1.128: Total time for which application threads were stopped: 0.0002379 seconds, Stopping threads took: 0.0000227 seconds
2017-08-29T18:42:38.030+0600: 1.129: Total time for which application threads were stopped: 0.0001473 seconds, Stopping threads took: 0.0000224 seconds
2017-08-29T18:42:38.032+0600: 1.130: Total time for which application threads were stopped: 0.0001478 seconds, Stopping threads took: 0.0000166 seconds
2017-08-29T18:42:38.040+0600: 1.138: Total time for which application threads were stopped: 0.0002144 seconds, Stopping threads took: 0.0000218 seconds
2017-08-29T18:42:38.105+0600: 1.203: Total time for which application threads were stopped: 0.0001883 seconds, Stopping threads took: 0.0000123 seconds
2017-08-29T18:42:38.229+0600: 1.327: Total time for which application threads were stopped: 0.0002484 seconds, Stopping threads took: 0.0000292 seconds
{Heap before GC invocations=0 (full 0):
 par new generation   total 109248K, used 87424K [0x00000000e0000000, 0x00000000e8000000, 0x00000000e8000000)
  eden space 87424K, 100% used [0x00000000e0000000, 0x00000000e5560000, 0x00000000e5560000)
  from space 21824K,   0% used [0x00000000e5560000, 0x00000000e5560000, 0x00000000e6ab0000)
  to   space 21824K,   0% used [0x00000000e6ab0000, 0x00000000e6ab0000, 0x00000000e8000000)
 concurrent mark-sweep generation total 393216K, used 0K [0x00000000e8000000, 0x0000000100000000, 0x0000000100000000)
 Metaspace       used 19689K, capacity 20202K, committed 20480K, reserved 1067008K
  class space    used 2334K, capacity 2519K, committed 2560K, reserved 1048576K
2017-08-29T18:42:38.302+0600: 1.401: [GC (Allocation Failure) 2017-08-29T18:42:38.302+0600: 1.401: [ParNew
Desired survivor size 20112992 bytes, new threshold 8 (max 8)
- age   1:   12108160 bytes,   12108160 total
: 87424K->11943K(109248K), 0.0512014 secs] 87424K->11943K(502464K), 0.0512735 secs] [Times: user=0.02 sys=0.00, real=0.05 secs] 
Heap after GC invocations=1 (full 0):
 par new generation   total 109248K, used 11943K [0x00000000e0000000, 0x00000000e8000000, 0x00000000e8000000)
  eden space 87424K,   0% used [0x00000000e0000000, 0x00000000e0000000, 0x00000000e5560000)
  from space 21824K,  54% used [0x00000000e6ab0000, 0x00000000e7659d58, 0x00000000e8000000)
  to   space 21824K,   0% used [0x00000000e5560000, 0x00000000e5560000, 0x00000000e6ab0000)
 concurrent mark-sweep generation total 393216K, used 0K [0x00000000e8000000, 0x0000000100000000, 0x0000000100000000)
 Metaspace       used 19689K, capacity 20202K, committed 20480K, reserved 1067008K
  class space    used 2334K, capacity 2519K, committed 2560K, reserved 1048576K
}
2017-08-29T18:42:38.353+0600: 1.452: Total time for which application threads were stopped: 0.0514078 seconds, Stopping threads took: 0.0000151 seconds
2017-08-29T18:42:38.390+0600: 1.488: Total time for which application threads were stopped: 0.0080263 seconds, Stopping threads took: 0.0077368 seconds
2017-08-29T18:42:38.449+0600: 1.548: Total time for which application threads were stopped: 0.0001566 seconds, Stopping threads took: 0.0000603 seconds
2017-08-29T18:42:38.494+0600: 1.593: Total time for which application threads were stopped: 0.0050129 seconds, Stopping threads took: 0.0049184 seconds
2017-08-29T18:42:38.543+0600: 1.642: Total time for which application threads were stopped: 0.0000994 seconds, Stopping threads took: 0.0000336 seconds
2017-08-29T18:42:38.567+0600: 1.665: Total time for which application threads were stopped: 0.0000947 seconds, Stopping threads took: 0.0000209 seconds
2017-08-29T18:42:38.586+0600: 1.685: Total time for which application threads were stopped: 0.0000835 seconds, Stopping threads took: 0.0000140 seconds
2017-08-29T18:42:38.658+0600: 1.756: Total time for which application threads were stopped: 0.0062189 seconds, Stopping threads took: 0.0061284 seconds
2017-08-29T18:42:38.689+0600: 1.787: Total time for which application threads were stopped: 0.0001152 seconds, Stopping threads took: 0.0000294 seconds
2017-08-29T18:42:38.695+0600: 1.794: Total time for which application threads were stopped: 0.0002707 seconds, Stopping threads took: 0.0000350 seconds
{Heap before GC invocations=1 (full 0):
 par new generation   total 109248K, used 99367K [0x00000000e0000000, 0x00000000e8000000, 0x00000000e8000000)
  eden space 87424K, 100% used [0x00000000e0000000, 0x00000000e5560000, 0x00000000e5560000)
  from space 21824K,  54% used [0x00000000e6ab0000, 0x00000000e7659d58, 0x00000000e8000000)
  to   space 21824K,   0% used [0x00000000e5560000, 0x00000000e5560000, 0x00000000e6ab0000)
 concurrent mark-sweep generation total 393216K, used 0K [0x00000000e8000000, 0x0000000100000000, 0x0000000100000000)
 Metaspace       used 22709K, capacity 23242K, committed 23448K, reserved 1069056K
  class space    used 2725K, capacity 2931K, committed 2968K, reserved 1048576K
2017-08-29T18:42:38.725+0600: 1.823: [GC (Allocation Failure) 2017-08-29T18:42:38.725+0600: 1.823: [ParNew
Desired survivor size 20112992 bytes, new threshold 8 (max 8)
- age   1:    5684992 bytes,    5684992 total
- age   2:    5633592 bytes,   11318584 total
: 99367K->15041K(109248K), 0.0265973 secs] 99367K->15041K(502464K), 0.0266586 secs] [Times: user=0.03 sys=0.00, real=0.03 secs] 
Heap after GC invocations=2 (full 0):
 par new generation   total 109248K, used 15041K [0x00000000e0000000, 0x00000000e8000000, 0x00000000e8000000)
  eden space 87424K,   0% used [0x00000000e0000000, 0x00000000e0000000, 0x00000000e5560000)
  from space 21824K,  68% used [0x00000000e5560000, 0x00000000e6410540, 0x00000000e6ab0000)
  to   space 21824K,   0% used [0x00000000e6ab0000, 0x00000000e6ab0000, 0x00000000e8000000)
 concurrent mark-sweep generation total 393216K, used 0K [0x00000000e8000000, 0x0000000100000000, 0x0000000100000000)
 Metaspace       used 22709K, capacity 23242K, committed 23448K, reserved 1069056K
  class space    used 2725K, capacity 2931K, committed 2968K, reserved 1048576K
}
2017-08-29T18:42:38.751+0600: 1.850: Total time for which application threads were stopped: 0.0328206 seconds, Stopping threads took: 0.0060396 seconds
2017-08-29T18:42:38.755+0600: 1.853: [GC (CMS Initial Mark) [1 CMS-initial-mark: 0K(393216K)] 15073K(502464K), 0.0060723 secs] [Times: user=0.01 sys=0.00, real=0.00 secs] 
2017-08-29T18:42:38.761+0600: 1.859: Total time for which application threads were stopped: 0.0061824 seconds, Stopping threads took: 0.0000315 seconds
2017-08-29T18:42:38.761+0600: 1.859: [CMS-concurrent-mark-start]
2017-08-29T18:42:38.761+0600: 1.860: [CMS-concurrent-mark: 0.001/0.001 secs] [Times: user=0.00 sys=0.00, real=0.00 secs] 
2017-08-29T18:42:38.762+0600: 1.860: [CMS-concurrent-preclean-start]
2017-08-29T18:42:38.762+0600: 1.861: [CMS-concurrent-preclean: 0.001/0.001 secs] [Times: user=0.00 sys=0.00, real=0.00 secs] 
2017-08-29T18:42:38.763+0600: 1.861: [GC (CMS Final Remark) [YG occupancy: 16814 K (109248 K)]{Heap before GC invocations=2 (full 1):
 par new generation   total 109248K, used 16814K [0x00000000e0000000, 0x00000000e8000000, 0x00000000e8000000)
  eden space 87424K,   2% used [0x00000000e0000000, 0x00000000e01bb400, 0x00000000e5560000)
  from space 21824K,  68% used [0x00000000e5560000, 0x00000000e6410540, 0x00000000e6ab0000)
  to   space 21824K,   0% used [0x00000000e6ab0000, 0x00000000e6ab0000, 0x00000000e8000000)
 concurrent mark-sweep generation total 393216K, used 0K [0x00000000e8000000, 0x0000000100000000, 0x0000000100000000)
 Metaspace       used 22710K, capacity 23242K, committed 23448K, reserved 1069056K
  class space    used 2725K, capacity 2931K, committed 2968K, reserved 1048576K
2017-08-29T18:42:38.763+0600: 1.861: [GC (CMS Final Remark) 2017-08-29T18:42:38.763+0600: 1.861: [ParNew
Desired survivor size 20112992 bytes, new threshold 8 (max 8)
- age   1:     292488 bytes,     292488 total
- age   2:    5584976 bytes,    5877464 total
- age   3:    5633544 bytes,   11511008 total
: 16814K->15062K(109248K), 0.0505997 secs] 16814K->15062K(502464K), 0.0506420 secs] [Times: user=0.03 sys=0.00, real=0.05 secs] 
Heap after GC invocations=3 (full 1):
 par new generation   total 109248K, used 15062K [0x00000000e0000000, 0x00000000e8000000, 0x00000000e8000000)
  eden space 87424K,   0% used [0x00000000e0000000, 0x00000000e0000000, 0x00000000e5560000)
  from space 21824K,  69% used [0x00000000e6ab0000, 0x00000000e7965b90, 0x00000000e8000000)
  to   space 21824K,   0% used [0x00000000e5560000, 0x00000000e5560000, 0x00000000e6ab0000)
 concurrent mark-sweep generation total 393216K, used 0K [0x00000000e8000000, 0x0000000100000000, 0x0000000100000000)
 Metaspace       used 22710K, capacity 23242K, committed 23448K, reserved 1069056K
  class space    used 2725K, capacity 2931K, committed 2968K, reserved 1048576K
}
2017-08-29T18:42:38.813+0600: 1.912: [Rescan (parallel) , 0.0071517 secs]2017-08-29T18:42:38.820+0600: 1.919: [weak refs processing, 0.0238710 secs]2017-08-29T18:42:38.844+0600: 1.943: [class unloading, 0.0026594 secs]2017-08-29T18:42:38.847+0600: 1.945: [scrub symbol table, 0.0029112 secs]2017-08-29T18:42:38.850+0600: 1.948: [scrub string table, 0.0005096 secs][1 CMS-remark: 0K(393216K)] 15062K(502464K), 0.0883188 secs] [Times: user=0.07 sys=0.00, real=0.09 secs] 
2017-08-29T18:42:38.851+0600: 1.949: Total time for which application threads were stopped: 0.0884287 seconds, Stopping threads took: 0.0000412 seconds
2017-08-29T18:42:38.851+0600: 1.949: [CMS-concurrent-sweep-start]
2017-08-29T18:42:38.851+0600: 1.949: [CMS-concurrent-sweep: 0.000/0.000 secs] [Times: user=0.00 sys=0.00, real=0.00 secs] 
2017-08-29T18:42:38.851+0600: 1.949: [CMS-concurrent-reset-start]
2017-08-29T18:42:38.852+0600: 1.950: [CMS-concurrent-reset: 0.001/0.001 secs] [Times: user=0.00 sys=0.00, real=0.00 secs] 
2017-08-29T18:42:38.890+0600: 1.988: Total time for which application threads were stopped: 0.0140783 seconds, Stopping threads took: 0.0138092 seconds
{Heap before GC invocations=3 (full 1):
 par new generation   total 109248K, used 102486K [0x00000000e0000000, 0x00000000e8000000, 0x00000000e8000000)
  eden space 87424K, 100% used [0x00000000e0000000, 0x00000000e5560000, 0x00000000e5560000)
  from space 21824K,  69% used [0x00000000e6ab0000, 0x00000000e7965b90, 0x00000000e8000000)
  to   space 21824K,   0% used [0x00000000e5560000, 0x00000000e5560000, 0x00000000e6ab0000)
 concurrent mark-sweep generation total 393216K, used 0K [0x00000000e8000000, 0x0000000100000000, 0x0000000100000000)
 Metaspace       used 23484K, capacity 24052K, committed 24344K, reserved 1071104K
  class space    used 2823K, capacity 3010K, committed 3096K, reserved 1048576K
2017-08-29T18:42:39.215+0600: 2.313: [GC (Allocation Failure) 2017-08-29T18:42:39.215+0600: 2.313: [ParNew
Desired survivor size 20112992 bytes, new threshold 8 (max 8)
- age   1:    3326408 bytes,    3326408 total
- age   2:        200 bytes,    3326608 total
- age   3:    2549904 bytes,    5876512 total
- age   4:    5512544 bytes,   11389056 total
: 102486K->15734K(109248K), 0.0565158 secs] 102486K->15734K(502464K), 0.0565934 secs] [Times: user=0.07 sys=0.00, real=0.05 secs] 
Heap after GC invocations=4 (full 1):
 par new generation   total 109248K, used 15734K [0x00000000e0000000, 0x00000000e8000000, 0x00000000e8000000)
  eden space 87424K,   0% used [0x00000000e0000000, 0x00000000e0000000, 0x00000000e5560000)
  from space 21824K,  72% used [0x00000000e5560000, 0x00000000e64bdae8, 0x00000000e6ab0000)
  to   space 21824K,   0% used [0x00000000e6ab0000, 0x00000000e6ab0000, 0x00000000e8000000)
 concurrent mark-sweep generation total 393216K, used 0K [0x00000000e8000000, 0x0000000100000000, 0x0000000100000000)
 Metaspace       used 23484K, capacity 24052K, committed 24344K, reserved 1071104K
  class space    used 2823K, capacity 3010K, committed 3096K, reserved 1048576K
}
2017-08-29T18:42:39.272+0600: 2.370: Total time for which application threads were stopped: 0.0575109 seconds, Stopping threads took: 0.0007278 seconds
{Heap before GC invocations=4 (full 1):
 par new generation   total 109248K, used 103158K [0x00000000e0000000, 0x00000000e8000000, 0x00000000e8000000)
  eden space 87424K, 100% used [0x00000000e0000000, 0x00000000e5560000, 0x00000000e5560000)
  from space 21824K,  72% used [0x00000000e5560000, 0x00000000e64bdae8, 0x00000000e6ab0000)
  to   space 21824K,   0% used [0x00000000e6ab0000, 0x00000000e6ab0000, 0x00000000e8000000)
 concurrent mark-sweep generation total 393216K, used 0K [0x00000000e8000000, 0x0000000100000000, 0x0000000100000000)
 Metaspace       used 23921K, capacity 24442K, committed 24600K, reserved 1071104K
  class space    used 2878K, capacity 3075K, committed 3096K, reserved 1048576K
2017-08-29T18:42:39.354+0600: 2.453: [GC (Allocation Failure) 2017-08-29T18:42:39.354+0600: 2.453: [ParNew
Desired survivor size 20112992 bytes, new threshold 8 (max 8)
- age   1:     597264 bytes,     597264 total
- age   2:    2491688 bytes,    3088952 total
- age   3:        200 bytes,    3089152 total
- age   4:    2516472 bytes,    5605624 total
- age   5:    5512320 bytes,   11117944 total
: 103158K->15403K(109248K), 0.0365852 secs] 103158K->15403K(502464K), 0.0366486 secs] [Times: user=0.04 sys=0.00, real=0.03 secs] 
Heap after GC invocations=5 (full 1):
 par new generation   total 109248K, used 15403K [0x00000000e0000000, 0x00000000e8000000, 0x00000000e8000000)
  eden space 87424K,   0% used [0x00000000e0000000, 0x00000000e0000000, 0x00000000e5560000)
  from space 21824K,  70% used [0x00000000e6ab0000, 0x00000000e79badc0, 0x00000000e8000000)
  to   space 21824K,   0% used [0x00000000e5560000, 0x00000000e5560000, 0x00000000e6ab0000)
 concurrent mark-sweep generation total 393216K, used 0K [0x00000000e8000000, 0x0000000100000000, 0x0000000100000000)
 Metaspace       used 23921K, capacity 24442K, committed 24600K, reserved 1071104K
  class space    used 2878K, capacity 3075K, committed 3096K, reserved 1048576K
}
2017-08-29T18:42:39.391+0600: 2.489: Total time for which application threads were stopped: 0.0389365 seconds, Stopping threads took: 0.0021382 seconds
{Heap before GC invocations=5 (full 1):
 par new generation   total 109248K, used 102827K [0x00000000e0000000, 0x00000000e8000000, 0x00000000e8000000)
  eden space 87424K, 100% used [0x00000000e0000000, 0x00000000e5560000, 0x00000000e5560000)
  from space 21824K,  70% used [0x00000000e6ab0000, 0x00000000e79badc0, 0x00000000e8000000)
  to   space 21824K,   0% used [0x00000000e5560000, 0x00000000e5560000, 0x00000000e6ab0000)
 concurrent mark-sweep generation total 393216K, used 0K [0x00000000e8000000, 0x0000000100000000, 0x0000000100000000)
 Metaspace       used 24294K, capacity 24844K, committed 25240K, reserved 1071104K
  class space    used 2931K, capacity 3142K, committed 3224K, reserved 1048576K
2017-08-29T18:42:39.497+0600: 2.595: [GC (Allocation Failure) 2017-08-29T18:42:39.497+0600: 2.595: [ParNew
Desired survivor size 20112992 bytes, new threshold 8 (max 8)
- age   1:     684224 bytes,     684224 total
- age   2:     225128 bytes,     909352 total
- age   3:    2490800 bytes,    3400152 total
- age   4:        200 bytes,    3400352 total
- age   5:    2512152 bytes,    5912504 total
- age   6:    5512288 bytes,   11424792 total
: 102827K->15046K(109248K), 0.0225178 secs] 102827K->15046K(502464K), 0.0225850 secs] [Times: user=0.04 sys=0.00, real=0.02 secs] 
Heap after GC invocations=6 (full 1):
 par new generation   total 109248K, used 15046K [0x00000000e0000000, 0x00000000e8000000, 0x00000000e8000000)
  eden space 87424K,   0% used [0x00000000e0000000, 0x00000000e0000000, 0x00000000e5560000)
  from space 21824K,  68% used [0x00000000e5560000, 0x00000000e6411b30, 0x00000000e6ab0000)
  to   space 21824K,   0% used [0x00000000e6ab0000, 0x00000000e6ab0000, 0x00000000e8000000)
 concurrent mark-sweep generation total 393216K, used 0K [0x00000000e8000000, 0x0000000100000000, 0x0000000100000000)
 Metaspace       used 24294K, capacity 24844K, committed 25240K, reserved 1071104K
  class space    used 2931K, capacity 3142K, committed 3224K, reserved 1048576K
}
2017-08-29T18:42:39.519+0600: 2.618: Total time for which application threads were stopped: 0.0227277 seconds, Stopping threads took: 0.0000139 seconds
{Heap before GC invocations=6 (full 1):
 par new generation   total 109248K, used 102470K [0x00000000e0000000, 0x00000000e8000000, 0x00000000e8000000)
  eden space 87424K, 100% used [0x00000000e0000000, 0x00000000e5560000, 0x00000000e5560000)
  from space 21824K,  68% used [0x00000000e5560000, 0x00000000e6411b30, 0x00000000e6ab0000)
  to   space 21824K,   0% used [0x00000000e6ab0000, 0x00000000e6ab0000, 0x00000000e8000000)
 concurrent mark-sweep generation total 393216K, used 0K [0x00000000e8000000, 0x0000000100000000, 0x0000000100000000)
 Metaspace       used 24368K, capacity 24996K, committed 25240K, reserved 1071104K
  class space    used 2940K, capacity 3146K, committed 3224K, reserved 1048576K
2017-08-29T18:42:39.552+0600: 2.651: [GC (Allocation Failure) 2017-08-29T18:42:39.552+0600: 2.651: [ParNew
Desired survivor size 20112992 bytes, new threshold 8 (max 8)
- age   1:     919864 bytes,     919864 total
- age   2:     148592 bytes,    1068456 total
- age   3:     223856 bytes,    1292312 total
- age   4:    2490296 bytes,    3782608 total
- age   5:        200 bytes,    3782808 total
- age   6:    2500632 bytes,    6283440 total
- age   7:    5508064 bytes,   11791504 total
: 102470K->13879K(109248K), 0.0059929 secs] 102470K->13879K(502464K), 0.0060613 secs] [Times: user=0.02 sys=0.00, real=0.01 secs] 
Heap after GC invocations=7 (full 1):
 par new generation   total 109248K, used 13879K [0x00000000e0000000, 0x00000000e8000000, 0x00000000e8000000)
  eden space 87424K,   0% used [0x00000000e0000000, 0x00000000e0000000, 0x00000000e5560000)
  from space 21824K,  63% used [0x00000000e6ab0000, 0x00000000e783ddd0, 0x00000000e8000000)
  to   space 21824K,   0% used [0x00000000e5560000, 0x00000000e5560000, 0x00000000e6ab0000)
 concurrent mark-sweep generation total 393216K, used 0K [0x00000000e8000000, 0x0000000100000000, 0x0000000100000000)
 Metaspace       used 24368K, capacity 24996K, committed 25240K, reserved 1071104K
  class space    used 2940K, capacity 3146K, committed 3224K, reserved 1048576K
}
2017-08-29T18:42:39.559+0600: 2.657: Total time for which application threads were stopped: 0.0062167 seconds, Stopping threads took: 0.0000425 seconds
{Heap before GC invocations=7 (full 1):
 par new generation   total 109248K, used 101303K [0x00000000e0000000, 0x00000000e8000000, 0x00000000e8000000)
  eden space 87424K, 100% used [0x00000000e0000000, 0x00000000e5560000, 0x00000000e5560000)
  from space 21824K,  63% used [0x00000000e6ab0000, 0x00000000e783ddd0, 0x00000000e8000000)
  to   space 21824K,   0% used [0x00000000e5560000, 0x00000000e5560000, 0x00000000e6ab0000)
 concurrent mark-sweep generation total 393216K, used 0K [0x00000000e8000000, 0x0000000100000000, 0x0000000100000000)
 Metaspace       used 24456K, capacity 25002K, committed 25240K, reserved 1071104K
  class space    used 2949K, capacity 3147K, committed 3224K, reserved 1048576K
2017-08-29T18:42:39.607+0600: 2.705: [GC (Allocation Failure) 2017-08-29T18:42:39.607+0600: 2.705: [ParNew
Desired survivor size 20112992 bytes, new threshold 8 (max 8)
- age   1:    1204248 bytes,    1204248 total
- age   2:     122560 bytes,    1326808 total
- age   3:     148592 bytes,    1475400 total
- age   4:     223856 bytes,    1699256 total
- age   5:    2490296 bytes,    4189552 total
- age   6:        200 bytes,    4189752 total
- age   7:    2500456 bytes,    6690208 total
- age   8:    5508112 bytes,   12198320 total
: 101303K->20048K(109248K), 0.0060037 secs] 101303K->20048K(502464K), 0.0060629 secs] [Times: user=0.02 sys=0.00, real=0.00 secs] 
Heap after GC invocations=8 (full 1):
 par new generation   total 109248K, used 20048K [0x00000000e0000000, 0x00000000e8000000, 0x00000000e8000000)
  eden space 87424K,   0% used [0x00000000e0000000, 0x00000000e0000000, 0x00000000e5560000)
  from space 21824K,  91% used [0x00000000e5560000, 0x00000000e68f4280, 0x00000000e6ab0000)
  to   space 21824K,   0% used [0x00000000e6ab0000, 0x00000000e6ab0000, 0x00000000e8000000)
 concurrent mark-sweep generation total 393216K, used 0K [0x00000000e8000000, 0x0000000100000000, 0x0000000100000000)
 Metaspace       used 24456K, capacity 25002K, committed 25240K, reserved 1071104K
  class space    used 2949K, capacity 3147K, committed 3224K, reserved 1048576K
}
2017-08-29T18:42:39.613+0600: 2.711: Total time for which application threads were stopped: 0.0062274 seconds, Stopping threads took: 0.0000344 seconds
{Heap before GC invocations=8 (full 1):
 par new generation   total 109248K, used 107472K [0x00000000e0000000, 0x00000000e8000000, 0x00000000e8000000)
  eden space 87424K, 100% used [0x00000000e0000000, 0x00000000e5560000, 0x00000000e5560000)
  from space 21824K,  91% used [0x00000000e5560000, 0x00000000e68f4280, 0x00000000e6ab0000)
  to   space 21824K,   0% used [0x00000000e6ab0000, 0x00000000e6ab0000, 0x00000000e8000000)
 concurrent mark-sweep generation total 393216K, used 0K [0x00000000e8000000, 0x0000000100000000, 0x0000000100000000)
 Metaspace       used 24625K, capacity 25226K, committed 25496K, reserved 1071104K
  class space    used 2971K, capacity 3179K, committed 3224K, reserved 1048576K
2017-08-29T18:42:39.662+0600: 2.761: [GC (Allocation Failure) 2017-08-29T18:42:39.662+0600: 2.761: [ParNew
Desired survivor size 20112992 bytes, new threshold 8 (max 8)
- age   1:     700920 bytes,     700920 total
- age   2:      98816 bytes,     799736 total
- age   3:     121624 bytes,     921360 total
- age   4:     148592 bytes,    1069952 total
- age   5:     223016 bytes,    1292968 total
- age   6:    2490184 bytes,    3783152 total
- age   7:        200 bytes,    3783352 total
- age   8:    2500328 bytes,    6283680 total
: 107472K->9597K(109248K), 0.0248672 secs] 107472K->15061K(502464K), 0.0249231 secs] [Times: user=0.07 sys=0.00, real=0.03 secs] 
Heap after GC invocations=9 (full 1):
 par new generation   total 109248K, used 9597K [0x00000000e0000000, 0x00000000e8000000, 0x00000000e8000000)
  eden space 87424K,   0% used [0x00000000e0000000, 0x00000000e0000000, 0x00000000e5560000)
  from space 21824K,  43% used [0x00000000e6ab0000, 0x00000000e740f550, 0x00000000e8000000)
  to   space 21824K,   0% used [0x00000000e5560000, 0x00000000e5560000, 0x00000000e6ab0000)
 concurrent mark-sweep generation total 393216K, used 5463K [0x00000000e8000000, 0x0000000100000000, 0x0000000100000000)
 Metaspace       used 24625K, capacity 25226K, committed 25496K, reserved 1071104K
  class space    used 2971K, capacity 3179K, committed 3224K, reserved 1048576K
}
2017-08-29T18:42:39.687+0600: 2.786: Total time for which application threads were stopped: 0.0285269 seconds, Stopping threads took: 0.0034602 seconds
2017-08-29T18:42:39.728+0600: 2.826: Total time for which application threads were stopped: 0.0003201 seconds, Stopping threads took: 0.0000274 seconds
2017-08-29T18:42:39.766+0600: 2.865: Total time for which application threads were stopped: 0.0003647 seconds, Stopping threads took: 0.0000506 seconds
2017-08-29T18:42:39.875+0600: 2.974: Total time for which application threads were stopped: 0.0003888 seconds, Stopping threads took: 0.0000230 seconds
2017-08-29T18:42:39.883+0600: 2.982: Total time for which application threads were stopped: 0.0003648 seconds, Stopping threads took: 0.0000613 seconds
{Heap before GC invocations=9 (full 1):
 par new generation   total 109248K, used 97021K [0x00000000e0000000, 0x00000000e8000000, 0x00000000e8000000)
  eden space 87424K, 100% used [0x00000000e0000000, 0x00000000e5560000, 0x00000000e5560000)
  from space 21824K,  43% used [0x00000000e6ab0000, 0x00000000e740f550, 0x00000000e8000000)
  to   space 21824K,   0% used [0x00000000e5560000, 0x00000000e5560000, 0x00000000e6ab0000)
 concurrent mark-sweep generation total 393216K, used 5463K [0x00000000e8000000, 0x0000000100000000, 0x0000000100000000)
 Metaspace       used 27328K, capacity 28074K, committed 28184K, reserved 1073152K
  class space    used 3312K, capacity 3555K, committed 3608K, reserved 1048576K
2017-08-29T18:42:39.919+0600: 3.018: [GC (Allocation Failure) 2017-08-29T18:42:39.919+0600: 3.018: [ParNew
Desired survivor size 20112992 bytes, new threshold 8 (max 8)
- age   1:    4147264 bytes,    4147264 total
- age   2:     105080 bytes,    4252344 total
- age   3:      97664 bytes,    4350008 total
- age   4:     120616 bytes,    4470624 total
- age   5:     147480 bytes,    4618104 total
- age   6:     215216 bytes,    4833320 total
- age   7:     407824 bytes,    5241144 total
- age   8:        200 bytes,    5241344 total
: 97021K->5810K(109248K), 0.0065604 secs] 102485K->13727K(502464K), 0.0066280 secs] [Times: user=0.02 sys=0.00, real=0.00 secs] 
Heap after GC invocations=10 (full 1):
 par new generation   total 109248K, used 5810K [0x00000000e0000000, 0x00000000e8000000, 0x00000000e8000000)
  eden space 87424K,   0% used [0x00000000e0000000, 0x00000000e0000000, 0x00000000e5560000)
  from space 21824K,  26% used [0x00000000e5560000, 0x00000000e5b0c900, 0x00000000e6ab0000)
  to   space 21824K,   0% used [0x00000000e6ab0000, 0x00000000e6ab0000, 0x00000000e8000000)
 concurrent mark-sweep generation total 393216K, used 7917K [0x00000000e8000000, 0x0000000100000000, 0x0000000100000000)
 Metaspace       used 27328K, capacity 28074K, committed 28184K, reserved 1073152K
  class space    used 3312K, capacity 3555K, committed 3608K, reserved 1048576K
}
2017-08-29T18:42:39.926+0600: 3.024: Total time for which application threads were stopped: 0.0068024 seconds, Stopping threads took: 0.0000502 seconds
{Heap before GC invocations=10 (full 1):
 par new generation   total 109248K, used 93234K [0x00000000e0000000, 0x00000000e8000000, 0x00000000e8000000)
  eden space 87424K, 100% used [0x00000000e0000000, 0x00000000e5560000, 0x00000000e5560000)
  from space 21824K,  26% used [0x00000000e5560000, 0x00000000e5b0c900, 0x00000000e6ab0000)
  to   space 21824K,   0% used [0x00000000e6ab0000, 0x00000000e6ab0000, 0x00000000e8000000)
 concurrent mark-sweep generation total 393216K, used 7917K [0x00000000e8000000, 0x0000000100000000, 0x0000000100000000)
 Metaspace       used 29236K, capacity 29994K, committed 30232K, reserved 1075200K
  class space    used 3539K, capacity 3781K, committed 3864K, reserved 1048576K
2017-08-29T18:42:40.108+0600: 3.207: [GC (Allocation Failure) 2017-08-29T18:42:40.108+0600: 3.207: [ParNew
Desired survivor size 20112992 bytes, new threshold 8 (max 8)
- age   1:    3474208 bytes,    3474208 total
- age   2:    2240544 bytes,    5714752 total
- age   3:     105048 bytes,    5819800 total
- age   4:      97568 bytes,    5917368 total
- age   5:     119928 bytes,    6037296 total
- age   6:     142488 bytes,    6179784 total
- age   7:     212328 bytes,    6392112 total
- age   8:     402872 bytes,    6794984 total
: 93234K->9130K(109248K), 0.0065092 secs] 101151K->17048K(502464K), 0.0065781 secs] [Times: user=0.02 sys=0.00, real=0.01 secs] 
Heap after GC invocations=11 (full 1):
 par new generation   total 109248K, used 9130K [0x00000000e0000000, 0x00000000e8000000, 0x00000000e8000000)
  eden space 87424K,   0% used [0x00000000e0000000, 0x00000000e0000000, 0x00000000e5560000)
  from space 21824K,  41% used [0x00000000e6ab0000, 0x00000000e739a940, 0x00000000e8000000)
  to   space 21824K,   0% used [0x00000000e5560000, 0x00000000e5560000, 0x00000000e6ab0000)
 concurrent mark-sweep generation total 393216K, used 7917K [0x00000000e8000000, 0x0000000100000000, 0x0000000100000000)
 Metaspace       used 29236K, capacity 29994K, committed 30232K, reserved 1075200K
  class space    used 3539K, capacity 3781K, committed 3864K, reserved 1048576K
}
2017-08-29T18:42:40.115+0600: 3.213: Total time for which application threads were stopped: 0.0067943 seconds, Stopping threads took: 0.0000429 seconds
2017-08-29T18:42:40.217+0600: 3.315: Total time for which application threads were stopped: 0.0004119 seconds, Stopping threads took: 0.0000225 seconds
2017-08-29T18:42:40.255+0600: 3.353: Total time for which application threads were stopped: 0.0011145 seconds, Stopping threads took: 0.0007306 seconds
2017-08-29T18:42:41.010+0600: 4.109: Total time for which application threads were stopped: 0.0004006 seconds, Stopping threads took: 0.0000162 seconds
2017-08-29T18:42:55.156+0600: 18.255: Total time for which application threads were stopped: 0.0001154 seconds, Stopping threads took: 0.0000703 seconds
2017-08-29T18:42:55.159+0600: 18.257: Total time for which application threads were stopped: 0.0000826 seconds, Stopping threads took: 0.0000408 seconds
2017-08-29T18:42:55.176+0600: 18.275: Total time for which application threads were stopped: 0.0003510 seconds, Stopping threads took: 0.0000195 seconds
2017-08-29T18:42:55.206+0600: 18.305: Total time for which application threads were stopped: 0.0004051 seconds, Stopping threads took: 0.0000181 seconds
2017-08-29T18:42:55.268+0600: 18.366: Total time for which application threads were stopped: 0.0000974 seconds, Stopping threads took: 0.0000332 seconds
2017-08-29T18:42:55.273+0600: 18.371: Total time for which application threads were stopped: 0.0000673 seconds, Stopping threads took: 0.0000169 seconds
2017-08-29T18:42:55.274+0600: 18.372: Total time for which application threads were stopped: 0.0000542 seconds, Stopping threads took: 0.0000109 seconds
2017-08-29T18:42:55.274+0600: 18.372: Total time for which application threads were stopped: 0.0000339 seconds, Stopping threads took: 0.0000145 seconds
2017-08-29T18:42:55.274+0600: 18.372: Total time for which application threads were stopped: 0.0000248 seconds, Stopping threads took: 0.0000053 seconds
2017-08-29T18:42:55.274+0600: 18.373: Total time for which application threads were stopped: 0.0000285 seconds, Stopping threads took: 0.0000070 seconds
2017-08-29T18:42:56.275+0600: 19.373: Total time for which application threads were stopped: 0.0001289 seconds, Stopping threads took: 0.0000241 seconds
{Heap before GC invocations=11 (full 1):
 par new generation   total 109248K, used 96554K [0x00000000e0000000, 0x00000000e8000000, 0x00000000e8000000)
  eden space 87424K, 100% used [0x00000000e0000000, 0x00000000e5560000, 0x00000000e5560000)
  from space 21824K,  41% used [0x00000000e6ab0000, 0x00000000e739a940, 0x00000000e8000000)
  to   space 21824K,   0% used [0x00000000e5560000, 0x00000000e5560000, 0x00000000e6ab0000)
 concurrent mark-sweep generation total 393216K, used 7917K [0x00000000e8000000, 0x0000000100000000, 0x0000000100000000)
 Metaspace       used 33783K, capacity 34810K, committed 34968K, reserved 1079296K
  class space    used 4101K, capacity 4399K, committed 4504K, reserved 1048576K
2017-08-29T18:43:07.852+0600: 30.951: [GC (Allocation Failure) 2017-08-29T18:43:07.852+0600: 30.951: [ParNew
Desired survivor size 20112992 bytes, new threshold 8 (max 8)
- age   1:   15336336 bytes,   15336336 total
- age   2:    1398696 bytes,   16735032 total
- age   3:    2218904 bytes,   18953936 total
- age   4:     104760 bytes,   19058696 total
- age   5:      97504 bytes,   19156200 total
- age   6:     101448 bytes,   19257648 total
- age   7:     141912 bytes,   19399560 total
- age   8:     211592 bytes,   19611152 total
: 96554K->21615K(109248K), 0.0139228 secs] 104472K->29978K(502464K), 0.0139895 secs] [Times: user=0.03 sys=0.00, real=0.02 secs] 
Heap after GC invocations=12 (full 1):
 par new generation   total 109248K, used 21615K [0x00000000e0000000, 0x00000000e8000000, 0x00000000e8000000)
  eden space 87424K,   0% used [0x00000000e0000000, 0x00000000e0000000, 0x00000000e5560000)
  from space 21824K,  99% used [0x00000000e5560000, 0x00000000e6a7bfa0, 0x00000000e6ab0000)
  to   space 21824K,   0% used [0x00000000e6ab0000, 0x00000000e6ab0000, 0x00000000e8000000)
 concurrent mark-sweep generation total 393216K, used 8362K [0x00000000e8000000, 0x0000000100000000, 0x0000000100000000)
 Metaspace       used 33783K, capacity 34810K, committed 34968K, reserved 1079296K
  class space    used 4101K, capacity 4399K, committed 4504K, reserved 1048576K
}
2017-08-29T18:43:07.866+0600: 30.965: Total time for which application threads were stopped: 0.0141446 seconds, Stopping threads took: 0.0000388 seconds
2017-08-29T18:43:08.867+0600: 31.965: Total time for which application threads were stopped: 0.0000663 seconds, Stopping threads took: 0.0000158 seconds
2017-08-29T18:43:10.253+0600: 33.351: Total time for which application threads were stopped: 0.0000602 seconds, Stopping threads took: 0.0000133 seconds
2017-08-29T18:43:10.261+0600: 33.360: Total time for which application threads were stopped: 0.0000795 seconds, Stopping threads took: 0.0000235 seconds
2017-08-29T18:43:10.262+0600: 33.360: Total time for which application threads were stopped: 0.0000415 seconds, Stopping threads took: 0.0000106 seconds
2017-08-29T18:43:11.262+0600: 34.360: Total time for which application threads were stopped: 0.0000873 seconds, Stopping threads took: 0.0000193 seconds
2017-08-29T18:43:45.160+0600: 68.258: Total time for which application threads were stopped: 0.0000765 seconds, Stopping threads took: 0.0000146 seconds
2017-08-29T18:43:45.160+0600: 68.258: Total time for which application threads were stopped: 0.0000270 seconds, Stopping threads took: 0.0000066 seconds
2017-08-29T18:43:45.160+0600: 68.258: Total time for which application threads were stopped: 0.0000224 seconds, Stopping threads took: 0.0000063 seconds
2017-08-29T18:43:46.160+0600: 69.258: Total time for which application threads were stopped: 0.0000666 seconds, Stopping threads took: 0.0000161 seconds
2017-08-29T18:43:51.160+0600: 74.259: Total time for which application threads were stopped: 0.0000693 seconds, Stopping threads took: 0.0000159 seconds
2017-08-29T18:43:56.161+0600: 79.259: Total time for which application threads were stopped: 0.0000710 seconds, Stopping threads took: 0.0000162 seconds
2017-08-29T18:44:35.344+0600: 118.443: Total time for which application threads were stopped: 0.0000555 seconds, Stopping threads took: 0.0000121 seconds
2017-08-29T18:44:36.344+0600: 119.443: Total time for which application threads were stopped: 0.0000616 seconds, Stopping threads took: 0.0000154 seconds
2017-08-29T18:44:45.345+0600: 128.444: Total time for which application threads were stopped: 0.0000627 seconds, Stopping threads took: 0.0000211 seconds
2017-08-29T18:45:10.347+0600: 153.446: Total time for which application threads were stopped: 0.0000568 seconds, Stopping threads took: 0.0000184 seconds
2017-08-29T18:45:15.348+0600: 158.446: Total time for which application threads were stopped: 0.0000899 seconds, Stopping threads took: 0.0000170 seconds
2017-08-29T18:45:25.349+0600: 168.447: Total time for which application threads were stopped: 0.0000571 seconds, Stopping threads took: 0.0000140 seconds
2017-08-29T18:46:33.972+0600: 237.071: Total time for which application threads were stopped: 0.0000898 seconds, Stopping threads took: 0.0000345 seconds
2017-08-29T18:46:33.973+0600: 237.071: Total time for which application threads were stopped: 0.0000537 seconds, Stopping threads took: 0.0000196 seconds
2017-08-29T18:46:34.003+0600: 237.102: Total time for which application threads were stopped: 0.0001146 seconds, Stopping threads took: 0.0000374 seconds
2017-08-29T18:46:34.006+0600: 237.104: Total time for which application threads were stopped: 0.0014626 seconds, Stopping threads took: 0.0014047 seconds
2017-08-29T18:46:34.006+0600: 237.105: Total time for which application threads were stopped: 0.0000667 seconds, Stopping threads took: 0.0000047 seconds
2017-08-29T18:46:34.006+0600: 237.105: Total time for which application threads were stopped: 0.0000420 seconds, Stopping threads took: 0.0000086 seconds
2017-08-29T18:46:34.006+0600: 237.105: Total time for which application threads were stopped: 0.0000497 seconds, Stopping threads took: 0.0000127 seconds
2017-08-29T18:46:34.006+0600: 237.105: Total time for which application threads were stopped: 0.0000301 seconds, Stopping threads took: 0.0000084 seconds
2017-08-29T18:46:34.008+0600: 237.106: Total time for which application threads were stopped: 0.0000382 seconds, Stopping threads took: 0.0000108 seconds
2017-08-29T18:46:35.008+0600: 238.106: Total time for which application threads were stopped: 0.0000886 seconds, Stopping threads took: 0.0000170 seconds
2017-08-29T18:46:48.990+0600: 252.088: Total time for which application threads were stopped: 0.0000657 seconds, Stopping threads took: 0.0000159 seconds
2017-08-29T18:46:48.992+0600: 252.090: Total time for which application threads were stopped: 0.0002117 seconds, Stopping threads took: 0.0001616 seconds
2017-08-29T18:46:48.992+0600: 252.091: Total time for which application threads were stopped: 0.0002626 seconds, Stopping threads took: 0.0002365 seconds
2017-08-29T18:46:49.993+0600: 253.091: Total time for which application threads were stopped: 0.0000979 seconds, Stopping threads took: 0.0000205 seconds
2017-08-29T18:47:24.996+0600: 288.094: Total time for which application threads were stopped: 0.0000789 seconds, Stopping threads took: 0.0000289 seconds
2017-08-29T18:48:14.064+0600: 337.163: Total time for which application threads were stopped: 0.0000980 seconds, Stopping threads took: 0.0000422 seconds
2017-08-29T18:48:59.068+0600: 382.166: Total time for which application threads were stopped: 0.0000817 seconds, Stopping threads took: 0.0000294 seconds
2017-08-29T18:53:09.087+0600: 632.186: Total time for which application threads were stopped: 0.0000779 seconds, Stopping threads took: 0.0000261 seconds
2017-08-29T18:55:29.099+0600: 772.197: Total time for which application threads were stopped: 0.0000759 seconds, Stopping threads took: 0.0000258 seconds
2017-08-29T18:58:39.114+0600: 962.213: Total time for which application threads were stopped: 0.0000833 seconds, Stopping threads took: 0.0000285 seconds
2017-08-29T19:03:23.476+0600: 1246.574: Total time for which application threads were stopped: 0.0000796 seconds, Stopping threads took: 0.0000248 seconds
2017-08-29T19:03:23.476+0600: 1246.574: Total time for which application threads were stopped: 0.0000411 seconds, Stopping threads took: 0.0000207 seconds
2017-08-29T19:03:23.509+0600: 1246.607: Total time for which application threads were stopped: 0.0001439 seconds, Stopping threads took: 0.0000523 seconds
2017-08-29T19:03:23.510+0600: 1246.608: Total time for which application threads were stopped: 0.0000654 seconds, Stopping threads took: 0.0000124 seconds
2017-08-29T19:03:23.510+0600: 1246.608: Total time for which application threads were stopped: 0.0000325 seconds, Stopping threads took: 0.0000060 seconds
2017-08-29T19:03:23.510+0600: 1246.608: Total time for which application threads were stopped: 0.0000297 seconds, Stopping threads took: 0.0000058 seconds
2017-08-29T19:03:23.510+0600: 1246.608: Total time for which application threads were stopped: 0.0000267 seconds, Stopping threads took: 0.0000051 seconds
2017-08-29T19:03:23.510+0600: 1246.608: Total time for which application threads were stopped: 0.0000516 seconds, Stopping threads took: 0.0000045 seconds
2017-08-29T19:03:23.511+0600: 1246.609: Total time for which application threads were stopped: 0.0001507 seconds, Stopping threads took: 0.0000201 seconds
2017-08-29T19:03:23.514+0600: 1246.613: Total time for which application threads were stopped: 0.0000619 seconds, Stopping threads took: 0.0000144 seconds
2017-08-29T19:03:23.943+0600: 1247.041: Total time for which application threads were stopped: 0.0001783 seconds, Stopping threads took: 0.0000490 seconds
2017-08-29T19:03:24.943+0600: 1248.042: Total time for which application threads were stopped: 0.0001488 seconds, Stopping threads took: 0.0000226 seconds
2017-08-29T19:03:25.944+0600: 1249.042: Total time for which application threads were stopped: 0.0001842 seconds, Stopping threads took: 0.0000786 seconds
2017-08-29T19:03:26.944+0600: 1250.042: Total time for which application threads were stopped: 0.0001187 seconds, Stopping threads took: 0.0000273 seconds
2017-08-29T19:03:27.944+0600: 1251.042: Total time for which application threads were stopped: 0.0002006 seconds, Stopping threads took: 0.0001110 seconds
{Heap before GC invocations=12 (full 1):
 par new generation   total 109248K, used 109039K [0x00000000e0000000, 0x00000000e8000000, 0x00000000e8000000)
  eden space 87424K, 100% used [0x00000000e0000000, 0x00000000e5560000, 0x00000000e5560000)
  from space 21824K,  99% used [0x00000000e5560000, 0x00000000e6a7bfa0, 0x00000000e6ab0000)
  to   space 21824K,   0% used [0x00000000e6ab0000, 0x00000000e6ab0000, 0x00000000e8000000)
 concurrent mark-sweep generation total 393216K, used 8362K [0x00000000e8000000, 0x0000000100000000, 0x0000000100000000)
 Metaspace       used 35447K, capacity 36396K, committed 36504K, reserved 1081344K
  class space    used 4160K, capacity 4432K, committed 4504K, reserved 1048576K
2017-08-29T19:03:28.289+0600: 1251.387: [GC (Allocation Failure) 2017-08-29T19:03:28.289+0600: 1251.387: [ParNew
Desired survivor size 20112992 bytes, new threshold 8 (max 8)
- age   1:    3422360 bytes,    3422360 total
- age   2:   10952288 bytes,   14374648 total
- age   3:     883304 bytes,   15257952 total
- age   4:    2218568 bytes,   17476520 total
- age   5:     104760 bytes,   17581280 total
- age   6:      97504 bytes,   17678784 total
- age   7:     101448 bytes,   17780232 total
- age   8:     141912 bytes,   17922144 total
: 109039K->21824K(109248K), 0.0089993 secs] 117402K->30402K(502464K), 0.0090590 secs] [Times: user=0.03 sys=0.00, real=0.01 secs] 
Heap after GC invocations=13 (full 1):
 par new generation   total 109248K, used 21824K [0x00000000e0000000, 0x00000000e8000000, 0x00000000e8000000)
  eden space 87424K,   0% used [0x00000000e0000000, 0x00000000e0000000, 0x00000000e5560000)
  from space 21824K, 100% used [0x00000000e6ab0000, 0x00000000e8000000, 0x00000000e8000000)
  to   space 21824K,   0% used [0x00000000e5560000, 0x00000000e5560000, 0x00000000e6ab0000)
 concurrent mark-sweep generation total 393216K, used 8578K [0x00000000e8000000, 0x0000000100000000, 0x0000000100000000)
 Metaspace       used 35447K, capacity 36396K, committed 36504K, reserved 1081344K
  class space    used 4160K, capacity 4432K, committed 4504K, reserved 1048576K
}
2017-08-29T19:03:28.298+0600: 1251.396: Total time for which application threads were stopped: 0.0092159 seconds, Stopping threads took: 0.0000193 seconds
2017-08-29T19:03:29.298+0600: 1252.397: Total time for which application threads were stopped: 0.0001806 seconds, Stopping threads took: 0.0000172 seconds
2017-08-29T19:03:30.298+0600: 1253.397: Total time for which application threads were stopped: 0.0001214 seconds, Stopping threads took: 0.0000178 seconds
2017-08-29T19:03:31.299+0600: 1254.397: Total time for which application threads were stopped: 0.0001114 seconds, Stopping threads took: 0.0000283 seconds
2017-08-29T19:03:32.299+0600: 1255.397: Total time for which application threads were stopped: 0.0001270 seconds, Stopping threads took: 0.0000266 seconds
2017-08-29T19:03:33.299+0600: 1256.397: Total time for which application threads were stopped: 0.0001248 seconds, Stopping threads took: 0.0000405 seconds
{Heap before GC invocations=13 (full 1):
 par new generation   total 109248K, used 109248K [0x00000000e0000000, 0x00000000e8000000, 0x00000000e8000000)
  eden space 87424K, 100% used [0x00000000e0000000, 0x00000000e5560000, 0x00000000e5560000)
  from space 21824K, 100% used [0x00000000e6ab0000, 0x00000000e8000000, 0x00000000e8000000)
  to   space 21824K,   0% used [0x00000000e5560000, 0x00000000e5560000, 0x00000000e6ab0000)
 concurrent mark-sweep generation total 393216K, used 8578K [0x00000000e8000000, 0x0000000100000000, 0x0000000100000000)
 Metaspace       used 35623K, capacity 36588K, committed 36760K, reserved 1081344K
  class space    used 4161K, capacity 4432K, committed 4504K, reserved 1048576K
2017-08-29T19:03:33.377+0600: 1256.475: [GC (Allocation Failure) 2017-08-29T19:03:33.377+0600: 1256.475: [ParNew
Desired survivor size 20112992 bytes, new threshold 5 (max 8)
- age   1:    3517312 bytes,    3517312 total
- age   2:    2214400 bytes,    5731712 total
- age   3:   13027184 bytes,   18758896 total
- age   4:     852976 bytes,   19611872 total
- age   5:    2181528 bytes,   21793400 total
- age   6:     100608 bytes,   21894008 total
- age   7:      92392 bytes,   21986400 total
- age   8:      95304 bytes,   22081704 total
: 109248K->21824K(109248K), 0.0095483 secs] 117826K->30690K(502464K), 0.0096118 secs] [Times: user=0.03 sys=0.00, real=0.01 secs] 
Heap after GC invocations=14 (full 1):
 par new generation   total 109248K, used 21824K [0x00000000e0000000, 0x00000000e8000000, 0x00000000e8000000)
  eden space 87424K,   0% used [0x00000000e0000000, 0x00000000e0000000, 0x00000000e5560000)
  from space 21824K, 100% used [0x00000000e5560000, 0x00000000e6ab0000, 0x00000000e6ab0000)
  to   space 21824K,   0% used [0x00000000e6ab0000, 0x00000000e6ab0000, 0x00000000e8000000)
 concurrent mark-sweep generation total 393216K, used 8866K [0x00000000e8000000, 0x0000000100000000, 0x0000000100000000)
 Metaspace       used 35623K, capacity 36588K, committed 36760K, reserved 1081344K
  class space    used 4161K, capacity 4432K, committed 4504K, reserved 1048576K
}
2017-08-29T19:03:33.386+0600: 1256.485: Total time for which application threads were stopped: 0.0097593 seconds, Stopping threads took: 0.0000215 seconds
2017-08-29T19:03:34.387+0600: 1257.485: Total time for which application threads were stopped: 0.0001251 seconds, Stopping threads took: 0.0000363 seconds
2017-08-29T19:03:35.387+0600: 1258.485: Total time for which application threads were stopped: 0.0001342 seconds, Stopping threads took: 0.0000626 seconds
2017-08-29T19:03:36.387+0600: 1259.485: Total time for which application threads were stopped: 0.0000661 seconds, Stopping threads took: 0.0000156 seconds
2017-08-29T19:03:37.387+0600: 1260.485: Total time for which application threads were stopped: 0.0000767 seconds, Stopping threads took: 0.0000208 seconds
{Heap before GC invocations=14 (full 1):
 par new generation   total 109248K, used 109248K [0x00000000e0000000, 0x00000000e8000000, 0x00000000e8000000)
  eden space 87424K, 100% used [0x00000000e0000000, 0x00000000e5560000, 0x00000000e5560000)
  from space 21824K, 100% used [0x00000000e5560000, 0x00000000e6ab0000, 0x00000000e6ab0000)
  to   space 21824K,   0% used [0x00000000e6ab0000, 0x00000000e6ab0000, 0x00000000e8000000)
 concurrent mark-sweep generation total 393216K, used 8866K [0x00000000e8000000, 0x0000000100000000, 0x0000000100000000)
 Metaspace       used 35630K, capacity 36588K, committed 36760K, reserved 1081344K
  class space    used 4161K, capacity 4432K, committed 4504K, reserved 1048576K
2017-08-29T19:03:37.672+0600: 1260.770: [GC (Allocation Failure) 2017-08-29T19:03:37.672+0600: 1260.770: [ParNew
Desired survivor size 20112992 bytes, new threshold 8 (max 8)
- age   1:    2641648 bytes,    2641648 total
- age   2:    1366360 bytes,    4008008 total
- age   3:    1261296 bytes,    5269304 total
- age   4:   10694128 bytes,   15963432 total
- age   5:     850232 bytes,   16813664 total
: 109248K->21824K(109248K), 0.0148680 secs] 118114K->36244K(502464K), 0.0149316 secs] [Times: user=0.03 sys=0.00, real=0.02 secs] 
Heap after GC invocations=15 (full 1):
 par new generation   total 109248K, used 21824K [0x00000000e0000000, 0x00000000e8000000, 0x00000000e8000000)
  eden space 87424K,   0% used [0x00000000e0000000, 0x00000000e0000000, 0x00000000e5560000)
  from space 21824K, 100% used [0x00000000e6ab0000, 0x00000000e8000000, 0x00000000e8000000)
  to   space 21824K,   0% used [0x00000000e5560000, 0x00000000e5560000, 0x00000000e6ab0000)
 concurrent mark-sweep generation total 393216K, used 14420K [0x00000000e8000000, 0x0000000100000000, 0x0000000100000000)
 Metaspace       used 35630K, capacity 36588K, committed 36760K, reserved 1081344K
  class space    used 4161K, capacity 4432K, committed 4504K, reserved 1048576K
}
2017-08-29T19:03:37.687+0600: 1260.785: Total time for which application threads were stopped: 0.0151038 seconds, Stopping threads took: 0.0000162 seconds
2017-08-29T19:03:38.500+0600: 1261.598: Total time for which application threads were stopped: 0.0012491 seconds, Stopping threads took: 0.0011391 seconds
2017-08-29T19:03:38.502+0600: 1261.600: Total time for which application threads were stopped: 0.0001925 seconds, Stopping threads took: 0.0000772 seconds
2017-08-29T19:03:38.502+0600: 1261.601: Total time for which application threads were stopped: 0.0000930 seconds, Stopping threads took: 0.0000303 seconds
2017-08-29T19:03:38.503+0600: 1261.601: Total time for which application threads were stopped: 0.0000705 seconds, Stopping threads took: 0.0000194 seconds
2017-08-29T19:03:38.503+0600: 1261.601: Total time for which application threads were stopped: 0.0000504 seconds, Stopping threads took: 0.0000205 seconds
2017-08-29T19:03:38.510+0600: 1261.608: Total time for which application threads were stopped: 0.0000822 seconds, Stopping threads took: 0.0000215 seconds
2017-08-29T19:03:38.592+0600: 1261.690: Total time for which application threads were stopped: 0.0001430 seconds, Stopping threads took: 0.0000402 seconds
2017-08-29T19:03:38.732+0600: 1261.831: Total time for which application threads were stopped: 0.0002577 seconds, Stopping threads took: 0.0000375 seconds
2017-08-29T19:03:39.233+0600: 1262.331: Total time for which application threads were stopped: 0.0002262 seconds, Stopping threads took: 0.0001328 seconds
2017-08-29T19:03:39.238+0600: 1262.336: Total time for which application threads were stopped: 0.0001580 seconds, Stopping threads took: 0.0000511 seconds
2017-08-29T19:03:39.248+0600: 1262.346: Total time for which application threads were stopped: 0.0068148 seconds, Stopping threads took: 0.0066881 seconds
{Heap before GC invocations=15 (full 1):
 par new generation   total 109248K, used 109248K [0x00000000e0000000, 0x00000000e8000000, 0x00000000e8000000)
  eden space 87424K, 100% used [0x00000000e0000000, 0x00000000e5560000, 0x00000000e5560000)
  from space 21824K, 100% used [0x00000000e6ab0000, 0x00000000e8000000, 0x00000000e8000000)
  to   space 21824K,   0% used [0x00000000e5560000, 0x00000000e5560000, 0x00000000e6ab0000)
 concurrent mark-sweep generation total 393216K, used 14420K [0x00000000e8000000, 0x0000000100000000, 0x0000000100000000)
 Metaspace       used 35850K, capacity 36780K, committed 37016K, reserved 1081344K
  class space    used 4166K, capacity 4432K, committed 4504K, reserved 1048576K
2017-08-29T19:03:39.250+0600: 1262.349: [GC (Allocation Failure) 2017-08-29T19:03:39.250+0600: 1262.349: [ParNew
Desired survivor size 20112992 bytes, new threshold 8 (max 8)
- age   1:    1827952 bytes,    1827952 total
- age   2:    1788136 bytes,    3616088 total
- age   3:     778808 bytes,    4394896 total
- age   4:     704928 bytes,    5099824 total
- age   5:   10693552 bytes,   15793376 total
- age   6:     850232 bytes,   16643608 total
: 109248K->21643K(109248K), 0.0095798 secs] 123668K->36063K(502464K), 0.0096453 secs] [Times: user=0.02 sys=0.00, real=0.01 secs] 
Heap after GC invocations=16 (full 1):
 par new generation   total 109248K, used 21643K [0x00000000e0000000, 0x00000000e8000000, 0x00000000e8000000)
  eden space 87424K,   0% used [0x00000000e0000000, 0x00000000e0000000, 0x00000000e5560000)
  from space 21824K,  99% used [0x00000000e5560000, 0x00000000e6a82d40, 0x00000000e6ab0000)
  to   space 21824K,   0% used [0x00000000e6ab0000, 0x00000000e6ab0000, 0x00000000e8000000)
 concurrent mark-sweep generation total 393216K, used 14420K [0x00000000e8000000, 0x0000000100000000, 0x0000000100000000)
 Metaspace       used 35850K, capacity 36780K, committed 37016K, reserved 1081344K
  class space    used 4166K, capacity 4432K, committed 4504K, reserved 1048576K
}
2017-08-29T19:03:39.260+0600: 1262.358: Total time for which application threads were stopped: 0.0098118 seconds, Stopping threads took: 0.0000509 seconds
2017-08-29T19:03:39.262+0600: 1262.361: Total time for which application threads were stopped: 0.0001691 seconds, Stopping threads took: 0.0000990 seconds
2017-08-29T19:03:39.267+0600: 1262.365: Total time for which application threads were stopped: 0.0001165 seconds, Stopping threads took: 0.0000347 seconds
2017-08-29T19:03:39.267+0600: 1262.366: Total time for which application threads were stopped: 0.0000555 seconds, Stopping threads took: 0.0000149 seconds
2017-08-29T19:03:39.463+0600: 1262.562: Total time for which application threads were stopped: 0.0001295 seconds, Stopping threads took: 0.0000378 seconds
2017-08-29T19:03:40.463+0600: 1263.562: Total time for which application threads were stopped: 0.0000700 seconds, Stopping threads took: 0.0000162 seconds
2017-08-29T19:03:41.464+0600: 1264.562: Total time for which application threads were stopped: 0.0000648 seconds, Stopping threads took: 0.0000159 seconds
2017-08-29T19:03:42.464+0600: 1265.562: Total time for which application threads were stopped: 0.0000771 seconds, Stopping threads took: 0.0000205 seconds
{Heap before GC invocations=16 (full 1):
 par new generation   total 109248K, used 109067K [0x00000000e0000000, 0x00000000e8000000, 0x00000000e8000000)
  eden space 87424K, 100% used [0x00000000e0000000, 0x00000000e5560000, 0x00000000e5560000)
  from space 21824K,  99% used [0x00000000e5560000, 0x00000000e6a82d40, 0x00000000e6ab0000)
  to   space 21824K,   0% used [0x00000000e6ab0000, 0x00000000e6ab0000, 0x00000000e8000000)
 concurrent mark-sweep generation total 393216K, used 14420K [0x00000000e8000000, 0x0000000100000000, 0x0000000100000000)
 Metaspace       used 35925K, capacity 36844K, committed 37016K, reserved 1081344K
  class space    used 4169K, capacity 4432K, committed 4504K, reserved 1048576K
2017-08-29T19:03:43.305+0600: 1266.404: [GC (Allocation Failure) 2017-08-29T19:03:43.305+0600: 1266.404: [ParNew
Desired survivor size 20112992 bytes, new threshold 8 (max 8)
- age   1:    2889800 bytes,    2889800 total
- age   2:    1218568 bytes,    4108368 total
- age   3:    1505904 bytes,    5614272 total
- age   4:     546760 bytes,    6161032 total
- age   5:     478816 bytes,    6639848 total
- age   6:   10626280 bytes,   17266128 total
- age   7:     850232 bytes,   18116360 total
: 109067K->20033K(109248K), 0.0412017 secs] 123487K->34453K(502464K), 0.0412562 secs] [Times: user=0.06 sys=0.00, real=0.05 secs] 
Heap after GC invocations=17 (full 1):
 par new generation   total 109248K, used 20033K [0x00000000e0000000, 0x00000000e8000000, 0x00000000e8000000)
  eden space 87424K,   0% used [0x00000000e0000000, 0x00000000e0000000, 0x00000000e5560000)
  from space 21824K,  91% used [0x00000000e6ab0000, 0x00000000e7e40420, 0x00000000e8000000)
  to   space 21824K,   0% used [0x00000000e5560000, 0x00000000e5560000, 0x00000000e6ab0000)
 concurrent mark-sweep generation total 393216K, used 14420K [0x00000000e8000000, 0x0000000100000000, 0x0000000100000000)
 Metaspace       used 35925K, capacity 36844K, committed 37016K, reserved 1081344K
  class space    used 4169K, capacity 4432K, committed 4504K, reserved 1048576K
}
2017-08-29T19:03:43.347+0600: 1266.445: Total time for which application threads were stopped: 0.0414075 seconds, Stopping threads took: 0.0000231 seconds
2017-08-29T19:03:44.347+0600: 1267.445: Total time for which application threads were stopped: 0.0000695 seconds, Stopping threads took: 0.0000163 seconds
2017-08-29T19:03:45.347+0600: 1268.445: Total time for which application threads were stopped: 0.0000765 seconds, Stopping threads took: 0.0000173 seconds
2017-08-29T19:03:46.347+0600: 1269.445: Total time for which application threads were stopped: 0.0000940 seconds, Stopping threads took: 0.0000249 seconds
{Heap before GC invocations=17 (full 1):
 par new generation   total 109248K, used 107457K [0x00000000e0000000, 0x00000000e8000000, 0x00000000e8000000)
  eden space 87424K, 100% used [0x00000000e0000000, 0x00000000e5560000, 0x00000000e5560000)
  from space 21824K,  91% used [0x00000000e6ab0000, 0x00000000e7e40420, 0x00000000e8000000)
  to   space 21824K,   0% used [0x00000000e5560000, 0x00000000e5560000, 0x00000000e6ab0000)
 concurrent mark-sweep generation total 393216K, used 14420K [0x00000000e8000000, 0x0000000100000000, 0x0000000100000000)
 Metaspace       used 35936K, capacity 36844K, committed 37016K, reserved 1081344K
  class space    used 4170K, capacity 4432K, committed 4504K, reserved 1048576K
2017-08-29T19:03:47.258+0600: 1270.357: [GC (Allocation Failure) 2017-08-29T19:03:47.258+0600: 1270.357: [ParNew
Desired survivor size 20112992 bytes, new threshold 8 (max 8)
- age   1:    3404264 bytes,    3404264 total
- age   2:    1923320 bytes,    5327584 total
- age   3:    1100552 bytes,    6428136 total
- age   4:    1481992 bytes,    7910128 total
- age   5:     527224 bytes,    8437352 total
- age   6:     457400 bytes,    8894752 total
- age   7:   10616656 bytes,   19511408 total
- age   8:     844528 bytes,   20355936 total
: 107457K->21824K(109248K), 0.0119356 secs] 121877K->36514K(502464K), 0.0119926 secs] [Times: user=0.03 sys=0.00, real=0.01 secs] 
Heap after GC invocations=18 (full 1):
 par new generation   total 109248K, used 21824K [0x00000000e0000000, 0x00000000e8000000, 0x00000000e8000000)
  eden space 87424K,   0% used [0x00000000e0000000, 0x00000000e0000000, 0x00000000e5560000)
  from space 21824K, 100% used [0x00000000e5560000, 0x00000000e6ab0000, 0x00000000e6ab0000)
  to   space 21824K,   0% used [0x00000000e6ab0000, 0x00000000e6ab0000, 0x00000000e8000000)
 concurrent mark-sweep generation total 393216K, used 14690K [0x00000000e8000000, 0x0000000100000000, 0x0000000100000000)
 Metaspace       used 35936K, capacity 36844K, committed 37016K, reserved 1081344K
  class space    used 4170K, capacity 4432K, committed 4504K, reserved 1048576K
}
2017-08-29T19:03:47.270+0600: 1270.369: Total time for which application threads were stopped: 0.0121372 seconds, Stopping threads took: 0.0000262 seconds
2017-08-29T19:03:48.271+0600: 1271.369: Total time for which application threads were stopped: 0.0000672 seconds, Stopping threads took: 0.0000169 seconds
2017-08-29T19:03:50.271+0600: 1273.369: Total time for which application threads were stopped: 0.0000976 seconds, Stopping threads took: 0.0000312 seconds
2017-08-29T19:03:51.271+0600: 1274.369: Total time for which application threads were stopped: 0.0000645 seconds, Stopping threads took: 0.0000156 seconds
{Heap before GC invocations=18 (full 1):
 par new generation   total 109248K, used 109248K [0x00000000e0000000, 0x00000000e8000000, 0x00000000e8000000)
  eden space 87424K, 100% used [0x00000000e0000000, 0x00000000e5560000, 0x00000000e5560000)
  from space 21824K, 100% used [0x00000000e5560000, 0x00000000e6ab0000, 0x00000000e6ab0000)
  to   space 21824K,   0% used [0x00000000e6ab0000, 0x00000000e6ab0000, 0x00000000e8000000)
 concurrent mark-sweep generation total 393216K, used 14690K [0x00000000e8000000, 0x0000000100000000, 0x0000000100000000)
 Metaspace       used 35942K, capacity 36844K, committed 37016K, reserved 1081344K
  class space    used 4170K, capacity 4432K, committed 4504K, reserved 1048576K
2017-08-29T19:03:52.005+0600: 1275.104: [GC (Allocation Failure) 2017-08-29T19:03:52.005+0600: 1275.104: [ParNew
Desired survivor size 20112992 bytes, new threshold 8 (max 8)
- age   1:    3315952 bytes,    3315952 total
- age   2:    1527456 bytes,    4843408 total
- age   3:    1219368 bytes,    6062776 total
- age   4:    1094896 bytes,    7157672 total
- age   5:     489400 bytes,    7647072 total
- age   6:     252784 bytes,    7899856 total
- age   7:     439240 bytes,    8339096 total
- age   8:   10616656 bytes,   18955752 total
: 109248K->21824K(109248K), 0.0093509 secs] 123938K->40575K(502464K), 0.0094168 secs] [Times: user=0.03 sys=0.00, real=0.02 secs] 
Heap after GC invocations=19 (full 1):
 par new generation   total 109248K, used 21824K [0x00000000e0000000, 0x00000000e8000000, 0x00000000e8000000)
  eden space 87424K,   0% used [0x00000000e0000000, 0x00000000e0000000, 0x00000000e5560000)
  from space 21824K, 100% used [0x00000000e6ab0000, 0x00000000e8000000, 0x00000000e8000000)
  to   space 21824K,   0% used [0x00000000e5560000, 0x00000000e5560000, 0x00000000e6ab0000)
 concurrent mark-sweep generation total 393216K, used 18751K [0x00000000e8000000, 0x0000000100000000, 0x0000000100000000)
 Metaspace       used 35942K, capacity 36844K, committed 37016K, reserved 1081344K
  class space    used 4170K, capacity 4432K, committed 4504K, reserved 1048576K
}
2017-08-29T19:03:52.015+0600: 1275.113: Total time for which application threads were stopped: 0.0095793 seconds, Stopping threads took: 0.0000293 seconds
2017-08-29T19:03:53.015+0600: 1276.113: Total time for which application threads were stopped: 0.0000712 seconds, Stopping threads took: 0.0000142 seconds
2017-08-29T19:03:53.522+0600: 1276.621: Total time for which application threads were stopped: 0.0023765 seconds, Stopping threads took: 0.0022334 seconds
2017-08-29T19:03:53.522+0600: 1276.621: Total time for which application threads were stopped: 0.0001209 seconds, Stopping threads took: 0.0000843 seconds
2017-08-29T19:03:53.523+0600: 1276.621: Total time for which application threads were stopped: 0.0000863 seconds, Stopping threads took: 0.0000333 seconds
2017-08-29T19:03:53.523+0600: 1276.621: Total time for which application threads were stopped: 0.0000732 seconds, Stopping threads took: 0.0000297 seconds
2017-08-29T19:03:53.523+0600: 1276.621: Total time for which application threads were stopped: 0.0000370 seconds, Stopping threads took: 0.0000054 seconds
2017-08-29T19:03:53.523+0600: 1276.622: Total time for which application threads were stopped: 0.0000518 seconds, Stopping threads took: 0.0000126 seconds
2017-08-29T19:03:53.564+0600: 1276.662: Total time for which application threads were stopped: 0.0001714 seconds, Stopping threads took: 0.0000703 seconds
{Heap before GC invocations=19 (full 1):
 par new generation   total 109248K, used 109248K [0x00000000e0000000, 0x00000000e8000000, 0x00000000e8000000)
  eden space 87424K, 100% used [0x00000000e0000000, 0x00000000e5560000, 0x00000000e5560000)
  from space 21824K, 100% used [0x00000000e6ab0000, 0x00000000e8000000, 0x00000000e8000000)
  to   space 21824K,   0% used [0x00000000e5560000, 0x00000000e5560000, 0x00000000e6ab0000)
 concurrent mark-sweep generation total 393216K, used 18751K [0x00000000e8000000, 0x0000000100000000, 0x0000000100000000)
 Metaspace       used 35978K, capacity 36844K, committed 37016K, reserved 1081344K
  class space    used 4170K, capacity 4432K, committed 4504K, reserved 1048576K
2017-08-29T19:03:53.672+0600: 1276.770: [GC (Allocation Failure) 2017-08-29T19:03:53.672+0600: 1276.770: [ParNew
Desired survivor size 20112992 bytes, new threshold 8 (max 8)
- age   1:    3376976 bytes,    3376976 total
- age   2:    1222136 bytes,    4599112 total
- age   3:     819688 bytes,    5418800 total
- age   4:     845184 bytes,    6263984 total
- age   5:     670592 bytes,    6934576 total
- age   6:     485080 bytes,    7419656 total
- age   7:     249784 bytes,    7669440 total
- age   8:     369168 bytes,    8038608 total
: 109248K->21824K(109248K), 0.0212505 secs] 127999K->52476K(502464K), 0.0213289 secs] [Times: user=0.08 sys=0.00, real=0.02 secs] 
Heap after GC invocations=20 (full 1):
 par new generation   total 109248K, used 21824K [0x00000000e0000000, 0x00000000e8000000, 0x00000000e8000000)
  eden space 87424K,   0% used [0x00000000e0000000, 0x00000000e0000000, 0x00000000e5560000)
  from space 21824K, 100% used [0x00000000e5560000, 0x00000000e6ab0000, 0x00000000e6ab0000)
  to   space 21824K,   0% used [0x00000000e6ab0000, 0x00000000e6ab0000, 0x00000000e8000000)
 concurrent mark-sweep generation total 393216K, used 30652K [0x00000000e8000000, 0x0000000100000000, 0x0000000100000000)
 Metaspace       used 35978K, capacity 36844K, committed 37016K, reserved 1081344K
  class space    used 4170K, capacity 4432K, committed 4504K, reserved 1048576K
}
2017-08-29T19:03:53.693+0600: 1276.791: Total time for which application threads were stopped: 0.0215176 seconds, Stopping threads took: 0.0000328 seconds
2017-08-29T19:03:53.750+0600: 1276.849: Total time for which application threads were stopped: 0.0000919 seconds, Stopping threads took: 0.0000290 seconds
2017-08-29T19:03:54.131+0600: 1277.229: Total time for which application threads were stopped: 0.0001434 seconds, Stopping threads took: 0.0000313 seconds
2017-08-29T19:03:54.631+0600: 1277.729: Total time for which application threads were stopped: 0.0001218 seconds, Stopping threads took: 0.0000394 seconds
2017-08-29T19:03:54.636+0600: 1277.734: Total time for which application threads were stopped: 0.0006558 seconds, Stopping threads took: 0.0005731 seconds
2017-08-29T19:03:54.648+0600: 1277.746: Total time for which application threads were stopped: 0.0005684 seconds, Stopping threads took: 0.0004578 seconds
2017-08-29T19:03:54.649+0600: 1277.747: Total time for which application threads were stopped: 0.0001541 seconds, Stopping threads took: 0.0000990 seconds
2017-08-29T19:03:55.058+0600: 1278.156: Total time for which application threads were stopped: 0.0000987 seconds, Stopping threads took: 0.0000172 seconds
2017-08-29T19:03:57.058+0600: 1280.157: Total time for which application threads were stopped: 0.0000979 seconds, Stopping threads took: 0.0000350 seconds
{Heap before GC invocations=20 (full 1):
 par new generation   total 109248K, used 109248K [0x00000000e0000000, 0x00000000e8000000, 0x00000000e8000000)
  eden space 87424K, 100% used [0x00000000e0000000, 0x00000000e5560000, 0x00000000e5560000)
  from space 21824K, 100% used [0x00000000e5560000, 0x00000000e6ab0000, 0x00000000e6ab0000)
  to   space 21824K,   0% used [0x00000000e6ab0000, 0x00000000e6ab0000, 0x00000000e8000000)
 concurrent mark-sweep generation total 393216K, used 30652K [0x00000000e8000000, 0x0000000100000000, 0x0000000100000000)
 Metaspace       used 35998K, capacity 36908K, committed 37016K, reserved 1081344K
  class space    used 4170K, capacity 4432K, committed 4504K, reserved 1048576K
2017-08-29T19:03:57.585+0600: 1280.684: [GC (Allocation Failure) 2017-08-29T19:03:57.585+0600: 1280.684: [ParNew
Desired survivor size 20112992 bytes, new threshold 8 (max 8)
- age   1:    2786200 bytes,    2786200 total
- age   2:    3105328 bytes,    5891528 total
- age   3:    1009200 bytes,    6900728 total
- age   4:     606264 bytes,    7506992 total
- age   5:     628520 bytes,    8135512 total
- age   6:     657456 bytes,    8792968 total
- age   7:     477624 bytes,    9270592 total
- age   8:     242432 bytes,    9513024 total
: 109248K->13014K(109248K), 0.0103881 secs] 139900K->44023K(502464K), 0.0104440 secs] [Times: user=0.02 sys=0.00, real=0.02 secs] 
Heap after GC invocations=21 (full 1):
 par new generation   total 109248K, used 13014K [0x00000000e0000000, 0x00000000e8000000, 0x00000000e8000000)
  eden space 87424K,   0% used [0x00000000e0000000, 0x00000000e0000000, 0x00000000e5560000)
  from space 21824K,  59% used [0x00000000e6ab0000, 0x00000000e77659f8, 0x00000000e8000000)
  to   space 21824K,   0% used [0x00000000e5560000, 0x00000000e5560000, 0x00000000e6ab0000)
 concurrent mark-sweep generation total 393216K, used 31009K [0x00000000e8000000, 0x0000000100000000, 0x0000000100000000)
 Metaspace       used 35998K, capacity 36908K, committed 37016K, reserved 1081344K
  class space    used 4170K, capacity 4432K, committed 4504K, reserved 1048576K
}
2017-08-29T19:03:57.596+0600: 1280.694: Total time for which application threads were stopped: 0.0105844 seconds, Stopping threads took: 0.0000265 seconds
2017-08-29T19:03:58.596+0600: 1281.694: Total time for which application threads were stopped: 0.0000657 seconds, Stopping threads took: 0.0000145 seconds
2017-08-29T19:03:59.596+0600: 1282.695: Total time for which application threads were stopped: 0.0000656 seconds, Stopping threads took: 0.0000149 seconds
2017-08-29T19:04:00.596+0600: 1283.695: Total time for which application threads were stopped: 0.0000748 seconds, Stopping threads took: 0.0000147 seconds
{Heap before GC invocations=21 (full 1):
 par new generation   total 109248K, used 100438K [0x00000000e0000000, 0x00000000e8000000, 0x00000000e8000000)
  eden space 87424K, 100% used [0x00000000e0000000, 0x00000000e5560000, 0x00000000e5560000)
  from space 21824K,  59% used [0x00000000e6ab0000, 0x00000000e77659f8, 0x00000000e8000000)
  to   space 21824K,   0% used [0x00000000e5560000, 0x00000000e5560000, 0x00000000e6ab0000)
 concurrent mark-sweep generation total 393216K, used 31009K [0x00000000e8000000, 0x0000000100000000, 0x0000000100000000)
 Metaspace       used 35998K, capacity 36908K, committed 37016K, reserved 1081344K
  class space    used 4170K, capacity 4432K, committed 4504K, reserved 1048576K
2017-08-29T19:04:01.139+0600: 1284.238: [GC (Allocation Failure) 2017-08-29T19:04:01.139+0600: 1284.238: [ParNew
Desired survivor size 20112992 bytes, new threshold 8 (max 8)
- age   1:    3465056 bytes,    3465056 total
- age   2:    2110472 bytes,    5575528 total
- age   3:    2726760 bytes,    8302288 total
- age   4:    1005152 bytes,    9307440 total
- age   5:     601376 bytes,    9908816 total
- age   6:     624888 bytes,   10533704 total
- age   7:     656032 bytes,   11189736 total
- age   8:     473824 bytes,   11663560 total
: 100438K->12930K(109248K), 0.0052388 secs] 131447K->44174K(502464K), 0.0053048 secs] [Times: user=0.02 sys=0.00, real=0.00 secs] 
Heap after GC invocations=22 (full 1):
 par new generation   total 109248K, used 12930K [0x00000000e0000000, 0x00000000e8000000, 0x00000000e8000000)
  eden space 87424K,   0% used [0x00000000e0000000, 0x00000000e0000000, 0x00000000e5560000)
  from space 21824K,  59% used [0x00000000e5560000, 0x00000000e6200a10, 0x00000000e6ab0000)
  to   space 21824K,   0% used [0x00000000e6ab0000, 0x00000000e6ab0000, 0x00000000e8000000)
 concurrent mark-sweep generation total 393216K, used 31243K [0x00000000e8000000, 0x0000000100000000, 0x0000000100000000)
 Metaspace       used 35998K, capacity 36908K, committed 37016K, reserved 1081344K
  class space    used 4170K, capacity 4432K, committed 4504K, reserved 1048576K
}
2017-08-29T19:04:01.145+0600: 1284.243: Total time for which application threads were stopped: 0.0054523 seconds, Stopping threads took: 0.0000260 seconds
2017-08-29T19:04:02.145+0600: 1285.243: Total time for which application threads were stopped: 0.0000625 seconds, Stopping threads took: 0.0000165 seconds
2017-08-29T19:04:03.145+0600: 1286.243: Total time for which application threads were stopped: 0.0000714 seconds, Stopping threads took: 0.0000194 seconds
{Heap before GC invocations=22 (full 1):
 par new generation   total 109248K, used 100354K [0x00000000e0000000, 0x00000000e8000000, 0x00000000e8000000)
  eden space 87424K, 100% used [0x00000000e0000000, 0x00000000e5560000, 0x00000000e5560000)
  from space 21824K,  59% used [0x00000000e5560000, 0x00000000e6200a10, 0x00000000e6ab0000)
  to   space 21824K,   0% used [0x00000000e6ab0000, 0x00000000e6ab0000, 0x00000000e8000000)
 concurrent mark-sweep generation total 393216K, used 31243K [0x00000000e8000000, 0x0000000100000000, 0x0000000100000000)
 Metaspace       used 35999K, capacity 36908K, committed 37016K, reserved 1081344K
  class space    used 4171K, capacity 4432K, committed 4504K, reserved 1048576K
2017-08-29T19:04:03.966+0600: 1287.064: [GC (Allocation Failure) 2017-08-29T19:04:03.966+0600: 1287.064: [ParNew
Desired survivor size 20112992 bytes, new threshold 8 (max 8)
- age   1:    3558320 bytes,    3558320 total
- age   2:    2336064 bytes,    5894384 total
- age   3:    2105336 bytes,    7999720 total
- age   4:    2578800 bytes,   10578520 total
- age   5:    1003112 bytes,   11581632 total
- age   6:     598720 bytes,   12180352 total
- age   7:     623128 bytes,   12803480 total
- age   8:     655296 bytes,   13458776 total
: 100354K->19811K(109248K), 0.0086644 secs] 131598K->51515K(502464K), 0.0087245 secs] [Times: user=0.02 sys=0.00, real=0.02 secs] 
Heap after GC invocations=23 (full 1):
 par new generation   total 109248K, used 19811K [0x00000000e0000000, 0x00000000e8000000, 0x00000000e8000000)
  eden space 87424K,   0% used [0x00000000e0000000, 0x00000000e0000000, 0x00000000e5560000)
  from space 21824K,  90% used [0x00000000e6ab0000, 0x00000000e7e08d48, 0x00000000e8000000)
  to   space 21824K,   0% used [0x00000000e5560000, 0x00000000e5560000, 0x00000000e6ab0000)
 concurrent mark-sweep generation total 393216K, used 31704K [0x00000000e8000000, 0x0000000100000000, 0x0000000100000000)
 Metaspace       used 35999K, capacity 36908K, committed 37016K, reserved 1081344K
  class space    used 4171K, capacity 4432K, committed 4504K, reserved 1048576K
}
2017-08-29T19:04:03.974+0600: 1287.073: Total time for which application threads were stopped: 0.0107863 seconds, Stopping threads took: 0.0000254 seconds
2017-08-29T19:04:04.974+0600: 1288.073: Total time for which application threads were stopped: 0.0000649 seconds, Stopping threads took: 0.0000140 seconds
{Heap before GC invocations=23 (full 1):
 par new generation   total 109248K, used 107235K [0x00000000e0000000, 0x00000000e8000000, 0x00000000e8000000)
  eden space 87424K, 100% used [0x00000000e0000000, 0x00000000e5560000, 0x00000000e5560000)
  from space 21824K,  90% used [0x00000000e6ab0000, 0x00000000e7e08d48, 0x00000000e8000000)
  to   space 21824K,   0% used [0x00000000e5560000, 0x00000000e5560000, 0x00000000e6ab0000)
 concurrent mark-sweep generation total 393216K, used 31704K [0x00000000e8000000, 0x0000000100000000, 0x0000000100000000)
 Metaspace       used 36003K, capacity 36908K, committed 37016K, reserved 1081344K
  class space    used 4171K, capacity 4432K, committed 4504K, reserved 1048576K
2017-08-29T19:04:07.961+0600: 1291.060: [GC (Allocation Failure) 2017-08-29T19:04:07.961+0600: 1291.060: [ParNew
Desired survivor size 20112992 bytes, new threshold 8 (max 8)
- age   1:    4433416 bytes,    4433416 total
- age   2:    2187416 bytes,    6620832 total
- age   3:    2006240 bytes,    8627072 total
- age   4:    2103832 bytes,   10730904 total
- age   5:    2577968 bytes,   13308872 total
- age   6:    1001120 bytes,   14309992 total
- age   7:     597032 bytes,   14907024 total
- age   8:     621496 bytes,   15528520 total
: 107235K->18337K(109248K), 0.0066861 secs] 138939K->50681K(502464K), 0.0067394 secs] [Times: user=0.02 sys=0.00, real=0.01 secs] 
Heap after GC invocations=24 (full 1):
 par new generation   total 109248K, used 18337K [0x00000000e0000000, 0x00000000e8000000, 0x00000000e8000000)
  eden space 87424K,   0% used [0x00000000e0000000, 0x00000000e0000000, 0x00000000e5560000)
  from space 21824K,  84% used [0x00000000e5560000, 0x00000000e6748410, 0x00000000e6ab0000)
  to   space 21824K,   0% used [0x00000000e6ab0000, 0x00000000e6ab0000, 0x00000000e8000000)
 concurrent mark-sweep generation total 393216K, used 32344K [0x00000000e8000000, 0x0000000100000000, 0x0000000100000000)
 Metaspace       used 36003K, capacity 36908K, committed 37016K, reserved 1081344K
  class space    used 4171K, capacity 4432K, committed 4504K, reserved 1048576K
}
2017-08-29T19:04:07.968+0600: 1291.066: Total time for which application threads were stopped: 0.0068813 seconds, Stopping threads took: 0.0000270 seconds
2017-08-29T19:04:08.525+0600: 1291.624: Total time for which application threads were stopped: 0.0001550 seconds, Stopping threads took: 0.0000843 seconds
2017-08-29T19:04:08.526+0600: 1291.624: Total time for which application threads were stopped: 0.0003711 seconds, Stopping threads took: 0.0003428 seconds
2017-08-29T19:04:08.531+0600: 1291.630: Total time for which application threads were stopped: 0.0011034 seconds, Stopping threads took: 0.0010392 seconds
2017-08-29T19:04:08.532+0600: 1291.631: Total time for which application threads were stopped: 0.0000972 seconds, Stopping threads took: 0.0000221 seconds
2017-08-29T19:04:08.532+0600: 1291.631: Total time for which application threads were stopped: 0.0000771 seconds, Stopping threads took: 0.0000416 seconds
2017-08-29T19:04:08.533+0600: 1291.631: Total time for which application threads were stopped: 0.0000892 seconds, Stopping threads took: 0.0000638 seconds
2017-08-29T19:04:08.563+0600: 1291.661: Total time for which application threads were stopped: 0.0001084 seconds, Stopping threads took: 0.0000436 seconds
2017-08-29T19:04:08.868+0600: 1291.966: Total time for which application threads were stopped: 0.0001219 seconds, Stopping threads took: 0.0000211 seconds
{Heap before GC invocations=24 (full 1):
 par new generation   total 109248K, used 105761K [0x00000000e0000000, 0x00000000e8000000, 0x00000000e8000000)
  eden space 87424K, 100% used [0x00000000e0000000, 0x00000000e5560000, 0x00000000e5560000)
  from space 21824K,  84% used [0x00000000e5560000, 0x00000000e6748410, 0x00000000e6ab0000)
  to   space 21824K,   0% used [0x00000000e6ab0000, 0x00000000e6ab0000, 0x00000000e8000000)
 concurrent mark-sweep generation total 393216K, used 32344K [0x00000000e8000000, 0x0000000100000000, 0x0000000100000000)
 Metaspace       used 36016K, capacity 36908K, committed 37016K, reserved 1081344K
  class space    used 4171K, capacity 4432K, committed 4504K, reserved 1048576K
2017-08-29T19:04:09.102+0600: 1292.200: [GC (Allocation Failure) 2017-08-29T19:04:09.102+0600: 1292.200: [ParNew
Desired survivor size 20112992 bytes, new threshold 8 (max 8)
- age   1:    1148856 bytes,    1148856 total
- age   2:     549560 bytes,    1698416 total
- age   3:     483192 bytes,    2181608 total
- age   4:     488672 bytes,    2670280 total
- age   5:     683840 bytes,    3354120 total
- age   6:    2576264 bytes,    5930384 total
- age   7:    1000736 bytes,    6931120 total
- age   8:     596648 bytes,    7527768 total
: 105761K->12753K(109248K), 0.0084374 secs] 138105K->45705K(502464K), 0.0084980 secs] [Times: user=0.02 sys=0.00, real=0.01 secs] 
Heap after GC invocations=25 (full 1):
 par new generation   total 109248K, used 12753K [0x00000000e0000000, 0x00000000e8000000, 0x00000000e8000000)
  eden space 87424K,   0% used [0x00000000e0000000, 0x00000000e0000000, 0x00000000e5560000)
  from space 21824K,  58% used [0x00000000e6ab0000, 0x00000000e7724620, 0x00000000e8000000)
  to   space 21824K,   0% used [0x00000000e5560000, 0x00000000e5560000, 0x00000000e6ab0000)
 concurrent mark-sweep generation total 393216K, used 32951K [0x00000000e8000000, 0x0000000100000000, 0x0000000100000000)
 Metaspace       used 36016K, capacity 36908K, committed 37016K, reserved 1081344K
  class space    used 4171K, capacity 4432K, committed 4504K, reserved 1048576K
}
2017-08-29T19:04:09.110+0600: 1292.209: Total time for which application threads were stopped: 0.0086432 seconds, Stopping threads took: 0.0000273 seconds
2017-08-29T19:04:09.695+0600: 1292.794: Total time for which application threads were stopped: 0.0000788 seconds, Stopping threads took: 0.0000154 seconds
2017-08-29T19:04:09.699+0600: 1292.798: Total time for which application threads were stopped: 0.0001067 seconds, Stopping threads took: 0.0000372 seconds
2017-08-29T19:04:09.703+0600: 1292.802: Total time for which application threads were stopped: 0.0020058 seconds, Stopping threads took: 0.0019344 seconds
2017-08-29T19:04:09.714+0600: 1292.812: Total time for which application threads were stopped: 0.0002032 seconds, Stopping threads took: 0.0001280 seconds
2017-08-29T19:04:09.718+0600: 1292.817: Total time for which application threads were stopped: 0.0001062 seconds, Stopping threads took: 0.0000350 seconds
2017-08-29T19:04:09.854+0600: 1292.952: Total time for which application threads were stopped: 0.0000987 seconds, Stopping threads took: 0.0000170 seconds
{Heap before GC invocations=25 (full 1):
 par new generation   total 109248K, used 100177K [0x00000000e0000000, 0x00000000e8000000, 0x00000000e8000000)
  eden space 87424K, 100% used [0x00000000e0000000, 0x00000000e5560000, 0x00000000e5560000)
  from space 21824K,  58% used [0x00000000e6ab0000, 0x00000000e7724620, 0x00000000e8000000)
  to   space 21824K,   0% used [0x00000000e5560000, 0x00000000e5560000, 0x00000000e6ab0000)
 concurrent mark-sweep generation total 393216K, used 32951K [0x00000000e8000000, 0x0000000100000000, 0x0000000100000000)
 Metaspace       used 36030K, capacity 36972K, committed 37272K, reserved 1081344K
  class space    used 4171K, capacity 4432K, committed 4504K, reserved 1048576K
2017-08-29T19:04:12.667+0600: 1295.765: [GC (Allocation Failure) 2017-08-29T19:04:12.667+0600: 1295.765: [ParNew
Desired survivor size 20112992 bytes, new threshold 8 (max 8)
- age   1:    3053256 bytes,    3053256 total
- age   2:     207056 bytes,    3260312 total
- age   3:     249224 bytes,    3509536 total
- age   4:     247632 bytes,    3757168 total
- age   5:     257048 bytes,    4014216 total
- age   6:     475568 bytes,    4489784 total
- age   7:    2569744 bytes,    7059528 total
- age   8:     999040 bytes,    8058568 total
: 100177K->11308K(109248K), 0.0051371 secs] 133129K->44841K(502464K), 0.0051982 secs] [Times: user=0.02 sys=0.00, real=0.00 secs] 
Heap after GC invocations=26 (full 1):
 par new generation   total 109248K, used 11308K [0x00000000e0000000, 0x00000000e8000000, 0x00000000e8000000)
  eden space 87424K,   0% used [0x00000000e0000000, 0x00000000e0000000, 0x00000000e5560000)
  from space 21824K,  51% used [0x00000000e5560000, 0x00000000e606b3b0, 0x00000000e6ab0000)
  to   space 21824K,   0% used [0x00000000e6ab0000, 0x00000000e6ab0000, 0x00000000e8000000)
 concurrent mark-sweep generation total 393216K, used 33533K [0x00000000e8000000, 0x0000000100000000, 0x0000000100000000)
 Metaspace       used 36030K, capacity 36972K, committed 37272K, reserved 1081344K
  class space    used 4171K, capacity 4432K, committed 4504K, reserved 1048576K
}
2017-08-29T19:04:12.672+0600: 1295.770: Total time for which application threads were stopped: 0.0053400 seconds, Stopping threads took: 0.0000270 seconds
2017-08-29T19:04:14.898+0600: 1297.996: Total time for which application threads were stopped: 0.0000999 seconds, Stopping threads took: 0.0000300 seconds
2017-08-29T19:04:15.898+0600: 1298.996: Total time for which application threads were stopped: 0.0000660 seconds, Stopping threads took: 0.0000154 seconds
{Heap before GC invocations=26 (full 1):
 par new generation   total 109248K, used 98732K [0x00000000e0000000, 0x00000000e8000000, 0x00000000e8000000)
  eden space 87424K, 100% used [0x00000000e0000000, 0x00000000e5560000, 0x00000000e5560000)
  from space 21824K,  51% used [0x00000000e5560000, 0x00000000e606b3b0, 0x00000000e6ab0000)
  to   space 21824K,   0% used [0x00000000e6ab0000, 0x00000000e6ab0000, 0x00000000e8000000)
 concurrent mark-sweep generation total 393216K, used 33533K [0x00000000e8000000, 0x0000000100000000, 0x0000000100000000)
 Metaspace       used 36038K, capacity 36972K, committed 37272K, reserved 1081344K
  class space    used 4171K, capacity 4432K, committed 4504K, reserved 1048576K
2017-08-29T19:04:16.380+0600: 1299.478: [GC (Allocation Failure) 2017-08-29T19:04:16.380+0600: 1299.478: [ParNew
Desired survivor size 20112992 bytes, new threshold 8 (max 8)
- age   1:    3449056 bytes,    3449056 total
- age   2:    2333040 bytes,    5782096 total
- age   3:     206672 bytes,    5988768 total
- age   4:     247336 bytes,    6236104 total
- age   5:     245808 bytes,    6481912 total
- age   6:     255456 bytes,    6737368 total
- age   7:     474224 bytes,    7211592 total
- age   8:    2569456 bytes,    9781048 total
: 98732K->11714K(109248K), 0.0095416 secs] 132265K->46221K(502464K), 0.0095991 secs] [Times: user=0.03 sys=0.00, real=0.01 secs] 
Heap after GC invocations=27 (full 1):
 par new generation   total 109248K, used 11714K [0x00000000e0000000, 0x00000000e8000000, 0x00000000e8000000)
  eden space 87424K,   0% used [0x00000000e0000000, 0x00000000e0000000, 0x00000000e5560000)
  from space 21824K,  53% used [0x00000000e6ab0000, 0x00000000e7620a88, 0x00000000e8000000)
  to   space 21824K,   0% used [0x00000000e5560000, 0x00000000e5560000, 0x00000000e6ab0000)
 concurrent mark-sweep generation total 393216K, used 34507K [0x00000000e8000000, 0x0000000100000000, 0x0000000100000000)
 Metaspace       used 36038K, capacity 36972K, committed 37272K, reserved 1081344K
  class space    used 4171K, capacity 4432K, committed 4504K, reserved 1048576K
}
2017-08-29T19:04:16.390+0600: 1299.488: Total time for which application threads were stopped: 0.0097362 seconds, Stopping threads took: 0.0000216 seconds
2017-08-29T19:04:17.390+0600: 1300.488: Total time for which application threads were stopped: 0.0000674 seconds, Stopping threads took: 0.0000155 seconds
2017-08-29T19:04:18.390+0600: 1301.488: Total time for which application threads were stopped: 0.0000672 seconds, Stopping threads took: 0.0000153 seconds
{Heap before GC invocations=27 (full 1):
 par new generation   total 109248K, used 99138K [0x00000000e0000000, 0x00000000e8000000, 0x00000000e8000000)
  eden space 87424K, 100% used [0x00000000e0000000, 0x00000000e5560000, 0x00000000e5560000)
  from space 21824K,  53% used [0x00000000e6ab0000, 0x00000000e7620a88, 0x00000000e8000000)
  to   space 21824K,   0% used [0x00000000e5560000, 0x00000000e5560000, 0x00000000e6ab0000)
 concurrent mark-sweep generation total 393216K, used 34507K [0x00000000e8000000, 0x0000000100000000, 0x0000000100000000)
 Metaspace       used 36038K, capacity 36972K, committed 37272K, reserved 1081344K
  class space    used 4171K, capacity 4432K, committed 4504K, reserved 1048576K
2017-08-29T19:04:19.819+0600: 1302.917: [GC (Allocation Failure) 2017-08-29T19:04:19.819+0600: 1302.917: [ParNew
Desired survivor size 20112992 bytes, new threshold 8 (max 8)
- age   1:    3731128 bytes,    3731128 total
- age   2:    2267048 bytes,    5998176 total
- age   3:    2327864 bytes,    8326040 total
- age   4:     206256 bytes,    8532296 total
- age   5:     245992 bytes,    8778288 total
- age   6:     244688 bytes,    9022976 total
- age   7:     254496 bytes,    9277472 total
- age   8:     473008 bytes,    9750480 total
: 99138K->12162K(109248K), 0.0058267 secs] 133645K->49178K(502464K), 0.0058796 secs] [Times: user=0.02 sys=0.00, real=0.00 secs] 
Heap after GC invocations=28 (full 1):
 par new generation   total 109248K, used 12162K [0x00000000e0000000, 0x00000000e8000000, 0x00000000e8000000)
  eden space 87424K,   0% used [0x00000000e0000000, 0x00000000e0000000, 0x00000000e5560000)
  from space 21824K,  55% used [0x00000000e5560000, 0x00000000e61408f0, 0x00000000e6ab0000)
  to   space 21824K,   0% used [0x00000000e6ab0000, 0x00000000e6ab0000, 0x00000000e8000000)
 concurrent mark-sweep generation total 393216K, used 37016K [0x00000000e8000000, 0x0000000100000000, 0x0000000100000000)
 Metaspace       used 36038K, capacity 36972K, committed 37272K, reserved 1081344K
  class space    used 4171K, capacity 4432K, committed 4504K, reserved 1048576K
}
2017-08-29T19:04:19.825+0600: 1302.923: Total time for which application threads were stopped: 0.0060151 seconds, Stopping threads took: 0.0000158 seconds
2017-08-29T19:04:20.825+0600: 1303.924: Total time for which application threads were stopped: 0.0000648 seconds, Stopping threads took: 0.0000152 seconds
2017-08-29T19:04:22.825+0600: 1305.924: Total time for which application threads were stopped: 0.0000626 seconds, Stopping threads took: 0.0000146 seconds
{Heap before GC invocations=28 (full 1):
 par new generation   total 109248K, used 99586K [0x00000000e0000000, 0x00000000e8000000, 0x00000000e8000000)
  eden space 87424K, 100% used [0x00000000e0000000, 0x00000000e5560000, 0x00000000e5560000)
  from space 21824K,  55% used [0x00000000e5560000, 0x00000000e61408f0, 0x00000000e6ab0000)
  to   space 21824K,   0% used [0x00000000e6ab0000, 0x00000000e6ab0000, 0x00000000e8000000)
 concurrent mark-sweep generation total 393216K, used 37016K [0x00000000e8000000, 0x0000000100000000, 0x0000000100000000)
 Metaspace       used 36041K, capacity 36972K, committed 37272K, reserved 1081344K
  class space    used 4171K, capacity 4432K, committed 4504K, reserved 1048576K
2017-08-29T19:04:22.947+0600: 1306.045: [GC (Allocation Failure) 2017-08-29T19:04:22.947+0600: 1306.045: [ParNew
Desired survivor size 20112992 bytes, new threshold 8 (max 8)
- age   1:    4150960 bytes,    4150960 total
- age   2:    2364200 bytes,    6515160 total
- age   3:    1962440 bytes,    8477600 total
- age   4:    2326832 bytes,   10804432 total
- age   5:     205816 bytes,   11010248 total
- age   6:     244840 bytes,   11255088 total
- age   7:     243664 bytes,   11498752 total
- age   8:     253280 bytes,   11752032 total
: 99586K->13752K(109248K), 0.0083899 secs] 136602K->51230K(502464K), 0.0084501 secs] [Times: user=0.02 sys=0.00, real=0.01 secs] 
Heap after GC invocations=29 (full 1):
 par new generation   total 109248K, used 13752K [0x00000000e0000000, 0x00000000e8000000, 0x00000000e8000000)
  eden space 87424K,   0% used [0x00000000e0000000, 0x00000000e0000000, 0x00000000e5560000)
  from space 21824K,  63% used [0x00000000e6ab0000, 0x00000000e781e330, 0x00000000e8000000)
  to   space 21824K,   0% used [0x00000000e5560000, 0x00000000e5560000, 0x00000000e6ab0000)
 concurrent mark-sweep generation total 393216K, used 37478K [0x00000000e8000000, 0x0000000100000000, 0x0000000100000000)
 Metaspace       used 36041K, capacity 36972K, committed 37272K, reserved 1081344K
  class space    used 4171K, capacity 4432K, committed 4504K, reserved 1048576K
}
2017-08-29T19:04:22.956+0600: 1306.054: Total time for which application threads were stopped: 0.0085893 seconds, Stopping threads took: 0.0000242 seconds
2017-08-29T19:04:23.524+0600: 1306.623: Total time for which application threads were stopped: 0.0012050 seconds, Stopping threads took: 0.0011378 seconds
2017-08-29T19:04:23.524+0600: 1306.623: Total time for which application threads were stopped: 0.0000811 seconds, Stopping threads took: 0.0000520 seconds
2017-08-29T19:04:23.524+0600: 1306.623: Total time for which application threads were stopped: 0.0001343 seconds, Stopping threads took: 0.0000900 seconds
2017-08-29T19:04:23.525+0600: 1306.623: Total time for which application threads were stopped: 0.0000380 seconds, Stopping threads took: 0.0000161 seconds
2017-08-29T19:04:23.525+0600: 1306.623: Total time for which application threads were stopped: 0.0000281 seconds, Stopping threads took: 0.0000071 seconds
2017-08-29T19:04:23.525+0600: 1306.623: Total time for which application threads were stopped: 0.0000446 seconds, Stopping threads took: 0.0000074 seconds
2017-08-29T19:04:23.548+0600: 1306.646: Total time for which application threads were stopped: 0.0001060 seconds, Stopping threads took: 0.0000201 seconds
2017-08-29T19:04:23.680+0600: 1306.779: Total time for which application threads were stopped: 0.0004720 seconds, Stopping threads took: 0.0003933 seconds
{Heap before GC invocations=29 (full 1):
 par new generation   total 109248K, used 101176K [0x00000000e0000000, 0x00000000e8000000, 0x00000000e8000000)
  eden space 87424K, 100% used [0x00000000e0000000, 0x00000000e5560000, 0x00000000e5560000)
  from space 21824K,  63% used [0x00000000e6ab0000, 0x00000000e781e330, 0x00000000e8000000)
  to   space 21824K,   0% used [0x00000000e5560000, 0x00000000e5560000, 0x00000000e6ab0000)
 concurrent mark-sweep generation total 393216K, used 37478K [0x00000000e8000000, 0x0000000100000000, 0x0000000100000000)
 Metaspace       used 36051K, capacity 36972K, committed 37272K, reserved 1081344K
  class space    used 4171K, capacity 4432K, committed 4504K, reserved 1048576K
2017-08-29T19:04:24.022+0600: 1307.120: [GC (Allocation Failure) 2017-08-29T19:04:24.022+0600: 1307.120: [ParNew
Desired survivor size 20112992 bytes, new threshold 8 (max 8)
- age   1:    1118008 bytes,    1118008 total
- age   2:     515320 bytes,    1633328 total
- age   3:     463456 bytes,    2096784 total
- age   4:     477760 bytes,    2574544 total
- age   5:     782896 bytes,    3357440 total
- age   6:     203720 bytes,    3561160 total
- age   7:     244616 bytes,    3805776 total
- age   8:     243536 bytes,    4049312 total
: 101176K->10899K(109248K), 0.0158401 secs] 138654K->48624K(502464K), 0.0159050 secs] [Times: user=0.05 sys=0.00, real=0.02 secs] 
Heap after GC invocations=30 (full 1):
 par new generation   total 109248K, used 10899K [0x00000000e0000000, 0x00000000e8000000, 0x00000000e8000000)
  eden space 87424K,   0% used [0x00000000e0000000, 0x00000000e0000000, 0x00000000e5560000)
  from space 21824K,  49% used [0x00000000e5560000, 0x00000000e6004e60, 0x00000000e6ab0000)
  to   space 21824K,   0% used [0x00000000e6ab0000, 0x00000000e6ab0000, 0x00000000e8000000)
 concurrent mark-sweep generation total 393216K, used 37725K [0x00000000e8000000, 0x0000000100000000, 0x0000000100000000)
 Metaspace       used 36051K, capacity 36972K, committed 37272K, reserved 1081344K
  class space    used 4171K, capacity 4432K, committed 4504K, reserved 1048576K
}
2017-08-29T19:04:24.038+0600: 1307.136: Total time for which application threads were stopped: 0.0160626 seconds, Stopping threads took: 0.0000270 seconds
2017-08-29T19:04:24.587+0600: 1307.685: Total time for which application threads were stopped: 0.0001003 seconds, Stopping threads took: 0.0000241 seconds
2017-08-29T19:04:24.589+0600: 1307.688: Total time for which application threads were stopped: 0.0001820 seconds, Stopping threads took: 0.0000915 seconds
2017-08-29T19:04:24.594+0600: 1307.692: Total time for which application threads were stopped: 0.0001499 seconds, Stopping threads took: 0.0000387 seconds
2017-08-29T19:04:24.611+0600: 1307.709: Total time for which application threads were stopped: 0.0001887 seconds, Stopping threads took: 0.0000700 seconds
2017-08-29T19:04:24.841+0600: 1307.940: Total time for which application threads were stopped: 0.0001904 seconds, Stopping threads took: 0.0000698 seconds
2017-08-29T19:04:25.841+0600: 1308.940: Total time for which application threads were stopped: 0.0000968 seconds, Stopping threads took: 0.0000308 seconds
{Heap before GC invocations=30 (full 1):
 par new generation   total 109248K, used 98323K [0x00000000e0000000, 0x00000000e8000000, 0x00000000e8000000)
  eden space 87424K, 100% used [0x00000000e0000000, 0x00000000e5560000, 0x00000000e5560000)
  from space 21824K,  49% used [0x00000000e5560000, 0x00000000e6004e60, 0x00000000e6ab0000)
  to   space 21824K,   0% used [0x00000000e6ab0000, 0x00000000e6ab0000, 0x00000000e8000000)
 concurrent mark-sweep generation total 393216K, used 37725K [0x00000000e8000000, 0x0000000100000000, 0x0000000100000000)
 Metaspace       used 36059K, capacity 36974K, committed 37272K, reserved 1081344K
  class space    used 4171K, capacity 4433K, committed 4504K, reserved 1048576K
2017-08-29T19:04:26.514+0600: 1309.612: [GC (Allocation Failure) 2017-08-29T19:04:26.514+0600: 1309.612: [ParNew
Desired survivor size 20112992 bytes, new threshold 8 (max 8)
- age   1:    2999920 bytes,    2999920 total
- age   2:     209376 bytes,    3209296 total
- age   3:     217640 bytes,    3426936 total
- age   4:     226656 bytes,    3653592 total
- age   5:     243928 bytes,    3897520 total
- age   6:     552408 bytes,    4449928 total
- age   7:     169400 bytes,    4619328 total
- age   8:     243848 bytes,    4863176 total
: 98323K->6764K(109248K), 0.0069240 secs] 136048K->44726K(502464K), 0.0069783 secs] [Times: user=0.01 sys=0.00, real=0.01 secs] 
Heap after GC invocations=31 (full 1):
 par new generation   total 109248K, used 6764K [0x00000000e0000000, 0x00000000e8000000, 0x00000000e8000000)
  eden space 87424K,   0% used [0x00000000e0000000, 0x00000000e0000000, 0x00000000e5560000)
  from space 21824K,  30% used [0x00000000e6ab0000, 0x00000000e714b050, 0x00000000e8000000)
  to   space 21824K,   0% used [0x00000000e5560000, 0x00000000e5560000, 0x00000000e6ab0000)
 concurrent mark-sweep generation total 393216K, used 37962K [0x00000000e8000000, 0x0000000100000000, 0x0000000100000000)
 Metaspace       used 36059K, capacity 36974K, committed 37272K, reserved 1081344K
  class space    used 4171K, capacity 4433K, committed 4504K, reserved 1048576K
}
2017-08-29T19:04:26.521+0600: 1309.619: Total time for which application threads were stopped: 0.0071224 seconds, Stopping threads took: 0.0000262 seconds
2017-08-29T19:04:28.521+0600: 1311.619: Total time for which application threads were stopped: 0.0000640 seconds, Stopping threads took: 0.0000156 seconds
{Heap before GC invocations=31 (full 1):
 par new generation   total 109248K, used 94188K [0x00000000e0000000, 0x00000000e8000000, 0x00000000e8000000)
  eden space 87424K, 100% used [0x00000000e0000000, 0x00000000e5560000, 0x00000000e5560000)
  from space 21824K,  30% used [0x00000000e6ab0000, 0x00000000e714b050, 0x00000000e8000000)
  to   space 21824K,   0% used [0x00000000e5560000, 0x00000000e5560000, 0x00000000e6ab0000)
 concurrent mark-sweep generation total 393216K, used 37962K [0x00000000e8000000, 0x0000000100000000, 0x0000000100000000)
 Metaspace       used 36059K, capacity 36974K, committed 37272K, reserved 1081344K
  class space    used 4171K, capacity 4433K, committed 4504K, reserved 1048576K
2017-08-29T19:04:29.731+0600: 1312.830: [GC (Allocation Failure) 2017-08-29T19:04:29.731+0600: 1312.830: [ParNew
Desired survivor size 20112992 bytes, new threshold 8 (max 8)
- age   1:    3321608 bytes,    3321608 total
- age   2:    2321168 bytes,    5642776 total
- age   3:     209280 bytes,    5852056 total
- age   4:     216840 bytes,    6068896 total
- age   5:     225544 bytes,    6294440 total
- age   6:     242744 bytes,    6537184 total
- age   7:     551224 bytes,    7088408 total
- age   8:     169304 bytes,    7257712 total
: 94188K->7700K(109248K), 0.0100482 secs] 132150K->45900K(502464K), 0.0101076 secs] [Times: user=0.02 sys=0.00, real=0.01 secs] 
Heap after GC invocations=32 (full 1):
 par new generation   total 109248K, used 7700K [0x00000000e0000000, 0x00000000e8000000, 0x00000000e8000000)
  eden space 87424K,   0% used [0x00000000e0000000, 0x00000000e0000000, 0x00000000e5560000)
  from space 21824K,  35% used [0x00000000e5560000, 0x00000000e5ce5360, 0x00000000e6ab0000)
  to   space 21824K,   0% used [0x00000000e6ab0000, 0x00000000e6ab0000, 0x00000000e8000000)
 concurrent mark-sweep generation total 393216K, used 38199K [0x00000000e8000000, 0x0000000100000000, 0x0000000100000000)
 Metaspace       used 36059K, capacity 36974K, committed 37272K, reserved 1081344K
  class space    used 4171K, capacity 4433K, committed 4504K, reserved 1048576K
}
2017-08-29T19:04:29.742+0600: 1312.840: Total time for which application threads were stopped: 0.0102439 seconds, Stopping threads took: 0.0000159 seconds
2017-08-29T19:04:32.742+0600: 1315.840: Total time for which application threads were stopped: 0.0000693 seconds, Stopping threads took: 0.0000160 seconds
{Heap before GC invocations=32 (full 1):
 par new generation   total 109248K, used 95124K [0x00000000e0000000, 0x00000000e8000000, 0x00000000e8000000)
  eden space 87424K, 100% used [0x00000000e0000000, 0x00000000e5560000, 0x00000000e5560000)
  from space 21824K,  35% used [0x00000000e5560000, 0x00000000e5ce5360, 0x00000000e6ab0000)
  to   space 21824K,   0% used [0x00000000e6ab0000, 0x00000000e6ab0000, 0x00000000e8000000)
 concurrent mark-sweep generation total 393216K, used 38199K [0x00000000e8000000, 0x0000000100000000, 0x0000000100000000)
 Metaspace       used 36064K, capacity 36974K, committed 37272K, reserved 1081344K
  class space    used 4171K, capacity 4433K, committed 4504K, reserved 1048576K
2017-08-29T19:04:32.756+0600: 1315.855: [GC (Allocation Failure) 2017-08-29T19:04:32.756+0600: 1315.855: [ParNew
Desired survivor size 20112992 bytes, new threshold 8 (max 8)
- age   1:    3722872 bytes,    3722872 total
- age   2:    2165080 bytes,    5887952 total
- age   3:    2314968 bytes,    8202920 total
- age   4:     208992 bytes,    8411912 total
- age   5:     215784 bytes,    8627696 total
- age   6:     224904 bytes,    8852600 total
- age   7:     241848 bytes,    9094448 total
- age   8:     550520 bytes,    9644968 total
: 95124K->10931K(109248K), 0.0070584 secs] 133324K->49296K(502464K), 0.0071369 secs] [Times: user=0.02 sys=0.00, real=0.00 secs] 
Heap after GC invocations=33 (full 1):
 par new generation   total 109248K, used 10931K [0x00000000e0000000, 0x00000000e8000000, 0x00000000e8000000)
  eden space 87424K,   0% used [0x00000000e0000000, 0x00000000e0000000, 0x00000000e5560000)
  from space 21824K,  50% used [0x00000000e6ab0000, 0x00000000e755cdc0, 0x00000000e8000000)
  to   space 21824K,   0% used [0x00000000e5560000, 0x00000000e5560000, 0x00000000e6ab0000)
 concurrent mark-sweep generation total 393216K, used 38365K [0x00000000e8000000, 0x0000000100000000, 0x0000000100000000)
 Metaspace       used 36064K, capacity 36974K, committed 37272K, reserved 1081344K
  class space    used 4171K, capacity 4433K, committed 4504K, reserved 1048576K
}
2017-08-29T19:04:32.763+0600: 1315.862: Total time for which application threads were stopped: 0.0072863 seconds, Stopping threads took: 0.0000156 seconds
2017-08-29T19:04:34.764+0600: 1317.862: Total time for which application threads were stopped: 0.0000851 seconds, Stopping threads took: 0.0000146 seconds
{Heap before GC invocations=33 (full 1):
 par new generation   total 109248K, used 98355K [0x00000000e0000000, 0x00000000e8000000, 0x00000000e8000000)
  eden space 87424K, 100% used [0x00000000e0000000, 0x00000000e5560000, 0x00000000e5560000)
  from space 21824K,  50% used [0x00000000e6ab0000, 0x00000000e755cdc0, 0x00000000e8000000)
  to   space 21824K,   0% used [0x00000000e5560000, 0x00000000e5560000, 0x00000000e6ab0000)
 concurrent mark-sweep generation total 393216K, used 38365K [0x00000000e8000000, 0x0000000100000000, 0x0000000100000000)
 Metaspace       used 36087K, capacity 36974K, committed 37272K, reserved 1081344K
  class space    used 4171K, capacity 4433K, committed 4504K, reserved 1048576K
2017-08-29T19:04:36.152+0600: 1319.250: [GC (Allocation Failure) 2017-08-29T19:04:36.152+0600: 1319.250: [ParNew
Desired survivor size 20112992 bytes, new threshold 8 (max 8)
- age   1:    4405280 bytes,    4405280 total
- age   2:    2353072 bytes,    6758352 total
- age   3:    1831536 bytes,    8589888 total
- age   4:    2313952 bytes,   10903840 total
- age   5:     208800 bytes,   11112640 total
- age   6:     214888 bytes,   11327528 total
- age   7:     224136 bytes,   11551664 total
- age   8:     241240 bytes,   11792904 total
: 98355K->15265K(109248K), 0.0095625 secs] 136720K->54168K(502464K), 0.0096172 secs] [Times: user=0.02 sys=0.00, real=0.01 secs] 
Heap after GC invocations=34 (full 1):
 par new generation   total 109248K, used 15265K [0x00000000e0000000, 0x00000000e8000000, 0x00000000e8000000)
  eden space 87424K,   0% used [0x00000000e0000000, 0x00000000e0000000, 0x00000000e5560000)
  from space 21824K,  69% used [0x00000000e5560000, 0x00000000e6448670, 0x00000000e6ab0000)
  to   space 21824K,   0% used [0x00000000e6ab0000, 0x00000000e6ab0000, 0x00000000e8000000)
 concurrent mark-sweep generation total 393216K, used 38902K [0x00000000e8000000, 0x0000000100000000, 0x0000000100000000)
 Metaspace       used 36087K, capacity 36974K, committed 37272K, reserved 1081344K
  class space    used 4171K, capacity 4433K, committed 4504K, reserved 1048576K
}
2017-08-29T19:04:36.162+0600: 1319.260: Total time for which application threads were stopped: 0.0097569 seconds, Stopping threads took: 0.0000192 seconds
2017-08-29T19:04:38.162+0600: 1321.260: Total time for which application threads were stopped: 0.0000628 seconds, Stopping threads took: 0.0000147 seconds
2017-08-29T19:04:38.523+0600: 1321.621: Total time for which application threads were stopped: 0.0001238 seconds, Stopping threads took: 0.0000436 seconds
2017-08-29T19:04:38.524+0600: 1321.622: Total time for which application threads were stopped: 0.0010357 seconds, Stopping threads took: 0.0009924 seconds
2017-08-29T19:04:38.524+0600: 1321.623: Total time for which application threads were stopped: 0.0000606 seconds, Stopping threads took: 0.0000248 seconds
2017-08-29T19:04:38.524+0600: 1321.623: Total time for which application threads were stopped: 0.0000419 seconds, Stopping threads took: 0.0000160 seconds
2017-08-29T19:04:38.524+0600: 1321.623: Total time for which application threads were stopped: 0.0000402 seconds, Stopping threads took: 0.0000143 seconds
2017-08-29T19:04:38.527+0600: 1321.626: Total time for which application threads were stopped: 0.0000703 seconds, Stopping threads took: 0.0000176 seconds
{Heap before GC invocations=34 (full 1):
 par new generation   total 109248K, used 102689K [0x00000000e0000000, 0x00000000e8000000, 0x00000000e8000000)
  eden space 87424K, 100% used [0x00000000e0000000, 0x00000000e5560000, 0x00000000e5560000)
  from space 21824K,  69% used [0x00000000e5560000, 0x00000000e6448670, 0x00000000e6ab0000)
  to   space 21824K,   0% used [0x00000000e6ab0000, 0x00000000e6ab0000, 0x00000000e8000000)
 concurrent mark-sweep generation total 393216K, used 38902K [0x00000000e8000000, 0x0000000100000000, 0x0000000100000000)
 Metaspace       used 36091K, capacity 36974K, committed 37272K, reserved 1081344K
  class space    used 4171K, capacity 4433K, committed 4504K, reserved 1048576K
2017-08-29T19:04:38.610+0600: 1321.708: [GC (Allocation Failure) 2017-08-29T19:04:38.610+0600: 1321.709: [ParNew
Desired survivor size 20112992 bytes, new threshold 8 (max 8)
- age   1:    3700136 bytes,    3700136 total
- age   2:    2221664 bytes,    5921800 total
- age   3:    1647072 bytes,    7568872 total
- age   4:    1440424 bytes,    9009296 total
- age   5:    1672536 bytes,   10681832 total
- age   6:     208432 bytes,   10890264 total
- age   7:     214472 bytes,   11104736 total
- age   8:     223496 bytes,   11328232 total
: 102689K->16130K(109248K), 0.0164366 secs] 141592K->55268K(502464K), 0.0165014 secs] [Times: user=0.05 sys=0.00, real=0.02 secs] 
Heap after GC invocations=35 (full 1):
 par new generation   total 109248K, used 16130K [0x00000000e0000000, 0x00000000e8000000, 0x00000000e8000000)
  eden space 87424K,   0% used [0x00000000e0000000, 0x00000000e0000000, 0x00000000e5560000)
  from space 21824K,  73% used [0x00000000e6ab0000, 0x00000000e7a70ac0, 0x00000000e8000000)
  to   space 21824K,   0% used [0x00000000e5560000, 0x00000000e5560000, 0x00000000e6ab0000)
 concurrent mark-sweep generation total 393216K, used 39138K [0x00000000e8000000, 0x0000000100000000, 0x0000000100000000)
 Metaspace       used 36091K, capacity 36974K, committed 37272K, reserved 1081344K
  class space    used 4171K, capacity 4433K, committed 4504K, reserved 1048576K
}
2017-08-29T19:04:38.627+0600: 1321.725: Total time for which application threads were stopped: 0.0166829 seconds, Stopping threads took: 0.0000265 seconds
2017-08-29T19:04:38.671+0600: 1321.769: Total time for which application threads were stopped: 0.0000977 seconds, Stopping threads took: 0.0000315 seconds
2017-08-29T19:04:38.732+0600: 1321.830: Total time for which application threads were stopped: 0.0001650 seconds, Stopping threads took: 0.0000420 seconds
2017-08-29T19:04:39.744+0600: 1322.842: Total time for which application threads were stopped: 0.0000957 seconds, Stopping threads took: 0.0000194 seconds
2017-08-29T19:04:39.748+0600: 1322.846: Total time for which application threads were stopped: 0.0000965 seconds, Stopping threads took: 0.0000360 seconds
2017-08-29T19:04:39.755+0600: 1322.854: Total time for which application threads were stopped: 0.0001179 seconds, Stopping threads took: 0.0000224 seconds
2017-08-29T19:04:39.764+0600: 1322.862: Total time for which application threads were stopped: 0.0001289 seconds, Stopping threads took: 0.0000432 seconds
2017-08-29T19:04:39.925+0600: 1323.023: Total time for which application threads were stopped: 0.0001045 seconds, Stopping threads took: 0.0000206 seconds
{Heap before GC invocations=35 (full 1):
 par new generation   total 109248K, used 103554K [0x00000000e0000000, 0x00000000e8000000, 0x00000000e8000000)
  eden space 87424K, 100% used [0x00000000e0000000, 0x00000000e5560000, 0x00000000e5560000)
  from space 21824K,  73% used [0x00000000e6ab0000, 0x00000000e7a70ac0, 0x00000000e8000000)
  to   space 21824K,   0% used [0x00000000e5560000, 0x00000000e5560000, 0x00000000e6ab0000)
 concurrent mark-sweep generation total 393216K, used 39138K [0x00000000e8000000, 0x0000000100000000, 0x0000000100000000)
 Metaspace       used 36117K, capacity 37038K, committed 37272K, reserved 1081344K
  class space    used 4171K, capacity 4433K, committed 4504K, reserved 1048576K
2017-08-29T19:04:40.492+0600: 1323.590: [GC (Allocation Failure) 2017-08-29T19:04:40.492+0600: 1323.590: [ParNew
Desired survivor size 20112992 bytes, new threshold 8 (max 8)
- age   1:    1563024 bytes,    1563024 total
- age   2:     221520 bytes,    1784544 total
- age   3:     227544 bytes,    2012088 total
- age   4:     214448 bytes,    2226536 total
- age   5:     216336 bytes,    2442872 total
- age   6:     538704 bytes,    2981576 total
- age   7:     176840 bytes,    3158416 total
- age   8:     214184 bytes,    3372600 total
: 103554K->6878K(109248K), 0.0050837 secs] 142692K->46234K(502464K), 0.0051406 secs] [Times: user=0.02 sys=0.00, real=0.01 secs] 
Heap after GC invocations=36 (full 1):
 par new generation   total 109248K, used 6878K [0x00000000e0000000, 0x00000000e8000000, 0x00000000e8000000)
  eden space 87424K,   0% used [0x00000000e0000000, 0x00000000e0000000, 0x00000000e5560000)
  from space 21824K,  31% used [0x00000000e5560000, 0x00000000e5c17a10, 0x00000000e6ab0000)
  to   space 21824K,   0% used [0x00000000e6ab0000, 0x00000000e6ab0000, 0x00000000e8000000)
 concurrent mark-sweep generation total 393216K, used 39356K [0x00000000e8000000, 0x0000000100000000, 0x0000000100000000)
 Metaspace       used 36117K, capacity 37038K, committed 37272K, reserved 1081344K
  class space    used 4171K, capacity 4433K, committed 4504K, reserved 1048576K
}
2017-08-29T19:04:40.497+0600: 1323.596: Total time for which application threads were stopped: 0.0052808 seconds, Stopping threads took: 0.0000224 seconds
{Heap before GC invocations=36 (full 1):
 par new generation   total 109248K, used 94302K [0x00000000e0000000, 0x00000000e8000000, 0x00000000e8000000)
  eden space 87424K, 100% used [0x00000000e0000000, 0x00000000e5560000, 0x00000000e5560000)
  from space 21824K,  31% used [0x00000000e5560000, 0x00000000e5c17a10, 0x00000000e6ab0000)
  to   space 21824K,   0% used [0x00000000e6ab0000, 0x00000000e6ab0000, 0x00000000e8000000)
 concurrent mark-sweep generation total 393216K, used 39356K [0x00000000e8000000, 0x0000000100000000, 0x0000000100000000)
 Metaspace       used 36117K, capacity 37038K, committed 37272K, reserved 1081344K
  class space    used 4171K, capacity 4433K, committed 4504K, reserved 1048576K
2017-08-29T19:04:43.834+0600: 1326.932: [GC (Allocation Failure) 2017-08-29T19:04:43.834+0600: 1326.932: [ParNew
Desired survivor size 20112992 bytes, new threshold 8 (max 8)
- age   1:    2795832 bytes,    2795832 total
- age   2:    1351368 bytes,    4147200 total
- age   3:     220912 bytes,    4368112 total
- age   4:     226872 bytes,    4594984 total
- age   5:     213616 bytes,    4808600 total
- age   6:     215472 bytes,    5024072 total
- age   7:     538000 bytes,    5562072 total
- age   8:     176680 bytes,    5738752 total
: 94302K->6107K(109248K), 0.0062516 secs] 133658K->45672K(502464K), 0.0063061 secs] [Times: user=0.01 sys=0.00, real=0.01 secs] 
Heap after GC invocations=37 (full 1):
 par new generation   total 109248K, used 6107K [0x00000000e0000000, 0x00000000e8000000, 0x00000000e8000000)
  eden space 87424K,   0% used [0x00000000e0000000, 0x00000000e0000000, 0x00000000e5560000)
  from space 21824K,  27% used [0x00000000e6ab0000, 0x00000000e70a6eb0, 0x00000000e8000000)
  to   space 21824K,   0% used [0x00000000e5560000, 0x00000000e5560000, 0x00000000e6ab0000)
 concurrent mark-sweep generation total 393216K, used 39564K [0x00000000e8000000, 0x0000000100000000, 0x0000000100000000)
 Metaspace       used 36117K, capacity 37038K, committed 37272K, reserved 1081344K
  class space    used 4171K, capacity 4433K, committed 4504K, reserved 1048576K
}
2017-08-29T19:04:43.840+0600: 1326.939: Total time for which application threads were stopped: 0.0064470 seconds, Stopping threads took: 0.0000197 seconds
{Heap before GC invocations=37 (full 1):
 par new generation   total 109248K, used 93531K [0x00000000e0000000, 0x00000000e8000000, 0x00000000e8000000)
  eden space 87424K, 100% used [0x00000000e0000000, 0x00000000e5560000, 0x00000000e5560000)
  from space 21824K,  27% used [0x00000000e6ab0000, 0x00000000e70a6eb0, 0x00000000e8000000)
  to   space 21824K,   0% used [0x00000000e5560000, 0x00000000e5560000, 0x00000000e6ab0000)
 concurrent mark-sweep generation total 393216K, used 39564K [0x00000000e8000000, 0x0000000100000000, 0x0000000100000000)
 Metaspace       used 36117K, capacity 37038K, committed 37272K, reserved 1081344K
  class space    used 4171K, capacity 4433K, committed 4504K, reserved 1048576K
2017-08-29T19:04:46.972+0600: 1330.070: [GC (Allocation Failure) 2017-08-29T19:04:46.972+0600: 1330.070: [ParNew
Desired survivor size 20112992 bytes, new threshold 8 (max 8)
- age   1:    3549072 bytes,    3549072 total
- age   2:    1834624 bytes,    5383696 total
- age   3:    1350952 bytes,    6734648 total
- age   4:     220336 bytes,    6954984 total
- age   5:     226008 bytes,    7180992 total
- age   6:     213296 bytes,    7394288 total
- age   7:     214928 bytes,    7609216 total
- age   8:     537488 bytes,    8146704 total
: 93531K->10362K(109248K), 0.0056813 secs] 133096K->50099K(502464K), 0.0057416 secs] [Times: user=0.01 sys=0.00, real=0.01 secs] 
Heap after GC invocations=38 (full 1):
 par new generation   total 109248K, used 10362K [0x00000000e0000000, 0x00000000e8000000, 0x00000000e8000000)
  eden space 87424K,   0% used [0x00000000e0000000, 0x00000000e0000000, 0x00000000e5560000)
  from space 21824K,  47% used [0x00000000e5560000, 0x00000000e5f7e980, 0x00000000e6ab0000)
  to   space 21824K,   0% used [0x00000000e6ab0000, 0x00000000e6ab0000, 0x00000000e8000000)
 concurrent mark-sweep generation total 393216K, used 39737K [0x00000000e8000000, 0x0000000100000000, 0x0000000100000000)
 Metaspace       used 36117K, capacity 37038K, committed 37272K, reserved 1081344K
  class space    used 4171K, capacity 4433K, committed 4504K, reserved 1048576K
}
2017-08-29T19:04:46.978+0600: 1330.076: Total time for which application threads were stopped: 0.0058712 seconds, Stopping threads took: 0.0000143 seconds
{Heap before GC invocations=38 (full 1):
 par new generation   total 109248K, used 97786K [0x00000000e0000000, 0x00000000e8000000, 0x00000000e8000000)
  eden space 87424K, 100% used [0x00000000e0000000, 0x00000000e5560000, 0x00000000e5560000)
  from space 21824K,  47% used [0x00000000e5560000, 0x00000000e5f7e980, 0x00000000e6ab0000)
  to   space 21824K,   0% used [0x00000000e6ab0000, 0x00000000e6ab0000, 0x00000000e8000000)
 concurrent mark-sweep generation total 393216K, used 39737K [0x00000000e8000000, 0x0000000100000000, 0x0000000100000000)
 Metaspace       used 36117K, capacity 37038K, committed 37272K, reserved 1081344K
  class space    used 4171K, capacity 4433K, committed 4504K, reserved 1048576K
2017-08-29T19:04:50.283+0600: 1333.381: [GC (Allocation Failure) 2017-08-29T19:04:50.283+0600: 1333.381: [ParNew
Desired survivor size 20112992 bytes, new threshold 8 (max 8)
- age   1:    3872288 bytes,    3872288 total
- age   2:    2279152 bytes,    6151440 total
- age   3:    1831936 bytes,    7983376 total
- age   4:    1350608 bytes,    9333984 total
- age   5:     219984 bytes,    9553968 total
- age   6:     225464 bytes,    9779432 total
- age   7:     212496 bytes,    9991928 total
- age   8:     214576 bytes,   10206504 total
: 97786K->12456K(109248K), 0.0074663 secs] 137523K->52719K(502464K), 0.0075267 secs] [Times: user=0.01 sys=0.00, real=0.01 secs] 
Heap after GC invocations=39 (full 1):
 par new generation   total 109248K, used 12456K [0x00000000e0000000, 0x00000000e8000000, 0x00000000e8000000)
  eden space 87424K,   0% used [0x00000000e0000000, 0x00000000e0000000, 0x00000000e5560000)
  from space 21824K,  57% used [0x00000000e6ab0000, 0x00000000e76da388, 0x00000000e8000000)
  to   space 21824K,   0% used [0x00000000e5560000, 0x00000000e5560000, 0x00000000e6ab0000)
 concurrent mark-sweep generation total 393216K, used 40262K [0x00000000e8000000, 0x0000000100000000, 0x0000000100000000)
 Metaspace       used 36117K, capacity 37038K, committed 37272K, reserved 1081344K
  class space    used 4171K, capacity 4433K, committed 4504K, reserved 1048576K
}
2017-08-29T19:04:50.290+0600: 1333.389: Total time for which application threads were stopped: 0.0076596 seconds, Stopping threads took: 0.0000147 seconds
2017-08-29T19:04:53.525+0600: 1336.624: Total time for which application threads were stopped: 0.0005494 seconds, Stopping threads took: 0.0004815 seconds
2017-08-29T19:04:53.526+0600: 1336.625: Total time for which application threads were stopped: 0.0000831 seconds, Stopping threads took: 0.0000455 seconds
2017-08-29T19:04:53.526+0600: 1336.625: Total time for which application threads were stopped: 0.0000505 seconds, Stopping threads took: 0.0000253 seconds
2017-08-29T19:04:53.526+0600: 1336.625: Total time for which application threads were stopped: 0.0000479 seconds, Stopping threads took: 0.0000163 seconds
2017-08-29T19:04:53.526+0600: 1336.625: Total time for which application threads were stopped: 0.0000532 seconds, Stopping threads took: 0.0000230 seconds
2017-08-29T19:04:53.529+0600: 1336.627: Total time for which application threads were stopped: 0.0000634 seconds, Stopping threads took: 0.0000307 seconds
2017-08-29T19:04:53.549+0600: 1336.648: Total time for which application threads were stopped: 0.0001048 seconds, Stopping threads took: 0.0000361 seconds
{Heap before GC invocations=39 (full 1):
 par new generation   total 109248K, used 99880K [0x00000000e0000000, 0x00000000e8000000, 0x00000000e8000000)
  eden space 87424K, 100% used [0x00000000e0000000, 0x00000000e5560000, 0x00000000e5560000)
  from space 21824K,  57% used [0x00000000e6ab0000, 0x00000000e76da388, 0x00000000e8000000)
  to   space 21824K,   0% used [0x00000000e5560000, 0x00000000e5560000, 0x00000000e6ab0000)
 concurrent mark-sweep generation total 393216K, used 40262K [0x00000000e8000000, 0x0000000100000000, 0x0000000100000000)
 Metaspace       used 36120K, capacity 37038K, committed 37272K, reserved 1081344K
  class space    used 4171K, capacity 4433K, committed 4504K, reserved 1048576K
2017-08-29T19:04:53.582+0600: 1336.680: [GC (Allocation Failure) 2017-08-29T19:04:53.582+0600: 1336.680: [ParNew
Desired survivor size 20112992 bytes, new threshold 8 (max 8)
- age   1:    4678144 bytes,    4678144 total
- age   2:    1671232 bytes,    6349376 total
- age   3:    1441368 bytes,    7790744 total
- age   4:    1471000 bytes,    9261744 total
- age   5:     896504 bytes,   10158248 total
- age   6:     219232 bytes,   10377480 total
- age   7:     225112 bytes,   10602592 total
- age   8:     212048 bytes,   10814640 total
: 99880K->16185K(109248K), 0.0123741 secs] 140143K->56656K(502464K), 0.0124271 secs] [Times: user=0.02 sys=0.00, real=0.02 secs] 
Heap after GC invocations=40 (full 1):
 par new generation   total 109248K, used 16185K [0x00000000e0000000, 0x00000000e8000000, 0x00000000e8000000)
  eden space 87424K,   0% used [0x00000000e0000000, 0x00000000e0000000, 0x00000000e5560000)
  from space 21824K,  74% used [0x00000000e5560000, 0x00000000e652e4d0, 0x00000000e6ab0000)
  to   space 21824K,   0% used [0x00000000e6ab0000, 0x00000000e6ab0000, 0x00000000e8000000)
 concurrent mark-sweep generation total 393216K, used 40471K [0x00000000e8000000, 0x0000000100000000, 0x0000000100000000)
 Metaspace       used 36120K, capacity 37038K, committed 37272K, reserved 1081344K
  class space    used 4171K, capacity 4433K, committed 4504K, reserved 1048576K
}
2017-08-29T19:04:53.594+0600: 1336.693: Total time for which application threads were stopped: 0.0126059 seconds, Stopping threads took: 0.0000269 seconds
2017-08-29T19:04:53.731+0600: 1336.829: Total time for which application threads were stopped: 0.0001090 seconds, Stopping threads took: 0.0000192 seconds
2017-08-29T19:04:54.394+0600: 1337.493: Total time for which application threads were stopped: 0.0001379 seconds, Stopping threads took: 0.0000627 seconds
2017-08-29T19:04:54.408+0600: 1337.506: Total time for which application threads were stopped: 0.0000921 seconds, Stopping threads took: 0.0000272 seconds
2017-08-29T19:04:54.548+0600: 1337.646: Total time for which application threads were stopped: 0.0001685 seconds, Stopping threads took: 0.0000722 seconds
{Heap before GC invocations=40 (full 1):
 par new generation   total 109248K, used 103136K [0x00000000e0000000, 0x00000000e8000000, 0x00000000e8000000)
  eden space 87424K,  99% used [0x00000000e0000000, 0x00000000e54e9c28, 0x00000000e5560000)
  from space 21824K,  74% used [0x00000000e5560000, 0x00000000e652e4d0, 0x00000000e6ab0000)
  to   space 21824K,   0% used [0x00000000e6ab0000, 0x00000000e6ab0000, 0x00000000e8000000)
 concurrent mark-sweep generation total 393216K, used 40471K [0x00000000e8000000, 0x0000000100000000, 0x0000000100000000)
 Metaspace       used 36123K, capacity 37038K, committed 37272K, reserved 1081344K
  class space    used 4171K, capacity 4433K, committed 4504K, reserved 1048576K
2017-08-29T19:04:54.550+0600: 1337.648: [GC (Allocation Failure) 2017-08-29T19:04:54.550+0600: 1337.648: [ParNew
Desired survivor size 20112992 bytes, new threshold 8 (max 8)
- age   1:    1457144 bytes,    1457144 total
- age   2:    1040528 bytes,    2497672 total
- age   3:     444736 bytes,    2942408 total
- age   4:     445200 bytes,    3387608 total
- age   5:     444888 bytes,    3832496 total
- age   6:     560488 bytes,    4392984 total
- age   7:     217832 bytes,    4610816 total
- age   8:     224984 bytes,    4835800 total
: 103136K->7428K(109248K), 0.0056808 secs] 143607K->48106K(502464K), 0.0057434 secs] [Times: user=0.01 sys=0.00, real=0.01 secs] 
Heap after GC invocations=41 (full 1):
 par new generation   total 109248K, used 7428K [0x00000000e0000000, 0x00000000e8000000, 0x00000000e8000000)
  eden space 87424K,   0% used [0x00000000e0000000, 0x00000000e0000000, 0x00000000e5560000)
  from space 21824K,  34% used [0x00000000e6ab0000, 0x00000000e71f12d0, 0x00000000e8000000)
  to   space 21824K,   0% used [0x00000000e5560000, 0x00000000e5560000, 0x00000000e6ab0000)
 concurrent mark-sweep generation total 393216K, used 40678K [0x00000000e8000000, 0x0000000100000000, 0x0000000100000000)
 Metaspace       used 36123K, capacity 37038K, committed 37272K, reserved 1081344K
  class space    used 4171K, capacity 4433K, committed 4504K, reserved 1048576K
}
2017-08-29T19:04:54.556+0600: 1337.654: Total time for which application threads were stopped: 0.0065828 seconds, Stopping threads took: 0.0007292 seconds
2017-08-29T19:04:54.557+0600: 1337.655: Total time for which application threads were stopped: 0.0000787 seconds, Stopping threads took: 0.0000113 seconds
2017-08-29T19:04:54.567+0600: 1337.666: Total time for which application threads were stopped: 0.0023702 seconds, Stopping threads took: 0.0022929 seconds
2017-08-29T19:04:54.576+0600: 1337.674: Total time for which application threads were stopped: 0.0010608 seconds, Stopping threads took: 0.0009223 seconds
2017-08-29T19:04:54.583+0600: 1337.681: Total time for which application threads were stopped: 0.0000871 seconds, Stopping threads took: 0.0000295 seconds
2017-08-29T19:04:54.583+0600: 1337.681: Total time for which application threads were stopped: 0.0000414 seconds, Stopping threads took: 0.0000120 seconds
2017-08-29T19:04:54.586+0600: 1337.685: Total time for which application threads were stopped: 0.0032213 seconds, Stopping threads took: 0.0031917 seconds
2017-08-29T19:04:54.586+0600: 1337.685: Total time for which application threads were stopped: 0.0000463 seconds, Stopping threads took: 0.0000185 seconds
2017-08-29T19:04:54.587+0600: 1337.685: Total time for which application threads were stopped: 0.0000549 seconds, Stopping threads took: 0.0000211 seconds
2017-08-29T19:04:54.587+0600: 1337.685: Total time for which application threads were stopped: 0.0001166 seconds, Stopping threads took: 0.0000822 seconds
2017-08-29T19:04:54.588+0600: 1337.686: Total time for which application threads were stopped: 0.0008348 seconds, Stopping threads took: 0.0008032 seconds
2017-08-29T19:04:54.588+0600: 1337.686: Total time for which application threads were stopped: 0.0000942 seconds, Stopping threads took: 0.0000634 seconds
2017-08-29T19:04:54.590+0600: 1337.688: Total time for which application threads were stopped: 0.0004200 seconds, Stopping threads took: 0.0003637 seconds
2017-08-29T19:04:54.590+0600: 1337.688: Total time for which application threads were stopped: 0.0000847 seconds, Stopping threads took: 0.0000198 seconds
2017-08-29T19:04:54.591+0600: 1337.689: Total time for which application threads were stopped: 0.0001906 seconds, Stopping threads took: 0.0001420 seconds
2017-08-29T19:04:54.593+0600: 1337.691: Total time for which application threads were stopped: 0.0001296 seconds, Stopping threads took: 0.0000353 seconds
2017-08-29T19:04:54.600+0600: 1337.698: Total time for which application threads were stopped: 0.0001055 seconds, Stopping threads took: 0.0000199 seconds
2017-08-29T19:04:54.634+0600: 1337.732: Total time for which application threads were stopped: 0.0001407 seconds, Stopping threads took: 0.0000352 seconds
2017-08-29T19:04:54.712+0600: 1337.810: Total time for which application threads were stopped: 0.0005962 seconds, Stopping threads took: 0.0000292 seconds
2017-08-29T19:04:54.716+0600: 1337.815: Total time for which application threads were stopped: 0.0001024 seconds, Stopping threads took: 0.0000291 seconds
2017-08-29T19:04:54.716+0600: 1337.815: Total time for which application threads were stopped: 0.0000414 seconds, Stopping threads took: 0.0000122 seconds
2017-08-29T19:04:54.717+0600: 1337.815: Total time for which application threads were stopped: 0.0000993 seconds, Stopping threads took: 0.0000668 seconds
2017-08-29T19:04:54.717+0600: 1337.815: Total time for which application threads were stopped: 0.0000421 seconds, Stopping threads took: 0.0000134 seconds
2017-08-29T19:04:54.717+0600: 1337.815: Total time for which application threads were stopped: 0.0000325 seconds, Stopping threads took: 0.0000100 seconds
2017-08-29T19:04:54.717+0600: 1337.815: Total time for which application threads were stopped: 0.0000305 seconds, Stopping threads took: 0.0000095 seconds
2017-08-29T19:04:54.717+0600: 1337.815: Total time for which application threads were stopped: 0.0000300 seconds, Stopping threads took: 0.0000090 seconds
2017-08-29T19:04:54.717+0600: 1337.816: Total time for which application threads were stopped: 0.0000310 seconds, Stopping threads took: 0.0000102 seconds
2017-08-29T19:04:54.717+0600: 1337.816: Total time for which application threads were stopped: 0.0000306 seconds, Stopping threads took: 0.0000099 seconds
2017-08-29T19:04:54.717+0600: 1337.816: Total time for which application threads were stopped: 0.0000301 seconds, Stopping threads took: 0.0000095 seconds
2017-08-29T19:04:54.717+0600: 1337.816: Total time for which application threads were stopped: 0.0000326 seconds, Stopping threads took: 0.0000098 seconds
2017-08-29T19:04:54.717+0600: 1337.816: Total time for which application threads were stopped: 0.0000318 seconds, Stopping threads took: 0.0000099 seconds
{Heap before GC invocations=41 (full 1):
 par new generation   total 109248K, used 94852K [0x00000000e0000000, 0x00000000e8000000, 0x00000000e8000000)
  eden space 87424K, 100% used [0x00000000e0000000, 0x00000000e5560000, 0x00000000e5560000)
  from space 21824K,  34% used [0x00000000e6ab0000, 0x00000000e71f12d0, 0x00000000e8000000)
  to   space 21824K,   0% used [0x00000000e5560000, 0x00000000e5560000, 0x00000000e6ab0000)
 concurrent mark-sweep generation total 393216K, used 40678K [0x00000000e8000000, 0x0000000100000000, 0x0000000100000000)
 Metaspace       used 36383K, capacity 37262K, committed 37528K, reserved 1083392K
  class space    used 4204K, capacity 4465K, committed 4504K, reserved 1048576K
2017-08-29T19:04:54.957+0600: 1338.055: [GC (Allocation Failure) 2017-08-29T19:04:54.957+0600: 1338.055: [ParNew
Desired survivor size 20112992 bytes, new threshold 8 (max 8)
- age   1:    1413776 bytes,    1413776 total
- age   2:     751208 bytes,    2164984 total
- age   3:     286456 bytes,    2451440 total
- age   4:     209936 bytes,    2661376 total
- age   5:     210232 bytes,    2871608 total
- age   6:     211512 bytes,    3083120 total
- age   7:     426152 bytes,    3509272 total
- age   8:     213096 bytes,    3722368 total
: 94852K->4837K(109248K), 0.0098163 secs] 135530K->45735K(502464K), 0.0098918 secs] [Times: user=0.04 sys=0.00, real=0.01 secs] 
Heap after GC invocations=42 (full 1):
 par new generation   total 109248K, used 4837K [0x00000000e0000000, 0x00000000e8000000, 0x00000000e8000000)
  eden space 87424K,   0% used [0x00000000e0000000, 0x00000000e0000000, 0x00000000e5560000)
  from space 21824K,  22% used [0x00000000e5560000, 0x00000000e5a195c0, 0x00000000e6ab0000)
  to   space 21824K,   0% used [0x00000000e6ab0000, 0x00000000e6ab0000, 0x00000000e8000000)
 concurrent mark-sweep generation total 393216K, used 40897K [0x00000000e8000000, 0x0000000100000000, 0x0000000100000000)
 Metaspace       used 36383K, capacity 37262K, committed 37528K, reserved 1083392K
  class space    used 4204K, capacity 4465K, committed 4504K, reserved 1048576K
}
2017-08-29T19:04:54.967+0600: 1338.065: Total time for which application threads were stopped: 0.0101197 seconds, Stopping threads took: 0.0000355 seconds
{Heap before GC invocations=42 (full 1):
 par new generation   total 109248K, used 92261K [0x00000000e0000000, 0x00000000e8000000, 0x00000000e8000000)
  eden space 87424K, 100% used [0x00000000e0000000, 0x00000000e5560000, 0x00000000e5560000)
  from space 21824K,  22% used [0x00000000e5560000, 0x00000000e5a195c0, 0x00000000e6ab0000)
  to   space 21824K,   0% used [0x00000000e6ab0000, 0x00000000e6ab0000, 0x00000000e8000000)
 concurrent mark-sweep generation total 393216K, used 40897K [0x00000000e8000000, 0x0000000100000000, 0x0000000100000000)
 Metaspace       used 36386K, capacity 37262K, committed 37528K, reserved 1083392K
  class space    used 4204K, capacity 4465K, committed 4504K, reserved 1048576K
2017-08-29T19:04:55.179+0600: 1338.278: [GC (Allocation Failure) 2017-08-29T19:04:55.180+0600: 1338.278: [ParNew
Desired survivor size 20112992 bytes, new threshold 8 (max 8)
- age   1:     829584 bytes,     829584 total
- age   2:     944736 bytes,    1774320 total
- age   3:     751152 bytes,    2525472 total
- age   4:     286456 bytes,    2811928 total
- age   5:     209936 bytes,    3021864 total
- age   6:     210168 bytes,    3232032 total
- age   7:     211512 bytes,    3443544 total
- age   8:     426152 bytes,    3869696 total
: 92261K->5411K(109248K), 0.0091186 secs] 133159K->46517K(502464K), 0.0091701 secs] [Times: user=0.02 sys=0.00, real=0.01 secs] 
Heap after GC invocations=43 (full 1):
 par new generation   total 109248K, used 5411K [0x00000000e0000000, 0x00000000e8000000, 0x00000000e8000000)
  eden space 87424K,   0% used [0x00000000e0000000, 0x00000000e0000000, 0x00000000e5560000)
  from space 21824K,  24% used [0x00000000e6ab0000, 0x00000000e6ff8ea0, 0x00000000e8000000)
  to   space 21824K,   0% used [0x00000000e5560000, 0x00000000e5560000, 0x00000000e6ab0000)
 concurrent mark-sweep generation total 393216K, used 41106K [0x00000000e8000000, 0x0000000100000000, 0x0000000100000000)
 Metaspace       used 36386K, capacity 37262K, committed 37528K, reserved 1083392K
  class space    used 4204K, capacity 4465K, committed 4504K, reserved 1048576K
}
2017-08-29T19:04:55.189+0600: 1338.287: Total time for which application threads were stopped: 0.0093446 seconds, Stopping threads took: 0.0000299 seconds
2017-08-29T19:04:55.268+0600: 1338.366: Total time for which application threads were stopped: 0.0001101 seconds, Stopping threads took: 0.0000304 seconds
2017-08-29T19:04:55.268+0600: 1338.367: Total time for which application threads were stopped: 0.0000500 seconds, Stopping threads took: 0.0000137 seconds
2017-08-29T19:04:55.268+0600: 1338.367: Total time for which application threads were stopped: 0.0000385 seconds, Stopping threads took: 0.0000114 seconds
2017-08-29T19:04:55.314+0600: 1338.412: Total time for which application threads were stopped: 0.0006071 seconds, Stopping threads took: 0.0000245 seconds
2017-08-29T19:04:55.505+0600: 1338.603: Total time for which application threads were stopped: 0.0003005 seconds, Stopping threads took: 0.0000953 seconds
2017-08-29T19:04:55.520+0600: 1338.619: Total time for which application threads were stopped: 0.0002018 seconds, Stopping threads took: 0.0001146 seconds
2017-08-29T19:04:55.522+0600: 1338.621: Total time for which application threads were stopped: 0.0020175 seconds, Stopping threads took: 0.0019488 seconds
{Heap before GC invocations=43 (full 1):
 par new generation   total 109248K, used 92835K [0x00000000e0000000, 0x00000000e8000000, 0x00000000e8000000)
  eden space 87424K, 100% used [0x00000000e0000000, 0x00000000e5560000, 0x00000000e5560000)
  from space 21824K,  24% used [0x00000000e6ab0000, 0x00000000e6ff8ea0, 0x00000000e8000000)
  to   space 21824K,   0% used [0x00000000e5560000, 0x00000000e5560000, 0x00000000e6ab0000)
 concurrent mark-sweep generation total 393216K, used 41106K [0x00000000e8000000, 0x0000000100000000, 0x0000000100000000)
 Metaspace       used 36597K, capacity 37486K, committed 37784K, reserved 1083392K
  class space    used 4229K, capacity 4497K, committed 4504K, reserved 1048576K
2017-08-29T19:04:56.117+0600: 1339.215: [GC (Allocation Failure) 2017-08-29T19:04:56.117+0600: 1339.215: [ParNew
Desired survivor size 20112992 bytes, new threshold 8 (max 8)
- age   1:     970976 bytes,     970976 total
- age   2:      60312 bytes,    1031288 total
- age   3:     620808 bytes,    1652096 total
- age   4:     746688 bytes,    2398784 total
- age   5:     286104 bytes,    2684888 total
- age   6:     209840 bytes,    2894728 total
- age   7:     209912 bytes,    3104640 total
- age   8:     211288 bytes,    3315928 total
: 92835K->4836K(109248K), 0.0074287 secs] 133941K->46359K(502464K), 0.0074915 secs] [Times: user=0.02 sys=0.00, real=0.00 secs] 
Heap after GC invocations=44 (full 1):
 par new generation   total 109248K, used 4836K [0x00000000e0000000, 0x00000000e8000000, 0x00000000e8000000)
  eden space 87424K,   0% used [0x00000000e0000000, 0x00000000e0000000, 0x00000000e5560000)
  from space 21824K,  22% used [0x00000000e5560000, 0x00000000e5a19300, 0x00000000e6ab0000)
  to   space 21824K,   0% used [0x00000000e6ab0000, 0x00000000e6ab0000, 0x00000000e8000000)
 concurrent mark-sweep generation total 393216K, used 41522K [0x00000000e8000000, 0x0000000100000000, 0x0000000100000000)
 Metaspace       used 36597K, capacity 37486K, committed 37784K, reserved 1083392K
  class space    used 4229K, capacity 4497K, committed 4504K, reserved 1048576K
}
2017-08-29T19:04:56.124+0600: 1339.223: Total time for which application threads were stopped: 0.0076506 seconds, Stopping threads took: 0.0000175 seconds
2017-08-29T19:04:56.124+0600: 1339.223: Total time for which application threads were stopped: 0.0001802 seconds, Stopping threads took: 0.0000278 seconds
2017-08-29T19:04:57.126+0600: 1340.225: Total time for which application threads were stopped: 0.0016714 seconds, Stopping threads took: 0.0016133 seconds
2017-08-29T19:04:59.126+0600: 1342.225: Total time for which application threads were stopped: 0.0000766 seconds, Stopping threads took: 0.0000156 seconds
{Heap before GC invocations=44 (full 1):
 par new generation   total 109248K, used 92260K [0x00000000e0000000, 0x00000000e8000000, 0x00000000e8000000)
  eden space 87424K, 100% used [0x00000000e0000000, 0x00000000e5560000, 0x00000000e5560000)
  from space 21824K,  22% used [0x00000000e5560000, 0x00000000e5a19300, 0x00000000e6ab0000)
  to   space 21824K,   0% used [0x00000000e6ab0000, 0x00000000e6ab0000, 0x00000000e8000000)
 concurrent mark-sweep generation total 393216K, used 41522K [0x00000000e8000000, 0x0000000100000000, 0x0000000100000000)
 Metaspace       used 36597K, capacity 37486K, committed 37784K, reserved 1083392K
  class space    used 4229K, capacity 4497K, committed 4504K, reserved 1048576K
2017-08-29T19:04:59.758+0600: 1342.856: [GC (Allocation Failure) 2017-08-29T19:04:59.758+0600: 1342.856: [ParNew
Desired survivor size 20112992 bytes, new threshold 8 (max 8)
- age   1:    3269608 bytes,    3269608 total
- age   2:     454064 bytes,    3723672 total
- age   3:      58232 bytes,    3781904 total
- age   4:     620608 bytes,    4402512 total
- age   5:     746320 bytes,    5148832 total
- age   6:     285560 bytes,    5434392 total
- age   7:     209168 bytes,    5643560 total
- age   8:     209592 bytes,    5853152 total
: 92260K->7050K(109248K), 0.0057566 secs] 133783K->48778K(502464K), 0.0058185 secs] [Times: user=0.01 sys=0.00, real=0.00 secs] 
Heap after GC invocations=45 (full 1):
 par new generation   total 109248K, used 7050K [0x00000000e0000000, 0x00000000e8000000, 0x00000000e8000000)
  eden space 87424K,   0% used [0x00000000e0000000, 0x00000000e0000000, 0x00000000e5560000)
  from space 21824K,  32% used [0x00000000e6ab0000, 0x00000000e7192830, 0x00000000e8000000)
  to   space 21824K,   0% used [0x00000000e5560000, 0x00000000e5560000, 0x00000000e6ab0000)
 concurrent mark-sweep generation total 393216K, used 41728K [0x00000000e8000000, 0x0000000100000000, 0x0000000100000000)
 Metaspace       used 36597K, capacity 37486K, committed 37784K, reserved 1083392K
  class space    used 4229K, capacity 4497K, committed 4504K, reserved 1048576K
}
2017-08-29T19:04:59.764+0600: 1342.862: Total time for which application threads were stopped: 0.0059536 seconds, Stopping threads took: 0.0000209 seconds
2017-08-29T19:05:08.528+0600: 1351.626: Total time for which application threads were stopped: 0.0000831 seconds, Stopping threads took: 0.0000233 seconds
2017-08-29T19:05:08.624+0600: 1351.722: Total time for which application threads were stopped: 0.0001174 seconds, Stopping threads took: 0.0000294 seconds
2017-08-29T19:05:09.597+0600: 1352.695: Total time for which application threads were stopped: 0.0000913 seconds, Stopping threads took: 0.0000307 seconds
2017-08-29T19:05:09.597+0600: 1352.696: Total time for which application threads were stopped: 0.0000451 seconds, Stopping threads took: 0.0000184 seconds
2017-08-29T19:05:09.600+0600: 1352.699: Total time for which application threads were stopped: 0.0000743 seconds, Stopping threads took: 0.0000162 seconds
2017-08-29T19:05:13.601+0600: 1356.699: Total time for which application threads were stopped: 0.0000681 seconds, Stopping threads took: 0.0000158 seconds
2017-08-29T19:05:46.872+0600: 1389.970: Total time for which application threads were stopped: 0.0001015 seconds, Stopping threads took: 0.0000295 seconds
2017-08-29T19:05:46.872+0600: 1389.970: Total time for which application threads were stopped: 0.0000829 seconds, Stopping threads took: 0.0000294 seconds
2017-08-29T19:05:47.872+0600: 1390.970: Total time for which application threads were stopped: 0.0000927 seconds, Stopping threads took: 0.0000174 seconds
2017-08-29T19:05:55.889+0600: 1398.987: Total time for which application threads were stopped: 0.0001142 seconds, Stopping threads took: 0.0000214 seconds
2017-08-29T19:05:55.893+0600: 1398.991: Total time for which application threads were stopped: 0.0001485 seconds, Stopping threads took: 0.0000442 seconds
2017-08-29T19:05:56.893+0600: 1399.991: Total time for which application threads were stopped: 0.0000768 seconds, Stopping threads took: 0.0000168 seconds
2017-08-29T19:06:16.162+0600: 1419.260: Total time for which application threads were stopped: 0.0000770 seconds, Stopping threads took: 0.0000144 seconds
2017-08-29T19:06:16.162+0600: 1419.260: Total time for which application threads were stopped: 0.0000442 seconds, Stopping threads took: 0.0000189 seconds
2017-08-29T19:06:16.173+0600: 1419.271: Total time for which application threads were stopped: 0.0006056 seconds, Stopping threads took: 0.0000298 seconds
2017-08-29T19:06:16.764+0600: 1419.862: Total time for which application threads were stopped: 0.0001109 seconds, Stopping threads took: 0.0000168 seconds
2017-08-29T19:06:16.778+0600: 1419.876: Total time for which application threads were stopped: 0.0001384 seconds, Stopping threads took: 0.0000670 seconds
2017-08-29T19:06:17.787+0600: 1420.885: Total time for which application threads were stopped: 0.0001216 seconds, Stopping threads took: 0.0000232 seconds
2017-08-29T19:07:02.890+0600: 1465.989: Total time for which application threads were stopped: 0.0001548 seconds, Stopping threads took: 0.0000319 seconds
2017-08-29T19:07:03.890+0600: 1466.989: Total time for which application threads were stopped: 0.0000764 seconds, Stopping threads took: 0.0000172 seconds
2017-08-29T19:07:33.079+0600: 1496.177: Total time for which application threads were stopped: 0.0001078 seconds, Stopping threads took: 0.0000309 seconds
2017-08-29T19:07:41.035+0600: 1504.134: Total time for which application threads were stopped: 0.0000977 seconds, Stopping threads took: 0.0000367 seconds
2017-08-29T19:07:41.035+0600: 1504.134: Total time for which application threads were stopped: 0.0000346 seconds, Stopping threads took: 0.0000041 seconds
2017-08-29T19:07:41.089+0600: 1504.188: Total time for which application threads were stopped: 0.0000851 seconds, Stopping threads took: 0.0000177 seconds
2017-08-29T19:07:41.093+0600: 1504.191: Total time for which application threads were stopped: 0.0028327 seconds, Stopping threads took: 0.0027271 seconds
2017-08-29T19:07:41.093+0600: 1504.191: Total time for which application threads were stopped: 0.0000584 seconds, Stopping threads took: 0.0000246 seconds
2017-08-29T19:07:41.093+0600: 1504.191: Total time for which application threads were stopped: 0.0000264 seconds, Stopping threads took: 0.0000038 seconds
2017-08-29T19:07:41.093+0600: 1504.191: Total time for which application threads were stopped: 0.0001183 seconds, Stopping threads took: 0.0000078 seconds
2017-08-29T19:07:41.093+0600: 1504.191: Total time for which application threads were stopped: 0.0000382 seconds, Stopping threads took: 0.0000075 seconds
2017-08-29T19:07:41.098+0600: 1504.196: Total time for which application threads were stopped: 0.0002200 seconds, Stopping threads took: 0.0001422 seconds
2017-08-29T19:07:41.098+0600: 1504.196: Total time for which application threads were stopped: 0.0001047 seconds, Stopping threads took: 0.0000672 seconds
2017-08-29T19:07:42.098+0600: 1505.197: Total time for which application threads were stopped: 0.0001454 seconds, Stopping threads took: 0.0000239 seconds
2017-08-29T19:07:56.055+0600: 1519.153: Total time for which application threads were stopped: 0.0000741 seconds, Stopping threads took: 0.0000147 seconds
2017-08-29T19:07:56.056+0600: 1519.155: Total time for which application threads were stopped: 0.0000810 seconds, Stopping threads took: 0.0000158 seconds
2017-08-29T19:07:56.056+0600: 1519.155: Total time for which application threads were stopped: 0.0000315 seconds, Stopping threads took: 0.0000062 seconds
2017-08-29T19:07:57.057+0600: 1520.155: Total time for which application threads were stopped: 0.0001109 seconds, Stopping threads took: 0.0000215 seconds
2017-08-29T19:08:08.569+0600: 1531.667: Total time for which application threads were stopped: 0.0001184 seconds, Stopping threads took: 0.0000292 seconds
2017-08-29T19:08:56.535+0600: 1579.633: Total time for which application threads were stopped: 0.0000900 seconds, Stopping threads took: 0.0000270 seconds
2017-08-29T19:08:56.535+0600: 1579.634: Total time for which application threads were stopped: 0.0000742 seconds, Stopping threads took: 0.0000322 seconds
2017-08-29T19:08:56.566+0600: 1579.665: Total time for which application threads were stopped: 0.0000942 seconds, Stopping threads took: 0.0000241 seconds
2017-08-29T19:08:56.567+0600: 1579.665: Total time for which application threads were stopped: 0.0001162 seconds, Stopping threads took: 0.0000533 seconds
2017-08-29T19:08:56.567+0600: 1579.665: Total time for which application threads were stopped: 0.0000750 seconds, Stopping threads took: 0.0000289 seconds
2017-08-29T19:08:56.567+0600: 1579.665: Total time for which application threads were stopped: 0.0000356 seconds, Stopping threads took: 0.0000065 seconds
2017-08-29T19:08:56.567+0600: 1579.665: Total time for which application threads were stopped: 0.0000296 seconds, Stopping threads took: 0.0000031 seconds
2017-08-29T19:08:56.567+0600: 1579.665: Total time for which application threads were stopped: 0.0000302 seconds, Stopping threads took: 0.0000058 seconds
2017-08-29T19:08:56.567+0600: 1579.665: Total time for which application threads were stopped: 0.0000345 seconds, Stopping threads took: 0.0000064 seconds
2017-08-29T19:08:56.852+0600: 1579.950: Total time for which application threads were stopped: 0.0002323 seconds, Stopping threads took: 0.0001211 seconds
{Heap before GC invocations=45 (full 1):
 par new generation   total 109248K, used 94474K [0x00000000e0000000, 0x00000000e8000000, 0x00000000e8000000)
  eden space 87424K, 100% used [0x00000000e0000000, 0x00000000e5560000, 0x00000000e5560000)
  from space 21824K,  32% used [0x00000000e6ab0000, 0x00000000e7192830, 0x00000000e8000000)
  to   space 21824K,   0% used [0x00000000e5560000, 0x00000000e5560000, 0x00000000e6ab0000)
 concurrent mark-sweep generation total 393216K, used 41728K [0x00000000e8000000, 0x0000000100000000, 0x0000000100000000)
 Metaspace       used 37491K, capacity 38416K, committed 38680K, reserved 1083392K
  class space    used 4329K, capacity 4594K, committed 4632K, reserved 1048576K
2017-08-29T19:08:57.105+0600: 1580.204: [GC (Allocation Failure) 2017-08-29T19:08:57.105+0600: 1580.204: [ParNew
Desired survivor size 20112992 bytes, new threshold 8 (max 8)
- age   1:    1838984 bytes,    1838984 total
- age   2:     230864 bytes,    2069848 total
- age   3:      71184 bytes,    2141032 total
- age   4:       8600 bytes,    2149632 total
- age   5:      49576 bytes,    2199208 total
- age   6:      59680 bytes,    2258888 total
- age   7:     277312 bytes,    2536200 total
- age   8:     207120 bytes,    2743320 total
: 94474K->5523K(109248K), 0.0075611 secs] 136202K->47454K(502464K), 0.0076093 secs] [Times: user=0.01 sys=0.00, real=0.01 secs] 
Heap after GC invocations=46 (full 1):
 par new generation   total 109248K, used 5523K [0x00000000e0000000, 0x00000000e8000000, 0x00000000e8000000)
  eden space 87424K,   0% used [0x00000000e0000000, 0x00000000e0000000, 0x00000000e5560000)
  from space 21824K,  25% used [0x00000000e5560000, 0x00000000e5ac4fc8, 0x00000000e6ab0000)
  to   space 21824K,   0% used [0x00000000e6ab0000, 0x00000000e6ab0000, 0x00000000e8000000)
 concurrent mark-sweep generation total 393216K, used 41930K [0x00000000e8000000, 0x0000000100000000, 0x0000000100000000)
 Metaspace       used 37491K, capacity 38416K, committed 38680K, reserved 1083392K
  class space    used 4329K, capacity 4594K, committed 4632K, reserved 1048576K
}
2017-08-29T19:08:57.113+0600: 1580.211: Total time for which application threads were stopped: 0.0077890 seconds, Stopping threads took: 0.0000325 seconds
2017-08-29T19:08:57.247+0600: 1580.346: Total time for which application threads were stopped: 0.0000895 seconds, Stopping threads took: 0.0000197 seconds
2017-08-29T19:08:57.249+0600: 1580.347: Total time for which application threads were stopped: 0.0000880 seconds, Stopping threads took: 0.0000214 seconds
2017-08-29T19:08:57.253+0600: 1580.351: Total time for which application threads were stopped: 0.0001076 seconds, Stopping threads took: 0.0000246 seconds
2017-08-29T19:08:57.253+0600: 1580.351: Total time for which application threads were stopped: 0.0000918 seconds, Stopping threads took: 0.0000386 seconds
2017-08-29T19:08:57.254+0600: 1580.352: Total time for which application threads were stopped: 0.0000762 seconds, Stopping threads took: 0.0000171 seconds
2017-08-29T19:08:57.256+0600: 1580.354: Total time for which application threads were stopped: 0.0006303 seconds, Stopping threads took: 0.0005515 seconds
2017-08-29T19:08:57.787+0600: 1580.885: Total time for which application threads were stopped: 0.0001804 seconds, Stopping threads took: 0.0000741 seconds
2017-08-29T19:08:57.787+0600: 1580.885: Total time for which application threads were stopped: 0.0000573 seconds, Stopping threads took: 0.0000211 seconds
2017-08-29T19:08:57.787+0600: 1580.885: Total time for which application threads were stopped: 0.0000426 seconds, Stopping threads took: 0.0000155 seconds
2017-08-29T19:08:57.787+0600: 1580.885: Total time for which application threads were stopped: 0.0000408 seconds, Stopping threads took: 0.0000156 seconds
2017-08-29T19:08:57.788+0600: 1580.886: Total time for which application threads were stopped: 0.0001678 seconds, Stopping threads took: 0.0000455 seconds
2017-08-29T19:08:57.788+0600: 1580.886: Total time for which application threads were stopped: 0.0000476 seconds, Stopping threads took: 0.0000081 seconds
2017-08-29T19:08:57.790+0600: 1580.889: Total time for which application threads were stopped: 0.0001369 seconds, Stopping threads took: 0.0000531 seconds
2017-08-29T19:08:57.791+0600: 1580.889: Total time for which application threads were stopped: 0.0000488 seconds, Stopping threads took: 0.0000163 seconds
2017-08-29T19:08:58.791+0600: 1581.889: Total time for which application threads were stopped: 0.0001077 seconds, Stopping threads took: 0.0000220 seconds
2017-08-29T19:10:37.796+0600: 1680.894: Total time for which application threads were stopped: 0.0000949 seconds, Stopping threads took: 0.0000287 seconds
2017-08-29T19:10:38.796+0600: 1681.895: Total time for which application threads were stopped: 0.0001174 seconds, Stopping threads took: 0.0000345 seconds
2017-08-29T19:13:14.581+0600: 1837.679: Total time for which application threads were stopped: 0.0000885 seconds, Stopping threads took: 0.0000259 seconds
2017-08-29T19:13:14.581+0600: 1837.679: Total time for which application threads were stopped: 0.0000278 seconds, Stopping threads took: 0.0000059 seconds
2017-08-29T19:13:14.610+0600: 1837.708: Total time for which application threads were stopped: 0.0000979 seconds, Stopping threads took: 0.0000318 seconds
2017-08-29T19:13:14.610+0600: 1837.709: Total time for which application threads were stopped: 0.0000552 seconds, Stopping threads took: 0.0000067 seconds
2017-08-29T19:13:14.611+0600: 1837.709: Total time for which application threads were stopped: 0.0000473 seconds, Stopping threads took: 0.0000056 seconds
2017-08-29T19:13:14.611+0600: 1837.709: Total time for which application threads were stopped: 0.0000592 seconds, Stopping threads took: 0.0000189 seconds
2017-08-29T19:13:14.611+0600: 1837.709: Total time for which application threads were stopped: 0.0000598 seconds, Stopping threads took: 0.0000187 seconds
2017-08-29T19:13:14.611+0600: 1837.709: Total time for which application threads were stopped: 0.0000590 seconds, Stopping threads took: 0.0000189 seconds
2017-08-29T19:13:14.611+0600: 1837.710: Total time for which application threads were stopped: 0.0000456 seconds, Stopping threads took: 0.0000093 seconds
2017-08-29T19:13:14.805+0600: 1837.904: Total time for which application threads were stopped: 0.0001137 seconds, Stopping threads took: 0.0000196 seconds
2017-08-29T19:13:15.364+0600: 1838.462: Total time for which application threads were stopped: 0.0001199 seconds, Stopping threads took: 0.0000265 seconds
2017-08-29T19:13:15.366+0600: 1838.464: Total time for which application threads were stopped: 0.0001366 seconds, Stopping threads took: 0.0000610 seconds
2017-08-29T19:13:15.369+0600: 1838.467: Total time for which application threads were stopped: 0.0001162 seconds, Stopping threads took: 0.0000241 seconds
2017-08-29T19:13:15.370+0600: 1838.468: Total time for which application threads were stopped: 0.0000738 seconds, Stopping threads took: 0.0000123 seconds
2017-08-29T19:13:15.827+0600: 1838.925: Total time for which application threads were stopped: 0.0001034 seconds, Stopping threads took: 0.0000268 seconds
2017-08-29T19:13:15.827+0600: 1838.926: Total time for which application threads were stopped: 0.0001088 seconds, Stopping threads took: 0.0000696 seconds
2017-08-29T19:13:16.827+0600: 1839.926: Total time for which application threads were stopped: 0.0000710 seconds, Stopping threads took: 0.0000164 seconds
2017-08-29T19:13:26.648+0600: 1849.747: Total time for which application threads were stopped: 0.0000765 seconds, Stopping threads took: 0.0000148 seconds
2017-08-29T19:13:26.649+0600: 1849.747: Total time for which application threads were stopped: 0.0003406 seconds, Stopping threads took: 0.0003153 seconds
2017-08-29T19:13:26.649+0600: 1849.747: Total time for which application threads were stopped: 0.0000462 seconds, Stopping threads took: 0.0000201 seconds
2017-08-29T19:13:26.649+0600: 1849.747: Total time for which application threads were stopped: 0.0000259 seconds, Stopping threads took: 0.0000070 seconds
2017-08-29T19:13:26.649+0600: 1849.747: Total time for which application threads were stopped: 0.0000253 seconds, Stopping threads took: 0.0000067 seconds
2017-08-29T19:13:26.649+0600: 1849.747: Total time for which application threads were stopped: 0.0000249 seconds, Stopping threads took: 0.0000066 seconds
2017-08-29T19:13:26.649+0600: 1849.748: Total time for which application threads were stopped: 0.0000247 seconds, Stopping threads took: 0.0000065 seconds
2017-08-29T19:13:26.649+0600: 1849.748: Total time for which application threads were stopped: 0.0001061 seconds, Stopping threads took: 0.0000089 seconds
2017-08-29T19:13:26.916+0600: 1850.015: Total time for which application threads were stopped: 0.0001300 seconds, Stopping threads took: 0.0000444 seconds
2017-08-29T19:13:26.917+0600: 1850.015: Total time for which application threads were stopped: 0.0000919 seconds, Stopping threads took: 0.0000223 seconds
2017-08-29T19:13:26.918+0600: 1850.017: Total time for which application threads were stopped: 0.0002792 seconds, Stopping threads took: 0.0001976 seconds
2017-08-29T19:13:26.927+0600: 1850.025: Total time for which application threads were stopped: 0.0006348 seconds, Stopping threads took: 0.0000359 seconds
2017-08-29T19:13:26.928+0600: 1850.026: Total time for which application threads were stopped: 0.0006340 seconds, Stopping threads took: 0.0000192 seconds
2017-08-29T19:13:26.929+0600: 1850.028: Total time for which application threads were stopped: 0.0003280 seconds, Stopping threads took: 0.0001678 seconds
2017-08-29T19:13:26.929+0600: 1850.028: Total time for which application threads were stopped: 0.0000737 seconds, Stopping threads took: 0.0000129 seconds
2017-08-29T19:13:26.930+0600: 1850.028: Total time for which application threads were stopped: 0.0000942 seconds, Stopping threads took: 0.0000276 seconds
2017-08-29T19:13:26.930+0600: 1850.028: Total time for which application threads were stopped: 0.0001027 seconds, Stopping threads took: 0.0000613 seconds
2017-08-29T19:13:26.933+0600: 1850.031: Total time for which application threads were stopped: 0.0002958 seconds, Stopping threads took: 0.0001394 seconds
2017-08-29T19:13:26.933+0600: 1850.031: Total time for which application threads were stopped: 0.0000701 seconds, Stopping threads took: 0.0000340 seconds
2017-08-29T19:13:26.934+0600: 1850.032: Total time for which application threads were stopped: 0.0000735 seconds, Stopping threads took: 0.0000131 seconds
2017-08-29T19:13:26.936+0600: 1850.034: Total time for which application threads were stopped: 0.0001011 seconds, Stopping threads took: 0.0000229 seconds
2017-08-29T19:13:26.941+0600: 1850.039: Total time for which application threads were stopped: 0.0052272 seconds, Stopping threads took: 0.0051111 seconds
2017-08-29T19:13:26.942+0600: 1850.041: Total time for which application threads were stopped: 0.0005339 seconds, Stopping threads took: 0.0004557 seconds
2017-08-29T19:13:26.942+0600: 1850.041: Total time for which application threads were stopped: 0.0000297 seconds, Stopping threads took: 0.0000062 seconds
2017-08-29T19:13:26.942+0600: 1850.041: Total time for which application threads were stopped: 0.0000412 seconds, Stopping threads took: 0.0000187 seconds
2017-08-29T19:13:26.943+0600: 1850.041: Total time for which application threads were stopped: 0.0001058 seconds, Stopping threads took: 0.0000844 seconds
2017-08-29T19:13:28.625+0600: 1851.723: Total time for which application threads were stopped: 0.0000888 seconds, Stopping threads took: 0.0000241 seconds
2017-08-29T19:13:28.630+0600: 1851.729: Total time for which application threads were stopped: 0.0001230 seconds, Stopping threads took: 0.0000190 seconds
2017-08-29T19:13:29.630+0600: 1852.729: Total time for which application threads were stopped: 0.0001175 seconds, Stopping threads took: 0.0000253 seconds
2017-08-29T19:13:53.808+0600: 1876.906: Total time for which application threads were stopped: 0.0001129 seconds, Stopping threads took: 0.0000428 seconds
2017-08-29T19:13:53.808+0600: 1876.906: Total time for which application threads were stopped: 0.0000363 seconds, Stopping threads took: 0.0000060 seconds
2017-08-29T19:13:53.808+0600: 1876.906: Total time for which application threads were stopped: 0.0000397 seconds, Stopping threads took: 0.0000066 seconds
2017-08-29T19:13:53.808+0600: 1876.906: Total time for which application threads were stopped: 0.0000352 seconds, Stopping threads took: 0.0000058 seconds
2017-08-29T19:13:53.809+0600: 1876.907: Total time for which application threads were stopped: 0.0000706 seconds, Stopping threads took: 0.0000162 seconds
2017-08-29T19:13:53.811+0600: 1876.909: Total time for which application threads were stopped: 0.0001141 seconds, Stopping threads took: 0.0000157 seconds
2017-08-29T19:13:53.811+0600: 1876.910: Total time for which application threads were stopped: 0.0000425 seconds, Stopping threads took: 0.0000050 seconds
2017-08-29T19:13:53.812+0600: 1876.910: Total time for which application threads were stopped: 0.0000837 seconds, Stopping threads took: 0.0000237 seconds
2017-08-29T19:13:53.812+0600: 1876.910: Total time for which application threads were stopped: 0.0000411 seconds, Stopping threads took: 0.0000076 seconds
2017-08-29T19:13:53.812+0600: 1876.910: Total time for which application threads were stopped: 0.0000346 seconds, Stopping threads took: 0.0000099 seconds
2017-08-29T19:13:54.813+0600: 1877.911: Total time for which application threads were stopped: 0.0000726 seconds, Stopping threads took: 0.0000157 seconds
2017-08-29T19:14:11.372+0600: 1894.471: Total time for which application threads were stopped: 0.0001759 seconds, Stopping threads took: 0.0000310 seconds
2017-08-29T19:14:11.372+0600: 1894.471: Total time for which application threads were stopped: 0.0000348 seconds, Stopping threads took: 0.0000059 seconds
2017-08-29T19:14:11.374+0600: 1894.473: Total time for which application threads were stopped: 0.0001113 seconds, Stopping threads took: 0.0000209 seconds
2017-08-29T19:14:11.374+0600: 1894.473: Total time for which application threads were stopped: 0.0000286 seconds, Stopping threads took: 0.0000039 seconds
2017-08-29T19:14:11.375+0600: 1894.474: Total time for which application threads were stopped: 0.0000938 seconds, Stopping threads took: 0.0000435 seconds
2017-08-29T19:14:11.375+0600: 1894.474: Total time for which application threads were stopped: 0.0000789 seconds, Stopping threads took: 0.0000381 seconds
2017-08-29T19:14:11.375+0600: 1894.474: Total time for which application threads were stopped: 0.0000439 seconds, Stopping threads took: 0.0000115 seconds
2017-08-29T19:14:12.376+0600: 1895.474: Total time for which application threads were stopped: 0.0001108 seconds, Stopping threads took: 0.0000204 seconds
2017-08-29T19:14:26.943+0600: 1910.041: Total time for which application threads were stopped: 0.0001140 seconds, Stopping threads took: 0.0000212 seconds
2017-08-29T19:14:30.101+0600: 1913.200: Total time for which application threads were stopped: 0.0001139 seconds, Stopping threads took: 0.0000400 seconds
2017-08-29T19:14:30.102+0600: 1913.200: Total time for which application threads were stopped: 0.0000389 seconds, Stopping threads took: 0.0000057 seconds
2017-08-29T19:14:30.122+0600: 1913.220: Total time for which application threads were stopped: 0.0000759 seconds, Stopping threads took: 0.0000140 seconds
2017-08-29T19:14:30.122+0600: 1913.221: Total time for which application threads were stopped: 0.0000436 seconds, Stopping threads took: 0.0000158 seconds
2017-08-29T19:14:30.122+0600: 1913.221: Total time for which application threads were stopped: 0.0001132 seconds, Stopping threads took: 0.0000156 seconds
2017-08-29T19:14:30.123+0600: 1913.221: Total time for which application threads were stopped: 0.0000533 seconds, Stopping threads took: 0.0000142 seconds
2017-08-29T19:14:30.131+0600: 1913.229: Total time for which application threads were stopped: 0.0001262 seconds, Stopping threads took: 0.0000318 seconds
2017-08-29T19:14:30.141+0600: 1913.239: Total time for which application threads were stopped: 0.0004910 seconds, Stopping threads took: 0.0003821 seconds
2017-08-29T19:14:30.141+0600: 1913.239: Total time for which application threads were stopped: 0.0000483 seconds, Stopping threads took: 0.0000131 seconds
2017-08-29T19:14:30.142+0600: 1913.240: Total time for which application threads were stopped: 0.0000593 seconds, Stopping threads took: 0.0000126 seconds
2017-08-29T19:14:30.142+0600: 1913.240: Total time for which application threads were stopped: 0.0000401 seconds, Stopping threads took: 0.0000065 seconds
2017-08-29T19:14:30.144+0600: 1913.242: Total time for which application threads were stopped: 0.0000790 seconds, Stopping threads took: 0.0000173 seconds
2017-08-29T19:14:30.969+0600: 1914.067: [GC (CMS Initial Mark) [1 CMS-initial-mark: 41930K(393216K)] 86872K(502464K), 0.0067666 secs] [Times: user=0.02 sys=0.00, real=0.01 secs] 
2017-08-29T19:14:30.976+0600: 1914.074: Total time for which application threads were stopped: 0.0068880 seconds, Stopping threads took: 0.0000169 seconds
2017-08-29T19:14:30.976+0600: 1914.074: [CMS-concurrent-mark-start]
2017-08-29T19:14:31.003+0600: 1914.101: [CMS-concurrent-mark: 0.027/0.027 secs] [Times: user=0.03 sys=0.00, real=0.02 secs] 
2017-08-29T19:14:31.003+0600: 1914.101: [CMS-concurrent-preclean-start]
2017-08-29T19:14:31.005+0600: 1914.103: [CMS-concurrent-preclean: 0.002/0.002 secs] [Times: user=0.00 sys=0.00, real=0.00 secs] 
2017-08-29T19:14:31.005+0600: 1914.103: [CMS-concurrent-abortable-preclean-start]
 CMS: abort preclean due to time 2017-08-29T19:14:37.063+0600: 1920.161: [CMS-concurrent-abortable-preclean: 0.453/6.058 secs] [Times: user=0.45 sys=0.00, real=6.06 secs] 
2017-08-29T19:14:37.063+0600: 1920.161: [GC (CMS Final Remark) [YG occupancy: 44942 K (109248 K)]{Heap before GC invocations=46 (full 2):
 par new generation   total 109248K, used 44942K [0x00000000e0000000, 0x00000000e8000000, 0x00000000e8000000)
  eden space 87424K,  45% used [0x00000000e0000000, 0x00000000e267e850, 0x00000000e5560000)
  from space 21824K,  25% used [0x00000000e5560000, 0x00000000e5ac4fc8, 0x00000000e6ab0000)
  to   space 21824K,   0% used [0x00000000e6ab0000, 0x00000000e6ab0000, 0x00000000e8000000)
 concurrent mark-sweep generation total 393216K, used 41930K [0x00000000e8000000, 0x0000000100000000, 0x0000000100000000)
 Metaspace       used 37904K, capacity 38886K, committed 39320K, reserved 1083392K
  class space    used 4375K, capacity 4637K, committed 4760K, reserved 1048576K
2017-08-29T19:14:37.063+0600: 1920.161: [GC (CMS Final Remark) 2017-08-29T19:14:37.063+0600: 1920.161: [ParNew
Desired survivor size 20112992 bytes, new threshold 8 (max 8)
- age   1:     925792 bytes,     925792 total
- age   2:     475424 bytes,    1401216 total
- age   3:     228496 bytes,    1629712 total
- age   4:      70448 bytes,    1700160 total
- age   5:       8536 bytes,    1708696 total
- age   6:      49400 bytes,    1758096 total
- age   7:      58960 bytes,    1817056 total
- age   8:     208208 bytes,    2025264 total
: 44942K->3278K(109248K), 0.0119401 secs] 86872K->45408K(502464K), 0.0119789 secs] [Times: user=0.03 sys=0.00, real=0.02 secs] 
Heap after GC invocations=47 (full 2):
 par new generation   total 109248K, used 3278K [0x00000000e0000000, 0x00000000e8000000, 0x00000000e8000000)
  eden space 87424K,   0% used [0x00000000e0000000, 0x00000000e0000000, 0x00000000e5560000)
  from space 21824K,  15% used [0x00000000e6ab0000, 0x00000000e6de38d0, 0x00000000e8000000)
  to   space 21824K,   0% used [0x00000000e5560000, 0x00000000e5560000, 0x00000000e6ab0000)
 concurrent mark-sweep generation total 393216K, used 42130K [0x00000000e8000000, 0x0000000100000000, 0x0000000100000000)
 Metaspace       used 37904K, capacity 38886K, committed 39320K, reserved 1083392K
  class space    used 4375K, capacity 4637K, committed 4760K, reserved 1048576K
}
2017-08-29T19:14:37.075+0600: 1920.173: [Rescan (parallel) , 0.0016729 secs]2017-08-29T19:14:37.077+0600: 1920.175: [weak refs processing, 0.0009855 secs]2017-08-29T19:14:37.078+0600: 1920.176: [class unloading, 0.0086477 secs]2017-08-29T19:14:37.086+0600: 1920.185: [scrub symbol table, 0.0026401 secs]2017-08-29T19:14:37.089+0600: 1920.187: [scrub string table, 0.0005630 secs][1 CMS-remark: 42130K(393216K)] 45408K(502464K), 0.0275372 secs] [Times: user=0.05 sys=0.00, real=0.03 secs] 
2017-08-29T19:14:37.090+0600: 1920.189: Total time for which application threads were stopped: 0.0276551 seconds, Stopping threads took: 0.0000378 seconds
2017-08-29T19:14:37.091+0600: 1920.189: [CMS-concurrent-sweep-start]
2017-08-29T19:14:37.099+0600: 1920.197: [CMS-concurrent-sweep: 0.008/0.008 secs] [Times: user=0.01 sys=0.00, real=0.01 secs] 
2017-08-29T19:14:37.099+0600: 1920.197: [CMS-concurrent-reset-start]
2017-08-29T19:14:37.099+0600: 1920.198: [CMS-concurrent-reset: 0.000/0.000 secs] [Times: user=0.00 sys=0.00, real=0.00 secs] 
2017-08-29T19:14:38.091+0600: 1921.189: Total time for which application threads were stopped: 0.0002890 seconds, Stopping threads took: 0.0000273 seconds
2017-08-29T19:15:02.093+0600: 1945.192: Total time for which application threads were stopped: 0.0000752 seconds, Stopping threads took: 0.0000169 seconds
2017-08-29T19:15:38.097+0600: 1981.195: Total time for which application threads were stopped: 0.0000797 seconds, Stopping threads took: 0.0000279 seconds
2017-08-29T19:15:51.376+0600: 1994.475: Total time for which application threads were stopped: 0.0001037 seconds, Stopping threads took: 0.0000180 seconds
2017-08-29T19:16:10.036+0600: 2013.134: Total time for which application threads were stopped: 0.0001171 seconds, Stopping threads took: 0.0000345 seconds
2017-08-29T19:16:10.036+0600: 2013.135: Total time for which application threads were stopped: 0.0000357 seconds, Stopping threads took: 0.0000069 seconds
2017-08-29T19:16:38.038+0600: 2041.137: Total time for which application threads were stopped: 0.0000745 seconds, Stopping threads took: 0.0000225 seconds
2017-08-29T19:19:49.054+0600: 2232.153: Total time for which application threads were stopped: 0.0000854 seconds, Stopping threads took: 0.0000272 seconds
2017-08-29T19:23:08.071+0600: 2431.170: Total time for which application threads were stopped: 0.0000907 seconds, Stopping threads took: 0.0000302 seconds
2017-08-29T19:27:08.090+0600: 2671.189: Total time for which application threads were stopped: 0.0001022 seconds, Stopping threads took: 0.0000286 seconds
2017-08-29T19:33:13.759+0600: 3036.857: Total time for which application threads were stopped: 0.0001073 seconds, Stopping threads took: 0.0000443 seconds
2017-08-29T19:33:13.759+0600: 3036.858: Total time for which application threads were stopped: 0.0000664 seconds, Stopping threads took: 0.0000155 seconds
2017-08-29T19:33:13.791+0600: 3036.890: Total time for which application threads were stopped: 0.0001139 seconds, Stopping threads took: 0.0000220 seconds
2017-08-29T19:33:13.792+0600: 3036.890: Total time for which application threads were stopped: 0.0000678 seconds, Stopping threads took: 0.0000075 seconds
2017-08-29T19:33:13.792+0600: 3036.890: Total time for which application threads were stopped: 0.0000430 seconds, Stopping threads took: 0.0000039 seconds
2017-08-29T19:33:13.792+0600: 3036.890: Total time for which application threads were stopped: 0.0000358 seconds, Stopping threads took: 0.0000039 seconds
2017-08-29T19:33:13.792+0600: 3036.890: Total time for which application threads were stopped: 0.0000297 seconds, Stopping threads took: 0.0000035 seconds
2017-08-29T19:33:13.792+0600: 3036.890: Total time for which application threads were stopped: 0.0000269 seconds, Stopping threads took: 0.0000027 seconds
2017-08-29T19:33:13.792+0600: 3036.891: Total time for which application threads were stopped: 0.0000339 seconds, Stopping threads took: 0.0000045 seconds
2017-08-29T19:33:14.106+0600: 3037.204: Total time for which application threads were stopped: 0.0001389 seconds, Stopping threads took: 0.0000202 seconds
2017-08-29T19:33:15.106+0600: 3038.204: Total time for which application threads were stopped: 0.0000953 seconds, Stopping threads took: 0.0000135 seconds
2017-08-29T19:33:16.106+0600: 3039.204: Total time for which application threads were stopped: 0.0000950 seconds, Stopping threads took: 0.0000153 seconds
2017-08-29T19:33:18.106+0600: 3041.205: Total time for which application threads were stopped: 0.0000742 seconds, Stopping threads took: 0.0000174 seconds
{Heap before GC invocations=47 (full 2):
 par new generation   total 109248K, used 90702K [0x00000000e0000000, 0x00000000e8000000, 0x00000000e8000000)
  eden space 87424K, 100% used [0x00000000e0000000, 0x00000000e5560000, 0x00000000e5560000)
  from space 21824K,  15% used [0x00000000e6ab0000, 0x00000000e6de38d0, 0x00000000e8000000)
  to   space 21824K,   0% used [0x00000000e5560000, 0x00000000e5560000, 0x00000000e6ab0000)
 concurrent mark-sweep generation total 393216K, used 29385K [0x00000000e8000000, 0x0000000100000000, 0x0000000100000000)
 Metaspace       used 37777K, capacity 38556K, committed 39320K, reserved 1083392K
  class space    used 4336K, capacity 4566K, committed 4760K, reserved 1048576K
2017-08-29T19:33:18.951+0600: 3042.050: [GC (Allocation Failure) 2017-08-29T19:33:18.951+0600: 3042.050: [ParNew
Desired survivor size 20112992 bytes, new threshold 8 (max 8)
- age   1:    3807152 bytes,    3807152 total
- age   2:     672296 bytes,    4479448 total
- age   3:     444936 bytes,    4924384 total
- age   4:     224840 bytes,    5149224 total
- age   5:      64856 bytes,    5214080 total
- age   6:       8408 bytes,    5222488 total
- age   7:      42584 bytes,    5265072 total
- age   8:      57920 bytes,    5322992 total
: 90702K->5522K(109248K), 0.0069328 secs] 120087K->35106K(502464K), 0.0069790 secs] [Times: user=0.01 sys=0.00, real=0.01 secs] 
Heap after GC invocations=48 (full 2):
 par new generation   total 109248K, used 5522K [0x00000000e0000000, 0x00000000e8000000, 0x00000000e8000000)
  eden space 87424K,   0% used [0x00000000e0000000, 0x00000000e0000000, 0x00000000e5560000)
  from space 21824K,  25% used [0x00000000e5560000, 0x00000000e5ac4a18, 0x00000000e6ab0000)
  to   space 21824K,   0% used [0x00000000e6ab0000, 0x00000000e6ab0000, 0x00000000e8000000)
 concurrent mark-sweep generation total 393216K, used 29584K [0x00000000e8000000, 0x0000000100000000, 0x0000000100000000)
 Metaspace       used 37777K, capacity 38556K, committed 39320K, reserved 1083392K
  class space    used 4336K, capacity 4566K, committed 4760K, reserved 1048576K
}
2017-08-29T19:33:18.958+0600: 3042.057: Total time for which application threads were stopped: 0.0071420 seconds, Stopping threads took: 0.0000214 seconds
2017-08-29T19:33:20.959+0600: 3044.057: Total time for which application threads were stopped: 0.0000672 seconds, Stopping threads took: 0.0000133 seconds
{Heap before GC invocations=48 (full 2):
 par new generation   total 109248K, used 92946K [0x00000000e0000000, 0x00000000e8000000, 0x00000000e8000000)
  eden space 87424K, 100% used [0x00000000e0000000, 0x00000000e5560000, 0x00000000e5560000)
  from space 21824K,  25% used [0x00000000e5560000, 0x00000000e5ac4a18, 0x00000000e6ab0000)
  to   space 21824K,   0% used [0x00000000e6ab0000, 0x00000000e6ab0000, 0x00000000e8000000)
 concurrent mark-sweep generation total 393216K, used 29584K [0x00000000e8000000, 0x0000000100000000, 0x0000000100000000)
 Metaspace       used 37777K, capacity 38556K, committed 39320K, reserved 1083392K
  class space    used 4336K, capacity 4566K, committed 4760K, reserved 1048576K
2017-08-29T19:33:23.750+0600: 3046.848: [GC (Allocation Failure) 2017-08-29T19:33:23.750+0600: 3046.848: [ParNew
Desired survivor size 20112992 bytes, new threshold 8 (max 8)
- age   1:    4001000 bytes,    4001000 total
- age   2:    2891392 bytes,    6892392 total
- age   3:     667936 bytes,    7560328 total
- age   4:     444744 bytes,    8005072 total
- age   5:     224840 bytes,    8229912 total
- age   6:      64856 bytes,    8294768 total
- age   7:       8408 bytes,    8303176 total
- age   8:      42584 bytes,    8345760 total
: 92946K->8283K(109248K), 0.0083091 secs] 122530K->37925K(502464K), 0.0083714 secs] [Times: user=0.02 sys=0.00, real=0.01 secs] 
Heap after GC invocations=49 (full 2):
 par new generation   total 109248K, used 8283K [0x00000000e0000000, 0x00000000e8000000, 0x00000000e8000000)
  eden space 87424K,   0% used [0x00000000e0000000, 0x00000000e0000000, 0x00000000e5560000)
  from space 21824K,  37% used [0x00000000e6ab0000, 0x00000000e72c6f30, 0x00000000e8000000)
  to   space 21824K,   0% used [0x00000000e5560000, 0x00000000e5560000, 0x00000000e6ab0000)
 concurrent mark-sweep generation total 393216K, used 29641K [0x00000000e8000000, 0x0000000100000000, 0x0000000100000000)
 Metaspace       used 37777K, capacity 38556K, committed 39320K, reserved 1083392K
  class space    used 4336K, capacity 4566K, committed 4760K, reserved 1048576K
}
2017-08-29T19:33:23.758+0600: 3046.856: Total time for which application threads were stopped: 0.0085115 seconds, Stopping threads took: 0.0000157 seconds
2017-08-29T19:33:26.758+0600: 3049.857: Total time for which application threads were stopped: 0.0000673 seconds, Stopping threads took: 0.0000147 seconds
2017-08-29T19:33:27.759+0600: 3050.858: Total time for which application threads were stopped: 0.0009415 seconds, Stopping threads took: 0.0008846 seconds
{Heap before GC invocations=49 (full 2):
 par new generation   total 109248K, used 95707K [0x00000000e0000000, 0x00000000e8000000, 0x00000000e8000000)
  eden space 87424K, 100% used [0x00000000e0000000, 0x00000000e5560000, 0x00000000e5560000)
  from space 21824K,  37% used [0x00000000e6ab0000, 0x00000000e72c6f30, 0x00000000e8000000)
  to   space 21824K,   0% used [0x00000000e5560000, 0x00000000e5560000, 0x00000000e6ab0000)
 concurrent mark-sweep generation total 393216K, used 29641K [0x00000000e8000000, 0x0000000100000000, 0x0000000100000000)
 Metaspace       used 37777K, capacity 38556K, committed 39320K, reserved 1083392K
  class space    used 4336K, capacity 4566K, committed 4760K, reserved 1048576K
2017-08-29T19:33:27.827+0600: 3050.925: [GC (Allocation Failure) 2017-08-29T19:33:27.827+0600: 3050.925: [ParNew
Desired survivor size 20112992 bytes, new threshold 8 (max 8)
- age   1:    3871768 bytes,    3871768 total
- age   2:    2685144 bytes,    6556912 total
- age   3:    2867168 bytes,    9424080 total
- age   4:     667936 bytes,   10092016 total
- age   5:     444744 bytes,   10536760 total
- age   6:     224840 bytes,   10761600 total
- age   7:      64856 bytes,   10826456 total
- age   8:       8408 bytes,   10834864 total
: 95707K->11895K(109248K), 0.0070498 secs] 125349K->41579K(502464K), 0.0071021 secs] [Times: user=0.02 sys=0.00, real=0.00 secs] 
Heap after GC invocations=50 (full 2):
 par new generation   total 109248K, used 11895K [0x00000000e0000000, 0x00000000e8000000, 0x00000000e8000000)
  eden space 87424K,   0% used [0x00000000e0000000, 0x00000000e0000000, 0x00000000e5560000)
  from space 21824K,  54% used [0x00000000e5560000, 0x00000000e60fdfd0, 0x00000000e6ab0000)
  to   space 21824K,   0% used [0x00000000e6ab0000, 0x00000000e6ab0000, 0x00000000e8000000)
 concurrent mark-sweep generation total 393216K, used 29683K [0x00000000e8000000, 0x0000000100000000, 0x0000000100000000)
 Metaspace       used 37777K, capacity 38556K, committed 39320K, reserved 1083392K
  class space    used 4336K, capacity 4566K, committed 4760K, reserved 1048576K
}
2017-08-29T19:33:27.834+0600: 3050.932: Total time for which application threads were stopped: 0.0072348 seconds, Stopping threads took: 0.0000135 seconds
2017-08-29T19:33:28.779+0600: 3051.878: Total time for which application threads were stopped: 0.0001165 seconds, Stopping threads took: 0.0000302 seconds
2017-08-29T19:33:28.786+0600: 3051.884: Total time for which application threads were stopped: 0.0013966 seconds, Stopping threads took: 0.0012462 seconds
2017-08-29T19:33:28.786+0600: 3051.885: Total time for which application threads were stopped: 0.0000878 seconds, Stopping threads took: 0.0000539 seconds
2017-08-29T19:33:28.786+0600: 3051.885: Total time for which application threads were stopped: 0.0000600 seconds, Stopping threads took: 0.0000181 seconds
2017-08-29T19:33:28.787+0600: 3051.885: Total time for which application threads were stopped: 0.0000602 seconds, Stopping threads took: 0.0000178 seconds
2017-08-29T19:33:28.787+0600: 3051.885: Total time for which application threads were stopped: 0.0000512 seconds, Stopping threads took: 0.0000182 seconds
2017-08-29T19:33:28.802+0600: 3051.900: Total time for which application threads were stopped: 0.0001220 seconds, Stopping threads took: 0.0000336 seconds
2017-08-29T19:33:28.878+0600: 3051.976: Total time for which application threads were stopped: 0.0001207 seconds, Stopping threads took: 0.0000246 seconds
2017-08-29T19:33:28.914+0600: 3052.012: Total time for which application threads were stopped: 0.0001472 seconds, Stopping threads took: 0.0000321 seconds
{Heap before GC invocations=50 (full 2):
 par new generation   total 109248K, used 99319K [0x00000000e0000000, 0x00000000e8000000, 0x00000000e8000000)
  eden space 87424K, 100% used [0x00000000e0000000, 0x00000000e5560000, 0x00000000e5560000)
  from space 21824K,  54% used [0x00000000e5560000, 0x00000000e60fdfd0, 0x00000000e6ab0000)
  to   space 21824K,   0% used [0x00000000e6ab0000, 0x00000000e6ab0000, 0x00000000e8000000)
 concurrent mark-sweep generation total 393216K, used 29683K [0x00000000e8000000, 0x0000000100000000, 0x0000000100000000)
 Metaspace       used 37777K, capacity 38556K, committed 39320K, reserved 1083392K
  class space    used 4336K, capacity 4566K, committed 4760K, reserved 1048576K
2017-08-29T19:33:29.362+0600: 3052.460: [GC (Allocation Failure) 2017-08-29T19:33:29.362+0600: 3052.460: [ParNew
Desired survivor size 20112992 bytes, new threshold 8 (max 8)
- age   1:    1330272 bytes,    1330272 total
- age   2:     606456 bytes,    1936728 total
- age   3:     761080 bytes,    2697808 total
- age   4:    1001432 bytes,    3699240 total
- age   5:     666640 bytes,    4365880 total
- age   6:     377688 bytes,    4743568 total
- age   7:     224840 bytes,    4968408 total
- age   8:      64856 bytes,    5033264 total
: 99319K->12043K(109248K), 0.0071449 secs] 129003K->41735K(502464K), 0.0072046 secs] [Times: user=0.01 sys=0.00, real=0.01 secs] 
Heap after GC invocations=51 (full 2):
 par new generation   total 109248K, used 12043K [0x00000000e0000000, 0x00000000e8000000, 0x00000000e8000000)
  eden space 87424K,   0% used [0x00000000e0000000, 0x00000000e0000000, 0x00000000e5560000)
  from space 21824K,  55% used [0x00000000e6ab0000, 0x00000000e7672fa0, 0x00000000e8000000)
  to   space 21824K,   0% used [0x00000000e5560000, 0x00000000e5560000, 0x00000000e6ab0000)
 concurrent mark-sweep generation total 393216K, used 29691K [0x00000000e8000000, 0x0000000100000000, 0x0000000100000000)
 Metaspace       used 37777K, capacity 38556K, committed 39320K, reserved 1083392K
  class space    used 4336K, capacity 4566K, committed 4760K, reserved 1048576K
}
2017-08-29T19:33:29.369+0600: 3052.467: Total time for which application threads were stopped: 0.0073758 seconds, Stopping threads took: 0.0000214 seconds
2017-08-29T19:33:29.453+0600: 3052.551: Total time for which application threads were stopped: 0.0001745 seconds, Stopping threads took: 0.0001029 seconds
2017-08-29T19:33:29.455+0600: 3052.553: Total time for which application threads were stopped: 0.0000923 seconds, Stopping threads took: 0.0000172 seconds
2017-08-29T19:33:29.460+0600: 3052.558: Total time for which application threads were stopped: 0.0001412 seconds, Stopping threads took: 0.0000598 seconds
2017-08-29T19:33:29.462+0600: 3052.560: Total time for which application threads were stopped: 0.0018609 seconds, Stopping threads took: 0.0018112 seconds
2017-08-29T19:33:29.462+0600: 3052.560: Total time for which application threads were stopped: 0.0000344 seconds, Stopping threads took: 0.0000073 seconds
2017-08-29T19:33:29.463+0600: 3052.561: Total time for which application threads were stopped: 0.0000966 seconds, Stopping threads took: 0.0000261 seconds
2017-08-29T19:33:29.477+0600: 3052.575: Total time for which application threads were stopped: 0.0001913 seconds, Stopping threads took: 0.0000195 seconds
2017-08-29T19:33:29.479+0600: 3052.577: Total time for which application threads were stopped: 0.0000798 seconds, Stopping threads took: 0.0000209 seconds
2017-08-29T19:33:29.617+0600: 3052.715: Total time for which application threads were stopped: 0.0006383 seconds, Stopping threads took: 0.0005578 seconds
2017-08-29T19:33:30.617+0600: 3053.715: Total time for which application threads were stopped: 0.0000653 seconds, Stopping threads took: 0.0000133 seconds
2017-08-29T19:33:31.617+0600: 3054.715: Total time for which application threads were stopped: 0.0000726 seconds, Stopping threads took: 0.0000142 seconds
{Heap before GC invocations=51 (full 2):
 par new generation   total 109248K, used 99460K [0x00000000e0000000, 0x00000000e8000000, 0x00000000e8000000)
  eden space 87424K,  99% used [0x00000000e0000000, 0x00000000e555e0d0, 0x00000000e5560000)
  from space 21824K,  55% used [0x00000000e6ab0000, 0x00000000e7672fa0, 0x00000000e8000000)
  to   space 21824K,   0% used [0x00000000e5560000, 0x00000000e5560000, 0x00000000e6ab0000)
 concurrent mark-sweep generation total 393216K, used 29691K [0x00000000e8000000, 0x0000000100000000, 0x0000000100000000)
 Metaspace       used 37782K, capacity 38556K, committed 39320K, reserved 1083392K
  class space    used 4336K, capacity 4566K, committed 4760K, reserved 1048576K
2017-08-29T19:33:32.502+0600: 3055.600: [GC (Allocation Failure) 2017-08-29T19:33:32.502+0600: 3055.600: [ParNew
Desired survivor size 20112992 bytes, new threshold 8 (max 8)
- age   1:    3362400 bytes,    3362400 total
- age   2:     287328 bytes,    3649728 total
- age   3:     378152 bytes,    4027880 total
- age   4:     507240 bytes,    4535120 total
- age   5:     786856 bytes,    5321976 total
- age   6:     661592 bytes,    5983568 total
- age   7:     377400 bytes,    6360968 total
- age   8:     224840 bytes,    6585808 total
: 99460K->8625K(109248K), 0.0041304 secs] 129152K->38380K(502464K), 0.0041978 secs] [Times: user=0.01 sys=0.00, real=0.01 secs] 
Heap after GC invocations=52 (full 2):
 par new generation   total 109248K, used 8625K [0x00000000e0000000, 0x00000000e8000000, 0x00000000e8000000)
  eden space 87424K,   0% used [0x00000000e0000000, 0x00000000e0000000, 0x00000000e5560000)
  from space 21824K,  39% used [0x00000000e5560000, 0x00000000e5dcc528, 0x00000000e6ab0000)
  to   space 21824K,   0% used [0x00000000e6ab0000, 0x00000000e6ab0000, 0x00000000e8000000)
 concurrent mark-sweep generation total 393216K, used 29755K [0x00000000e8000000, 0x0000000100000000, 0x0000000100000000)
 Metaspace       used 37782K, capacity 38556K, committed 39320K, reserved 1083392K
  class space    used 4336K, capacity 4566K, committed 4760K, reserved 1048576K
}
2017-08-29T19:33:32.506+0600: 3055.605: Total time for which application threads were stopped: 0.0043378 seconds, Stopping threads took: 0.0000202 seconds
2017-08-29T19:33:34.506+0600: 3057.605: Total time for which application threads were stopped: 0.0001051 seconds, Stopping threads took: 0.0000318 seconds
{Heap before GC invocations=52 (full 2):
 par new generation   total 109248K, used 96049K [0x00000000e0000000, 0x00000000e8000000, 0x00000000e8000000)
  eden space 87424K, 100% used [0x00000000e0000000, 0x00000000e5560000, 0x00000000e5560000)
  from space 21824K,  39% used [0x00000000e5560000, 0x00000000e5dcc528, 0x00000000e6ab0000)
  to   space 21824K,   0% used [0x00000000e6ab0000, 0x00000000e6ab0000, 0x00000000e8000000)
 concurrent mark-sweep generation total 393216K, used 29755K [0x00000000e8000000, 0x0000000100000000, 0x0000000100000000)
 Metaspace       used 37782K, capacity 38556K, committed 39320K, reserved 1083392K
  class space    used 4336K, capacity 4566K, committed 4760K, reserved 1048576K
2017-08-29T19:33:36.602+0600: 3059.700: [GC (Allocation Failure) 2017-08-29T19:33:36.602+0600: 3059.700: [ParNew
Desired survivor size 20112992 bytes, new threshold 8 (max 8)
- age   1:    3543048 bytes,    3543048 total
- age   2:    2552592 bytes,    6095640 total
- age   3:     284304 bytes,    6379944 total
- age   4:     371488 bytes,    6751432 total
- age   5:     501072 bytes,    7252504 total
- age   6:     781256 bytes,    8033760 total
- age   7:     661592 bytes,    8695352 total
- age   8:     377400 bytes,    9072752 total
: 96049K->9587K(109248K), 0.0201727 secs] 125804K->39562K(502464K), 0.0202358 secs] [Times: user=0.04 sys=0.00, real=0.02 secs] 
Heap after GC invocations=53 (full 2):
 par new generation   total 109248K, used 9587K [0x00000000e0000000, 0x00000000e8000000, 0x00000000e8000000)
  eden space 87424K,   0% used [0x00000000e0000000, 0x00000000e0000000, 0x00000000e5560000)
  from space 21824K,  43% used [0x00000000e6ab0000, 0x00000000e740cee0, 0x00000000e8000000)
  to   space 21824K,   0% used [0x00000000e5560000, 0x00000000e5560000, 0x00000000e6ab0000)
 concurrent mark-sweep generation total 393216K, used 29975K [0x00000000e8000000, 0x0000000100000000, 0x0000000100000000)
 Metaspace       used 37782K, capacity 38556K, committed 39320K, reserved 1083392K
  class space    used 4336K, capacity 4566K, committed 4760K, reserved 1048576K
}
2017-08-29T19:33:36.622+0600: 3059.721: Total time for which application threads were stopped: 0.0203827 seconds, Stopping threads took: 0.0000143 seconds
{Heap before GC invocations=53 (full 2):
 par new generation   total 109248K, used 97011K [0x00000000e0000000, 0x00000000e8000000, 0x00000000e8000000)
  eden space 87424K, 100% used [0x00000000e0000000, 0x00000000e5560000, 0x00000000e5560000)
  from space 21824K,  43% used [0x00000000e6ab0000, 0x00000000e740cee0, 0x00000000e8000000)
  to   space 21824K,   0% used [0x00000000e5560000, 0x00000000e5560000, 0x00000000e6ab0000)
 concurrent mark-sweep generation total 393216K, used 29975K [0x00000000e8000000, 0x0000000100000000, 0x0000000100000000)
 Metaspace       used 37782K, capacity 38556K, committed 39320K, reserved 1083392K
  class space    used 4336K, capacity 4566K, committed 4760K, reserved 1048576K
2017-08-29T19:33:41.156+0600: 3064.255: [GC (Allocation Failure) 2017-08-29T19:33:41.156+0600: 3064.255: [ParNew
Desired survivor size 20112992 bytes, new threshold 8 (max 8)
- age   1:    3906600 bytes,    3906600 total
- age   2:    2374536 bytes,    6281136 total
- age   3:    2546864 bytes,    8828000 total
- age   4:     282352 bytes,    9110352 total
- age   5:     366656 bytes,    9477008 total
- age   6:     496864 bytes,    9973872 total
- age   7:     777400 bytes,   10751272 total
- age   8:     661592 bytes,   11412864 total
: 97011K->14888K(109248K), 0.0102847 secs] 126986K->45234K(502464K), 0.0103376 secs] [Times: user=0.02 sys=0.00, real=0.01 secs] 
Heap after GC invocations=54 (full 2):
 par new generation   total 109248K, used 14888K [0x00000000e0000000, 0x00000000e8000000, 0x00000000e8000000)
  eden space 87424K,   0% used [0x00000000e0000000, 0x00000000e0000000, 0x00000000e5560000)
  from space 21824K,  68% used [0x00000000e5560000, 0x00000000e63ea080, 0x00000000e6ab0000)
  to   space 21824K,   0% used [0x00000000e6ab0000, 0x00000000e6ab0000, 0x00000000e8000000)
 concurrent mark-sweep generation total 393216K, used 30346K [0x00000000e8000000, 0x0000000100000000, 0x0000000100000000)
 Metaspace       used 37782K, capacity 38556K, committed 39320K, reserved 1083392K
  class space    used 4336K, capacity 4566K, committed 4760K, reserved 1048576K
}
2017-08-29T19:33:41.167+0600: 3064.265: Total time for which application threads were stopped: 0.0104743 seconds, Stopping threads took: 0.0000223 seconds
2017-08-29T19:33:43.786+0600: 3066.884: Total time for which application threads were stopped: 0.0001518 seconds, Stopping threads took: 0.0000706 seconds
2017-08-29T19:33:43.790+0600: 3066.888: Total time for which application threads were stopped: 0.0021444 seconds, Stopping threads took: 0.0020342 seconds
2017-08-29T19:33:43.791+0600: 3066.889: Total time for which application threads were stopped: 0.0000796 seconds, Stopping threads took: 0.0000167 seconds
2017-08-29T19:33:43.791+0600: 3066.890: Total time for which application threads were stopped: 0.0000661 seconds, Stopping threads took: 0.0000102 seconds
2017-08-29T19:33:43.791+0600: 3066.890: Total time for which application threads were stopped: 0.0000547 seconds, Stopping threads took: 0.0000168 seconds
2017-08-29T19:33:43.791+0600: 3066.890: Total time for which application threads were stopped: 0.0000547 seconds, Stopping threads took: 0.0000175 seconds
2017-08-29T19:33:43.806+0600: 3066.904: Total time for which application threads were stopped: 0.0001320 seconds, Stopping threads took: 0.0000391 seconds
{Heap before GC invocations=54 (full 2):
 par new generation   total 109248K, used 102312K [0x00000000e0000000, 0x00000000e8000000, 0x00000000e8000000)
  eden space 87424K, 100% used [0x00000000e0000000, 0x00000000e5560000, 0x00000000e5560000)
  from space 21824K,  68% used [0x00000000e5560000, 0x00000000e63ea080, 0x00000000e6ab0000)
  to   space 21824K,   0% used [0x00000000e6ab0000, 0x00000000e6ab0000, 0x00000000e8000000)
 concurrent mark-sweep generation total 393216K, used 30346K [0x00000000e8000000, 0x0000000100000000, 0x0000000100000000)
 Metaspace       used 37785K, capacity 38556K, committed 39320K, reserved 1083392K
  class space    used 4336K, capacity 4566K, committed 4760K, reserved 1048576K
2017-08-29T19:33:43.860+0600: 3066.958: [GC (Allocation Failure) 2017-08-29T19:33:43.860+0600: 3066.958: [ParNew
Desired survivor size 20112992 bytes, new threshold 8 (max 8)
- age   1:    3830632 bytes,    3830632 total
- age   2:    1814536 bytes,    5645168 total
- age   3:    1604136 bytes,    7249304 total
- age   4:    1825488 bytes,    9074792 total
- age   5:     281344 bytes,    9356136 total
- age   6:     364640 bytes,    9720776 total
- age   7:     494760 bytes,   10215536 total
- age   8:     775472 bytes,   10991008 total
: 102312K->14103K(109248K), 0.0063810 secs] 132658K->45033K(502464K), 0.0064441 secs] [Times: user=0.01 sys=0.00, real=0.01 secs] 
Heap after GC invocations=55 (full 2):
 par new generation   total 109248K, used 14103K [0x00000000e0000000, 0x00000000e8000000, 0x00000000e8000000)
  eden space 87424K,   0% used [0x00000000e0000000, 0x00000000e0000000, 0x00000000e5560000)
  from space 21824K,  64% used [0x00000000e6ab0000, 0x00000000e7875cd8, 0x00000000e8000000)
  to   space 21824K,   0% used [0x00000000e5560000, 0x00000000e5560000, 0x00000000e6ab0000)
 concurrent mark-sweep generation total 393216K, used 30930K [0x00000000e8000000, 0x0000000100000000, 0x0000000100000000)
 Metaspace       used 37785K, capacity 38556K, committed 39320K, reserved 1083392K
  class space    used 4336K, capacity 4566K, committed 4760K, reserved 1048576K
}
2017-08-29T19:33:43.866+0600: 3066.965: Total time for which application threads were stopped: 0.0066059 seconds, Stopping threads took: 0.0000259 seconds
2017-08-29T19:33:43.886+0600: 3066.985: Total time for which application threads were stopped: 0.0001001 seconds, Stopping threads took: 0.0000369 seconds
2017-08-29T19:33:43.988+0600: 3067.086: Total time for which application threads were stopped: 0.0000983 seconds, Stopping threads took: 0.0000183 seconds
2017-08-29T19:33:44.876+0600: 3067.974: Total time for which application threads were stopped: 0.0000800 seconds, Stopping threads took: 0.0000163 seconds
2017-08-29T19:33:44.877+0600: 3067.976: Total time for which application threads were stopped: 0.0000957 seconds, Stopping threads took: 0.0000227 seconds
2017-08-29T19:33:44.884+0600: 3067.983: Total time for which application threads were stopped: 0.0065308 seconds, Stopping threads took: 0.0064405 seconds
2017-08-29T19:33:44.894+0600: 3067.992: Total time for which application threads were stopped: 0.0001086 seconds, Stopping threads took: 0.0000266 seconds
2017-08-29T19:33:44.918+0600: 3068.016: Total time for which application threads were stopped: 0.0000915 seconds, Stopping threads took: 0.0000168 seconds
2017-08-29T19:33:45.092+0600: 3068.191: Total time for which application threads were stopped: 0.0000957 seconds, Stopping threads took: 0.0000181 seconds
{Heap before GC invocations=55 (full 2):
 par new generation   total 109248K, used 101527K [0x00000000e0000000, 0x00000000e8000000, 0x00000000e8000000)
  eden space 87424K, 100% used [0x00000000e0000000, 0x00000000e5560000, 0x00000000e5560000)
  from space 21824K,  64% used [0x00000000e6ab0000, 0x00000000e7875cd8, 0x00000000e8000000)
  to   space 21824K,   0% used [0x00000000e5560000, 0x00000000e5560000, 0x00000000e6ab0000)
 concurrent mark-sweep generation total 393216K, used 30930K [0x00000000e8000000, 0x0000000100000000, 0x0000000100000000)
 Metaspace       used 37789K, capacity 38556K, committed 39320K, reserved 1083392K
  class space    used 4336K, capacity 4566K, committed 4760K, reserved 1048576K
2017-08-29T19:33:46.564+0600: 3069.662: [GC (Allocation Failure) 2017-08-29T19:33:46.564+0600: 3069.662: [ParNew
Desired survivor size 20112992 bytes, new threshold 8 (max 8)
- age   1:    2136936 bytes,    2136936 total
- age   2:     247336 bytes,    2384272 total
- age   3:     302624 bytes,    2686896 total
- age   4:     293848 bytes,    2980744 total
- age   5:     502824 bytes,    3483568 total
- age   6:     243872 bytes,    3727440 total
- age   7:     362848 bytes,    4090288 total
- age   8:     492904 bytes,    4583192 total
: 101527K->8014K(109248K), 0.0043014 secs] 132457K->39701K(502464K), 0.0043590 secs] [Times: user=0.02 sys=0.00, real=0.01 secs] 
Heap after GC invocations=56 (full 2):
 par new generation   total 109248K, used 8014K [0x00000000e0000000, 0x00000000e8000000, 0x00000000e8000000)
  eden space 87424K,   0% used [0x00000000e0000000, 0x00000000e0000000, 0x00000000e5560000)
  from space 21824K,  36% used [0x00000000e5560000, 0x00000000e5d33af0, 0x00000000e6ab0000)
  to   space 21824K,   0% used [0x00000000e6ab0000, 0x00000000e6ab0000, 0x00000000e8000000)
 concurrent mark-sweep generation total 393216K, used 31686K [0x00000000e8000000, 0x0000000100000000, 0x0000000100000000)
 Metaspace       used 37789K, capacity 38556K, committed 39320K, reserved 1083392K
  class space    used 4336K, capacity 4566K, committed 4760K, reserved 1048576K
}
2017-08-29T19:33:46.568+0600: 3069.667: Total time for which application threads were stopped: 0.0045129 seconds, Stopping threads took: 0.0000342 seconds
2017-08-29T19:33:49.569+0600: 3072.667: Total time for which application threads were stopped: 0.0000670 seconds, Stopping threads took: 0.0000134 seconds
{Heap before GC invocations=56 (full 2):
 par new generation   total 109248K, used 95438K [0x00000000e0000000, 0x00000000e8000000, 0x00000000e8000000)
  eden space 87424K, 100% used [0x00000000e0000000, 0x00000000e5560000, 0x00000000e5560000)
  from space 21824K,  36% used [0x00000000e5560000, 0x00000000e5d33af0, 0x00000000e6ab0000)
  to   space 21824K,   0% used [0x00000000e6ab0000, 0x00000000e6ab0000, 0x00000000e8000000)
 concurrent mark-sweep generation total 393216K, used 31686K [0x00000000e8000000, 0x0000000100000000, 0x0000000100000000)
 Metaspace       used 37789K, capacity 38556K, committed 39320K, reserved 1083392K
  class space    used 4336K, capacity 4566K, committed 4760K, reserved 1048576K
2017-08-29T19:33:49.614+0600: 3072.712: [GC (Allocation Failure) 2017-08-29T19:33:49.614+0600: 3072.712: [ParNew
Desired survivor size 20112992 bytes, new threshold 8 (max 8)
- age   1:    3183464 bytes,    3183464 total
- age   2:    1733896 bytes,    4917360 total
- age   3:     245672 bytes,    5163032 total
- age   4:     299688 bytes,    5462720 total
- age   5:     291704 bytes,    5754424 total
- age   6:     499936 bytes,    6254360 total
- age   7:     242752 bytes,    6497112 total
- age   8:     360656 bytes,    6857768 total
: 95438K->7869K(109248K), 0.0042711 secs] 127125K->40035K(502464K), 0.0043336 secs] [Times: user=0.02 sys=0.00, real=0.01 secs] 
Heap after GC invocations=57 (full 2):
 par new generation   total 109248K, used 7869K [0x00000000e0000000, 0x00000000e8000000, 0x00000000e8000000)
  eden space 87424K,   0% used [0x00000000e0000000, 0x00000000e0000000, 0x00000000e5560000)
  from space 21824K,  36% used [0x00000000e6ab0000, 0x00000000e725f6a0, 0x00000000e8000000)
  to   space 21824K,   0% used [0x00000000e5560000, 0x00000000e5560000, 0x00000000e6ab0000)
 concurrent mark-sweep generation total 393216K, used 32165K [0x00000000e8000000, 0x0000000100000000, 0x0000000100000000)
 Metaspace       used 37789K, capacity 38556K, committed 39320K, reserved 1083392K
  class space    used 4336K, capacity 4566K, committed 4760K, reserved 1048576K
}
2017-08-29T19:33:49.618+0600: 3072.717: Total time for which application threads were stopped: 0.0044578 seconds, Stopping threads took: 0.0000125 seconds
{Heap before GC invocations=57 (full 2):
 par new generation   total 109248K, used 95293K [0x00000000e0000000, 0x00000000e8000000, 0x00000000e8000000)
  eden space 87424K, 100% used [0x00000000e0000000, 0x00000000e5560000, 0x00000000e5560000)
  from space 21824K,  36% used [0x00000000e6ab0000, 0x00000000e725f6a0, 0x00000000e8000000)
  to   space 21824K,   0% used [0x00000000e5560000, 0x00000000e5560000, 0x00000000e6ab0000)
 concurrent mark-sweep generation total 393216K, used 32165K [0x00000000e8000000, 0x0000000100000000, 0x0000000100000000)
 Metaspace       used 37789K, capacity 38556K, committed 39320K, reserved 1083392K
  class space    used 4336K, capacity 4566K, committed 4760K, reserved 1048576K
2017-08-29T19:33:52.360+0600: 3075.458: [GC (Allocation Failure) 2017-08-29T19:33:52.360+0600: 3075.458: [ParNew
Desired survivor size 20112992 bytes, new threshold 8 (max 8)
- age   1:    3328816 bytes,    3328816 total
- age   2:    2249776 bytes,    5578592 total
- age   3:    1729648 bytes,    7308240 total
- age   4:     244168 bytes,    7552408 total
- age   5:     297224 bytes,    7849632 total
- age   6:     289368 bytes,    8139000 total
- age   7:     497184 bytes,    8636184 total
- age   8:     242072 bytes,    8878256 total
: 95293K->11829K(109248K), 0.0052716 secs] 127459K->44345K(502464K), 0.0053252 secs] [Times: user=0.02 sys=0.00, real=0.00 secs] 
Heap after GC invocations=58 (full 2):
 par new generation   total 109248K, used 11829K [0x00000000e0000000, 0x00000000e8000000, 0x00000000e8000000)
  eden space 87424K,   0% used [0x00000000e0000000, 0x00000000e0000000, 0x00000000e5560000)
  from space 21824K,  54% used [0x00000000e5560000, 0x00000000e60ed460, 0x00000000e6ab0000)
  to   space 21824K,   0% used [0x00000000e6ab0000, 0x00000000e6ab0000, 0x00000000e8000000)
 concurrent mark-sweep generation total 393216K, used 32515K [0x00000000e8000000, 0x0000000100000000, 0x0000000100000000)
 Metaspace       used 37789K, capacity 38556K, committed 39320K, reserved 1083392K
  class space    used 4336K, capacity 4566K, committed 4760K, reserved 1048576K
}
2017-08-29T19:33:52.365+0600: 3075.463: Total time for which application threads were stopped: 0.0054645 seconds, Stopping threads took: 0.0000214 seconds
2017-08-29T19:33:54.476+0600: 3077.575: Total time for which application threads were stopped: 0.0000890 seconds, Stopping threads took: 0.0000251 seconds
2017-08-29T19:33:54.479+0600: 3077.578: Total time for which application threads were stopped: 0.0000442 seconds, Stopping threads took: 0.0000105 seconds
{Heap before GC invocations=58 (full 2):
 par new generation   total 109248K, used 99253K [0x00000000e0000000, 0x00000000e8000000, 0x00000000e8000000)
  eden space 87424K, 100% used [0x00000000e0000000, 0x00000000e5560000, 0x00000000e5560000)
  from space 21824K,  54% used [0x00000000e5560000, 0x00000000e60ed460, 0x00000000e6ab0000)
  to   space 21824K,   0% used [0x00000000e6ab0000, 0x00000000e6ab0000, 0x00000000e8000000)
 concurrent mark-sweep generation total 393216K, used 32515K [0x00000000e8000000, 0x0000000100000000, 0x0000000100000000)
 Metaspace       used 37789K, capacity 38556K, committed 39320K, reserved 1083392K
  class space    used 4336K, capacity 4566K, committed 4760K, reserved 1048576K
2017-08-29T19:33:56.485+0600: 3079.583: [GC (Allocation Failure) 2017-08-29T19:33:56.485+0600: 3079.583: [ParNew
Desired survivor size 20112992 bytes, new threshold 8 (max 8)
- age   1:    4586592 bytes,    4586592 total
- age   2:    1897944 bytes,    6484536 total
- age   3:    2018560 bytes,    8503096 total
- age   4:    1728208 bytes,   10231304 total
- age   5:     243240 bytes,   10474544 total
- age   6:     295464 bytes,   10770008 total
- age   7:     287416 bytes,   11057424 total
- age   8:     495808 bytes,   11553232 total
: 99253K->12555K(109248K), 0.0047785 secs] 131769K->45307K(502464K), 0.0048383 secs] [Times: user=0.02 sys=0.00, real=0.01 secs] 
Heap after GC invocations=59 (full 2):
 par new generation   total 109248K, used 12555K [0x00000000e0000000, 0x00000000e8000000, 0x00000000e8000000)
  eden space 87424K,   0% used [0x00000000e0000000, 0x00000000e0000000, 0x00000000e5560000)
  from space 21824K,  57% used [0x00000000e6ab0000, 0x00000000e76f2e38, 0x00000000e8000000)
  to   space 21824K,   0% used [0x00000000e5560000, 0x00000000e5560000, 0x00000000e6ab0000)
 concurrent mark-sweep generation total 393216K, used 32752K [0x00000000e8000000, 0x0000000100000000, 0x0000000100000000)
 Metaspace       used 37789K, capacity 38556K, committed 39320K, reserved 1083392K
  class space    used 4336K, capacity 4566K, committed 4760K, reserved 1048576K
}
2017-08-29T19:33:56.489+0600: 3079.588: Total time for which application threads were stopped: 0.0049710 seconds, Stopping threads took: 0.0000142 seconds
2017-08-29T19:33:58.793+0600: 3081.892: Total time for which application threads were stopped: 0.0001363 seconds, Stopping threads took: 0.0000663 seconds
2017-08-29T19:33:58.797+0600: 3081.896: Total time for which application threads were stopped: 0.0029901 seconds, Stopping threads took: 0.0029153 seconds
2017-08-29T19:33:58.798+0600: 3081.896: Total time for which application threads were stopped: 0.0001448 seconds, Stopping threads took: 0.0001153 seconds
2017-08-29T19:33:58.798+0600: 3081.896: Total time for which application threads were stopped: 0.0000539 seconds, Stopping threads took: 0.0000288 seconds
2017-08-29T19:33:58.800+0600: 3081.898: Total time for which application threads were stopped: 0.0000708 seconds, Stopping threads took: 0.0000183 seconds
2017-08-29T19:33:58.800+0600: 3081.898: Total time for which application threads were stopped: 0.0000726 seconds, Stopping threads took: 0.0000384 seconds
2017-08-29T19:33:58.815+0600: 3081.914: Total time for which application threads were stopped: 0.0000946 seconds, Stopping threads took: 0.0000251 seconds
{Heap before GC invocations=59 (full 2):
 par new generation   total 109248K, used 99979K [0x00000000e0000000, 0x00000000e8000000, 0x00000000e8000000)
  eden space 87424K, 100% used [0x00000000e0000000, 0x00000000e5560000, 0x00000000e5560000)
  from space 21824K,  57% used [0x00000000e6ab0000, 0x00000000e76f2e38, 0x00000000e8000000)
  to   space 21824K,   0% used [0x00000000e5560000, 0x00000000e5560000, 0x00000000e6ab0000)
 concurrent mark-sweep generation total 393216K, used 32752K [0x00000000e8000000, 0x0000000100000000, 0x0000000100000000)
 Metaspace       used 37803K, capacity 38560K, committed 39320K, reserved 1083392K
  class space    used 4336K, capacity 4566K, committed 4760K, reserved 1048576K
2017-08-29T19:33:58.866+0600: 3081.965: [GC (Allocation Failure) 2017-08-29T19:33:58.866+0600: 3081.965: [ParNew
Desired survivor size 20112992 bytes, new threshold 8 (max 8)
- age   1:    3760248 bytes,    3760248 total
- age   2:    2233104 bytes,    5993352 total
- age   3:    1371160 bytes,    7364512 total
- age   4:    1575896 bytes,    8940408 total
- age   5:    1224904 bytes,   10165312 total
- age   6:     242304 bytes,   10407616 total
- age   7:     294760 bytes,   10702376 total
- age   8:     286808 bytes,   10989184 total
: 99979K->16799K(109248K), 0.0044177 secs] 132731K->50035K(502464K), 0.0044902 secs] [Times: user=0.02 sys=0.00, real=0.00 secs] 
Heap after GC invocations=60 (full 2):
 par new generation   total 109248K, used 16799K [0x00000000e0000000, 0x00000000e8000000, 0x00000000e8000000)
  eden space 87424K,   0% used [0x00000000e0000000, 0x00000000e0000000, 0x00000000e5560000)
  from space 21824K,  76% used [0x00000000e5560000, 0x00000000e65c7f90, 0x00000000e6ab0000)
  to   space 21824K,   0% used [0x00000000e6ab0000, 0x00000000e6ab0000, 0x00000000e8000000)
 concurrent mark-sweep generation total 393216K, used 33235K [0x00000000e8000000, 0x0000000100000000, 0x0000000100000000)
 Metaspace       used 37803K, capacity 38560K, committed 39320K, reserved 1083392K
  class space    used 4336K, capacity 4566K, committed 4760K, reserved 1048576K
}
2017-08-29T19:33:58.871+0600: 3081.969: Total time for which application threads were stopped: 0.0046745 seconds, Stopping threads took: 0.0000257 seconds
2017-08-29T19:33:58.989+0600: 3082.088: Total time for which application threads were stopped: 0.0002272 seconds, Stopping threads took: 0.0000214 seconds
2017-08-29T19:33:59.130+0600: 3082.229: Total time for which application threads were stopped: 0.0000954 seconds, Stopping threads took: 0.0000262 seconds
2017-08-29T19:34:00.033+0600: 3083.131: Total time for which application threads were stopped: 0.0000717 seconds, Stopping threads took: 0.0000149 seconds
2017-08-29T19:34:00.041+0600: 3083.140: Total time for which application threads were stopped: 0.0000908 seconds, Stopping threads took: 0.0000260 seconds
2017-08-29T19:34:00.043+0600: 3083.141: Total time for which application threads were stopped: 0.0002166 seconds, Stopping threads took: 0.0001465 seconds
2017-08-29T19:34:00.044+0600: 3083.143: Total time for which application threads were stopped: 0.0000875 seconds, Stopping threads took: 0.0000270 seconds
2017-08-29T19:34:00.218+0600: 3083.317: Total time for which application threads were stopped: 0.0000904 seconds, Stopping threads took: 0.0000255 seconds
{Heap before GC invocations=60 (full 2):
 par new generation   total 109248K, used 104223K [0x00000000e0000000, 0x00000000e8000000, 0x00000000e8000000)
  eden space 87424K, 100% used [0x00000000e0000000, 0x00000000e5560000, 0x00000000e5560000)
  from space 21824K,  76% used [0x00000000e5560000, 0x00000000e65c7f90, 0x00000000e6ab0000)
  to   space 21824K,   0% used [0x00000000e6ab0000, 0x00000000e6ab0000, 0x00000000e8000000)
 concurrent mark-sweep generation total 393216K, used 33235K [0x00000000e8000000, 0x0000000100000000, 0x0000000100000000)
 Metaspace       used 37810K, capacity 38560K, committed 39320K, reserved 1083392K
  class space    used 4336K, capacity 4566K, committed 4760K, reserved 1048576K
2017-08-29T19:34:00.734+0600: 3083.833: [GC (Allocation Failure) 2017-08-29T19:34:00.734+0600: 3083.833: [ParNew
Desired survivor size 20112992 bytes, new threshold 8 (max 8)
- age   1:    1656768 bytes,    1656768 total
- age   2:     237168 bytes,    1893936 total
- age   3:     263464 bytes,    2157400 total
- age   4:     244024 bytes,    2401424 total
- age   5:     257576 bytes,    2659000 total
- age   6:     473184 bytes,    3132184 total
- age   7:     237168 bytes,    3369352 total
- age   8:     294312 bytes,    3663664 total
: 104223K->5082K(109248K), 0.0038269 secs] 137459K->38598K(502464K), 0.0038780 secs] [Times: user=0.01 sys=0.00, real=0.00 secs] 
Heap after GC invocations=61 (full 2):
 par new generation   total 109248K, used 5082K [0x00000000e0000000, 0x00000000e8000000, 0x00000000e8000000)
  eden space 87424K,   0% used [0x00000000e0000000, 0x00000000e0000000, 0x00000000e5560000)
  from space 21824K,  23% used [0x00000000e6ab0000, 0x00000000e6fa6b80, 0x00000000e8000000)
  to   space 21824K,   0% used [0x00000000e5560000, 0x00000000e5560000, 0x00000000e6ab0000)
 concurrent mark-sweep generation total 393216K, used 33515K [0x00000000e8000000, 0x0000000100000000, 0x0000000100000000)
 Metaspace       used 37810K, capacity 38560K, committed 39320K, reserved 1083392K
  class space    used 4336K, capacity 4566K, committed 4760K, reserved 1048576K
}
2017-08-29T19:34:00.738+0600: 3083.837: Total time for which application threads were stopped: 0.0040041 seconds, Stopping threads took: 0.0000132 seconds
{Heap before GC invocations=61 (full 2):
 par new generation   total 109248K, used 92506K [0x00000000e0000000, 0x00000000e8000000, 0x00000000e8000000)
  eden space 87424K, 100% used [0x00000000e0000000, 0x00000000e5560000, 0x00000000e5560000)
  from space 21824K,  23% used [0x00000000e6ab0000, 0x00000000e6fa6b80, 0x00000000e8000000)
  to   space 21824K,   0% used [0x00000000e5560000, 0x00000000e5560000, 0x00000000e6ab0000)
 concurrent mark-sweep generation total 393216K, used 33515K [0x00000000e8000000, 0x0000000100000000, 0x0000000100000000)
 Metaspace       used 37810K, capacity 38560K, committed 39320K, reserved 1083392K
  class space    used 4336K, capacity 4566K, committed 4760K, reserved 1048576K
2017-08-29T19:34:04.340+0600: 3087.439: [GC (Allocation Failure) 2017-08-29T19:34:04.340+0600: 3087.439: [ParNew
Desired survivor size 20112992 bytes, new threshold 8 (max 8)
- age   1:    2896936 bytes,    2896936 total
- age   2:    1452624 bytes,    4349560 total
- age   3:     236336 bytes,    4585896 total
- age   4:     262152 bytes,    4848048 total
- age   5:     242808 bytes,    5090856 total
- age   6:     255816 bytes,    5346672 total
- age   7:     472096 bytes,    5818768 total
- age   8:     235984 bytes,    6054752 total
: 92506K->7184K(109248K), 0.0045467 secs] 126022K->40985K(502464K), 0.0046163 secs] [Times: user=0.01 sys=0.00, real=0.00 secs] 
Heap after GC invocations=62 (full 2):
 par new generation   total 109248K, used 7184K [0x00000000e0000000, 0x00000000e8000000, 0x00000000e8000000)
  eden space 87424K,   0% used [0x00000000e0000000, 0x00000000e0000000, 0x00000000e5560000)
  from space 21824K,  32% used [0x00000000e5560000, 0x00000000e5c64020, 0x00000000e6ab0000)
  to   space 21824K,   0% used [0x00000000e6ab0000, 0x00000000e6ab0000, 0x00000000e8000000)
 concurrent mark-sweep generation total 393216K, used 33801K [0x00000000e8000000, 0x0000000100000000, 0x0000000100000000)
 Metaspace       used 37810K, capacity 38560K, committed 39320K, reserved 1083392K
  class space    used 4336K, capacity 4566K, committed 4760K, reserved 1048576K
}
2017-08-29T19:34:04.345+0600: 3087.443: Total time for which application threads were stopped: 0.0048057 seconds, Stopping threads took: 0.0000309 seconds
{Heap before GC invocations=62 (full 2):
 par new generation   total 109248K, used 94608K [0x00000000e0000000, 0x00000000e8000000, 0x00000000e8000000)
  eden space 87424K, 100% used [0x00000000e0000000, 0x00000000e5560000, 0x00000000e5560000)
  from space 21824K,  32% used [0x00000000e5560000, 0x00000000e5c64020, 0x00000000e6ab0000)
  to   space 21824K,   0% used [0x00000000e6ab0000, 0x00000000e6ab0000, 0x00000000e8000000)
 concurrent mark-sweep generation total 393216K, used 33801K [0x00000000e8000000, 0x0000000100000000, 0x0000000100000000)
 Metaspace       used 37810K, capacity 38560K, committed 39320K, reserved 1083392K
  class space    used 4336K, capacity 4566K, committed 4760K, reserved 1048576K
2017-08-29T19:34:07.659+0600: 3090.758: [GC (Allocation Failure) 2017-08-29T19:34:07.659+0600: 3090.758: [ParNew
Desired survivor size 20112992 bytes, new threshold 8 (max 8)
- age   1:    3595184 bytes,    3595184 total
- age   2:    1951272 bytes,    5546456 total
- age   3:    1451088 bytes,    6997544 total
- age   4:     235504 bytes,    7233048 total
- age   5:     260584 bytes,    7493632 total
- age   6:     241144 bytes,    7734776 total
- age   7:     254728 bytes,    7989504 total
- age   8:     471328 bytes,    8460832 total
: 94608K->11447K(109248K), 0.0050375 secs] 128409K->45478K(502464K), 0.0050905 secs] [Times: user=0.02 sys=0.00, real=0.00 secs] 
Heap after GC invocations=63 (full 2):
 par new generation   total 109248K, used 11447K [0x00000000e0000000, 0x00000000e8000000, 0x00000000e8000000)
  eden space 87424K,   0% used [0x00000000e0000000, 0x00000000e0000000, 0x00000000e5560000)
  from space 21824K,  52% used [0x00000000e6ab0000, 0x00000000e75dddc0, 0x00000000e8000000)
  to   space 21824K,   0% used [0x00000000e5560000, 0x00000000e5560000, 0x00000000e6ab0000)
 concurrent mark-sweep generation total 393216K, used 34031K [0x00000000e8000000, 0x0000000100000000, 0x0000000100000000)
 Metaspace       used 37810K, capacity 38560K, committed 39320K, reserved 1083392K
  class space    used 4336K, capacity 4566K, committed 4760K, reserved 1048576K
}
2017-08-29T19:34:07.664+0600: 3090.763: Total time for which application threads were stopped: 0.0052269 seconds, Stopping threads took: 0.0000139 seconds
{Heap before GC invocations=63 (full 2):
 par new generation   total 109248K, used 98871K [0x00000000e0000000, 0x00000000e8000000, 0x00000000e8000000)
  eden space 87424K, 100% used [0x00000000e0000000, 0x00000000e5560000, 0x00000000e5560000)
  from space 21824K,  52% used [0x00000000e6ab0000, 0x00000000e75dddc0, 0x00000000e8000000)
  to   space 21824K,   0% used [0x00000000e5560000, 0x00000000e5560000, 0x00000000e6ab0000)
 concurrent mark-sweep generation total 393216K, used 34031K [0x00000000e8000000, 0x0000000100000000, 0x0000000100000000)
 Metaspace       used 37810K, capacity 38560K, committed 39320K, reserved 1083392K
  class space    used 4336K, capacity 4566K, committed 4760K, reserved 1048576K
2017-08-29T19:34:10.729+0600: 3093.827: [GC (Allocation Failure) 2017-08-29T19:34:10.729+0600: 3093.827: [ParNew
Desired survivor size 20112992 bytes, new threshold 8 (max 8)
- age   1:    3685160 bytes,    3685160 total
- age   2:    2335392 bytes,    6020552 total
- age   3:    1916416 bytes,    7936968 total
- age   4:    1450472 bytes,    9387440 total
- age   5:     234768 bytes,    9622208 total
- age   6:     259432 bytes,    9881640 total
- age   7:     239896 bytes,   10121536 total
- age   8:     254024 bytes,   10375560 total
: 98871K->12510K(109248K), 0.0048609 secs] 132902K->47002K(502464K), 0.0049177 secs] [Times: user=0.02 sys=0.00, real=0.00 secs] 
Heap after GC invocations=64 (full 2):
 par new generation   total 109248K, used 12510K [0x00000000e0000000, 0x00000000e8000000, 0x00000000e8000000)
  eden space 87424K,   0% used [0x00000000e0000000, 0x00000000e0000000, 0x00000000e5560000)
  from space 21824K,  57% used [0x00000000e5560000, 0x00000000e6197990, 0x00000000e6ab0000)
  to   space 21824K,   0% used [0x00000000e6ab0000, 0x00000000e6ab0000, 0x00000000e8000000)
 concurrent mark-sweep generation total 393216K, used 34492K [0x00000000e8000000, 0x0000000100000000, 0x0000000100000000)
 Metaspace       used 37810K, capacity 38560K, committed 39320K, reserved 1083392K
  class space    used 4336K, capacity 4566K, committed 4760K, reserved 1048576K
}
2017-08-29T19:34:10.734+0600: 3093.832: Total time for which application threads were stopped: 0.0050450 seconds, Stopping threads took: 0.0000139 seconds
{Heap before GC invocations=64 (full 2):
 par new generation   total 109248K, used 99934K [0x00000000e0000000, 0x00000000e8000000, 0x00000000e8000000)
  eden space 87424K, 100% used [0x00000000e0000000, 0x00000000e5560000, 0x00000000e5560000)
  from space 21824K,  57% used [0x00000000e5560000, 0x00000000e6197990, 0x00000000e6ab0000)
  to   space 21824K,   0% used [0x00000000e6ab0000, 0x00000000e6ab0000, 0x00000000e8000000)
 concurrent mark-sweep generation total 393216K, used 34492K [0x00000000e8000000, 0x0000000100000000, 0x0000000100000000)
 Metaspace       used 37810K, capacity 38560K, committed 39320K, reserved 1083392K
  class space    used 4336K, capacity 4566K, committed 4760K, reserved 1048576K
2017-08-29T19:34:13.707+0600: 3096.805: [GC (Allocation Failure) 2017-08-29T19:34:13.707+0600: 3096.805: [ParNew
Desired survivor size 20112992 bytes, new threshold 8 (max 8)
- age   1:    4501496 bytes,    4501496 total
- age   2:    2215560 bytes,    6717056 total
- age   3:    1972944 bytes,    8690000 total
- age   4:    1913312 bytes,   10603312 total
- age   5:    1450032 bytes,   12053344 total
- age   6:     234160 bytes,   12287504 total
- age   7:     258760 bytes,   12546264 total
- age   8:     239000 bytes,   12785264 total
: 99934K->17125K(109248K), 0.0071364 secs] 134426K->51864K(502464K), 0.0071978 secs] [Times: user=0.02 sys=0.00, real=0.01 secs] 
Heap after GC invocations=65 (full 2):
 par new generation   total 109248K, used 17125K [0x00000000e0000000, 0x00000000e8000000, 0x00000000e8000000)
  eden space 87424K,   0% used [0x00000000e0000000, 0x00000000e0000000, 0x00000000e5560000)
  from space 21824K,  78% used [0x00000000e6ab0000, 0x00000000e7b69690, 0x00000000e8000000)
  to   space 21824K,   0% used [0x00000000e5560000, 0x00000000e5560000, 0x00000000e6ab0000)
 concurrent mark-sweep generation total 393216K, used 34739K [0x00000000e8000000, 0x0000000100000000, 0x0000000100000000)
 Metaspace       used 37810K, capacity 38560K, committed 39320K, reserved 1083392K
  class space    used 4336K, capacity 4566K, committed 4760K, reserved 1048576K
}
2017-08-29T19:34:13.714+0600: 3096.813: Total time for which application threads were stopped: 0.0073363 seconds, Stopping threads took: 0.0000150 seconds
2017-08-29T19:34:13.795+0600: 3096.894: Total time for which application threads were stopped: 0.0001068 seconds, Stopping threads took: 0.0000257 seconds
2017-08-29T19:34:13.795+0600: 3096.894: Total time for which application threads were stopped: 0.0001038 seconds, Stopping threads took: 0.0000616 seconds
2017-08-29T19:34:13.796+0600: 3096.894: Total time for which application threads were stopped: 0.0000696 seconds, Stopping threads took: 0.0000268 seconds
2017-08-29T19:34:13.796+0600: 3096.894: Total time for which application threads were stopped: 0.0000619 seconds, Stopping threads took: 0.0000248 seconds
2017-08-29T19:34:13.796+0600: 3096.894: Total time for which application threads were stopped: 0.0000592 seconds, Stopping threads took: 0.0000246 seconds
2017-08-29T19:34:13.800+0600: 3096.898: Total time for which application threads were stopped: 0.0002241 seconds, Stopping threads took: 0.0001610 seconds
2017-08-29T19:34:13.800+0600: 3096.899: Total time for which application threads were stopped: 0.0000714 seconds, Stopping threads took: 0.0000123 seconds
2017-08-29T19:34:13.818+0600: 3096.917: Total time for which application threads were stopped: 0.0001221 seconds, Stopping threads took: 0.0000374 seconds
2017-08-29T19:34:13.884+0600: 3096.982: Total time for which application threads were stopped: 0.0001029 seconds, Stopping threads took: 0.0000228 seconds
{Heap before GC invocations=65 (full 2):
 par new generation   total 109248K, used 104549K [0x00000000e0000000, 0x00000000e8000000, 0x00000000e8000000)
  eden space 87424K, 100% used [0x00000000e0000000, 0x00000000e5560000, 0x00000000e5560000)
  from space 21824K,  78% used [0x00000000e6ab0000, 0x00000000e7b69690, 0x00000000e8000000)
  to   space 21824K,   0% used [0x00000000e5560000, 0x00000000e5560000, 0x00000000e6ab0000)
 concurrent mark-sweep generation total 393216K, used 34739K [0x00000000e8000000, 0x0000000100000000, 0x0000000100000000)
 Metaspace       used 37814K, capacity 38560K, committed 39320K, reserved 1083392K
  class space    used 4336K, capacity 4566K, committed 4760K, reserved 1048576K
2017-08-29T19:34:14.429+0600: 3097.527: [GC (Allocation Failure) 2017-08-29T19:34:14.429+0600: 3097.527: [ParNew
Desired survivor size 20112992 bytes, new threshold 8 (max 8)
- age   1:    1367416 bytes,    1367416 total
- age   2:     529952 bytes,    1897368 total
- age   3:     458560 bytes,    2355928 total
- age   4:     469216 bytes,    2825144 total
- age   5:     470304 bytes,    3295448 total
- age   6:     668784 bytes,    3964232 total
- age   7:     232656 bytes,    4196888 total
- age   8:     258536 bytes,    4455424 total
: 104549K->8208K(109248K), 0.0031324 secs] 139288K->43180K(502464K), 0.0031849 secs] [Times: user=0.01 sys=0.00, real=0.00 secs] 
Heap after GC invocations=66 (full 2):
 par new generation   total 109248K, used 8208K [0x00000000e0000000, 0x00000000e8000000, 0x00000000e8000000)
  eden space 87424K,   0% used [0x00000000e0000000, 0x00000000e0000000, 0x00000000e5560000)
  from space 21824K,  37% used [0x00000000e5560000, 0x00000000e5d64210, 0x00000000e6ab0000)
  to   space 21824K,   0% used [0x00000000e6ab0000, 0x00000000e6ab0000, 0x00000000e8000000)
 concurrent mark-sweep generation total 393216K, used 34972K [0x00000000e8000000, 0x0000000100000000, 0x0000000100000000)
 Metaspace       used 37814K, capacity 38560K, committed 39320K, reserved 1083392K
  class space    used 4336K, capacity 4566K, committed 4760K, reserved 1048576K
}
2017-08-29T19:34:14.432+0600: 3097.530: Total time for which application threads were stopped: 0.0033379 seconds, Stopping threads took: 0.0000145 seconds
2017-08-29T19:34:14.873+0600: 3097.972: Total time for which application threads were stopped: 0.0001065 seconds, Stopping threads took: 0.0000260 seconds
2017-08-29T19:34:14.874+0600: 3097.972: Total time for which application threads were stopped: 0.0000812 seconds, Stopping threads took: 0.0000221 seconds
2017-08-29T19:34:14.874+0600: 3097.972: Total time for which application threads were stopped: 0.0001071 seconds, Stopping threads took: 0.0000161 seconds
2017-08-29T19:34:14.874+0600: 3097.972: Total time for which application threads were stopped: 0.0000495 seconds, Stopping threads took: 0.0000159 seconds
2017-08-29T19:34:14.874+0600: 3097.973: Total time for which application threads were stopped: 0.0000594 seconds, Stopping threads took: 0.0000235 seconds
2017-08-29T19:34:14.875+0600: 3097.973: Total time for which application threads were stopped: 0.0001158 seconds, Stopping threads took: 0.0000244 seconds
2017-08-29T19:34:14.880+0600: 3097.978: Total time for which application threads were stopped: 0.0005006 seconds, Stopping threads took: 0.0004447 seconds
2017-08-29T19:34:14.880+0600: 3097.978: Total time for which application threads were stopped: 0.0000865 seconds, Stopping threads took: 0.0000460 seconds
2017-08-29T19:34:14.884+0600: 3097.983: Total time for which application threads were stopped: 0.0001161 seconds, Stopping threads took: 0.0000341 seconds
2017-08-29T19:34:14.899+0600: 3097.998: Total time for which application threads were stopped: 0.0001862 seconds, Stopping threads took: 0.0001011 seconds
2017-08-29T19:34:14.900+0600: 3097.999: Total time for which application threads were stopped: 0.0001421 seconds, Stopping threads took: 0.0000848 seconds
2017-08-29T19:34:14.903+0600: 3098.001: Total time for which application threads were stopped: 0.0001037 seconds, Stopping threads took: 0.0000460 seconds
2017-08-29T19:34:14.903+0600: 3098.001: Total time for which application threads were stopped: 0.0000601 seconds, Stopping threads took: 0.0000282 seconds
2017-08-29T19:34:14.905+0600: 3098.003: Total time for which application threads were stopped: 0.0001523 seconds, Stopping threads took: 0.0000242 seconds
2017-08-29T19:34:14.974+0600: 3098.073: Total time for which application threads were stopped: 0.0001765 seconds, Stopping threads took: 0.0000617 seconds
2017-08-29T19:34:14.974+0600: 3098.073: Total time for which application threads were stopped: 0.0000502 seconds, Stopping threads took: 0.0000135 seconds
2017-08-29T19:34:14.974+0600: 3098.073: Total time for which application threads were stopped: 0.0000660 seconds, Stopping threads took: 0.0000263 seconds
2017-08-29T19:34:14.975+0600: 3098.073: Total time for which application threads were stopped: 0.0000503 seconds, Stopping threads took: 0.0000093 seconds
2017-08-29T19:34:14.975+0600: 3098.073: Total time for which application threads were stopped: 0.0000372 seconds, Stopping threads took: 0.0000092 seconds
2017-08-29T19:34:14.994+0600: 3098.092: Total time for which application threads were stopped: 0.0002006 seconds, Stopping threads took: 0.0000627 seconds
{Heap before GC invocations=66 (full 2):
 par new generation   total 109248K, used 95632K [0x00000000e0000000, 0x00000000e8000000, 0x00000000e8000000)
  eden space 87424K, 100% used [0x00000000e0000000, 0x00000000e5560000, 0x00000000e5560000)
  from space 21824K,  37% used [0x00000000e5560000, 0x00000000e5d64210, 0x00000000e6ab0000)
  to   space 21824K,   0% used [0x00000000e6ab0000, 0x00000000e6ab0000, 0x00000000e8000000)
 concurrent mark-sweep generation total 393216K, used 34972K [0x00000000e8000000, 0x0000000100000000, 0x0000000100000000)
 Metaspace       used 37839K, capacity 38628K, committed 39320K, reserved 1083392K
  class space    used 4336K, capacity 4566K, committed 4760K, reserved 1048576K
2017-08-29T19:34:15.068+0600: 3098.166: [GC (Allocation Failure) 2017-08-29T19:34:15.068+0600: 3098.166: [ParNew
Desired survivor size 20112992 bytes, new threshold 8 (max 8)
- age   1:    1733744 bytes,    1733744 total
- age   2:     236480 bytes,    1970224 total
- age   3:     234848 bytes,    2205072 total
- age   4:     228152 bytes,    2433224 total
- age   5:     238408 bytes,    2671632 total
- age   6:     242456 bytes,    2914088 total
- age   7:     504384 bytes,    3418472 total
- age   8:     229384 bytes,    3647856 total
: 95632K->4915K(109248K), 0.0036776 secs] 130604K->40139K(502464K), 0.0037233 secs] [Times: user=0.01 sys=0.00, real=0.00 secs] 
Heap after GC invocations=67 (full 2):
 par new generation   total 109248K, used 4915K [0x00000000e0000000, 0x00000000e8000000, 0x00000000e8000000)
  eden space 87424K,   0% used [0x00000000e0000000, 0x00000000e0000000, 0x00000000e5560000)
  from space 21824K,  22% used [0x00000000e6ab0000, 0x00000000e6f7cc00, 0x00000000e8000000)
  to   space 21824K,   0% used [0x00000000e5560000, 0x00000000e5560000, 0x00000000e6ab0000)
 concurrent mark-sweep generation total 393216K, used 35224K [0x00000000e8000000, 0x0000000100000000, 0x0000000100000000)
 Metaspace       used 37839K, capacity 38628K, committed 39320K, reserved 1083392K
  class space    used 4336K, capacity 4566K, committed 4760K, reserved 1048576K
}
2017-08-29T19:34:15.072+0600: 3098.170: Total time for which application threads were stopped: 0.0060612 seconds, Stopping threads took: 0.0021869 seconds
{Heap before GC invocations=67 (full 2):
 par new generation   total 109248K, used 92339K [0x00000000e0000000, 0x00000000e8000000, 0x00000000e8000000)
  eden space 87424K, 100% used [0x00000000e0000000, 0x00000000e5560000, 0x00000000e5560000)
  from space 21824K,  22% used [0x00000000e6ab0000, 0x00000000e6f7cc00, 0x00000000e8000000)
  to   space 21824K,   0% used [0x00000000e5560000, 0x00000000e5560000, 0x00000000e6ab0000)
 concurrent mark-sweep generation total 393216K, used 35224K [0x00000000e8000000, 0x0000000100000000, 0x0000000100000000)
 Metaspace       used 37839K, capacity 38628K, committed 39320K, reserved 1083392K
  class space    used 4336K, capacity 4566K, committed 4760K, reserved 1048576K
2017-08-29T19:34:15.223+0600: 3098.321: [GC (Allocation Failure) 2017-08-29T19:34:15.223+0600: 3098.321: [ParNew
Desired survivor size 20112992 bytes, new threshold 8 (max 8)
- age   1:     348808 bytes,     348808 total
- age   2:    1672472 bytes,    2021280 total
- age   3:     236480 bytes,    2257760 total
- age   4:     234784 bytes,    2492544 total
- age   5:     228088 bytes,    2720632 total
- age   6:     238344 bytes,    2958976 total
- age   7:     242360 bytes,    3201336 total
- age   8:     504384 bytes,    3705720 total
: 92339K->4388K(109248K), 0.0035565 secs] 127563K->39836K(502464K), 0.0036050 secs] [Times: user=0.00 sys=0.01, real=0.01 secs] 
Heap after GC invocations=68 (full 2):
 par new generation   total 109248K, used 4388K [0x00000000e0000000, 0x00000000e8000000, 0x00000000e8000000)
  eden space 87424K,   0% used [0x00000000e0000000, 0x00000000e0000000, 0x00000000e5560000)
  from space 21824K,  20% used [0x00000000e5560000, 0x00000000e59a9040, 0x00000000e6ab0000)
  to   space 21824K,   0% used [0x00000000e6ab0000, 0x00000000e6ab0000, 0x00000000e8000000)
 concurrent mark-sweep generation total 393216K, used 35448K [0x00000000e8000000, 0x0000000100000000, 0x0000000100000000)
 Metaspace       used 37839K, capacity 38628K, committed 39320K, reserved 1083392K
  class space    used 4336K, capacity 4566K, committed 4760K, reserved 1048576K
}
2017-08-29T19:34:15.226+0600: 3098.325: Total time for which application threads were stopped: 0.0037513 seconds, Stopping threads took: 0.0000240 seconds
{Heap before GC invocations=68 (full 2):
 par new generation   total 109248K, used 91812K [0x00000000e0000000, 0x00000000e8000000, 0x00000000e8000000)
  eden space 87424K, 100% used [0x00000000e0000000, 0x00000000e5560000, 0x00000000e5560000)
  from space 21824K,  20% used [0x00000000e5560000, 0x00000000e59a9040, 0x00000000e6ab0000)
  to   space 21824K,   0% used [0x00000000e6ab0000, 0x00000000e6ab0000, 0x00000000e8000000)
 concurrent mark-sweep generation total 393216K, used 35448K [0x00000000e8000000, 0x0000000100000000, 0x0000000100000000)
 Metaspace       used 37841K, capacity 38628K, committed 39320K, reserved 1083392K
  class space    used 4336K, capacity 4566K, committed 4760K, reserved 1048576K
2017-08-29T19:34:15.344+0600: 3098.442: [GC (Allocation Failure) 2017-08-29T19:34:15.344+0600: 3098.442: [ParNew
Desired survivor size 20112992 bytes, new threshold 8 (max 8)
- age   1:     281952 bytes,     281952 total
- age   2:      98072 bytes,     380024 total
- age   3:    1525656 bytes,    1905680 total
- age   4:     236480 bytes,    2142160 total
- age   5:     234720 bytes,    2376880 total
- age   6:     228088 bytes,    2604968 total
- age   7:     238344 bytes,    2843312 total
- age   8:     242328 bytes,    3085640 total
: 91812K->4766K(109248K), 0.0029660 secs] 127260K->40708K(502464K), 0.0030240 secs] [Times: user=0.01 sys=0.00, real=0.01 secs] 
Heap after GC invocations=69 (full 2):
 par new generation   total 109248K, used 4766K [0x00000000e0000000, 0x00000000e8000000, 0x00000000e8000000)
  eden space 87424K,   0% used [0x00000000e0000000, 0x00000000e0000000, 0x00000000e5560000)
  from space 21824K,  21% used [0x00000000e6ab0000, 0x00000000e6f57a50, 0x00000000e8000000)
  to   space 21824K,   0% used [0x00000000e5560000, 0x00000000e5560000, 0x00000000e6ab0000)
 concurrent mark-sweep generation total 393216K, used 35941K [0x00000000e8000000, 0x0000000100000000, 0x0000000100000000)
 Metaspace       used 37841K, capacity 38628K, committed 39320K, reserved 1083392K
  class space    used 4336K, capacity 4566K, committed 4760K, reserved 1048576K
}
2017-08-29T19:34:15.347+0600: 3098.445: Total time for which application threads were stopped: 0.0031859 seconds, Stopping threads took: 0.0000165 seconds
2017-08-29T19:34:15.395+0600: 3098.494: Total time for which application threads were stopped: 0.0000745 seconds, Stopping threads took: 0.0000163 seconds
2017-08-29T19:34:15.502+0600: 3098.601: Total time for which application threads were stopped: 0.0001749 seconds, Stopping threads took: 0.0000349 seconds
2017-08-29T19:34:15.579+0600: 3098.677: Total time for which application threads were stopped: 0.0001128 seconds, Stopping threads took: 0.0000266 seconds
2017-08-29T19:34:15.585+0600: 3098.683: Total time for which application threads were stopped: 0.0000838 seconds, Stopping threads took: 0.0000200 seconds
2017-08-29T19:34:15.585+0600: 3098.683: Total time for which application threads were stopped: 0.0000282 seconds, Stopping threads took: 0.0000060 seconds
2017-08-29T19:34:15.586+0600: 3098.684: Total time for which application threads were stopped: 0.0000750 seconds, Stopping threads took: 0.0000253 seconds
2017-08-29T19:34:16.586+0600: 3099.684: Total time for which application threads were stopped: 0.0001142 seconds, Stopping threads took: 0.0000166 seconds
{Heap before GC invocations=69 (full 2):
 par new generation   total 109248K, used 92190K [0x00000000e0000000, 0x00000000e8000000, 0x00000000e8000000)
  eden space 87424K, 100% used [0x00000000e0000000, 0x00000000e5560000, 0x00000000e5560000)
  from space 21824K,  21% used [0x00000000e6ab0000, 0x00000000e6f57a50, 0x00000000e8000000)
  to   space 21824K,   0% used [0x00000000e5560000, 0x00000000e5560000, 0x00000000e6ab0000)
 concurrent mark-sweep generation total 393216K, used 35941K [0x00000000e8000000, 0x0000000100000000, 0x0000000100000000)
 Metaspace       used 37878K, capacity 38628K, committed 39320K, reserved 1083392K
  class space    used 4337K, capacity 4566K, committed 4760K, reserved 1048576K
2017-08-29T19:34:16.707+0600: 3099.805: [GC (Allocation Failure) 2017-08-29T19:34:16.707+0600: 3099.805: [ParNew
Desired survivor size 20112992 bytes, new threshold 8 (max 8)
- age   1:    1028128 bytes,    1028128 total
- age   2:      86120 bytes,    1114248 total
- age   3:      61656 bytes,    1175904 total
- age   4:    1228576 bytes,    2404480 total
- age   5:     235504 bytes,    2639984 total
- age   6:     234528 bytes,    2874512 total
- age   7:     227896 bytes,    3102408 total
- age   8:     237992 bytes,    3340400 total
: 92190K->4256K(109248K), 0.0032688 secs] 128132K->40434K(502464K), 0.0033229 secs] [Times: user=0.01 sys=0.00, real=0.00 secs] 
Heap after GC invocations=70 (full 2):
 par new generation   total 109248K, used 4256K [0x00000000e0000000, 0x00000000e8000000, 0x00000000e8000000)
  eden space 87424K,   0% used [0x00000000e0000000, 0x00000000e0000000, 0x00000000e5560000)
  from space 21824K,  19% used [0x00000000e5560000, 0x00000000e5988140, 0x00000000e6ab0000)
  to   space 21824K,   0% used [0x00000000e6ab0000, 0x00000000e6ab0000, 0x00000000e8000000)
 concurrent mark-sweep generation total 393216K, used 36177K [0x00000000e8000000, 0x0000000100000000, 0x0000000100000000)
 Metaspace       used 37878K, capacity 38628K, committed 39320K, reserved 1083392K
  class space    used 4337K, capacity 4566K, committed 4760K, reserved 1048576K
}
2017-08-29T19:34:16.710+0600: 3099.809: Total time for which application threads were stopped: 0.0034603 seconds, Stopping threads took: 0.0000259 seconds
{Heap before GC invocations=70 (full 2):
 par new generation   total 109248K, used 91680K [0x00000000e0000000, 0x00000000e8000000, 0x00000000e8000000)
  eden space 87424K, 100% used [0x00000000e0000000, 0x00000000e5560000, 0x00000000e5560000)
  from space 21824K,  19% used [0x00000000e5560000, 0x00000000e5988140, 0x00000000e6ab0000)
  to   space 21824K,   0% used [0x00000000e6ab0000, 0x00000000e6ab0000, 0x00000000e8000000)
 concurrent mark-sweep generation total 393216K, used 36177K [0x00000000e8000000, 0x0000000100000000, 0x0000000100000000)
 Metaspace       used 37878K, capacity 38628K, committed 39320K, reserved 1083392K
  class space    used 4337K, capacity 4566K, committed 4760K, reserved 1048576K
2017-08-29T19:34:19.755+0600: 3102.854: [GC (Allocation Failure) 2017-08-29T19:34:19.755+0600: 3102.854: [ParNew
Desired survivor size 20112992 bytes, new threshold 8 (max 8)
- age   1:    3043232 bytes,    3043232 total
- age   2:     621952 bytes,    3665184 total
- age   3:      86120 bytes,    3751304 total
- age   4:      61592 bytes,    3812896 total
- age   5:    1219712 bytes,    5032608 total
- age   6:     235248 bytes,    5267856 total
- age   7:     233888 bytes,    5501744 total
- age   8:     227256 bytes,    5729000 total
: 91680K->6417K(109248K), 0.0045438 secs] 127858K->42827K(502464K), 0.0045931 secs] [Times: user=0.02 sys=0.00, real=0.00 secs] 
Heap after GC invocations=71 (full 2):
 par new generation   total 109248K, used 6417K [0x00000000e0000000, 0x00000000e8000000, 0x00000000e8000000)
  eden space 87424K,   0% used [0x00000000e0000000, 0x00000000e0000000, 0x00000000e5560000)
  from space 21824K,  29% used [0x00000000e6ab0000, 0x00000000e70f47f8, 0x00000000e8000000)
  to   space 21824K,   0% used [0x00000000e5560000, 0x00000000e5560000, 0x00000000e6ab0000)
 concurrent mark-sweep generation total 393216K, used 36409K [0x00000000e8000000, 0x0000000100000000, 0x0000000100000000)
 Metaspace       used 37878K, capacity 38628K, committed 39320K, reserved 1083392K
  class space    used 4337K, capacity 4566K, committed 4760K, reserved 1048576K
}
2017-08-29T19:34:19.760+0600: 3102.858: Total time for which application threads were stopped: 0.0047269 seconds, Stopping threads took: 0.0000132 seconds
{Heap before GC invocations=71 (full 2):
 par new generation   total 109248K, used 93841K [0x00000000e0000000, 0x00000000e8000000, 0x00000000e8000000)
  eden space 87424K, 100% used [0x00000000e0000000, 0x00000000e5560000, 0x00000000e5560000)
  from space 21824K,  29% used [0x00000000e6ab0000, 0x00000000e70f47f8, 0x00000000e8000000)
  to   space 21824K,   0% used [0x00000000e5560000, 0x00000000e5560000, 0x00000000e6ab0000)
 concurrent mark-sweep generation total 393216K, used 36409K [0x00000000e8000000, 0x0000000100000000, 0x0000000100000000)
 Metaspace       used 37878K, capacity 38628K, committed 39320K, reserved 1083392K
  class space    used 4337K, capacity 4566K, committed 4760K, reserved 1048576K
2017-08-29T19:34:23.212+0600: 3106.311: [GC (Allocation Failure) 2017-08-29T19:34:23.212+0600: 3106.311: [ParNew
Desired survivor size 20112992 bytes, new threshold 8 (max 8)
- age   1:    3641768 bytes,    3641768 total
- age   2:    2051728 bytes,    5693496 total
- age   3:     620800 bytes,    6314296 total
- age   4:      86088 bytes,    6400384 total
- age   5:      61592 bytes,    6461976 total
- age   6:    1219696 bytes,    7681672 total
- age   7:     234936 bytes,    7916608 total
- age   8:     232992 bytes,    8149600 total
: 93841K->8627K(109248K), 0.0040571 secs] 130251K->45258K(502464K), 0.0041163 secs] [Times: user=0.02 sys=0.00, real=0.01 secs] 
Heap after GC invocations=72 (full 2):
 par new generation   total 109248K, used 8627K [0x00000000e0000000, 0x00000000e8000000, 0x00000000e8000000)
  eden space 87424K,   0% used [0x00000000e0000000, 0x00000000e0000000, 0x00000000e5560000)
  from space 21824K,  39% used [0x00000000e5560000, 0x00000000e5dccf00, 0x00000000e6ab0000)
  to   space 21824K,   0% used [0x00000000e6ab0000, 0x00000000e6ab0000, 0x00000000e8000000)
 concurrent mark-sweep generation total 393216K, used 36630K [0x00000000e8000000, 0x0000000100000000, 0x0000000100000000)
 Metaspace       used 37878K, capacity 38628K, committed 39320K, reserved 1083392K
  class space    used 4337K, capacity 4566K, committed 4760K, reserved 1048576K
}
2017-08-29T19:34:23.217+0600: 3106.315: Total time for which application threads were stopped: 0.0042537 seconds, Stopping threads took: 0.0000201 seconds
2017-08-29T19:34:25.217+0600: 3108.315: Total time for which application threads were stopped: 0.0000664 seconds, Stopping threads took: 0.0000141 seconds
{Heap before GC invocations=72 (full 2):
 par new generation   total 109248K, used 96051K [0x00000000e0000000, 0x00000000e8000000, 0x00000000e8000000)
  eden space 87424K, 100% used [0x00000000e0000000, 0x00000000e5560000, 0x00000000e5560000)
  from space 21824K,  39% used [0x00000000e5560000, 0x00000000e5dccf00, 0x00000000e6ab0000)
  to   space 21824K,   0% used [0x00000000e6ab0000, 0x00000000e6ab0000, 0x00000000e8000000)
 concurrent mark-sweep generation total 393216K, used 36630K [0x00000000e8000000, 0x0000000100000000, 0x0000000100000000)
 Metaspace       used 37878K, capacity 38628K, committed 39320K, reserved 1083392K
  class space    used 4337K, capacity 4566K, committed 4760K, reserved 1048576K
2017-08-29T19:34:26.724+0600: 3109.822: [GC (Allocation Failure) 2017-08-29T19:34:26.724+0600: 3109.822: [ParNew
Desired survivor size 20112992 bytes, new threshold 8 (max 8)
- age   1:    4537944 bytes,    4537944 total
- age   2:    2220848 bytes,    6758792 total
- age   3:    1851600 bytes,    8610392 total
- age   4:     618528 bytes,    9228920 total
- age   5:      86088 bytes,    9315008 total
- age   6:      61528 bytes,    9376536 total
- age   7:    1219360 bytes,   10595896 total
- age   8:     234776 bytes,   10830672 total
: 96051K->12332K(109248K), 0.0063536 secs] 132682K->49189K(502464K), 0.0064052 secs] [Times: user=0.02 sys=0.00, real=0.01 secs] 
Heap after GC invocations=73 (full 2):
 par new generation   total 109248K, used 12332K [0x00000000e0000000, 0x00000000e8000000, 0x00000000e8000000)
  eden space 87424K,   0% used [0x00000000e0000000, 0x00000000e0000000, 0x00000000e5560000)
  from space 21824K,  56% used [0x00000000e6ab0000, 0x00000000e76bb3d8, 0x00000000e8000000)
  to   space 21824K,   0% used [0x00000000e5560000, 0x00000000e5560000, 0x00000000e6ab0000)
 concurrent mark-sweep generation total 393216K, used 36857K [0x00000000e8000000, 0x0000000100000000, 0x0000000100000000)
 Metaspace       used 37878K, capacity 38628K, committed 39320K, reserved 1083392K
  class space    used 4337K, capacity 4566K, committed 4760K, reserved 1048576K
}
2017-08-29T19:34:26.730+0600: 3109.828: Total time for which application threads were stopped: 0.0065549 seconds, Stopping threads took: 0.0000256 seconds
2017-08-29T19:34:28.795+0600: 3111.893: Total time for which application threads were stopped: 0.0001334 seconds, Stopping threads took: 0.0000534 seconds
2017-08-29T19:34:28.803+0600: 3111.901: Total time for which application threads were stopped: 0.0027979 seconds, Stopping threads took: 0.0027205 seconds
2017-08-29T19:34:28.804+0600: 3111.902: Total time for which application threads were stopped: 0.0001028 seconds, Stopping threads took: 0.0000161 seconds
2017-08-29T19:34:28.804+0600: 3111.903: Total time for which application threads were stopped: 0.0006931 seconds, Stopping threads took: 0.0006438 seconds
2017-08-29T19:34:28.805+0600: 3111.903: Total time for which application threads were stopped: 0.0000585 seconds, Stopping threads took: 0.0000278 seconds
2017-08-29T19:34:28.805+0600: 3111.903: Total time for which application threads were stopped: 0.0000418 seconds, Stopping threads took: 0.0000170 seconds
2017-08-29T19:34:28.821+0600: 3111.920: Total time for which application threads were stopped: 0.0000988 seconds, Stopping threads took: 0.0000235 seconds
{Heap before GC invocations=73 (full 2):
 par new generation   total 109248K, used 99756K [0x00000000e0000000, 0x00000000e8000000, 0x00000000e8000000)
  eden space 87424K, 100% used [0x00000000e0000000, 0x00000000e5560000, 0x00000000e5560000)
  from space 21824K,  56% used [0x00000000e6ab0000, 0x00000000e76bb3d8, 0x00000000e8000000)
  to   space 21824K,   0% used [0x00000000e5560000, 0x00000000e5560000, 0x00000000e6ab0000)
 concurrent mark-sweep generation total 393216K, used 36857K [0x00000000e8000000, 0x0000000100000000, 0x0000000100000000)
 Metaspace       used 37885K, capacity 38628K, committed 39320K, reserved 1083392K
  class space    used 4337K, capacity 4566K, committed 4760K, reserved 1048576K
2017-08-29T19:34:28.870+0600: 3111.969: [GC (Allocation Failure) 2017-08-29T19:34:28.870+0600: 3111.969: [ParNew
Desired survivor size 20112992 bytes, new threshold 8 (max 8)
- age   1:    3598944 bytes,    3598944 total
- age   2:    2220648 bytes,    5819592 total
- age   3:    1585672 bytes,    7405264 total
- age   4:    1443152 bytes,    8848416 total
- age   5:     524920 bytes,    9373336 total
- age   6:      51384 bytes,    9424720 total
- age   7:      58312 bytes,    9483032 total
- age   8:     809264 bytes,   10292296 total
: 99756K->14540K(109248K), 0.0046469 secs] 136613K->51626K(502464K), 0.0046977 secs] [Times: user=0.02 sys=0.00, real=0.01 secs] 
Heap after GC invocations=74 (full 2):
 par new generation   total 109248K, used 14540K [0x00000000e0000000, 0x00000000e8000000, 0x00000000e8000000)
  eden space 87424K,   0% used [0x00000000e0000000, 0x00000000e0000000, 0x00000000e5560000)
  from space 21824K,  66% used [0x00000000e5560000, 0x00000000e63931c0, 0x00000000e6ab0000)
  to   space 21824K,   0% used [0x00000000e6ab0000, 0x00000000e6ab0000, 0x00000000e8000000)
 concurrent mark-sweep generation total 393216K, used 37086K [0x00000000e8000000, 0x0000000100000000, 0x0000000100000000)
 Metaspace       used 37885K, capacity 38628K, committed 39320K, reserved 1083392K
  class space    used 4337K, capacity 4566K, committed 4760K, reserved 1048576K
}
2017-08-29T19:34:28.875+0600: 3111.974: Total time for which application threads were stopped: 0.0048385 seconds, Stopping threads took: 0.0000241 seconds
2017-08-29T19:34:28.897+0600: 3111.995: Total time for which application threads were stopped: 0.0000704 seconds, Stopping threads took: 0.0000163 seconds
2017-08-29T19:34:28.932+0600: 3112.031: Total time for which application threads were stopped: 0.0000779 seconds, Stopping threads took: 0.0000151 seconds
2017-08-29T19:34:28.933+0600: 3112.031: Total time for which application threads were stopped: 0.0000525 seconds, Stopping threads took: 0.0000089 seconds
2017-08-29T19:34:29.015+0600: 3112.114: Total time for which application threads were stopped: 0.0000868 seconds, Stopping threads took: 0.0000146 seconds
2017-08-29T19:34:30.449+0600: 3113.548: Total time for which application threads were stopped: 0.0001736 seconds, Stopping threads took: 0.0001157 seconds
2017-08-29T19:34:30.453+0600: 3113.551: Total time for which application threads were stopped: 0.0012282 seconds, Stopping threads took: 0.0011459 seconds
2017-08-29T19:34:30.454+0600: 3113.552: Total time for which application threads were stopped: 0.0000798 seconds, Stopping threads took: 0.0000382 seconds
2017-08-29T19:34:30.463+0600: 3113.562: Total time for which application threads were stopped: 0.0001294 seconds, Stopping threads took: 0.0000314 seconds
{Heap before GC invocations=74 (full 2):
 par new generation   total 109248K, used 101964K [0x00000000e0000000, 0x00000000e8000000, 0x00000000e8000000)
  eden space 87424K, 100% used [0x00000000e0000000, 0x00000000e5560000, 0x00000000e5560000)
  from space 21824K,  66% used [0x00000000e5560000, 0x00000000e63931c0, 0x00000000e6ab0000)
  to   space 21824K,   0% used [0x00000000e6ab0000, 0x00000000e6ab0000, 0x00000000e8000000)
 concurrent mark-sweep generation total 393216K, used 37086K [0x00000000e8000000, 0x0000000100000000, 0x0000000100000000)
 Metaspace       used 37896K, capacity 38692K, committed 39320K, reserved 1083392K
  class space    used 4337K, capacity 4566K, committed 4760K, reserved 1048576K
2017-08-29T19:34:30.473+0600: 3113.571: [GC (Allocation Failure) 2017-08-29T19:34:30.473+0600: 3113.571: [ParNew
Desired survivor size 20112992 bytes, new threshold 8 (max 8)
- age   1:    1466784 bytes,    1466784 total
- age   2:     352296 bytes,    1819080 total
- age   3:     538696 bytes,    2357776 total
- age   4:     462544 bytes,    2820320 total
- age   5:     452016 bytes,    3272336 total
- age   6:     160176 bytes,    3432512 total
- age   7:      13728 bytes,    3446240 total
- age   8:      18224 bytes,    3464464 total
: 101964K->4644K(109248K), 0.0043601 secs] 139050K->42312K(502464K), 0.0044210 secs] [Times: user=0.01 sys=0.00, real=0.01 secs] 
Heap after GC invocations=75 (full 2):
 par new generation   total 109248K, used 4644K [0x00000000e0000000, 0x00000000e8000000, 0x00000000e8000000)
  eden space 87424K,   0% used [0x00000000e0000000, 0x00000000e0000000, 0x00000000e5560000)
  from space 21824K,  21% used [0x00000000e6ab0000, 0x00000000e6f39198, 0x00000000e8000000)
  to   space 21824K,   0% used [0x00000000e5560000, 0x00000000e5560000, 0x00000000e6ab0000)
 concurrent mark-sweep generation total 393216K, used 37667K [0x00000000e8000000, 0x0000000100000000, 0x0000000100000000)
 Metaspace       used 37896K, capacity 38692K, committed 39320K, reserved 1083392K
  class space    used 4337K, capacity 4566K, committed 4760K, reserved 1048576K
}
2017-08-29T19:34:30.477+0600: 3113.576: Total time for which application threads were stopped: 0.0045627 seconds, Stopping threads took: 0.0000141 seconds
2017-08-29T19:34:30.580+0600: 3113.678: Total time for which application threads were stopped: 0.0000777 seconds, Stopping threads took: 0.0000131 seconds
{Heap before GC invocations=75 (full 2):
 par new generation   total 109248K, used 92068K [0x00000000e0000000, 0x00000000e8000000, 0x00000000e8000000)
  eden space 87424K, 100% used [0x00000000e0000000, 0x00000000e5560000, 0x00000000e5560000)
  from space 21824K,  21% used [0x00000000e6ab0000, 0x00000000e6f39198, 0x00000000e8000000)
  to   space 21824K,   0% used [0x00000000e5560000, 0x00000000e5560000, 0x00000000e6ab0000)
 concurrent mark-sweep generation total 393216K, used 37667K [0x00000000e8000000, 0x0000000100000000, 0x0000000100000000)
 Metaspace       used 37896K, capacity 38692K, committed 39320K, reserved 1083392K
  class space    used 4337K, capacity 4566K, committed 4760K, reserved 1048576K
2017-08-29T19:34:33.558+0600: 3116.657: [GC (Allocation Failure) 2017-08-29T19:34:33.558+0600: 3116.657: [ParNew
Desired survivor size 20112992 bytes, new threshold 8 (max 8)
- age   1:    2723672 bytes,    2723672 total
- age   2:    1426680 bytes,    4150352 total
- age   3:     351880 bytes,    4502232 total
- age   4:     537736 bytes,    5039968 total
- age   5:     461936 bytes,    5501904 total
- age   6:     451440 bytes,    5953344 total
- age   7:     159984 bytes,    6113328 total
- age   8:      13664 bytes,    6126992 total
: 92068K->7042K(109248K), 0.0051437 secs] 129736K->44727K(502464K), 0.0052111 secs] [Times: user=0.02 sys=0.01, real=0.00 secs] 
Heap after GC invocations=76 (full 2):
 par new generation   total 109248K, used 7042K [0x00000000e0000000, 0x00000000e8000000, 0x00000000e8000000)
  eden space 87424K,   0% used [0x00000000e0000000, 0x00000000e0000000, 0x00000000e5560000)
  from space 21824K,  32% used [0x00000000e5560000, 0x00000000e5c408c0, 0x00000000e6ab0000)
  to   space 21824K,   0% used [0x00000000e6ab0000, 0x00000000e6ab0000, 0x00000000e8000000)
 concurrent mark-sweep generation total 393216K, used 37685K [0x00000000e8000000, 0x0000000100000000, 0x0000000100000000)
 Metaspace       used 37896K, capacity 38692K, committed 39320K, reserved 1083392K
  class space    used 4337K, capacity 4566K, committed 4760K, reserved 1048576K
}
2017-08-29T19:34:33.563+0600: 3116.662: Total time for which application threads were stopped: 0.0054277 seconds, Stopping threads took: 0.0000427 seconds
2017-08-29T19:34:35.076+0600: 3118.174: Total time for which application threads were stopped: 0.0000875 seconds, Stopping threads took: 0.0000252 seconds
{Heap before GC invocations=76 (full 2):
 par new generation   total 109248K, used 94466K [0x00000000e0000000, 0x00000000e8000000, 0x00000000e8000000)
  eden space 87424K, 100% used [0x00000000e0000000, 0x00000000e5560000, 0x00000000e5560000)
  from space 21824K,  32% used [0x00000000e5560000, 0x00000000e5c408c0, 0x00000000e6ab0000)
  to   space 21824K,   0% used [0x00000000e6ab0000, 0x00000000e6ab0000, 0x00000000e8000000)
 concurrent mark-sweep generation total 393216K, used 37685K [0x00000000e8000000, 0x0000000100000000, 0x0000000100000000)
 Metaspace       used 37896K, capacity 38692K, committed 39320K, reserved 1083392K
  class space    used 4337K, capacity 4566K, committed 4760K, reserved 1048576K
2017-08-29T19:34:36.738+0600: 3119.836: [GC (Allocation Failure) 2017-08-29T19:34:36.738+0600: 3119.836: [ParNew
Desired survivor size 20112992 bytes, new threshold 8 (max 8)
- age   1:    3508352 bytes,    3508352 total
- age   2:    1877624 bytes,    5385976 total
- age   3:    1425984 bytes,    6811960 total
- age   4:     351432 bytes,    7163392 total
- age   5:     536896 bytes,    7700288 total
- age   6:     461520 bytes,    8161808 total
- age   7:     450928 bytes,    8612736 total
- age   8:     159760 bytes,    8772496 total
: 94466K->11681K(109248K), 0.0053122 secs] 132151K->49380K(502464K), 0.0053730 secs] [Times: user=0.02 sys=0.00, real=0.00 secs] 
Heap after GC invocations=77 (full 2):
 par new generation   total 109248K, used 11681K [0x00000000e0000000, 0x00000000e8000000, 0x00000000e8000000)
  eden space 87424K,   0% used [0x00000000e0000000, 0x00000000e0000000, 0x00000000e5560000)
  from space 21824K,  53% used [0x00000000e6ab0000, 0x00000000e7618608, 0x00000000e8000000)
  to   space 21824K,   0% used [0x00000000e5560000, 0x00000000e5560000, 0x00000000e6ab0000)
 concurrent mark-sweep generation total 393216K, used 37699K [0x00000000e8000000, 0x0000000100000000, 0x0000000100000000)
 Metaspace       used 37896K, capacity 38692K, committed 39320K, reserved 1083392K
  class space    used 4337K, capacity 4566K, committed 4760K, reserved 1048576K
}
2017-08-29T19:34:36.743+0600: 3119.842: Total time for which application threads were stopped: 0.0055241 seconds, Stopping threads took: 0.0000210 seconds
{Heap before GC invocations=77 (full 2):
 par new generation   total 109248K, used 99105K [0x00000000e0000000, 0x00000000e8000000, 0x00000000e8000000)
  eden space 87424K, 100% used [0x00000000e0000000, 0x00000000e5560000, 0x00000000e5560000)
  from space 21824K,  53% used [0x00000000e6ab0000, 0x00000000e7618608, 0x00000000e8000000)
  to   space 21824K,   0% used [0x00000000e5560000, 0x00000000e5560000, 0x00000000e6ab0000)
 concurrent mark-sweep generation total 393216K, used 37699K [0x00000000e8000000, 0x0000000100000000, 0x0000000100000000)
 Metaspace       used 37896K, capacity 38692K, committed 39320K, reserved 1083392K
  class space    used 4337K, capacity 4566K, committed 4760K, reserved 1048576K
2017-08-29T19:34:39.988+0600: 3123.087: [GC (Allocation Failure) 2017-08-29T19:34:39.988+0600: 3123.087: [ParNew
Desired survivor size 20112992 bytes, new threshold 8 (max 8)
- age   1:    3864712 bytes,    3864712 total
- age   2:    2280024 bytes,    6144736 total
- age   3:    1839104 bytes,    7983840 total
- age   4:    1425728 bytes,    9409568 total
- age   5:     351112 bytes,    9760680 total
- age   6:     536112 bytes,   10296792 total
- age   7:     461072 bytes,   10757864 total
- age   8:     450064 bytes,   11207928 total
: 99105K->12787K(109248K), 0.0057062 secs] 136804K->50642K(502464K), 0.0057630 secs] [Times: user=0.01 sys=0.01, real=0.00 secs] 
Heap after GC invocations=78 (full 2):
 par new generation   total 109248K, used 12787K [0x00000000e0000000, 0x00000000e8000000, 0x00000000e8000000)
  eden space 87424K,   0% used [0x00000000e0000000, 0x00000000e0000000, 0x00000000e5560000)
  from space 21824K,  58% used [0x00000000e5560000, 0x00000000e61dce18, 0x00000000e6ab0000)
  to   space 21824K,   0% used [0x00000000e6ab0000, 0x00000000e6ab0000, 0x00000000e8000000)
 concurrent mark-sweep generation total 393216K, used 37854K [0x00000000e8000000, 0x0000000100000000, 0x0000000100000000)
 Metaspace       used 37896K, capacity 38692K, committed 39320K, reserved 1083392K
  class space    used 4337K, capacity 4566K, committed 4760K, reserved 1048576K
}
2017-08-29T19:34:39.994+0600: 3123.092: Total time for which application threads were stopped: 0.0059020 seconds, Stopping threads took: 0.0000140 seconds
{Heap before GC invocations=78 (full 2):
 par new generation   total 109248K, used 100211K [0x00000000e0000000, 0x00000000e8000000, 0x00000000e8000000)
  eden space 87424K, 100% used [0x00000000e0000000, 0x00000000e5560000, 0x00000000e5560000)
  from space 21824K,  58% used [0x00000000e5560000, 0x00000000e61dce18, 0x00000000e6ab0000)
  to   space 21824K,   0% used [0x00000000e6ab0000, 0x00000000e6ab0000, 0x00000000e8000000)
 concurrent mark-sweep generation total 393216K, used 37854K [0x00000000e8000000, 0x0000000100000000, 0x0000000100000000)
 Metaspace       used 37896K, capacity 38692K, committed 39320K, reserved 1083392K
  class space    used 4337K, capacity 4566K, committed 4760K, reserved 1048576K
2017-08-29T19:34:43.365+0600: 3126.463: [GC (Allocation Failure) 2017-08-29T19:34:43.365+0600: 3126.463: [ParNew
Desired survivor size 20112992 bytes, new threshold 8 (max 8)
- age   1:    4769912 bytes,    4769912 total
- age   2:    2323216 bytes,    7093128 total
- age   3:    1918752 bytes,    9011880 total
- age   4:    1834304 bytes,   10846184 total
- age   5:    1425384 bytes,   12271568 total
- age   6:     350824 bytes,   12622392 total
- age   7:     535376 bytes,   13157768 total
- age   8:     460528 bytes,   13618296 total
: 100211K->20360K(109248K), 0.0055641 secs] 138066K->58653K(502464K), 0.0056152 secs] [Times: user=0.01 sys=0.00, real=0.01 secs] 
Heap after GC invocations=79 (full 2):
 par new generation   total 109248K, used 20360K [0x00000000e0000000, 0x00000000e8000000, 0x00000000e8000000)
  eden space 87424K,   0% used [0x00000000e0000000, 0x00000000e0000000, 0x00000000e5560000)
  from space 21824K,  93% used [0x00000000e6ab0000, 0x00000000e7e92028, 0x00000000e8000000)
  to   space 21824K,   0% used [0x00000000e5560000, 0x00000000e5560000, 0x00000000e6ab0000)
 concurrent mark-sweep generation total 393216K, used 38293K [0x00000000e8000000, 0x0000000100000000, 0x0000000100000000)
 Metaspace       used 37896K, capacity 38692K, committed 39320K, reserved 1083392K
  class space    used 4337K, capacity 4566K, committed 4760K, reserved 1048576K
}
2017-08-29T19:34:43.370+0600: 3126.469: Total time for which application threads were stopped: 0.0057449 seconds, Stopping threads took: 0.0000136 seconds
2017-08-29T19:34:43.799+0600: 3126.898: Total time for which application threads were stopped: 0.0001783 seconds, Stopping threads took: 0.0000566 seconds
2017-08-29T19:34:43.800+0600: 3126.898: Total time for which application threads were stopped: 0.0001681 seconds, Stopping threads took: 0.0001234 seconds
2017-08-29T19:34:43.800+0600: 3126.899: Total time for which application threads were stopped: 0.0001517 seconds, Stopping threads took: 0.0001095 seconds
2017-08-29T19:34:43.800+0600: 3126.899: Total time for which application threads were stopped: 0.0000576 seconds, Stopping threads took: 0.0000165 seconds
2017-08-29T19:34:43.800+0600: 3126.899: Total time for which application threads were stopped: 0.0000451 seconds, Stopping threads took: 0.0000115 seconds
2017-08-29T19:34:43.804+0600: 3126.902: Total time for which application threads were stopped: 0.0001277 seconds, Stopping threads took: 0.0000371 seconds
2017-08-29T19:34:43.821+0600: 3126.920: Total time for which application threads were stopped: 0.0000973 seconds, Stopping threads took: 0.0000254 seconds
2017-08-29T19:34:43.873+0600: 3126.971: Total time for which application threads were stopped: 0.0001175 seconds, Stopping threads took: 0.0000380 seconds
{Heap before GC invocations=79 (full 2):
 par new generation   total 109248K, used 107784K [0x00000000e0000000, 0x00000000e8000000, 0x00000000e8000000)
  eden space 87424K, 100% used [0x00000000e0000000, 0x00000000e5560000, 0x00000000e5560000)
  from space 21824K,  93% used [0x00000000e6ab0000, 0x00000000e7e92028, 0x00000000e8000000)
  to   space 21824K,   0% used [0x00000000e5560000, 0x00000000e5560000, 0x00000000e6ab0000)
 concurrent mark-sweep generation total 393216K, used 38293K [0x00000000e8000000, 0x0000000100000000, 0x0000000100000000)
 Metaspace       used 37903K, capacity 38692K, committed 39320K, reserved 1083392K
  class space    used 4337K, capacity 4566K, committed 4760K, reserved 1048576K
2017-08-29T19:34:44.019+0600: 3127.117: [GC (Allocation Failure) 2017-08-29T19:34:44.019+0600: 3127.117: [ParNew
Desired survivor size 20112992 bytes, new threshold 8 (max 8)
- age   1:     975592 bytes,     975592 total
- age   2:     524728 bytes,    1500320 total
- age   3:     448192 bytes,    1948512 total
- age   4:     460328 bytes,    2408840 total
- age   5:     441528 bytes,    2850368 total
- age   6:     870392 bytes,    3720760 total
- age   7:     349184 bytes,    4069944 total
- age   8:     535248 bytes,    4605192 total
: 107784K->5587K(109248K), 0.0045854 secs] 146077K->44330K(502464K), 0.0046406 secs] [Times: user=0.00 sys=0.00, real=0.00 secs] 
Heap after GC invocations=80 (full 2):
 par new generation   total 109248K, used 5587K [0x00000000e0000000, 0x00000000e8000000, 0x00000000e8000000)
  eden space 87424K,   0% used [0x00000000e0000000, 0x00000000e0000000, 0x00000000e5560000)
  from space 21824K,  25% used [0x00000000e5560000, 0x00000000e5ad4c00, 0x00000000e6ab0000)
  to   space 21824K,   0% used [0x00000000e6ab0000, 0x00000000e6ab0000, 0x00000000e8000000)
 concurrent mark-sweep generation total 393216K, used 38743K [0x00000000e8000000, 0x0000000100000000, 0x0000000100000000)
 Metaspace       used 37903K, capacity 38692K, committed 39320K, reserved 1083392K
  class space    used 4337K, capacity 4566K, committed 4760K, reserved 1048576K
}
2017-08-29T19:34:44.023+0600: 3127.122: Total time for which application threads were stopped: 0.0047862 seconds, Stopping threads took: 0.0000144 seconds
2017-08-29T19:34:44.830+0600: 3127.929: Total time for which application threads were stopped: 0.0000917 seconds, Stopping threads took: 0.0000375 seconds
2017-08-29T19:34:44.832+0600: 3127.931: Total time for which application threads were stopped: 0.0001679 seconds, Stopping threads took: 0.0000285 seconds
2017-08-29T19:34:44.837+0600: 3127.936: Total time for which application threads were stopped: 0.0001179 seconds, Stopping threads took: 0.0000331 seconds
2017-08-29T19:34:44.949+0600: 3128.048: Total time for which application threads were stopped: 0.0000881 seconds, Stopping threads took: 0.0000135 seconds
{Heap before GC invocations=80 (full 2):
 par new generation   total 109248K, used 93011K [0x00000000e0000000, 0x00000000e8000000, 0x00000000e8000000)
  eden space 87424K, 100% used [0x00000000e0000000, 0x00000000e5560000, 0x00000000e5560000)
  from space 21824K,  25% used [0x00000000e5560000, 0x00000000e5ad4c00, 0x00000000e6ab0000)
  to   space 21824K,   0% used [0x00000000e6ab0000, 0x00000000e6ab0000, 0x00000000e8000000)
 concurrent mark-sweep generation total 393216K, used 38743K [0x00000000e8000000, 0x0000000100000000, 0x0000000100000000)
 Metaspace       used 37910K, capacity 38692K, committed 39320K, reserved 1083392K
  class space    used 4337K, capacity 4566K, committed 4760K, reserved 1048576K
2017-08-29T19:34:47.263+0600: 3130.361: [GC (Allocation Failure) 2017-08-29T19:34:47.263+0600: 3130.361: [ParNew
Desired survivor size 20112992 bytes, new threshold 8 (max 8)
- age   1:    2966664 bytes,    2966664 total
- age   2:     184728 bytes,    3151392 total
- age   3:     231640 bytes,    3383032 total
- age   4:     219840 bytes,    3602872 total
- age   5:     232184 bytes,    3835056 total
- age   6:     213168 bytes,    4048224 total
- age   7:     724048 bytes,    4772272 total
- age   8:     346464 bytes,    5118736 total
: 93011K->5962K(109248K), 0.0070715 secs] 131754K->45227K(502464K), 0.0071298 secs] [Times: user=0.01 sys=0.00, real=0.01 secs] 
Heap after GC invocations=81 (full 2):
 par new generation   total 109248K, used 5962K [0x00000000e0000000, 0x00000000e8000000, 0x00000000e8000000)
  eden space 87424K,   0% used [0x00000000e0000000, 0x00000000e0000000, 0x00000000e5560000)
  from space 21824K,  27% used [0x00000000e6ab0000, 0x00000000e7082870, 0x00000000e8000000)
  to   space 21824K,   0% used [0x00000000e5560000, 0x00000000e5560000, 0x00000000e6ab0000)
 concurrent mark-sweep generation total 393216K, used 39265K [0x00000000e8000000, 0x0000000100000000, 0x0000000100000000)
 Metaspace       used 37910K, capacity 38692K, committed 39320K, reserved 1083392K
  class space    used 4337K, capacity 4566K, committed 4760K, reserved 1048576K
}
2017-08-29T19:34:47.270+0600: 3130.368: Total time for which application threads were stopped: 0.0072611 seconds, Stopping threads took: 0.0000142 seconds
2017-08-29T19:34:47.270+0600: 3130.368: Total time for which application threads were stopped: 0.0001854 seconds, Stopping threads took: 0.0000384 seconds
{Heap before GC invocations=81 (full 2):
 par new generation   total 109248K, used 93386K [0x00000000e0000000, 0x00000000e8000000, 0x00000000e8000000)
  eden space 87424K, 100% used [0x00000000e0000000, 0x00000000e5560000, 0x00000000e5560000)
  from space 21824K,  27% used [0x00000000e6ab0000, 0x00000000e7082870, 0x00000000e8000000)
  to   space 21824K,   0% used [0x00000000e5560000, 0x00000000e5560000, 0x00000000e6ab0000)
 concurrent mark-sweep generation total 393216K, used 39265K [0x00000000e8000000, 0x0000000100000000, 0x0000000100000000)
 Metaspace       used 37910K, capacity 38692K, committed 39320K, reserved 1083392K
  class space    used 4337K, capacity 4566K, committed 4760K, reserved 1048576K
2017-08-29T19:34:50.835+0600: 3133.934: [GC (Allocation Failure) 2017-08-29T19:34:50.835+0600: 3133.934: [ParNew
Desired survivor size 20112992 bytes, new threshold 8 (max 8)
- age   1:    3713856 bytes,    3713856 total
- age   2:    2379496 bytes,    6093352 total
- age   3:     184536 bytes,    6277888 total
- age   4:     231128 bytes,    6509016 total
- age   5:     219200 bytes,    6728216 total
- age   6:     231704 bytes,    6959920 total
- age   7:     212752 bytes,    7172672 total
- age   8:     723824 bytes,    7896496 total
: 93386K->9883K(109248K), 0.0041419 secs] 132651K->49486K(502464K), 0.0041979 secs] [Times: user=0.01 sys=0.00, real=0.00 secs] 
Heap after GC invocations=82 (full 2):
 par new generation   total 109248K, used 9883K [0x00000000e0000000, 0x00000000e8000000, 0x00000000e8000000)
  eden space 87424K,   0% used [0x00000000e0000000, 0x00000000e0000000, 0x00000000e5560000)
  from space 21824K,  45% used [0x00000000e5560000, 0x00000000e5f06c00, 0x00000000e6ab0000)
  to   space 21824K,   0% used [0x00000000e6ab0000, 0x00000000e6ab0000, 0x00000000e8000000)
 concurrent mark-sweep generation total 393216K, used 39603K [0x00000000e8000000, 0x0000000100000000, 0x0000000100000000)
 Metaspace       used 37910K, capacity 38692K, committed 39320K, reserved 1083392K
  class space    used 4337K, capacity 4566K, committed 4760K, reserved 1048576K
}
2017-08-29T19:34:50.839+0600: 3133.938: Total time for which application threads were stopped: 0.0043362 seconds, Stopping threads took: 0.0000253 seconds
{Heap before GC invocations=82 (full 2):
 par new generation   total 109248K, used 97307K [0x00000000e0000000, 0x00000000e8000000, 0x00000000e8000000)
  eden space 87424K, 100% used [0x00000000e0000000, 0x00000000e5560000, 0x00000000e5560000)
  from space 21824K,  45% used [0x00000000e5560000, 0x00000000e5f06c00, 0x00000000e6ab0000)
  to   space 21824K,   0% used [0x00000000e6ab0000, 0x00000000e6ab0000, 0x00000000e8000000)
 concurrent mark-sweep generation total 393216K, used 39603K [0x00000000e8000000, 0x0000000100000000, 0x0000000100000000)
 Metaspace       used 37910K, capacity 38692K, committed 39320K, reserved 1083392K
  class space    used 4337K, capacity 4566K, committed 4760K, reserved 1048576K
2017-08-29T19:34:54.092+0600: 3137.190: [GC (Allocation Failure) 2017-08-29T19:34:54.092+0600: 3137.190: [ParNew
Desired survivor size 20112992 bytes, new threshold 8 (max 8)
- age   1:    3816496 bytes,    3816496 total
- age   2:    2587640 bytes,    6404136 total
- age   3:    2378488 bytes,    8782624 total
- age   4:     184472 bytes,    8967096 total
- age   5:     230456 bytes,    9197552 total
- age   6:     218912 bytes,    9416464 total
- age   7:     231064 bytes,    9647528 total
- age   8:     212368 bytes,    9859896 total
: 97307K->14037K(109248K), 0.0043587 secs] 136910K->54349K(502464K), 0.0044178 secs] [Times: user=0.02 sys=0.00, real=0.01 secs] 
Heap after GC invocations=83 (full 2):
 par new generation   total 109248K, used 14037K [0x00000000e0000000, 0x00000000e8000000, 0x00000000e8000000)
  eden space 87424K,   0% used [0x00000000e0000000, 0x00000000e0000000, 0x00000000e5560000)
  from space 21824K,  64% used [0x00000000e6ab0000, 0x00000000e78657c0, 0x00000000e8000000)
  to   space 21824K,   0% used [0x00000000e5560000, 0x00000000e5560000, 0x00000000e6ab0000)
 concurrent mark-sweep generation total 393216K, used 40311K [0x00000000e8000000, 0x0000000100000000, 0x0000000100000000)
 Metaspace       used 37910K, capacity 38692K, committed 39320K, reserved 1083392K
  class space    used 4337K, capacity 4566K, committed 4760K, reserved 1048576K
}
2017-08-29T19:34:54.096+0600: 3137.195: Total time for which application threads were stopped: 0.0045496 seconds, Stopping threads took: 0.0000130 seconds
{Heap before GC invocations=83 (full 2):
 par new generation   total 109248K, used 101461K [0x00000000e0000000, 0x00000000e8000000, 0x00000000e8000000)
  eden space 87424K, 100% used [0x00000000e0000000, 0x00000000e5560000, 0x00000000e5560000)
  from space 21824K,  64% used [0x00000000e6ab0000, 0x00000000e78657c0, 0x00000000e8000000)
  to   space 21824K,   0% used [0x00000000e5560000, 0x00000000e5560000, 0x00000000e6ab0000)
 concurrent mark-sweep generation total 393216K, used 40311K [0x00000000e8000000, 0x0000000100000000, 0x0000000100000000)
 Metaspace       used 37910K, capacity 38692K, committed 39320K, reserved 1083392K
  class space    used 4337K, capacity 4566K, committed 4760K, reserved 1048576K
2017-08-29T19:34:57.896+0600: 3140.994: [GC (Allocation Failure) 2017-08-29T19:34:57.896+0600: 3140.994: [ParNew
Desired survivor size 20112992 bytes, new threshold 8 (max 8)
- age   1:    4501696 bytes,    4501696 total
- age   2:    2513664 bytes,    7015360 total
- age   3:    2193944 bytes,    9209304 total
- age   4:    2369664 bytes,   11578968 total
- age   5:     184376 bytes,   11763344 total
- age   6:     229880 bytes,   11993224 total
- age   7:     218464 bytes,   12211688 total
- age   8:     230680 bytes,   12442368 total
: 101461K->14410K(109248K), 0.0055073 secs] 141773K->54928K(502464K), 0.0055702 secs] [Times: user=0.01 sys=0.00, real=0.00 secs] 
Heap after GC invocations=84 (full 2):
 par new generation   total 109248K, used 14410K [0x00000000e0000000, 0x00000000e8000000, 0x00000000e8000000)
  eden space 87424K,   0% used [0x00000000e0000000, 0x00000000e0000000, 0x00000000e5560000)
  from space 21824K,  66% used [0x00000000e5560000, 0x00000000e6372888, 0x00000000e6ab0000)
  to   space 21824K,   0% used [0x00000000e6ab0000, 0x00000000e6ab0000, 0x00000000e8000000)
 concurrent mark-sweep generation total 393216K, used 40518K [0x00000000e8000000, 0x0000000100000000, 0x0000000100000000)
 Metaspace       used 37910K, capacity 38692K, committed 39320K, reserved 1083392K
  class space    used 4337K, capacity 4566K, committed 4760K, reserved 1048576K
}
2017-08-29T19:34:57.901+0600: 3141.000: Total time for which application threads were stopped: 0.0057037 seconds, Stopping threads took: 0.0000204 seconds
2017-08-29T19:34:58.803+0600: 3141.901: Total time for which application threads were stopped: 0.0000814 seconds, Stopping threads took: 0.0000256 seconds
2017-08-29T19:34:58.803+0600: 3141.901: Total time for which application threads were stopped: 0.0000736 seconds, Stopping threads took: 0.0000306 seconds
2017-08-29T19:34:58.803+0600: 3141.902: Total time for which application threads were stopped: 0.0001488 seconds, Stopping threads took: 0.0000124 seconds
2017-08-29T19:34:58.805+0600: 3141.903: Total time for which application threads were stopped: 0.0001055 seconds, Stopping threads took: 0.0000448 seconds
2017-08-29T19:34:58.805+0600: 3141.903: Total time for which application threads were stopped: 0.0001527 seconds, Stopping threads took: 0.0000227 seconds
2017-08-29T19:34:58.805+0600: 3141.904: Total time for which application threads were stopped: 0.0001307 seconds, Stopping threads took: 0.0000268 seconds
2017-08-29T19:34:58.805+0600: 3141.904: Total time for which application threads were stopped: 0.0000516 seconds, Stopping threads took: 0.0000250 seconds
2017-08-29T19:34:58.806+0600: 3141.904: Total time for which application threads were stopped: 0.0001088 seconds, Stopping threads took: 0.0000254 seconds
2017-08-29T19:34:58.807+0600: 3141.905: Total time for which application threads were stopped: 0.0000446 seconds, Stopping threads took: 0.0000119 seconds
2017-08-29T19:34:58.807+0600: 3141.905: Total time for which application threads were stopped: 0.0000408 seconds, Stopping threads took: 0.0000163 seconds
2017-08-29T19:34:58.807+0600: 3141.906: Total time for which application threads were stopped: 0.0000352 seconds, Stopping threads took: 0.0000119 seconds
2017-08-29T19:34:58.820+0600: 3141.918: Total time for which application threads were stopped: 0.0001211 seconds, Stopping threads took: 0.0000536 seconds
{Heap before GC invocations=84 (full 2):
 par new generation   total 109248K, used 101834K [0x00000000e0000000, 0x00000000e8000000, 0x00000000e8000000)
  eden space 87424K, 100% used [0x00000000e0000000, 0x00000000e5560000, 0x00000000e5560000)
  from space 21824K,  66% used [0x00000000e5560000, 0x00000000e6372888, 0x00000000e6ab0000)
  to   space 21824K,   0% used [0x00000000e6ab0000, 0x00000000e6ab0000, 0x00000000e8000000)
 concurrent mark-sweep generation total 393216K, used 40518K [0x00000000e8000000, 0x0000000100000000, 0x0000000100000000)
 Metaspace       used 37910K, capacity 38692K, committed 39320K, reserved 1083392K
  class space    used 4337K, capacity 4566K, committed 4760K, reserved 1048576K
2017-08-29T19:34:58.895+0600: 3141.994: [GC (Allocation Failure) 2017-08-29T19:34:58.896+0600: 3141.994: [ParNew
Desired survivor size 20112992 bytes, new threshold 8 (max 8)
- age   1:    1857776 bytes,    1857776 total
- age   2:    3336424 bytes,    5194200 total
- age   3:    1741592 bytes,    6935792 total
- age   4:    1673872 bytes,    8609664 total
- age   5:    1733136 bytes,   10342800 total
- age   6:     184168 bytes,   10526968 total
- age   7:     229720 bytes,   10756688 total
- age   8:     218432 bytes,   10975120 total
: 101834K->16987K(109248K), 0.0045198 secs] 142352K->57731K(502464K), 0.0045811 secs] [Times: user=0.01 sys=0.00, real=0.00 secs] 
Heap after GC invocations=85 (full 2):
 par new generation   total 109248K, used 16987K [0x00000000e0000000, 0x00000000e8000000, 0x00000000e8000000)
  eden space 87424K,   0% used [0x00000000e0000000, 0x00000000e0000000, 0x00000000e5560000)
  from space 21824K,  77% used [0x00000000e6ab0000, 0x00000000e7b46ec0, 0x00000000e8000000)
  to   space 21824K,   0% used [0x00000000e5560000, 0x00000000e5560000, 0x00000000e6ab0000)
 concurrent mark-sweep generation total 393216K, used 40744K [0x00000000e8000000, 0x0000000100000000, 0x0000000100000000)
 Metaspace       used 37910K, capacity 38692K, committed 39320K, reserved 1083392K
  class space    used 4337K, capacity 4566K, committed 4760K, reserved 1048576K
}
2017-08-29T19:34:58.900+0600: 3141.998: Total time for which application threads were stopped: 0.0047269 seconds, Stopping threads took: 0.0000166 seconds
2017-08-29T19:34:58.956+0600: 3142.054: Total time for which application threads were stopped: 0.0001001 seconds, Stopping threads took: 0.0000214 seconds
2017-08-29T19:34:59.871+0600: 3142.969: Total time for which application threads were stopped: 0.0000778 seconds, Stopping threads took: 0.0000252 seconds
2017-08-29T19:34:59.872+0600: 3142.970: Total time for which application threads were stopped: 0.0000911 seconds, Stopping threads took: 0.0000279 seconds
2017-08-29T19:34:59.873+0600: 3142.971: Total time for which application threads were stopped: 0.0000702 seconds, Stopping threads took: 0.0000194 seconds
2017-08-29T19:34:59.879+0600: 3142.977: Total time for which application threads were stopped: 0.0001055 seconds, Stopping threads took: 0.0000320 seconds
2017-08-29T19:34:59.881+0600: 3142.979: Total time for which application threads were stopped: 0.0000839 seconds, Stopping threads took: 0.0000323 seconds
2017-08-29T19:35:00.025+0600: 3143.123: Total time for which application threads were stopped: 0.0000923 seconds, Stopping threads took: 0.0000205 seconds
{Heap before GC invocations=85 (full 2):
 par new generation   total 109248K, used 104411K [0x00000000e0000000, 0x00000000e8000000, 0x00000000e8000000)
  eden space 87424K, 100% used [0x00000000e0000000, 0x00000000e5560000, 0x00000000e5560000)
  from space 21824K,  77% used [0x00000000e6ab0000, 0x00000000e7b46ec0, 0x00000000e8000000)
  to   space 21824K,   0% used [0x00000000e5560000, 0x00000000e5560000, 0x00000000e6ab0000)
 concurrent mark-sweep generation total 393216K, used 40744K [0x00000000e8000000, 0x0000000100000000, 0x0000000100000000)
 Metaspace       used 37913K, capacity 38692K, committed 39320K, reserved 1083392K
  class space    used 4337K, capacity 4566K, committed 4760K, reserved 1048576K
2017-08-29T19:35:01.914+0600: 3145.013: [GC (Allocation Failure) 2017-08-29T19:35:01.914+0600: 3145.013: [ParNew
Desired survivor size 20112992 bytes, new threshold 8 (max 8)
- age   1:    2671776 bytes,    2671776 total
- age   2:     133024 bytes,    2804800 total
- age   3:     210920 bytes,    3015720 total
- age   4:     220272 bytes,    3235992 total
- age   5:     234336 bytes,    3470328 total
- age   6:     586096 bytes,    4056424 total
- age   7:     160376 bytes,    4216800 total
- age   8:     229432 bytes,    4446232 total
: 104411K->6382K(109248K), 0.0035345 secs] 145155K->47339K(502464K), 0.0035871 secs] [Times: user=0.01 sys=0.00, real=0.00 secs] 
Heap after GC invocations=86 (full 2):
 par new generation   total 109248K, used 6382K [0x00000000e0000000, 0x00000000e8000000, 0x00000000e8000000)
  eden space 87424K,   0% used [0x00000000e0000000, 0x00000000e0000000, 0x00000000e5560000)
  from space 21824K,  29% used [0x00000000e5560000, 0x00000000e5b9bb68, 0x00000000e6ab0000)
  to   space 21824K,   0% used [0x00000000e6ab0000, 0x00000000e6ab0000, 0x00000000e8000000)
 concurrent mark-sweep generation total 393216K, used 40956K [0x00000000e8000000, 0x0000000100000000, 0x0000000100000000)
 Metaspace       used 37913K, capacity 38692K, committed 39320K, reserved 1083392K
  class space    used 4337K, capacity 4566K, committed 4760K, reserved 1048576K
}
2017-08-29T19:35:01.918+0600: 3145.016: Total time for which application threads were stopped: 0.0037515 seconds, Stopping threads took: 0.0000206 seconds
{Heap before GC invocations=86 (full 2):
 par new generation   total 109248K, used 93806K [0x00000000e0000000, 0x00000000e8000000, 0x00000000e8000000)
  eden space 87424K, 100% used [0x00000000e0000000, 0x00000000e5560000, 0x00000000e5560000)
  from space 21824K,  29% used [0x00000000e5560000, 0x00000000e5b9bb68, 0x00000000e6ab0000)
  to   space 21824K,   0% used [0x00000000e6ab0000, 0x00000000e6ab0000, 0x00000000e8000000)
 concurrent mark-sweep generation total 393216K, used 40956K [0x00000000e8000000, 0x0000000100000000, 0x0000000100000000)
 Metaspace       used 37913K, capacity 38692K, committed 39320K, reserved 1083392K
  class space    used 4337K, capacity 4566K, committed 4760K, reserved 1048576K
2017-08-29T19:35:07.524+0600: 3150.622: [GC (Allocation Failure) 2017-08-29T19:35:07.524+0600: 3150.622: [ParNew
Desired survivor size 20112992 bytes, new threshold 8 (max 8)
- age   1:    3983376 bytes,    3983376 total
- age   2:    2164296 bytes,    6147672 total
- age   3:     132896 bytes,    6280568 total
- age   4:     210440 bytes,    6491008 total
- age   5:     219888 bytes,    6710896 total
- age   6:     233792 bytes,    6944688 total
- age   7:     585728 bytes,    7530416 total
- age   8:     160272 bytes,    7690688 total
: 93806K->9657K(109248K), 0.0044159 secs] 134763K->50838K(502464K), 0.0044852 secs] [Times: user=0.01 sys=0.00, real=0.01 secs] 
Heap after GC invocations=87 (full 2):
 par new generation   total 109248K, used 9657K [0x00000000e0000000, 0x00000000e8000000, 0x00000000e8000000)
  eden space 87424K,   0% used [0x00000000e0000000, 0x00000000e0000000, 0x00000000e5560000)
  from space 21824K,  44% used [0x00000000e6ab0000, 0x00000000e741e6a0, 0x00000000e8000000)
  to   space 21824K,   0% used [0x00000000e5560000, 0x00000000e5560000, 0x00000000e6ab0000)
 concurrent mark-sweep generation total 393216K, used 41180K [0x00000000e8000000, 0x0000000100000000, 0x0000000100000000)
 Metaspace       used 37913K, capacity 38692K, committed 39320K, reserved 1083392K
  class space    used 4337K, capacity 4566K, committed 4760K, reserved 1048576K
}
2017-08-29T19:35:07.528+0600: 3150.627: Total time for which application threads were stopped: 0.0046275 seconds, Stopping threads took: 0.0000213 seconds
{Heap before GC invocations=87 (full 2):
 par new generation   total 109248K, used 97081K [0x00000000e0000000, 0x00000000e8000000, 0x00000000e8000000)
  eden space 87424K, 100% used [0x00000000e0000000, 0x00000000e5560000, 0x00000000e5560000)
  from space 21824K,  44% used [0x00000000e6ab0000, 0x00000000e741e6a0, 0x00000000e8000000)
  to   space 21824K,   0% used [0x00000000e5560000, 0x00000000e5560000, 0x00000000e6ab0000)
 concurrent mark-sweep generation total 393216K, used 41180K [0x00000000e8000000, 0x0000000100000000, 0x0000000100000000)
 Metaspace       used 37913K, capacity 38692K, committed 39320K, reserved 1083392K
  class space    used 4337K, capacity 4566K, committed 4760K, reserved 1048576K
2017-08-29T19:35:10.773+0600: 3153.872: [GC (Allocation Failure) 2017-08-29T19:35:10.773+0600: 3153.872: [ParNew
Desired survivor size 20112992 bytes, new threshold 8 (max 8)
- age   1:    3470304 bytes,    3470304 total
- age   2:    3026352 bytes,    6496656 total
- age   3:    2130328 bytes,    8626984 total
- age   4:     132704 bytes,    8759688 total
- age   5:     209992 bytes,    8969680 total
- age   6:     219472 bytes,    9189152 total
- age   7:     233440 bytes,    9422592 total
- age   8:     585376 bytes,   10007968 total
: 97081K->11117K(109248K), 0.0043507 secs] 138262K->52455K(502464K), 0.0044052 secs] [Times: user=0.01 sys=0.00, real=0.01 secs] 
Heap after GC invocations=88 (full 2):
 par new generation   total 109248K, used 11117K [0x00000000e0000000, 0x00000000e8000000, 0x00000000e8000000)
  eden space 87424K,   0% used [0x00000000e0000000, 0x00000000e0000000, 0x00000000e5560000)
  from space 21824K,  50% used [0x00000000e5560000, 0x00000000e603b6b0, 0x00000000e6ab0000)
  to   space 21824K,   0% used [0x00000000e6ab0000, 0x00000000e6ab0000, 0x00000000e8000000)
 concurrent mark-sweep generation total 393216K, used 41337K [0x00000000e8000000, 0x0000000100000000, 0x0000000100000000)
 Metaspace       used 37913K, capacity 38692K, committed 39320K, reserved 1083392K
  class space    used 4337K, capacity 4566K, committed 4760K, reserved 1048576K
}
2017-08-29T19:35:10.778+0600: 3153.876: Total time for which application threads were stopped: 0.0045533 seconds, Stopping threads took: 0.0000191 seconds
2017-08-29T19:35:13.804+0600: 3156.902: Total time for which application threads were stopped: 0.0001863 seconds, Stopping threads took: 0.0000986 seconds
2017-08-29T19:35:13.816+0600: 3156.914: Total time for which application threads were stopped: 0.0001609 seconds, Stopping threads took: 0.0000727 seconds
2017-08-29T19:35:13.816+0600: 3156.915: Total time for which application threads were stopped: 0.0000840 seconds, Stopping threads took: 0.0000310 seconds
2017-08-29T19:35:13.816+0600: 3156.915: Total time for which application threads were stopped: 0.0000693 seconds, Stopping threads took: 0.0000266 seconds
2017-08-29T19:35:13.817+0600: 3156.915: Total time for which application threads were stopped: 0.0000583 seconds, Stopping threads took: 0.0000186 seconds
2017-08-29T19:35:13.817+0600: 3156.915: Total time for which application threads were stopped: 0.0000537 seconds, Stopping threads took: 0.0000171 seconds
2017-08-29T19:35:13.818+0600: 3156.916: Total time for which application threads were stopped: 0.0000308 seconds, Stopping threads took: 0.0000051 seconds
{Heap before GC invocations=88 (full 2):
 par new generation   total 109248K, used 98541K [0x00000000e0000000, 0x00000000e8000000, 0x00000000e8000000)
  eden space 87424K, 100% used [0x00000000e0000000, 0x00000000e5560000, 0x00000000e5560000)
  from space 21824K,  50% used [0x00000000e5560000, 0x00000000e603b6b0, 0x00000000e6ab0000)
  to   space 21824K,   0% used [0x00000000e6ab0000, 0x00000000e6ab0000, 0x00000000e8000000)
 concurrent mark-sweep generation total 393216K, used 41337K [0x00000000e8000000, 0x0000000100000000, 0x0000000100000000)
 Metaspace       used 37913K, capacity 38692K, committed 39320K, reserved 1083392K
  class space    used 4337K, capacity 4566K, committed 4760K, reserved 1048576K
2017-08-29T19:35:13.854+0600: 3156.952: [GC (Allocation Failure) 2017-08-29T19:35:13.854+0600: 3156.952: [ParNew
Desired survivor size 20112992 bytes, new threshold 8 (max 8)
- age   1:    4147976 bytes,    4147976 total
- age   2:    1663160 bytes,    5811136 total
- age   3:    1853792 bytes,    7664928 total
- age   4:    1554360 bytes,    9219288 total
- age   5:     132464 bytes,    9351752 total
- age   6:     209800 bytes,    9561552 total
- age   7:     219216 bytes,    9780768 total
- age   8:     232960 bytes,   10013728 total
: 98541K->11356K(109248K), 0.0051192 secs] 139879K->53265K(502464K), 0.0051901 secs] [Times: user=0.01 sys=0.00, real=0.01 secs] 
Heap after GC invocations=89 (full 2):
 par new generation   total 109248K, used 11356K [0x00000000e0000000, 0x00000000e8000000, 0x00000000e8000000)
  eden space 87424K,   0% used [0x00000000e0000000, 0x00000000e0000000, 0x00000000e5560000)
  from space 21824K,  52% used [0x00000000e6ab0000, 0x00000000e75c70e0, 0x00000000e8000000)
  to   space 21824K,   0% used [0x00000000e5560000, 0x00000000e5560000, 0x00000000e6ab0000)
 concurrent mark-sweep generation total 393216K, used 41909K [0x00000000e8000000, 0x0000000100000000, 0x0000000100000000)
 Metaspace       used 37913K, capacity 38692K, committed 39320K, reserved 1083392K
  class space    used 4337K, capacity 4566K, committed 4760K, reserved 1048576K
}
2017-08-29T19:35:13.859+0600: 3156.957: Total time for which application threads were stopped: 0.0053502 seconds, Stopping threads took: 0.0000199 seconds
2017-08-29T19:35:13.954+0600: 3157.052: Total time for which application threads were stopped: 0.0000993 seconds, Stopping threads took: 0.0000251 seconds
2017-08-29T19:35:14.820+0600: 3157.918: Total time for which application threads were stopped: 0.0001515 seconds, Stopping threads took: 0.0000702 seconds
2017-08-29T19:35:14.823+0600: 3157.921: Total time for which application threads were stopped: 0.0001118 seconds, Stopping threads took: 0.0000343 seconds
2017-08-29T19:35:14.827+0600: 3157.926: Total time for which application threads were stopped: 0.0000802 seconds, Stopping threads took: 0.0000186 seconds
2017-08-29T19:35:14.831+0600: 3157.929: Total time for which application threads were stopped: 0.0000835 seconds, Stopping threads took: 0.0000168 seconds
2017-08-29T19:35:14.833+0600: 3157.931: Total time for which application threads were stopped: 0.0000859 seconds, Stopping threads took: 0.0000226 seconds
2017-08-29T19:35:14.978+0600: 3158.077: Total time for which application threads were stopped: 0.0001107 seconds, Stopping threads took: 0.0000256 seconds
{Heap before GC invocations=89 (full 2):
 par new generation   total 109248K, used 98780K [0x00000000e0000000, 0x00000000e8000000, 0x00000000e8000000)
  eden space 87424K, 100% used [0x00000000e0000000, 0x00000000e5560000, 0x00000000e5560000)
  from space 21824K,  52% used [0x00000000e6ab0000, 0x00000000e75c70e0, 0x00000000e8000000)
  to   space 21824K,   0% used [0x00000000e5560000, 0x00000000e5560000, 0x00000000e6ab0000)
 concurrent mark-sweep generation total 393216K, used 41909K [0x00000000e8000000, 0x0000000100000000, 0x0000000100000000)
 Metaspace       used 37923K, capacity 38692K, committed 39320K, reserved 1083392K
  class space    used 4337K, capacity 4566K, committed 4760K, reserved 1048576K
2017-08-29T19:35:15.764+0600: 3158.862: [GC (Allocation Failure) 2017-08-29T19:35:15.764+0600: 3158.862: [ParNew
Desired survivor size 20112992 bytes, new threshold 8 (max 8)
- age   1:    1645112 bytes,    1645112 total
- age   2:     243744 bytes,    1888856 total
- age   3:     209536 bytes,    2098392 total
- age   4:     260136 bytes,    2358528 total
- age   5:     572472 bytes,    2931000 total
- age   6:     125880 bytes,    3056880 total
- age   7:     209704 bytes,    3266584 total
- age   8:     219088 bytes,    3485672 total
: 98780K->6920K(109248K), 0.0035388 secs] 140689K->49056K(502464K), 0.0035939 secs] [Times: user=0.01 sys=0.00, real=0.01 secs] 
Heap after GC invocations=90 (full 2):
 par new generation   total 109248K, used 6920K [0x00000000e0000000, 0x00000000e8000000, 0x00000000e8000000)
  eden space 87424K,   0% used [0x00000000e0000000, 0x00000000e0000000, 0x00000000e5560000)
  from space 21824K,  31% used [0x00000000e5560000, 0x00000000e5c22100, 0x00000000e6ab0000)
  to   space 21824K,   0% used [0x00000000e6ab0000, 0x00000000e6ab0000, 0x00000000e8000000)
 concurrent mark-sweep generation total 393216K, used 42136K [0x00000000e8000000, 0x0000000100000000, 0x0000000100000000)
 Metaspace       used 37923K, capacity 38692K, committed 39320K, reserved 1083392K
  class space    used 4337K, capacity 4566K, committed 4760K, reserved 1048576K
}
2017-08-29T19:35:15.767+0600: 3158.866: Total time for which application threads were stopped: 0.0037257 seconds, Stopping threads took: 0.0000210 seconds
{Heap before GC invocations=90 (full 2):
 par new generation   total 109248K, used 94344K [0x00000000e0000000, 0x00000000e8000000, 0x00000000e8000000)
  eden space 87424K, 100% used [0x00000000e0000000, 0x00000000e5560000, 0x00000000e5560000)
  from space 21824K,  31% used [0x00000000e5560000, 0x00000000e5c22100, 0x00000000e6ab0000)
  to   space 21824K,   0% used [0x00000000e6ab0000, 0x00000000e6ab0000, 0x00000000e8000000)
 concurrent mark-sweep generation total 393216K, used 42136K [0x00000000e8000000, 0x0000000100000000, 0x0000000100000000)
 Metaspace       used 37923K, capacity 38692K, committed 39320K, reserved 1083392K
  class space    used 4337K, capacity 4566K, committed 4760K, reserved 1048576K
2017-08-29T19:35:20.014+0600: 3163.112: [GC (Allocation Failure) 2017-08-29T19:35:20.014+0600: 3163.112: [ParNew
Desired survivor size 20112992 bytes, new threshold 8 (max 8)
- age   1:    3359088 bytes,    3359088 total
- age   2:    1431168 bytes,    4790256 total
- age   3:     243296 bytes,    5033552 total
- age   4:     208864 bytes,    5242416 total
- age   5:     259592 bytes,    5502008 total
- age   6:     572088 bytes,    6074096 total
- age   7:     125656 bytes,    6199752 total
- age   8:     209480 bytes,    6409232 total
: 94344K->7362K(109248K), 0.0069377 secs] 136480K->49712K(502464K), 0.0070063 secs] [Times: user=0.02 sys=0.01, real=0.01 secs] 
Heap after GC invocations=91 (full 2):
 par new generation   total 109248K, used 7362K [0x00000000e0000000, 0x00000000e8000000, 0x00000000e8000000)
  eden space 87424K,   0% used [0x00000000e0000000, 0x00000000e0000000, 0x00000000e5560000)
  from space 21824K,  33% used [0x00000000e6ab0000, 0x00000000e71e0a00, 0x00000000e8000000)
  to   space 21824K,   0% used [0x00000000e5560000, 0x00000000e5560000, 0x00000000e6ab0000)
 concurrent mark-sweep generation total 393216K, used 42350K [0x00000000e8000000, 0x0000000100000000, 0x0000000100000000)
 Metaspace       used 37923K, capacity 38692K, committed 39320K, reserved 1083392K
  class space    used 4337K, capacity 4566K, committed 4760K, reserved 1048576K
}
2017-08-29T19:35:20.021+0600: 3163.119: Total time for which application threads were stopped: 0.0071644 seconds, Stopping threads took: 0.0000147 seconds
2017-08-29T19:35:21.395+0600: 3164.493: Total time for which application threads were stopped: 0.0000774 seconds, Stopping threads took: 0.0000139 seconds
{Heap before GC invocations=91 (full 2):
 par new generation   total 109248K, used 94786K [0x00000000e0000000, 0x00000000e8000000, 0x00000000e8000000)
  eden space 87424K, 100% used [0x00000000e0000000, 0x00000000e5560000, 0x00000000e5560000)
  from space 21824K,  33% used [0x00000000e6ab0000, 0x00000000e71e0a00, 0x00000000e8000000)
  to   space 21824K,   0% used [0x00000000e5560000, 0x00000000e5560000, 0x00000000e6ab0000)
 concurrent mark-sweep generation total 393216K, used 42350K [0x00000000e8000000, 0x0000000100000000, 0x0000000100000000)
 Metaspace       used 37923K, capacity 38692K, committed 39320K, reserved 1083392K
  class space    used 4337K, capacity 4566K, committed 4760K, reserved 1048576K
2017-08-29T19:35:24.029+0600: 3167.127: [GC (Allocation Failure) 2017-08-29T19:35:24.029+0600: 3167.127: [ParNew
Desired survivor size 20112992 bytes, new threshold 8 (max 8)
- age   1:    3874016 bytes,    3874016 total
- age   2:    2308544 bytes,    6182560 total
- age   3:    1430864 bytes,    7613424 total
- age   4:     243072 bytes,    7856496 total
- age   5:     208256 bytes,    8064752 total
- age   6:     259208 bytes,    8323960 total
- age   7:     571544 bytes,    8895504 total
- age   8:     125592 bytes,    9021096 total
: 94786K->12218K(109248K), 0.0050054 secs] 137136K->54772K(502464K), 0.0050586 secs] [Times: user=0.02 sys=0.00, real=0.00 secs] 
Heap after GC invocations=92 (full 2):
 par new generation   total 109248K, used 12218K [0x00000000e0000000, 0x00000000e8000000, 0x00000000e8000000)
  eden space 87424K,   0% used [0x00000000e0000000, 0x00000000e0000000, 0x00000000e5560000)
  from space 21824K,  55% used [0x00000000e5560000, 0x00000000e614eac8, 0x00000000e6ab0000)
  to   space 21824K,   0% used [0x00000000e6ab0000, 0x00000000e6ab0000, 0x00000000e8000000)
 concurrent mark-sweep generation total 393216K, used 42554K [0x00000000e8000000, 0x0000000100000000, 0x0000000100000000)
 Metaspace       used 37923K, capacity 38692K, committed 39320K, reserved 1083392K
  class space    used 4337K, capacity 4566K, committed 4760K, reserved 1048576K
}
2017-08-29T19:35:24.034+0600: 3167.132: Total time for which application threads were stopped: 0.0052093 seconds, Stopping threads took: 0.0000246 seconds
{Heap before GC invocations=92 (full 2):
 par new generation   total 109248K, used 99642K [0x00000000e0000000, 0x00000000e8000000, 0x00000000e8000000)
  eden space 87424K, 100% used [0x00000000e0000000, 0x00000000e5560000, 0x00000000e5560000)
  from space 21824K,  55% used [0x00000000e5560000, 0x00000000e614eac8, 0x00000000e6ab0000)
  to   space 21824K,   0% used [0x00000000e6ab0000, 0x00000000e6ab0000, 0x00000000e8000000)
 concurrent mark-sweep generation total 393216K, used 42554K [0x00000000e8000000, 0x0000000100000000, 0x0000000100000000)
 Metaspace       used 37923K, capacity 38692K, committed 39320K, reserved 1083392K
  class space    used 4337K, capacity 4566K, committed 4760K, reserved 1048576K
2017-08-29T19:35:27.379+0600: 3170.477: [GC (Allocation Failure) 2017-08-29T19:35:27.379+0600: 3170.477: [ParNew
Desired survivor size 20112992 bytes, new threshold 8 (max 8)
- age   1:    4616416 bytes,    4616416 total
- age   2:    2154568 bytes,    6770984 total
- age   3:    2308032 bytes,    9079016 total
- age   4:    1430520 bytes,   10509536 total
- age   5:     242720 bytes,   10752256 total
- age   6:     207616 bytes,   10959872 total
- age   7:     258824 bytes,   11218696 total
- age   8:     571288 bytes,   11789984 total
: 99642K->13233K(109248K), 0.0075304 secs] 142196K->55909K(502464K), 0.0075927 secs] [Times: user=0.01 sys=0.00, real=0.01 secs] 
Heap after GC invocations=93 (full 2):
 par new generation   total 109248K, used 13233K [0x00000000e0000000, 0x00000000e8000000, 0x00000000e8000000)
  eden space 87424K,   0% used [0x00000000e0000000, 0x00000000e0000000, 0x00000000e5560000)
  from space 21824K,  60% used [0x00000000e6ab0000, 0x00000000e779c468, 0x00000000e8000000)
  to   space 21824K,   0% used [0x00000000e5560000, 0x00000000e5560000, 0x00000000e6ab0000)
 concurrent mark-sweep generation total 393216K, used 42676K [0x00000000e8000000, 0x0000000100000000, 0x0000000100000000)
 Metaspace       used 37923K, capacity 38692K, committed 39320K, reserved 1083392K
  class space    used 4337K, capacity 4566K, committed 4760K, reserved 1048576K
}
2017-08-29T19:35:27.386+0600: 3170.485: Total time for which application threads were stopped: 0.0077292 seconds, Stopping threads took: 0.0000154 seconds
2017-08-29T19:35:28.810+0600: 3171.908: Total time for which application threads were stopped: 0.0002494 seconds, Stopping threads took: 0.0001748 seconds
2017-08-29T19:35:28.818+0600: 3171.917: Total time for which application threads were stopped: 0.0008576 seconds, Stopping threads took: 0.0007873 seconds
2017-08-29T19:35:28.819+0600: 3171.917: Total time for which application threads were stopped: 0.0000600 seconds, Stopping threads took: 0.0000317 seconds
2017-08-29T19:35:28.819+0600: 3171.917: Total time for which application threads were stopped: 0.0000478 seconds, Stopping threads took: 0.0000172 seconds
2017-08-29T19:35:28.819+0600: 3171.917: Total time for which application threads were stopped: 0.0000538 seconds, Stopping threads took: 0.0000280 seconds
2017-08-29T19:35:28.819+0600: 3171.917: Total time for which application threads were stopped: 0.0000389 seconds, Stopping threads took: 0.0000072 seconds
2017-08-29T19:35:28.830+0600: 3171.929: Total time for which application threads were stopped: 0.0001093 seconds, Stopping threads took: 0.0000398 seconds
2017-08-29T19:35:28.855+0600: 3171.953: Total time for which application threads were stopped: 0.0000732 seconds, Stopping threads took: 0.0000174 seconds
{Heap before GC invocations=93 (full 2):
 par new generation   total 109248K, used 100657K [0x00000000e0000000, 0x00000000e8000000, 0x00000000e8000000)
  eden space 87424K, 100% used [0x00000000e0000000, 0x00000000e5560000, 0x00000000e5560000)
  from space 21824K,  60% used [0x00000000e6ab0000, 0x00000000e779c468, 0x00000000e8000000)
  to   space 21824K,   0% used [0x00000000e5560000, 0x00000000e5560000, 0x00000000e6ab0000)
 concurrent mark-sweep generation total 393216K, used 42676K [0x00000000e8000000, 0x0000000100000000, 0x0000000100000000)
 Metaspace       used 37924K, capacity 38692K, committed 39320K, reserved 1083392K
  class space    used 4338K, capacity 4566K, committed 4760K, reserved 1048576K
2017-08-29T19:35:28.898+0600: 3171.996: [GC (Allocation Failure) 2017-08-29T19:35:28.898+0600: 3171.996: [ParNew
Desired survivor size 20112992 bytes, new threshold 8 (max 8)
- age   1:    3020312 bytes,    3020312 total
- age   2:    2443720 bytes,    5464032 total
- age   3:    1683768 bytes,    7147800 total
- age   4:    1735624 bytes,    8883424 total
- age   5:     977536 bytes,    9860960 total
- age   6:     242448 bytes,   10103408 total
- age   7:     207520 bytes,   10310928 total
- age   8:     258728 bytes,   10569656 total
: 100657K->11845K(109248K), 0.0057003 secs] 143333K->55080K(502464K), 0.0057534 secs] [Times: user=0.01 sys=0.00, real=0.00 secs] 
Heap after GC invocations=94 (full 2):
 par new generation   total 109248K, used 11845K [0x00000000e0000000, 0x00000000e8000000, 0x00000000e8000000)
  eden space 87424K,   0% used [0x00000000e0000000, 0x00000000e0000000, 0x00000000e5560000)
  from space 21824K,  54% used [0x00000000e5560000, 0x00000000e60f1568, 0x00000000e6ab0000)
  to   space 21824K,   0% used [0x00000000e6ab0000, 0x00000000e6ab0000, 0x00000000e8000000)
 concurrent mark-sweep generation total 393216K, used 43235K [0x00000000e8000000, 0x0000000100000000, 0x0000000100000000)
 Metaspace       used 37924K, capacity 38692K, committed 39320K, reserved 1083392K
  class space    used 4338K, capacity 4566K, committed 4760K, reserved 1048576K
}
2017-08-29T19:35:28.903+0600: 3172.002: Total time for which application threads were stopped: 0.0059313 seconds, Stopping threads took: 0.0000473 seconds
2017-08-29T19:35:28.936+0600: 3172.035: Total time for which application threads were stopped: 0.0000841 seconds, Stopping threads took: 0.0000138 seconds
2017-08-29T19:35:29.910+0600: 3173.009: Total time for which application threads were stopped: 0.0000933 seconds, Stopping threads took: 0.0000300 seconds
2017-08-29T19:35:29.910+0600: 3173.009: Total time for which application threads were stopped: 0.0000430 seconds, Stopping threads took: 0.0000103 seconds
2017-08-29T19:35:29.910+0600: 3173.009: Total time for which application threads were stopped: 0.0000557 seconds, Stopping threads took: 0.0000265 seconds
2017-08-29T19:35:29.910+0600: 3173.009: Total time for which application threads were stopped: 0.0000628 seconds, Stopping threads took: 0.0000345 seconds
2017-08-29T19:35:29.911+0600: 3173.009: Total time for which application threads were stopped: 0.0000470 seconds, Stopping threads took: 0.0000126 seconds
2017-08-29T19:35:29.911+0600: 3173.009: Total time for which application threads were stopped: 0.0000380 seconds, Stopping threads took: 0.0000128 seconds
2017-08-29T19:35:29.911+0600: 3173.009: Total time for which application threads were stopped: 0.0000533 seconds, Stopping threads took: 0.0000119 seconds
2017-08-29T19:35:29.911+0600: 3173.010: Total time for which application threads were stopped: 0.0000502 seconds, Stopping threads took: 0.0000159 seconds
2017-08-29T19:35:29.913+0600: 3173.012: Total time for which application threads were stopped: 0.0002567 seconds, Stopping threads took: 0.0001791 seconds
2017-08-29T19:35:29.914+0600: 3173.013: Total time for which application threads were stopped: 0.0001089 seconds, Stopping threads took: 0.0000531 seconds
2017-08-29T19:35:29.916+0600: 3173.014: Total time for which application threads were stopped: 0.0001404 seconds, Stopping threads took: 0.0000647 seconds
2017-08-29T19:35:29.923+0600: 3173.022: Total time for which application threads were stopped: 0.0001142 seconds, Stopping threads took: 0.0000429 seconds
2017-08-29T19:35:29.967+0600: 3173.065: Total time for which application threads were stopped: 0.0001691 seconds, Stopping threads took: 0.0000344 seconds
{Heap before GC invocations=94 (full 2):
 par new generation   total 109248K, used 99269K [0x00000000e0000000, 0x00000000e8000000, 0x00000000e8000000)
  eden space 87424K, 100% used [0x00000000e0000000, 0x00000000e5560000, 0x00000000e5560000)
  from space 21824K,  54% used [0x00000000e5560000, 0x00000000e60f1568, 0x00000000e6ab0000)
  to   space 21824K,   0% used [0x00000000e6ab0000, 0x00000000e6ab0000, 0x00000000e8000000)
 concurrent mark-sweep generation total 393216K, used 43235K [0x00000000e8000000, 0x0000000100000000, 0x0000000100000000)
 Metaspace       used 37927K, capacity 38692K, committed 39320K, reserved 1083392K
  class space    used 4338K, capacity 4566K, committed 4760K, reserved 1048576K
2017-08-29T19:35:29.991+0600: 3173.090: [GC (Allocation Failure) 2017-08-29T19:35:29.991+0600: 3173.090: [ParNew
Desired survivor size 20112992 bytes, new threshold 8 (max 8)
- age   1:    1697136 bytes,    1697136 total
- age   2:     167096 bytes,    1864232 total
- age   3:     232072 bytes,    2096304 total
- age   4:     242304 bytes,    2338608 total
- age   5:     249824 bytes,    2588432 total
- age   6:     476432 bytes,    3064864 total
- age   7:     239480 bytes,    3304344 total
- age   8:     207424 bytes,    3511768 total
: 99269K->10110K(109248K), 0.0043256 secs] 142504K->53598K(502464K), 0.0043819 secs] [Times: user=0.01 sys=0.00, real=0.01 secs] 
Heap after GC invocations=95 (full 2):
 par new generation   total 109248K, used 10110K [0x00000000e0000000, 0x00000000e8000000, 0x00000000e8000000)
  eden space 87424K,   0% used [0x00000000e0000000, 0x00000000e0000000, 0x00000000e5560000)
  from space 21824K,  46% used [0x00000000e6ab0000, 0x00000000e748fa20, 0x00000000e8000000)
  to   space 21824K,   0% used [0x00000000e5560000, 0x00000000e5560000, 0x00000000e6ab0000)
 concurrent mark-sweep generation total 393216K, used 43487K [0x00000000e8000000, 0x0000000100000000, 0x0000000100000000)
 Metaspace       used 37927K, capacity 38692K, committed 39320K, reserved 1083392K
  class space    used 4338K, capacity 4566K, committed 4760K, reserved 1048576K
}
2017-08-29T19:35:29.996+0600: 3173.094: Total time for which application threads were stopped: 0.0045471 seconds, Stopping threads took: 0.0000260 seconds
{Heap before GC invocations=95 (full 2):
 par new generation   total 109248K, used 97534K [0x00000000e0000000, 0x00000000e8000000, 0x00000000e8000000)
  eden space 87424K, 100% used [0x00000000e0000000, 0x00000000e5560000, 0x00000000e5560000)
  from space 21824K,  46% used [0x00000000e6ab0000, 0x00000000e748fa20, 0x00000000e8000000)
  to   space 21824K,   0% used [0x00000000e5560000, 0x00000000e5560000, 0x00000000e6ab0000)
 concurrent mark-sweep generation total 393216K, used 43487K [0x00000000e8000000, 0x0000000100000000, 0x0000000100000000)
 Metaspace       used 37927K, capacity 38692K, committed 39320K, reserved 1083392K
  class space    used 4338K, capacity 4566K, committed 4760K, reserved 1048576K
2017-08-29T19:35:30.096+0600: 3173.195: [GC (Allocation Failure) 2017-08-29T19:35:30.096+0600: 3173.195: [ParNew
Desired survivor size 20112992 bytes, new threshold 8 (max 8)
- age   1:     256952 bytes,     256952 total
- age   2:    1576336 bytes,    1833288 total
- age   3:     167096 bytes,    2000384 total
- age   4:     232072 bytes,    2232456 total
- age   5:     242304 bytes,    2474760 total
- age   6:     249824 bytes,    2724584 total
- age   7:     476400 bytes,    3200984 total
- age   8:     239480 bytes,    3440464 total
: 97534K->5323K(109248K), 0.0036634 secs] 141022K->49014K(502464K), 0.0037196 secs] [Times: user=0.01 sys=0.00, real=0.00 secs] 
Heap after GC invocations=96 (full 2):
 par new generation   total 109248K, used 5323K [0x00000000e0000000, 0x00000000e8000000, 0x00000000e8000000)
  eden space 87424K,   0% used [0x00000000e0000000, 0x00000000e0000000, 0x00000000e5560000)
  from space 21824K,  24% used [0x00000000e5560000, 0x00000000e5a92e38, 0x00000000e6ab0000)
  to   space 21824K,   0% used [0x00000000e6ab0000, 0x00000000e6ab0000, 0x00000000e8000000)
 concurrent mark-sweep generation total 393216K, used 43690K [0x00000000e8000000, 0x0000000100000000, 0x0000000100000000)
 Metaspace       used 37927K, capacity 38692K, committed 39320K, reserved 1083392K
  class space    used 4338K, capacity 4566K, committed 4760K, reserved 1048576K
}
2017-08-29T19:35:30.100+0600: 3173.199: Total time for which application threads were stopped: 0.0038662 seconds, Stopping threads took: 0.0000196 seconds
2017-08-29T19:35:30.211+0600: 3173.310: Total time for which application threads were stopped: 0.0001233 seconds, Stopping threads took: 0.0000359 seconds
{Heap before GC invocations=96 (full 2):
 par new generation   total 109248K, used 92747K [0x00000000e0000000, 0x00000000e8000000, 0x00000000e8000000)
  eden space 87424K, 100% used [0x00000000e0000000, 0x00000000e5560000, 0x00000000e5560000)
  from space 21824K,  24% used [0x00000000e5560000, 0x00000000e5a92e38, 0x00000000e6ab0000)
  to   space 21824K,   0% used [0x00000000e6ab0000, 0x00000000e6ab0000, 0x00000000e8000000)
 concurrent mark-sweep generation total 393216K, used 43690K [0x00000000e8000000, 0x0000000100000000, 0x0000000100000000)
 Metaspace       used 37927K, capacity 38692K, committed 39320K, reserved 1083392K
  class space    used 4338K, capacity 4566K, committed 4760K, reserved 1048576K
2017-08-29T19:35:30.217+0600: 3173.315: [GC (Allocation Failure) 2017-08-29T19:35:30.217+0600: 3173.315: [ParNew
Desired survivor size 20112992 bytes, new threshold 8 (max 8)
- age   1:     309624 bytes,     309624 total
- age   2:      79064 bytes,     388688 total
- age   3:    1482480 bytes,    1871168 total
- age   4:     167096 bytes,    2038264 total
- age   5:     232040 bytes,    2270304 total
- age   6:     242304 bytes,    2512608 total
- age   7:     249824 bytes,    2762432 total
- age   8:     476400 bytes,    3238832 total
: 92747K->4001K(109248K), 0.0041355 secs] 136438K->47925K(502464K), 0.0041908 secs] [Times: user=0.01 sys=0.00, real=0.00 secs] 
Heap after GC invocations=97 (full 2):
 par new generation   total 109248K, used 4001K [0x00000000e0000000, 0x00000000e8000000, 0x00000000e8000000)
  eden space 87424K,   0% used [0x00000000e0000000, 0x00000000e0000000, 0x00000000e5560000)
  from space 21824K,  18% used [0x00000000e6ab0000, 0x00000000e6e98460, 0x00000000e8000000)
  to   space 21824K,   0% used [0x00000000e5560000, 0x00000000e5560000, 0x00000000e6ab0000)
 concurrent mark-sweep generation total 393216K, used 43924K [0x00000000e8000000, 0x0000000100000000, 0x0000000100000000)
 Metaspace       used 37927K, capacity 38692K, committed 39320K, reserved 1083392K
  class space    used 4338K, capacity 4566K, committed 4760K, reserved 1048576K
}
2017-08-29T19:35:30.221+0600: 3173.319: Total time for which application threads were stopped: 0.0043216 seconds, Stopping threads took: 0.0000153 seconds
{Heap before GC invocations=97 (full 2):
 par new generation   total 109248K, used 91425K [0x00000000e0000000, 0x00000000e8000000, 0x00000000e8000000)
  eden space 87424K, 100% used [0x00000000e0000000, 0x00000000e5560000, 0x00000000e5560000)
  from space 21824K,  18% used [0x00000000e6ab0000, 0x00000000e6e98460, 0x00000000e8000000)
  to   space 21824K,   0% used [0x00000000e5560000, 0x00000000e5560000, 0x00000000e6ab0000)
 concurrent mark-sweep generation total 393216K, used 43924K [0x00000000e8000000, 0x0000000100000000, 0x0000000100000000)
 Metaspace       used 37929K, capacity 38692K, committed 39320K, reserved 1083392K
  class space    used 4338K, capacity 4566K, committed 4760K, reserved 1048576K
2017-08-29T19:35:30.304+0600: 3173.402: [GC (Allocation Failure) 2017-08-29T19:35:30.304+0600: 3173.402: [ParNew
Desired survivor size 20112992 bytes, new threshold 8 (max 8)
- age   1:     274024 bytes,     274024 total
- age   2:      76840 bytes,     350864 total
- age   3:      72824 bytes,     423688 total
- age   4:    1482480 bytes,    1906168 total
- age   5:     167096 bytes,    2073264 total
- age   6:     232040 bytes,    2305304 total
- age   7:     242304 bytes,    2547608 total
- age   8:     249824 bytes,    2797432 total
: 91425K->4158K(109248K), 0.0049719 secs] 135349K->48548K(502464K), 0.0050293 secs] [Times: user=0.01 sys=0.00, real=0.01 secs] 
Heap after GC invocations=98 (full 2):
 par new generation   total 109248K, used 4158K [0x00000000e0000000, 0x00000000e8000000, 0x00000000e8000000)
  eden space 87424K,   0% used [0x00000000e0000000, 0x00000000e0000000, 0x00000000e5560000)
  from space 21824K,  19% used [0x00000000e5560000, 0x00000000e596f9e0, 0x00000000e6ab0000)
  to   space 21824K,   0% used [0x00000000e6ab0000, 0x00000000e6ab0000, 0x00000000e8000000)
 concurrent mark-sweep generation total 393216K, used 44390K [0x00000000e8000000, 0x0000000100000000, 0x0000000100000000)
 Metaspace       used 37929K, capacity 38692K, committed 39320K, reserved 1083392K
  class space    used 4338K, capacity 4566K, committed 4760K, reserved 1048576K
}
2017-08-29T19:35:30.309+0600: 3173.407: Total time for which application threads were stopped: 0.0051807 seconds, Stopping threads took: 0.0000240 seconds
2017-08-29T19:35:30.491+0600: 3173.589: Total time for which application threads were stopped: 0.0001170 seconds, Stopping threads took: 0.0000230 seconds
2017-08-29T19:35:30.491+0600: 3173.589: Total time for which application threads were stopped: 0.0000547 seconds, Stopping threads took: 0.0000140 seconds
{Heap before GC invocations=98 (full 2):
 par new generation   total 109248K, used 91582K [0x00000000e0000000, 0x00000000e8000000, 0x00000000e8000000)
  eden space 87424K, 100% used [0x00000000e0000000, 0x00000000e5560000, 0x00000000e5560000)
  from space 21824K,  19% used [0x00000000e5560000, 0x00000000e596f9e0, 0x00000000e6ab0000)
  to   space 21824K,   0% used [0x00000000e6ab0000, 0x00000000e6ab0000, 0x00000000e8000000)
 concurrent mark-sweep generation total 393216K, used 44390K [0x00000000e8000000, 0x0000000100000000, 0x0000000100000000)
 Metaspace       used 37938K, capacity 38692K, committed 39320K, reserved 1083392K
  class space    used 4338K, capacity 4566K, committed 4760K, reserved 1048576K
2017-08-29T19:35:31.469+0600: 3174.567: [GC (Allocation Failure) 2017-08-29T19:35:31.469+0600: 3174.567: [ParNew
Desired survivor size 20112992 bytes, new threshold 8 (max 8)
- age   1:    1203112 bytes,    1203112 total
- age   2:      11120 bytes,    1214232 total
- age   3:      53384 bytes,    1267616 total
- age   4:      68536 bytes,    1336152 total
- age   5:    1247776 bytes,    2583928 total
- age   6:     167032 bytes,    2750960 total
- age   7:     231880 bytes,    2982840 total
- age   8:     242208 bytes,    3225048 total
: 91582K->3784K(109248K), 0.0033721 secs] 135972K->48418K(502464K), 0.0034234 secs] [Times: user=0.01 sys=0.00, real=0.00 secs] 
Heap after GC invocations=99 (full 2):
 par new generation   total 109248K, used 3784K [0x00000000e0000000, 0x00000000e8000000, 0x00000000e8000000)
  eden space 87424K,   0% used [0x00000000e0000000, 0x00000000e0000000, 0x00000000e5560000)
  from space 21824K,  17% used [0x00000000e6ab0000, 0x00000000e6e62058, 0x00000000e8000000)
  to   space 21824K,   0% used [0x00000000e5560000, 0x00000000e5560000, 0x00000000e6ab0000)
 concurrent mark-sweep generation total 393216K, used 44633K [0x00000000e8000000, 0x0000000100000000, 0x0000000100000000)
 Metaspace       used 37938K, capacity 38692K, committed 39320K, reserved 1083392K
  class space    used 4338K, capacity 4566K, committed 4760K, reserved 1048576K
}
2017-08-29T19:35:31.472+0600: 3174.571: Total time for which application threads were stopped: 0.0035593 seconds, Stopping threads took: 0.0000215 seconds
{Heap before GC invocations=99 (full 2):
 par new generation   total 109248K, used 91208K [0x00000000e0000000, 0x00000000e8000000, 0x00000000e8000000)
  eden space 87424K, 100% used [0x00000000e0000000, 0x00000000e5560000, 0x00000000e5560000)
  from space 21824K,  17% used [0x00000000e6ab0000, 0x00000000e6e62058, 0x00000000e8000000)
  to   space 21824K,   0% used [0x00000000e5560000, 0x00000000e5560000, 0x00000000e6ab0000)
 concurrent mark-sweep generation total 393216K, used 44633K [0x00000000e8000000, 0x0000000100000000, 0x0000000100000000)
 Metaspace       used 37938K, capacity 38692K, committed 39320K, reserved 1083392K
  class space    used 4338K, capacity 4566K, committed 4760K, reserved 1048576K
2017-08-29T19:35:34.546+0600: 3177.645: [GC (Allocation Failure) 2017-08-29T19:35:34.546+0600: 3177.645: [ParNew
Desired survivor size 20112992 bytes, new threshold 8 (max 8)
- age   1:    3323440 bytes,    3323440 total
- age   2:     739968 bytes,    4063408 total
- age   3:      11088 bytes,    4074496 total
- age   4:      53384 bytes,    4127880 total
- age   5:      67976 bytes,    4195856 total
- age   6:    1247296 bytes,    5443152 total
- age   7:     166744 bytes,    5609896 total
- age   8:     231272 bytes,    5841168 total
: 91208K->6765K(109248K), 0.0038337 secs] 135842K->51635K(502464K), 0.0039013 secs] [Times: user=0.01 sys=0.00, real=0.00 secs] 
Heap after GC invocations=100 (full 2):
 par new generation   total 109248K, used 6765K [0x00000000e0000000, 0x00000000e8000000, 0x00000000e8000000)
  eden space 87424K,   0% used [0x00000000e0000000, 0x00000000e0000000, 0x00000000e5560000)
  from space 21824K,  30% used [0x00000000e5560000, 0x00000000e5bfb540, 0x00000000e6ab0000)
  to   space 21824K,   0% used [0x00000000e6ab0000, 0x00000000e6ab0000, 0x00000000e8000000)
 concurrent mark-sweep generation total 393216K, used 44870K [0x00000000e8000000, 0x0000000100000000, 0x0000000100000000)
 Metaspace       used 37938K, capacity 38692K, committed 39320K, reserved 1083392K
  class space    used 4338K, capacity 4566K, committed 4760K, reserved 1048576K
}
2017-08-29T19:35:34.550+0600: 3177.649: Total time for which application threads were stopped: 0.0040299 seconds, Stopping threads took: 0.0000136 seconds
{Heap before GC invocations=100 (full 2):
 par new generation   total 109248K, used 94189K [0x00000000e0000000, 0x00000000e8000000, 0x00000000e8000000)
  eden space 87424K, 100% used [0x00000000e0000000, 0x00000000e5560000, 0x00000000e5560000)
  from space 21824K,  30% used [0x00000000e5560000, 0x00000000e5bfb540, 0x00000000e6ab0000)
  to   space 21824K,   0% used [0x00000000e6ab0000, 0x00000000e6ab0000, 0x00000000e8000000)
 concurrent mark-sweep generation total 393216K, used 44870K [0x00000000e8000000, 0x0000000100000000, 0x0000000100000000)
 Metaspace       used 37938K, capacity 38692K, committed 39320K, reserved 1083392K
  class space    used 4338K, capacity 4566K, committed 4760K, reserved 1048576K
2017-08-29T19:35:38.282+0600: 3181.380: [GC (Allocation Failure) 2017-08-29T19:35:38.282+0600: 3181.380: [ParNew
Desired survivor size 20112992 bytes, new threshold 8 (max 8)
- age   1:    4031680 bytes,    4031680 total
- age   2:    2330128 bytes,    6361808 total
- age   3:     736320 bytes,    7098128 total
- age   4:      11088 bytes,    7109216 total
- age   5:      53384 bytes,    7162600 total
- age   6:      67944 bytes,    7230544 total
- age   7:    1247168 bytes,    8477712 total
- age   8:     166584 bytes,    8644296 total
: 94189K->9909K(109248K), 0.0067792 secs] 139059K->55005K(502464K), 0.0068414 secs] [Times: user=0.01 sys=0.00, real=0.01 secs] 
Heap after GC invocations=101 (full 2):
 par new generation   total 109248K, used 9909K [0x00000000e0000000, 0x00000000e8000000, 0x00000000e8000000)
  eden space 87424K,   0% used [0x00000000e0000000, 0x00000000e0000000, 0x00000000e5560000)
  from space 21824K,  45% used [0x00000000e6ab0000, 0x00000000e745d600, 0x00000000e8000000)
  to   space 21824K,   0% used [0x00000000e5560000, 0x00000000e5560000, 0x00000000e6ab0000)
 concurrent mark-sweep generation total 393216K, used 45095K [0x00000000e8000000, 0x0000000100000000, 0x0000000100000000)
 Metaspace       used 37938K, capacity 38692K, committed 39320K, reserved 1083392K
  class space    used 4338K, capacity 4566K, committed 4760K, reserved 1048576K
}
2017-08-29T19:35:38.289+0600: 3181.387: Total time for which application threads were stopped: 0.0069989 seconds, Stopping threads took: 0.0000164 seconds
{Heap before GC invocations=101 (full 2):
 par new generation   total 109248K, used 97333K [0x00000000e0000000, 0x00000000e8000000, 0x00000000e8000000)
  eden space 87424K, 100% used [0x00000000e0000000, 0x00000000e5560000, 0x00000000e5560000)
  from space 21824K,  45% used [0x00000000e6ab0000, 0x00000000e745d600, 0x00000000e8000000)
  to   space 21824K,   0% used [0x00000000e5560000, 0x00000000e5560000, 0x00000000e6ab0000)
 concurrent mark-sweep generation total 393216K, used 45095K [0x00000000e8000000, 0x0000000100000000, 0x0000000100000000)
 Metaspace       used 37938K, capacity 38692K, committed 39320K, reserved 1083392K
  class space    used 4338K, capacity 4566K, committed 4760K, reserved 1048576K
2017-08-29T19:35:42.305+0600: 3185.404: [GC (Allocation Failure) 2017-08-29T19:35:42.305+0600: 3185.404: [ParNew
Desired survivor size 20112992 bytes, new threshold 8 (max 8)
- age   1:    5247152 bytes,    5247152 total
- age   2:    2363912 bytes,    7611064 total
- age   3:    2133128 bytes,    9744192 total
- age   4:     736368 bytes,   10480560 total
- age   5:      11088 bytes,   10491648 total
- age   6:      53408 bytes,   10545056 total
- age   7:      67968 bytes,   10613024 total
- age   8:    1246920 bytes,   11859944 total
: 97333K->15139K(109248K), 0.0045767 secs] 142429K->60398K(502464K), 0.0046302 secs] [Times: user=0.02 sys=0.00, real=0.01 secs] 
Heap after GC invocations=102 (full 2):
 par new generation   total 109248K, used 15139K [0x00000000e0000000, 0x00000000e8000000, 0x00000000e8000000)
  eden space 87424K,   0% used [0x00000000e0000000, 0x00000000e0000000, 0x00000000e5560000)
  from space 21824K,  69% used [0x00000000e5560000, 0x00000000e6428fc0, 0x00000000e6ab0000)
  to   space 21824K,   0% used [0x00000000e6ab0000, 0x00000000e6ab0000, 0x00000000e8000000)
 concurrent mark-sweep generation total 393216K, used 45258K [0x00000000e8000000, 0x0000000100000000, 0x0000000100000000)
 Metaspace       used 37938K, capacity 38692K, committed 39320K, reserved 1083392K
  class space    used 4338K, capacity 4566K, committed 4760K, reserved 1048576K
}
2017-08-29T19:35:42.310+0600: 3185.408: Total time for which application threads were stopped: 0.0047568 seconds, Stopping threads took: 0.0000128 seconds
2017-08-29T19:35:43.818+0600: 3186.916: Total time for which application threads were stopped: 0.0001053 seconds, Stopping threads took: 0.0000360 seconds
2017-08-29T19:35:43.820+0600: 3186.919: Total time for which application threads were stopped: 0.0003388 seconds, Stopping threads took: 0.0002775 seconds
2017-08-29T19:35:43.823+0600: 3186.922: Total time for which application threads were stopped: 0.0002602 seconds, Stopping threads took: 0.0000823 seconds
2017-08-29T19:35:43.825+0600: 3186.923: Total time for which application threads were stopped: 0.0015619 seconds, Stopping threads took: 0.0015153 seconds
2017-08-29T19:35:43.825+0600: 3186.923: Total time for which application threads were stopped: 0.0000673 seconds, Stopping threads took: 0.0000160 seconds
2017-08-29T19:35:43.825+0600: 3186.924: Total time for which application threads were stopped: 0.0000720 seconds, Stopping threads took: 0.0000368 seconds
{Heap before GC invocations=102 (full 2):
 par new generation   total 109248K, used 102563K [0x00000000e0000000, 0x00000000e8000000, 0x00000000e8000000)
  eden space 87424K, 100% used [0x00000000e0000000, 0x00000000e5560000, 0x00000000e5560000)
  from space 21824K,  69% used [0x00000000e5560000, 0x00000000e6428fc0, 0x00000000e6ab0000)
  to   space 21824K,   0% used [0x00000000e6ab0000, 0x00000000e6ab0000, 0x00000000e8000000)
 concurrent mark-sweep generation total 393216K, used 45258K [0x00000000e8000000, 0x0000000100000000, 0x0000000100000000)
 Metaspace       used 37938K, capacity 38692K, committed 39320K, reserved 1083392K
  class space    used 4338K, capacity 4566K, committed 4760K, reserved 1048576K
2017-08-29T19:35:43.913+0600: 3187.011: [GC (Allocation Failure) 2017-08-29T19:35:43.913+0600: 3187.011: [ParNew
Desired survivor size 20112992 bytes, new threshold 8 (max 8)
- age   1:    3261824 bytes,    3261824 total
- age   2:    2691512 bytes,    5953336 total
- age   3:    1726656 bytes,    7679992 total
- age   4:    1596648 bytes,    9276640 total
- age   5:     608800 bytes,    9885440 total
- age   6:       9360 bytes,    9894800 total
- age   7:      51096 bytes,    9945896 total
- age   8:      49744 bytes,    9995640 total
: 102563K->13748K(109248K), 0.0089012 secs] 147822K->59846K(502464K), 0.0089544 secs] [Times: user=0.03 sys=0.00, real=0.01 secs] 
Heap after GC invocations=103 (full 2):
 par new generation   total 109248K, used 13748K [0x00000000e0000000, 0x00000000e8000000, 0x00000000e8000000)
  eden space 87424K,   0% used [0x00000000e0000000, 0x00000000e0000000, 0x00000000e5560000)
  from space 21824K,  62% used [0x00000000e6ab0000, 0x00000000e781d128, 0x00000000e8000000)
  to   space 21824K,   0% used [0x00000000e5560000, 0x00000000e5560000, 0x00000000e6ab0000)
 concurrent mark-sweep generation total 393216K, used 46097K [0x00000000e8000000, 0x0000000100000000, 0x0000000100000000)
 Metaspace       used 37938K, capacity 38692K, committed 39320K, reserved 1083392K
  class space    used 4338K, capacity 4566K, committed 4760K, reserved 1048576K
}
2017-08-29T19:35:43.922+0600: 3187.020: Total time for which application threads were stopped: 0.0090979 seconds, Stopping threads took: 0.0000254 seconds
2017-08-29T19:35:43.965+0600: 3187.063: Total time for which application threads were stopped: 0.0000863 seconds, Stopping threads took: 0.0000142 seconds
2017-08-29T19:35:43.970+0600: 3187.068: Total time for which application threads were stopped: 0.0000711 seconds, Stopping threads took: 0.0000328 seconds
2017-08-29T19:35:43.971+0600: 3187.069: Total time for which application threads were stopped: 0.0000577 seconds, Stopping threads took: 0.0000124 seconds
2017-08-29T19:35:44.971+0600: 3188.069: Total time for which application threads were stopped: 0.0000688 seconds, Stopping threads took: 0.0000140 seconds
2017-08-29T19:35:45.540+0600: 3188.638: Total time for which application threads were stopped: 0.0001210 seconds, Stopping threads took: 0.0000386 seconds
2017-08-29T19:35:45.554+0600: 3188.653: Total time for which application threads were stopped: 0.0001066 seconds, Stopping threads took: 0.0000189 seconds
2017-08-29T19:35:45.559+0600: 3188.658: Total time for which application threads were stopped: 0.0012242 seconds, Stopping threads took: 0.0011431 seconds
2017-08-29T19:35:45.722+0600: 3188.821: Total time for which application threads were stopped: 0.0000924 seconds, Stopping threads took: 0.0000257 seconds
{Heap before GC invocations=103 (full 2):
 par new generation   total 109248K, used 101172K [0x00000000e0000000, 0x00000000e8000000, 0x00000000e8000000)
  eden space 87424K, 100% used [0x00000000e0000000, 0x00000000e5560000, 0x00000000e5560000)
  from space 21824K,  62% used [0x00000000e6ab0000, 0x00000000e781d128, 0x00000000e8000000)
  to   space 21824K,   0% used [0x00000000e5560000, 0x00000000e5560000, 0x00000000e6ab0000)
 concurrent mark-sweep generation total 393216K, used 46097K [0x00000000e8000000, 0x0000000100000000, 0x0000000100000000)
 Metaspace       used 37953K, capacity 38692K, committed 39320K, reserved 1083392K
  class space    used 4338K, capacity 4566K, committed 4760K, reserved 1048576K
2017-08-29T19:35:46.074+0600: 3189.172: [GC (Allocation Failure) 2017-08-29T19:35:46.074+0600: 3189.172: [ParNew
Desired survivor size 20112992 bytes, new threshold 8 (max 8)
- age   1:    1919576 bytes,    1919576 total
- age   2:    2382712 bytes,    4302288 total
- age   3:    2496480 bytes,    6798768 total
- age   4:    1530640 bytes,    8329408 total
- age   5:    1395696 bytes,    9725104 total
- age   6:     536248 bytes,   10261352 total
- age   7:       5200 bytes,   10266552 total
- age   8:      46208 bytes,   10312760 total
: 101172K->12926K(109248K), 0.0048536 secs] 147270K->59068K(502464K), 0.0049155 secs] [Times: user=0.01 sys=0.00, real=0.01 secs] 
Heap after GC invocations=104 (full 2):
 par new generation   total 109248K, used 12926K [0x00000000e0000000, 0x00000000e8000000, 0x00000000e8000000)
  eden space 87424K,   0% used [0x00000000e0000000, 0x00000000e0000000, 0x00000000e5560000)
  from space 21824K,  59% used [0x00000000e5560000, 0x00000000e61ff9a0, 0x00000000e6ab0000)
  to   space 21824K,   0% used [0x00000000e6ab0000, 0x00000000e6ab0000, 0x00000000e8000000)
 concurrent mark-sweep generation total 393216K, used 46142K [0x00000000e8000000, 0x0000000100000000, 0x0000000100000000)
 Metaspace       used 37953K, capacity 38692K, committed 39320K, reserved 1083392K
  class space    used 4338K, capacity 4566K, committed 4760K, reserved 1048576K
}
2017-08-29T19:35:46.079+0600: 3189.177: Total time for which application threads were stopped: 0.0050688 seconds, Stopping threads took: 0.0000366 seconds
{Heap before GC invocations=104 (full 2):
 par new generation   total 109248K, used 100350K [0x00000000e0000000, 0x00000000e8000000, 0x00000000e8000000)
  eden space 87424K, 100% used [0x00000000e0000000, 0x00000000e5560000, 0x00000000e5560000)
  from space 21824K,  59% used [0x00000000e5560000, 0x00000000e61ff9a0, 0x00000000e6ab0000)
  to   space 21824K,   0% used [0x00000000e6ab0000, 0x00000000e6ab0000, 0x00000000e8000000)
 concurrent mark-sweep generation total 393216K, used 46142K [0x00000000e8000000, 0x0000000100000000, 0x0000000100000000)
 Metaspace       used 37953K, capacity 38692K, committed 39320K, reserved 1083392K
  class space    used 4338K, capacity 4566K, committed 4760K, reserved 1048576K
2017-08-29T19:35:48.963+0600: 3192.062: [GC (Allocation Failure) 2017-08-29T19:35:48.963+0600: 3192.062: [ParNew
Desired survivor size 20112992 bytes, new threshold 8 (max 8)
- age   1:    2830592 bytes,    2830592 total
- age   2:    1764088 bytes,    4594680 total
- age   3:    2382552 bytes,    6977232 total
- age   4:    2496224 bytes,    9473456 total
- age   5:    1530256 bytes,   11003712 total
- age   6:    1395336 bytes,   12399048 total
- age   7:     536088 bytes,   12935136 total
- age   8:       5200 bytes,   12940336 total
: 100350K->14070K(109248K), 0.0065181 secs] 146492K->60257K(502464K), 0.0065744 secs] [Times: user=0.02 sys=0.00, real=0.01 secs] 
Heap after GC invocations=105 (full 2):
 par new generation   total 109248K, used 14070K [0x00000000e0000000, 0x00000000e8000000, 0x00000000e8000000)
  eden space 87424K,   0% used [0x00000000e0000000, 0x00000000e0000000, 0x00000000e5560000)
  from space 21824K,  64% used [0x00000000e6ab0000, 0x00000000e786d938, 0x00000000e8000000)
  to   space 21824K,   0% used [0x00000000e5560000, 0x00000000e5560000, 0x00000000e6ab0000)
 concurrent mark-sweep generation total 393216K, used 46187K [0x00000000e8000000, 0x0000000100000000, 0x0000000100000000)
 Metaspace       used 37953K, capacity 38692K, committed 39320K, reserved 1083392K
  class space    used 4338K, capacity 4566K, committed 4760K, reserved 1048576K
}
2017-08-29T19:35:48.970+0600: 3192.068: Total time for which application threads were stopped: 0.0067073 seconds, Stopping threads took: 0.0000194 seconds
{Heap before GC invocations=105 (full 2):
 par new generation   total 109248K, used 101494K [0x00000000e0000000, 0x00000000e8000000, 0x00000000e8000000)
  eden space 87424K, 100% used [0x00000000e0000000, 0x00000000e5560000, 0x00000000e5560000)
  from space 21824K,  64% used [0x00000000e6ab0000, 0x00000000e786d938, 0x00000000e8000000)
  to   space 21824K,   0% used [0x00000000e5560000, 0x00000000e5560000, 0x00000000e6ab0000)
 concurrent mark-sweep generation total 393216K, used 46187K [0x00000000e8000000, 0x0000000100000000, 0x0000000100000000)
 Metaspace       used 37954K, capacity 38692K, committed 39320K, reserved 1083392K
  class space    used 4338K, capacity 4566K, committed 4760K, reserved 1048576K
2017-08-29T19:35:52.461+0600: 3195.559: [GC (Allocation Failure) 2017-08-29T19:35:52.461+0600: 3195.559: [ParNew
Desired survivor size 20112992 bytes, new threshold 8 (max 8)
- age   1:    3817152 bytes,    3817152 total
- age   2:    1878280 bytes,    5695432 total
- age   3:    1763680 bytes,    7459112 total
- age   4:    2382424 bytes,    9841536 total
- age   5:    2495840 bytes,   12337376 total
- age   6:    1529968 bytes,   13867344 total
- age   7:    1394896 bytes,   15262240 total
- age   8:     535800 bytes,   15798040 total
: 101494K->21096K(109248K), 0.0081968 secs] 147681K->67288K(502464K), 0.0082494 secs] [Times: user=0.02 sys=0.00, real=0.01 secs] 
Heap after GC invocations=106 (full 2):
 par new generation   total 109248K, used 21096K [0x00000000e0000000, 0x00000000e8000000, 0x00000000e8000000)
  eden space 87424K,   0% used [0x00000000e0000000, 0x00000000e0000000, 0x00000000e5560000)
  from space 21824K,  96% used [0x00000000e5560000, 0x00000000e69fa0d8, 0x00000000e6ab0000)
  to   space 21824K,   0% used [0x00000000e6ab0000, 0x00000000e6ab0000, 0x00000000e8000000)
 concurrent mark-sweep generation total 393216K, used 46192K [0x00000000e8000000, 0x0000000100000000, 0x0000000100000000)
 Metaspace       used 37954K, capacity 38692K, committed 39320K, reserved 1083392K
  class space    used 4338K, capacity 4566K, committed 4760K, reserved 1048576K
}
2017-08-29T19:35:52.469+0600: 3195.567: Total time for which application threads were stopped: 0.0083925 seconds, Stopping threads took: 0.0000255 seconds
2017-08-29T19:35:53.469+0600: 3196.567: Total time for which application threads were stopped: 0.0000766 seconds, Stopping threads took: 0.0000247 seconds
{Heap before GC invocations=106 (full 2):
 par new generation   total 109248K, used 108520K [0x00000000e0000000, 0x00000000e8000000, 0x00000000e8000000)
  eden space 87424K, 100% used [0x00000000e0000000, 0x00000000e5560000, 0x00000000e5560000)
  from space 21824K,  96% used [0x00000000e5560000, 0x00000000e69fa0d8, 0x00000000e6ab0000)
  to   space 21824K,   0% used [0x00000000e6ab0000, 0x00000000e6ab0000, 0x00000000e8000000)
 concurrent mark-sweep generation total 393216K, used 46192K [0x00000000e8000000, 0x0000000100000000, 0x0000000100000000)
 Metaspace       used 37954K, capacity 38692K, committed 39320K, reserved 1083392K
  class space    used 4338K, capacity 4566K, committed 4760K, reserved 1048576K
2017-08-29T19:35:55.933+0600: 3199.032: [GC (Allocation Failure) 2017-08-29T19:35:55.933+0600: 3199.032: [ParNew
Desired survivor size 20112992 bytes, new threshold 8 (max 8)
- age   1:    4726568 bytes,    4726568 total
- age   2:    2119840 bytes,    6846408 total
- age   3:    1874664 bytes,    8721072 total
- age   4:    1763248 bytes,   10484320 total
- age   5:    2382328 bytes,   12866648 total
- age   6:    2495232 bytes,   15361880 total
- age   7:    1529680 bytes,   16891560 total
- age   8:    1394672 bytes,   18286232 total
: 108520K->20835K(109248K), 0.0052961 secs] 154712K->67551K(502464K), 0.0053549 secs] [Times: user=0.01 sys=0.00, real=0.01 secs] 
Heap after GC invocations=107 (full 2):
 par new generation   total 109248K, used 20835K [0x00000000e0000000, 0x00000000e8000000, 0x00000000e8000000)
  eden space 87424K,   0% used [0x00000000e0000000, 0x00000000e0000000, 0x00000000e5560000)
  from space 21824K,  95% used [0x00000000e6ab0000, 0x00000000e7f08e70, 0x00000000e8000000)
  to   space 21824K,   0% used [0x00000000e5560000, 0x00000000e5560000, 0x00000000e6ab0000)
 concurrent mark-sweep generation total 393216K, used 46715K [0x00000000e8000000, 0x0000000100000000, 0x0000000100000000)
 Metaspace       used 37954K, capacity 38692K, committed 39320K, reserved 1083392K
  class space    used 4338K, capacity 4566K, committed 4760K, reserved 1048576K
}
2017-08-29T19:35:55.939+0600: 3199.037: Total time for which application threads were stopped: 0.0055655 seconds, Stopping threads took: 0.0000218 seconds
2017-08-29T19:35:58.821+0600: 3201.920: Total time for which application threads were stopped: 0.0001003 seconds, Stopping threads took: 0.0000312 seconds
2017-08-29T19:35:58.822+0600: 3201.920: Total time for which application threads were stopped: 0.0000579 seconds, Stopping threads took: 0.0000300 seconds
2017-08-29T19:35:58.822+0600: 3201.920: Total time for which application threads were stopped: 0.0000727 seconds, Stopping threads took: 0.0000484 seconds
2017-08-29T19:35:58.823+0600: 3201.922: Total time for which application threads were stopped: 0.0000472 seconds, Stopping threads took: 0.0000146 seconds
2017-08-29T19:35:58.823+0600: 3201.922: Total time for which application threads were stopped: 0.0000611 seconds, Stopping threads took: 0.0000357 seconds
2017-08-29T19:35:58.825+0600: 3201.923: Total time for which application threads were stopped: 0.0000438 seconds, Stopping threads took: 0.0000067 seconds
2017-08-29T19:35:58.825+0600: 3201.923: Total time for which application threads were stopped: 0.0000386 seconds, Stopping threads took: 0.0000074 seconds
2017-08-29T19:35:58.841+0600: 3201.940: Total time for which application threads were stopped: 0.0000874 seconds, Stopping threads took: 0.0000169 seconds
{Heap before GC invocations=107 (full 2):
 par new generation   total 109248K, used 108259K [0x00000000e0000000, 0x00000000e8000000, 0x00000000e8000000)
  eden space 87424K, 100% used [0x00000000e0000000, 0x00000000e5560000, 0x00000000e5560000)
  from space 21824K,  95% used [0x00000000e6ab0000, 0x00000000e7f08e70, 0x00000000e8000000)
  to   space 21824K,   0% used [0x00000000e5560000, 0x00000000e5560000, 0x00000000e6ab0000)
 concurrent mark-sweep generation total 393216K, used 46715K [0x00000000e8000000, 0x0000000100000000, 0x0000000100000000)
 Metaspace       used 37954K, capacity 38692K, committed 39320K, reserved 1083392K
  class space    used 4338K, capacity 4566K, committed 4760K, reserved 1048576K
2017-08-29T19:35:58.876+0600: 3201.974: [GC (Allocation Failure) 2017-08-29T19:35:58.876+0600: 3201.974: [ParNew
Desired survivor size 20112992 bytes, new threshold 8 (max 8)
- age   1:    3852272 bytes,    3852272 total
- age   2:    2354760 bytes,    6207032 total
- age   3:    1519800 bytes,    7726832 total
- age   4:    1454280 bytes,    9181112 total
- age   5:    1341240 bytes,   10522352 total
- age   6:    2377880 bytes,   12900232 total
- age   7:    2483560 bytes,   15383792 total
- age   8:    1519152 bytes,   16902944 total
: 108259K->21824K(109248K), 0.0116258 secs] 154975K->70202K(502464K), 0.0116814 secs] [Times: user=0.02 sys=0.00, real=0.01 secs] 
Heap after GC invocations=108 (full 2):
 par new generation   total 109248K, used 21824K [0x00000000e0000000, 0x00000000e8000000, 0x00000000e8000000)
  eden space 87424K,   0% used [0x00000000e0000000, 0x00000000e0000000, 0x00000000e5560000)
  from space 21824K, 100% used [0x00000000e5560000, 0x00000000e6ab0000, 0x00000000e6ab0000)
  to   space 21824K,   0% used [0x00000000e6ab0000, 0x00000000e6ab0000, 0x00000000e8000000)
 concurrent mark-sweep generation total 393216K, used 48378K [0x00000000e8000000, 0x0000000100000000, 0x0000000100000000)
 Metaspace       used 37954K, capacity 38692K, committed 39320K, reserved 1083392K
  class space    used 4338K, capacity 4566K, committed 4760K, reserved 1048576K
}
2017-08-29T19:35:58.888+0600: 3201.986: Total time for which application threads were stopped: 0.0118345 seconds, Stopping threads took: 0.0000238 seconds
2017-08-29T19:35:58.982+0600: 3202.080: Total time for which application threads were stopped: 0.0000817 seconds, Stopping threads took: 0.0000169 seconds
{Heap before GC invocations=108 (full 2):
 par new generation   total 109248K, used 109248K [0x00000000e0000000, 0x00000000e8000000, 0x00000000e8000000)
  eden space 87424K, 100% used [0x00000000e0000000, 0x00000000e5560000, 0x00000000e5560000)
  from space 21824K, 100% used [0x00000000e5560000, 0x00000000e6ab0000, 0x00000000e6ab0000)
  to   space 21824K,   0% used [0x00000000e6ab0000, 0x00000000e6ab0000, 0x00000000e8000000)
 concurrent mark-sweep generation total 393216K, used 48378K [0x00000000e8000000, 0x0000000100000000, 0x0000000100000000)
 Metaspace       used 37959K, capacity 38696K, committed 39320K, reserved 1083392K
  class space    used 4338K, capacity 4566K, committed 4760K, reserved 1048576K
2017-08-29T19:35:59.861+0600: 3202.960: [GC (Allocation Failure) 2017-08-29T19:35:59.861+0600: 3202.960: [ParNew
Desired survivor size 20112992 bytes, new threshold 8 (max 8)
- age   1:    1039520 bytes,    1039520 total
- age   2:    1107024 bytes,    2146544 total
- age   3:     463800 bytes,    2610344 total
- age   4:     457776 bytes,    3068120 total
- age   5:     428968 bytes,    3497088 total
- age   6:    1053736 bytes,    4550824 total
- age   7:    2377696 bytes,    6928520 total
- age   8:    2483400 bytes,    9411920 total
: 109248K->12710K(109248K), 0.0049081 secs] 157626K->62572K(502464K), 0.0049634 secs] [Times: user=0.01 sys=0.00, real=0.01 secs] 
Heap after GC invocations=109 (full 2):
 par new generation   total 109248K, used 12710K [0x00000000e0000000, 0x00000000e8000000, 0x00000000e8000000)
  eden space 87424K,   0% used [0x00000000e0000000, 0x00000000e0000000, 0x00000000e5560000)
  from space 21824K,  58% used [0x00000000e6ab0000, 0x00000000e7719840, 0x00000000e8000000)
  to   space 21824K,   0% used [0x00000000e5560000, 0x00000000e5560000, 0x00000000e6ab0000)
 concurrent mark-sweep generation total 393216K, used 49862K [0x00000000e8000000, 0x0000000100000000, 0x0000000100000000)
 Metaspace       used 37959K, capacity 38696K, committed 39320K, reserved 1083392K
  class space    used 4338K, capacity 4566K, committed 4760K, reserved 1048576K
}
2017-08-29T19:35:59.866+0600: 3202.965: Total time for which application threads were stopped: 0.0051304 seconds, Stopping threads took: 0.0000421 seconds
2017-08-29T19:36:00.030+0600: 3203.128: Total time for which application threads were stopped: 0.0000997 seconds, Stopping threads took: 0.0000196 seconds
2017-08-29T19:36:00.032+0600: 3203.130: Total time for which application threads were stopped: 0.0001238 seconds, Stopping threads took: 0.0000432 seconds
2017-08-29T19:36:00.033+0600: 3203.131: Total time for which application threads were stopped: 0.0000416 seconds, Stopping threads took: 0.0000064 seconds
2017-08-29T19:36:00.044+0600: 3203.142: Total time for which application threads were stopped: 0.0000824 seconds, Stopping threads took: 0.0000153 seconds
2017-08-29T19:36:00.150+0600: 3203.248: Total time for which application threads were stopped: 0.0000777 seconds, Stopping threads took: 0.0000129 seconds
{Heap before GC invocations=109 (full 2):
 par new generation   total 109248K, used 100134K [0x00000000e0000000, 0x00000000e8000000, 0x00000000e8000000)
  eden space 87424K, 100% used [0x00000000e0000000, 0x00000000e5560000, 0x00000000e5560000)
  from space 21824K,  58% used [0x00000000e6ab0000, 0x00000000e7719840, 0x00000000e8000000)
  to   space 21824K,   0% used [0x00000000e5560000, 0x00000000e5560000, 0x00000000e6ab0000)
 concurrent mark-sweep generation total 393216K, used 49862K [0x00000000e8000000, 0x0000000100000000, 0x0000000100000000)
 Metaspace       used 37962K, capacity 38696K, committed 39320K, reserved 1083392K
  class space    used 4338K, capacity 4566K, committed 4760K, reserved 1048576K
2017-08-29T19:36:02.532+0600: 3205.630: [GC (Allocation Failure) 2017-08-29T19:36:02.532+0600: 3205.630: [ParNew
Desired survivor size 20112992 bytes, new threshold 8 (max 8)
- age   1:    3376800 bytes,    3376800 total
- age   2:     194008 bytes,    3570808 total
- age   3:     290832 bytes,    3861640 total
- age   4:     237248 bytes,    4098888 total
- age   5:     230776 bytes,    4329664 total
- age   6:     200344 bytes,    4530008 total
- age   7:     874160 bytes,    5404168 total
- age   8:    2536776 bytes,    7940944 total
: 100134K->11095K(109248K), 0.0059191 secs] 149996K->63382K(502464K), 0.0059950 secs] [Times: user=0.02 sys=0.00, real=0.01 secs] 
Heap after GC invocations=110 (full 2):
 par new generation   total 109248K, used 11095K [0x00000000e0000000, 0x00000000e8000000, 0x00000000e8000000)
  eden space 87424K,   0% used [0x00000000e0000000, 0x00000000e0000000, 0x00000000e5560000)
  from space 21824K,  50% used [0x00000000e5560000, 0x00000000e6035ca8, 0x00000000e6ab0000)
  to   space 21824K,   0% used [0x00000000e6ab0000, 0x00000000e6ab0000, 0x00000000e8000000)
 concurrent mark-sweep generation total 393216K, used 52287K [0x00000000e8000000, 0x0000000100000000, 0x0000000100000000)
 Metaspace       used 37962K, capacity 38696K, committed 39320K, reserved 1083392K
  class space    used 4338K, capacity 4566K, committed 4760K, reserved 1048576K
}
2017-08-29T19:36:02.538+0600: 3205.636: Total time for which application threads were stopped: 0.0061416 seconds, Stopping threads took: 0.0000136 seconds
2017-08-29T19:36:03.011+0600: 3206.109: Total time for which application threads were stopped: 0.0000910 seconds, Stopping threads took: 0.0000271 seconds
2017-08-29T19:36:03.014+0600: 3206.113: Total time for which application threads were stopped: 0.0001064 seconds, Stopping threads took: 0.0000124 seconds
{Heap before GC invocations=110 (full 2):
 par new generation   total 109248K, used 98519K [0x00000000e0000000, 0x00000000e8000000, 0x00000000e8000000)
  eden space 87424K, 100% used [0x00000000e0000000, 0x00000000e5560000, 0x00000000e5560000)
  from space 21824K,  50% used [0x00000000e5560000, 0x00000000e6035ca8, 0x00000000e6ab0000)
  to   space 21824K,   0% used [0x00000000e6ab0000, 0x00000000e6ab0000, 0x00000000e8000000)
 concurrent mark-sweep generation total 393216K, used 52287K [0x00000000e8000000, 0x0000000100000000, 0x0000000100000000)
 Metaspace       used 37962K, capacity 38696K, committed 39320K, reserved 1083392K
  class space    used 4338K, capacity 4566K, committed 4760K, reserved 1048576K
2017-08-29T19:36:05.363+0600: 3208.461: [GC (Allocation Failure) 2017-08-29T19:36:05.363+0600: 3208.461: [ParNew
Desired survivor size 20112992 bytes, new threshold 8 (max 8)
- age   1:    3701264 bytes,    3701264 total
- age   2:    2582040 bytes,    6283304 total
- age   3:     193848 bytes,    6477152 total
- age   4:     290384 bytes,    6767536 total
- age   5:     236928 bytes,    7004464 total
- age   6:     230520 bytes,    7234984 total
- age   7:     200024 bytes,    7435008 total
- age   8:     874032 bytes,    8309040 total
: 98519K->10102K(109248K), 0.0056738 secs] 150806K->64705K(502464K), 0.0057396 secs] [Times: user=0.02 sys=0.00, real=0.01 secs] 
Heap after GC invocations=111 (full 2):
 par new generation   total 109248K, used 10102K [0x00000000e0000000, 0x00000000e8000000, 0x00000000e8000000)
  eden space 87424K,   0% used [0x00000000e0000000, 0x00000000e0000000, 0x00000000e5560000)
  from space 21824K,  46% used [0x00000000e6ab0000, 0x00000000e748d930, 0x00000000e8000000)
  to   space 21824K,   0% used [0x00000000e5560000, 0x00000000e5560000, 0x00000000e6ab0000)
 concurrent mark-sweep generation total 393216K, used 54602K [0x00000000e8000000, 0x0000000100000000, 0x0000000100000000)
 Metaspace       used 37962K, capacity 38696K, committed 39320K, reserved 1083392K
  class space    used 4338K, capacity 4566K, committed 4760K, reserved 1048576K
}
2017-08-29T19:36:05.368+0600: 3208.467: Total time for which application threads were stopped: 0.0058797 seconds, Stopping threads took: 0.0000251 seconds
{Heap before GC invocations=111 (full 2):
 par new generation   total 109248K, used 97526K [0x00000000e0000000, 0x00000000e8000000, 0x00000000e8000000)
  eden space 87424K, 100% used [0x00000000e0000000, 0x00000000e5560000, 0x00000000e5560000)
  from space 21824K,  46% used [0x00000000e6ab0000, 0x00000000e748d930, 0x00000000e8000000)
  to   space 21824K,   0% used [0x00000000e5560000, 0x00000000e5560000, 0x00000000e6ab0000)
 concurrent mark-sweep generation total 393216K, used 54602K [0x00000000e8000000, 0x0000000100000000, 0x0000000100000000)
 Metaspace       used 37962K, capacity 38696K, committed 39320K, reserved 1083392K
  class space    used 4338K, capacity 4566K, committed 4760K, reserved 1048576K
2017-08-29T19:36:09.052+0600: 3212.151: [GC (Allocation Failure) 2017-08-29T19:36:09.052+0600: 3212.151: [ParNew
Desired survivor size 20112992 bytes, new threshold 8 (max 8)
- age   1:    4100592 bytes,    4100592 total
- age   2:    2557088 bytes,    6657680 total
- age   3:    2581680 bytes,    9239360 total
- age   4:     193720 bytes,    9433080 total
- age   5:     290064 bytes,    9723144 total
- age   6:     236608 bytes,    9959752 total
- age   7:     230136 bytes,   10189888 total
- age   8:     199672 bytes,   10389560 total
: 97526K->13254K(109248K), 0.0065743 secs] 152129K->68712K(502464K), 0.0066311 secs] [Times: user=0.02 sys=0.00, real=0.01 secs] 
Heap after GC invocations=112 (full 2):
 par new generation   total 109248K, used 13254K [0x00000000e0000000, 0x00000000e8000000, 0x00000000e8000000)
  eden space 87424K,   0% used [0x00000000e0000000, 0x00000000e0000000, 0x00000000e5560000)
  from space 21824K,  60% used [0x00000000e5560000, 0x00000000e6251900, 0x00000000e6ab0000)
  to   space 21824K,   0% used [0x00000000e6ab0000, 0x00000000e6ab0000, 0x00000000e8000000)
 concurrent mark-sweep generation total 393216K, used 55457K [0x00000000e8000000, 0x0000000100000000, 0x0000000100000000)
 Metaspace       used 37962K, capacity 38696K, committed 39320K, reserved 1083392K
  class space    used 4338K, capacity 4566K, committed 4760K, reserved 1048576K
}
2017-08-29T19:36:09.059+0600: 3212.157: Total time for which application threads were stopped: 0.0067749 seconds, Stopping threads took: 0.0000143 seconds
{Heap before GC invocations=112 (full 2):
 par new generation   total 109248K, used 100678K [0x00000000e0000000, 0x00000000e8000000, 0x00000000e8000000)
  eden space 87424K, 100% used [0x00000000e0000000, 0x00000000e5560000, 0x00000000e5560000)
  from space 21824K,  60% used [0x00000000e5560000, 0x00000000e6251900, 0x00000000e6ab0000)
  to   space 21824K,   0% used [0x00000000e6ab0000, 0x00000000e6ab0000, 0x00000000e8000000)
 concurrent mark-sweep generation total 393216K, used 55457K [0x00000000e8000000, 0x0000000100000000, 0x0000000100000000)
 Metaspace       used 37962K, capacity 38696K, committed 39320K, reserved 1083392K
  class space    used 4338K, capacity 4566K, committed 4760K, reserved 1048576K
2017-08-29T19:36:13.223+0600: 3216.321: [GC (Allocation Failure) 2017-08-29T19:36:13.223+0600: 3216.321: [ParNew
Desired survivor size 20112992 bytes, new threshold 8 (max 8)
- age   1:    4930032 bytes,    4930032 total
- age   2:    2587200 bytes,    7517232 total
- age   3:    2229056 bytes,    9746288 total
- age   4:    2580736 bytes,   12327024 total
- age   5:     193624 bytes,   12520648 total
- age   6:     289648 bytes,   12810296 total
- age   7:     236288 bytes,   13046584 total
- age   8:     229912 bytes,   13276496 total
: 100678K->15498K(109248K), 0.0051893 secs] 156136K->71150K(502464K), 0.0052512 secs] [Times: user=0.01 sys=0.00, real=0.01 secs] 
Heap after GC invocations=113 (full 2):
 par new generation   total 109248K, used 15498K [0x00000000e0000000, 0x00000000e8000000, 0x00000000e8000000)
  eden space 87424K,   0% used [0x00000000e0000000, 0x00000000e0000000, 0x00000000e5560000)
  from space 21824K,  71% used [0x00000000e6ab0000, 0x00000000e79d28e8, 0x00000000e8000000)
  to   space 21824K,   0% used [0x00000000e5560000, 0x00000000e5560000, 0x00000000e6ab0000)
 concurrent mark-sweep generation total 393216K, used 55652K [0x00000000e8000000, 0x0000000100000000, 0x0000000100000000)
 Metaspace       used 37962K, capacity 38696K, committed 39320K, reserved 1083392K
  class space    used 4338K, capacity 4566K, committed 4760K, reserved 1048576K
}
2017-08-29T19:36:13.228+0600: 3216.327: Total time for which application threads were stopped: 0.0054007 seconds, Stopping threads took: 0.0000255 seconds
2017-08-29T19:36:13.825+0600: 3216.924: Total time for which application threads were stopped: 0.0000857 seconds, Stopping threads took: 0.0000236 seconds
2017-08-29T19:36:13.827+0600: 3216.925: Total time for which application threads were stopped: 0.0001062 seconds, Stopping threads took: 0.0000460 seconds
2017-08-29T19:36:13.827+0600: 3216.925: Total time for which application threads were stopped: 0.0001638 seconds, Stopping threads took: 0.0001151 seconds
2017-08-29T19:36:13.827+0600: 3216.925: Total time for which application threads were stopped: 0.0000654 seconds, Stopping threads took: 0.0000264 seconds
2017-08-29T19:36:13.827+0600: 3216.926: Total time for which application threads were stopped: 0.0001335 seconds, Stopping threads took: 0.0000146 seconds
2017-08-29T19:36:13.827+0600: 3216.926: Total time for which application threads were stopped: 0.0000496 seconds, Stopping threads took: 0.0000172 seconds
2017-08-29T19:36:13.829+0600: 3216.927: Total time for which application threads were stopped: 0.0000624 seconds, Stopping threads took: 0.0000177 seconds
2017-08-29T19:36:13.842+0600: 3216.940: Total time for which application threads were stopped: 0.0001018 seconds, Stopping threads took: 0.0000260 seconds
2017-08-29T19:36:13.921+0600: 3217.019: Total time for which application threads were stopped: 0.0000891 seconds, Stopping threads took: 0.0000148 seconds
2017-08-29T19:36:13.998+0600: 3217.096: Total time for which application threads were stopped: 0.0000942 seconds, Stopping threads took: 0.0000244 seconds
{Heap before GC invocations=113 (full 2):
 par new generation   total 109248K, used 102922K [0x00000000e0000000, 0x00000000e8000000, 0x00000000e8000000)
  eden space 87424K, 100% used [0x00000000e0000000, 0x00000000e5560000, 0x00000000e5560000)
  from space 21824K,  71% used [0x00000000e6ab0000, 0x00000000e79d28e8, 0x00000000e8000000)
  to   space 21824K,   0% used [0x00000000e5560000, 0x00000000e5560000, 0x00000000e6ab0000)
 concurrent mark-sweep generation total 393216K, used 55652K [0x00000000e8000000, 0x0000000100000000, 0x0000000100000000)
 Metaspace       used 37967K, capacity 38696K, committed 39320K, reserved 1083392K
  class space    used 4338K, capacity 4566K, committed 4760K, reserved 1048576K
2017-08-29T19:36:14.245+0600: 3217.343: [GC (Allocation Failure) 2017-08-29T19:36:14.245+0600: 3217.343: [ParNew
Desired survivor size 20112992 bytes, new threshold 8 (max 8)
- age   1:     979160 bytes,     979160 total
- age   2:     517768 bytes,    1496928 total
- age   3:     442432 bytes,    1939360 total
- age   4:     426088 bytes,    2365448 total
- age   5:     860672 bytes,    3226120 total
- age   6:     193416 bytes,    3419536 total
- age   7:     288104 bytes,    3707640 total
- age   8:     236256 bytes,    3943896 total
: 102922K->10702K(109248K), 0.0033622 secs] 158574K->66579K(502464K), 0.0034215 secs] [Times: user=0.01 sys=0.00, real=0.01 secs] 
Heap after GC invocations=114 (full 2):
 par new generation   total 109248K, used 10702K [0x00000000e0000000, 0x00000000e8000000, 0x00000000e8000000)
  eden space 87424K,   0% used [0x00000000e0000000, 0x00000000e0000000, 0x00000000e5560000)
  from space 21824K,  49% used [0x00000000e5560000, 0x00000000e5fd39a0, 0x00000000e6ab0000)
  to   space 21824K,   0% used [0x00000000e6ab0000, 0x00000000e6ab0000, 0x00000000e8000000)
 concurrent mark-sweep generation total 393216K, used 55877K [0x00000000e8000000, 0x0000000100000000, 0x0000000100000000)
 Metaspace       used 37967K, capacity 38696K, committed 39320K, reserved 1083392K
  class space    used 4338K, capacity 4566K, committed 4760K, reserved 1048576K
}
2017-08-29T19:36:14.248+0600: 3217.346: Total time for which application threads were stopped: 0.0035730 seconds, Stopping threads took: 0.0000358 seconds
2017-08-29T19:36:14.841+0600: 3217.939: Total time for which application threads were stopped: 0.0000919 seconds, Stopping threads took: 0.0000374 seconds
2017-08-29T19:36:14.843+0600: 3217.941: Total time for which application threads were stopped: 0.0000668 seconds, Stopping threads took: 0.0000119 seconds
2017-08-29T19:36:14.847+0600: 3217.945: Total time for which application threads were stopped: 0.0003094 seconds, Stopping threads took: 0.0001195 seconds
2017-08-29T19:36:14.849+0600: 3217.947: Total time for which application threads were stopped: 0.0000741 seconds, Stopping threads took: 0.0000329 seconds
2017-08-29T19:36:14.849+0600: 3217.947: Total time for which application threads were stopped: 0.0000547 seconds, Stopping threads took: 0.0000124 seconds
2017-08-29T19:36:14.981+0600: 3218.079: Total time for which application threads were stopped: 0.0000947 seconds, Stopping threads took: 0.0000259 seconds
{Heap before GC invocations=114 (full 2):
 par new generation   total 109248K, used 98126K [0x00000000e0000000, 0x00000000e8000000, 0x00000000e8000000)
  eden space 87424K, 100% used [0x00000000e0000000, 0x00000000e5560000, 0x00000000e5560000)
  from space 21824K,  49% used [0x00000000e5560000, 0x00000000e5fd39a0, 0x00000000e6ab0000)
  to   space 21824K,   0% used [0x00000000e6ab0000, 0x00000000e6ab0000, 0x00000000e8000000)
 concurrent mark-sweep generation total 393216K, used 55877K [0x00000000e8000000, 0x0000000100000000, 0x0000000100000000)
 Metaspace       used 37972K, capacity 38764K, committed 39320K, reserved 1083392K
  class space    used 4338K, capacity 4566K, committed 4760K, reserved 1048576K
2017-08-29T19:36:18.476+0600: 3221.574: [GC (Allocation Failure) 2017-08-29T19:36:18.476+0600: 3221.574: [ParNew
Desired survivor size 20112992 bytes, new threshold 8 (max 8)
- age   1:    3622528 bytes,    3622528 total
- age   2:     184904 bytes,    3807432 total
- age   3:     230008 bytes,    4037440 total
- age   4:     218656 bytes,    4256096 total
- age   5:     202720 bytes,    4458816 total
- age   6:     630320 bytes,    5089136 total
- age   7:     116736 bytes,    5205872 total
- age   8:     284200 bytes,    5490072 total
: 98126K->6506K(109248K), 0.0058171 secs] 154003K->62614K(502464K), 0.0058773 secs] [Times: user=0.01 sys=0.00, real=0.00 secs] 
Heap after GC invocations=115 (full 2):
 par new generation   total 109248K, used 6506K [0x00000000e0000000, 0x00000000e8000000, 0x00000000e8000000)
  eden space 87424K,   0% used [0x00000000e0000000, 0x00000000e0000000, 0x00000000e5560000)
  from space 21824K,  29% used [0x00000000e6ab0000, 0x00000000e710aa80, 0x00000000e8000000)
  to   space 21824K,   0% used [0x00000000e5560000, 0x00000000e5560000, 0x00000000e6ab0000)
 concurrent mark-sweep generation total 393216K, used 56108K [0x00000000e8000000, 0x0000000100000000, 0x0000000100000000)
 Metaspace       used 37972K, capacity 38764K, committed 39320K, reserved 1083392K
  class space    used 4338K, capacity 4566K, committed 4760K, reserved 1048576K
}
2017-08-29T19:36:18.482+0600: 3221.580: Total time for which application threads were stopped: 0.0060157 seconds, Stopping threads took: 0.0000215 seconds
2017-08-29T19:36:18.482+0600: 3221.580: Total time for which application threads were stopped: 0.0001406 seconds, Stopping threads took: 0.0000145 seconds
{Heap before GC invocations=115 (full 2):
 par new generation   total 109248K, used 93930K [0x00000000e0000000, 0x00000000e8000000, 0x00000000e8000000)
  eden space 87424K, 100% used [0x00000000e0000000, 0x00000000e5560000, 0x00000000e5560000)
  from space 21824K,  29% used [0x00000000e6ab0000, 0x00000000e710aa80, 0x00000000e8000000)
  to   space 21824K,   0% used [0x00000000e5560000, 0x00000000e5560000, 0x00000000e6ab0000)
 concurrent mark-sweep generation total 393216K, used 56108K [0x00000000e8000000, 0x0000000100000000, 0x0000000100000000)
 Metaspace       used 37972K, capacity 38764K, committed 39320K, reserved 1083392K
  class space    used 4338K, capacity 4566K, committed 4760K, reserved 1048576K
2017-08-29T19:36:23.468+0600: 3226.566: [GC (Allocation Failure) 2017-08-29T19:36:23.468+0600: 3226.566: [ParNew
Desired survivor size 20112992 bytes, new threshold 8 (max 8)
- age   1:    4160544 bytes,    4160544 total
- age   2:    2807744 bytes,    6968288 total
- age   3:     184744 bytes,    7153032 total
- age   4:     229624 bytes,    7382656 total
- age   5:     218368 bytes,    7601024 total
- age   6:     202560 bytes,    7803584 total
- age   7:     630192 bytes,    8433776 total
- age   8:     116576 bytes,    8550352 total
: 93930K->9668K(109248K), 0.0075588 secs] 150038K->66054K(502464K), 0.0076092 secs] [Times: user=0.02 sys=0.00, real=0.01 secs] 
Heap after GC invocations=116 (full 2):
 par new generation   total 109248K, used 9668K [0x00000000e0000000, 0x00000000e8000000, 0x00000000e8000000)
  eden space 87424K,   0% used [0x00000000e0000000, 0x00000000e0000000, 0x00000000e5560000)
  from space 21824K,  44% used [0x00000000e5560000, 0x00000000e5ed1340, 0x00000000e6ab0000)
  to   space 21824K,   0% used [0x00000000e6ab0000, 0x00000000e6ab0000, 0x00000000e8000000)
 concurrent mark-sweep generation total 393216K, used 56385K [0x00000000e8000000, 0x0000000100000000, 0x0000000100000000)
 Metaspace       used 37972K, capacity 38764K, committed 39320K, reserved 1083392K
  class space    used 4338K, capacity 4566K, committed 4760K, reserved 1048576K
}
2017-08-29T19:36:23.476+0600: 3226.574: Total time for which application threads were stopped: 0.0077446 seconds, Stopping threads took: 0.0000235 seconds
{Heap before GC invocations=116 (full 2):
 par new generation   total 109248K, used 97092K [0x00000000e0000000, 0x00000000e8000000, 0x00000000e8000000)
  eden space 87424K, 100% used [0x00000000e0000000, 0x00000000e5560000, 0x00000000e5560000)
  from space 21824K,  44% used [0x00000000e5560000, 0x00000000e5ed1340, 0x00000000e6ab0000)
  to   space 21824K,   0% used [0x00000000e6ab0000, 0x00000000e6ab0000, 0x00000000e8000000)
 concurrent mark-sweep generation total 393216K, used 56385K [0x00000000e8000000, 0x0000000100000000, 0x0000000100000000)
 Metaspace       used 37972K, capacity 38764K, committed 39320K, reserved 1083392K
  class space    used 4338K, capacity 4566K, committed 4760K, reserved 1048576K
2017-08-29T19:36:26.830+0600: 3229.929: [GC (Allocation Failure) 2017-08-29T19:36:26.830+0600: 3229.929: [ParNew
Desired survivor size 20112992 bytes, new threshold 8 (max 8)
- age   1:    4124552 bytes,    4124552 total
- age   2:    2892224 bytes,    7016776 total
- age   3:    2807464 bytes,    9824240 total
- age   4:     184584 bytes,   10008824 total
- age   5:     229272 bytes,   10238096 total
- age   6:     218016 bytes,   10456112 total
- age   7:     202080 bytes,   10658192 total
- age   8:     629904 bytes,   11288096 total
: 97092K->14942K(109248K), 0.0044988 secs] 153478K->71441K(502464K), 0.0045689 secs] [Times: user=0.02 sys=0.00, real=0.01 secs] 
Heap after GC invocations=117 (full 2):
 par new generation   total 109248K, used 14942K [0x00000000e0000000, 0x00000000e8000000, 0x00000000e8000000)
  eden space 87424K,   0% used [0x00000000e0000000, 0x00000000e0000000, 0x00000000e5560000)
  from space 21824K,  68% used [0x00000000e6ab0000, 0x00000000e7947880, 0x00000000e8000000)
  to   space 21824K,   0% used [0x00000000e5560000, 0x00000000e5560000, 0x00000000e6ab0000)
 concurrent mark-sweep generation total 393216K, used 56499K [0x00000000e8000000, 0x0000000100000000, 0x0000000100000000)
 Metaspace       used 37972K, capacity 38764K, committed 39320K, reserved 1083392K
  class space    used 4338K, capacity 4566K, committed 4760K, reserved 1048576K
}
2017-08-29T19:36:26.835+0600: 3229.933: Total time for which application threads were stopped: 0.0046970 seconds, Stopping threads took: 0.0000126 seconds
2017-08-29T19:36:28.826+0600: 3231.925: Total time for which application threads were stopped: 0.0001117 seconds, Stopping threads took: 0.0000294 seconds
2017-08-29T19:36:28.830+0600: 3231.929: Total time for which application threads were stopped: 0.0017418 seconds, Stopping threads took: 0.0016743 seconds
2017-08-29T19:36:28.831+0600: 3231.929: Total time for which application threads were stopped: 0.0001876 seconds, Stopping threads took: 0.0001036 seconds
2017-08-29T19:36:28.831+0600: 3231.929: Total time for which application threads were stopped: 0.0000717 seconds, Stopping threads took: 0.0000327 seconds
2017-08-29T19:36:28.831+0600: 3231.929: Total time for which application threads were stopped: 0.0000795 seconds, Stopping threads took: 0.0000464 seconds
2017-08-29T19:36:28.831+0600: 3231.930: Total time for which application threads were stopped: 0.0003321 seconds, Stopping threads took: 0.0003028 seconds
2017-08-29T19:36:28.849+0600: 3231.947: Total time for which application threads were stopped: 0.0000736 seconds, Stopping threads took: 0.0000138 seconds
{Heap before GC invocations=117 (full 2):
 par new generation   total 109248K, used 102366K [0x00000000e0000000, 0x00000000e8000000, 0x00000000e8000000)
  eden space 87424K, 100% used [0x00000000e0000000, 0x00000000e5560000, 0x00000000e5560000)
  from space 21824K,  68% used [0x00000000e6ab0000, 0x00000000e7947880, 0x00000000e8000000)
  to   space 21824K,   0% used [0x00000000e5560000, 0x00000000e5560000, 0x00000000e6ab0000)
 concurrent mark-sweep generation total 393216K, used 56499K [0x00000000e8000000, 0x0000000100000000, 0x0000000100000000)
 Metaspace       used 37975K, capacity 38764K, committed 39320K, reserved 1083392K
  class space    used 4338K, capacity 4566K, committed 4760K, reserved 1048576K
2017-08-29T19:36:28.901+0600: 3231.999: [GC (Allocation Failure) 2017-08-29T19:36:28.901+0600: 3231.999: [ParNew
Desired survivor size 20112992 bytes, new threshold 8 (max 8)
- age   1:    3773672 bytes,    3773672 total
- age   2:    1897432 bytes,    5671104 total
- age   3:    1881816 bytes,    7552920 total
- age   4:    1998608 bytes,    9551528 total
- age   5:     184080 bytes,    9735608 total
- age   6:     228984 bytes,    9964592 total
- age   7:     217856 bytes,   10182448 total
- age   8:     201888 bytes,   10384336 total
: 102366K->13503K(109248K), 0.0053299 secs] 158865K->70618K(502464K), 0.0053933 secs] [Times: user=0.01 sys=0.00, real=0.00 secs] 
Heap after GC invocations=118 (full 2):
 par new generation   total 109248K, used 13503K [0x00000000e0000000, 0x00000000e8000000, 0x00000000e8000000)
  eden space 87424K,   0% used [0x00000000e0000000, 0x00000000e0000000, 0x00000000e5560000)
  from space 21824K,  61% used [0x00000000e5560000, 0x00000000e628fe58, 0x00000000e6ab0000)
  to   space 21824K,   0% used [0x00000000e6ab0000, 0x00000000e6ab0000, 0x00000000e8000000)
 concurrent mark-sweep generation total 393216K, used 57114K [0x00000000e8000000, 0x0000000100000000, 0x0000000100000000)
 Metaspace       used 37975K, capacity 38764K, committed 39320K, reserved 1083392K
  class space    used 4338K, capacity 4566K, committed 4760K, reserved 1048576K
}
2017-08-29T19:36:28.906+0600: 3232.004: Total time for which application threads were stopped: 0.0055740 seconds, Stopping threads took: 0.0000333 seconds
2017-08-29T19:36:28.967+0600: 3232.065: Total time for which application threads were stopped: 0.0000833 seconds, Stopping threads took: 0.0000265 seconds
2017-08-29T19:36:28.969+0600: 3232.067: Total time for which application threads were stopped: 0.0000734 seconds, Stopping threads took: 0.0000148 seconds
2017-08-29T19:36:29.823+0600: 3232.922: Total time for which application threads were stopped: 0.0000887 seconds, Stopping threads took: 0.0000127 seconds
2017-08-29T19:36:29.827+0600: 3232.926: Total time for which application threads were stopped: 0.0000978 seconds, Stopping threads took: 0.0000379 seconds
2017-08-29T19:36:29.833+0600: 3232.931: Total time for which application threads were stopped: 0.0011237 seconds, Stopping threads took: 0.0010501 seconds
2017-08-29T19:36:29.836+0600: 3232.935: Total time for which application threads were stopped: 0.0001212 seconds, Stopping threads took: 0.0000382 seconds
2017-08-29T19:36:30.131+0600: 3233.229: Total time for which application threads were stopped: 0.0000900 seconds, Stopping threads took: 0.0000251 seconds
{Heap before GC invocations=118 (full 2):
 par new generation   total 109248K, used 100927K [0x00000000e0000000, 0x00000000e8000000, 0x00000000e8000000)
  eden space 87424K, 100% used [0x00000000e0000000, 0x00000000e5560000, 0x00000000e5560000)
  from space 21824K,  61% used [0x00000000e5560000, 0x00000000e628fe58, 0x00000000e6ab0000)
  to   space 21824K,   0% used [0x00000000e6ab0000, 0x00000000e6ab0000, 0x00000000e8000000)
 concurrent mark-sweep generation total 393216K, used 57114K [0x00000000e8000000, 0x0000000100000000, 0x0000000100000000)
 Metaspace       used 37975K, capacity 38764K, committed 39320K, reserved 1083392K
  class space    used 4338K, capacity 4566K, committed 4760K, reserved 1048576K
2017-08-29T19:36:30.856+0600: 3233.955: [GC (Allocation Failure) 2017-08-29T19:36:30.856+0600: 3233.955: [ParNew
Desired survivor size 20112992 bytes, new threshold 8 (max 8)
- age   1:    1974168 bytes,    1974168 total
- age   2:     205664 bytes,    2179832 total
- age   3:     225696 bytes,    2405528 total
- age   4:     253848 bytes,    2659376 total
- age   5:     528904 bytes,    3188280 total
- age   6:     165816 bytes,    3354096 total
- age   7:     228792 bytes,    3582888 total
- age   8:     217728 bytes,    3800616 total
: 100927K->6629K(109248K), 0.0041169 secs] 158042K->63940K(502464K), 0.0041655 secs] [Times: user=0.01 sys=0.00, real=0.00 secs] 
Heap after GC invocations=119 (full 2):
 par new generation   total 109248K, used 6629K [0x00000000e0000000, 0x00000000e8000000, 0x00000000e8000000)
  eden space 87424K,   0% used [0x00000000e0000000, 0x00000000e0000000, 0x00000000e5560000)
  from space 21824K,  30% used [0x00000000e6ab0000, 0x00000000e7129440, 0x00000000e8000000)
  to   space 21824K,   0% used [0x00000000e5560000, 0x00000000e5560000, 0x00000000e6ab0000)
 concurrent mark-sweep generation total 393216K, used 57311K [0x00000000e8000000, 0x0000000100000000, 0x0000000100000000)
 Metaspace       used 37975K, capacity 38764K, committed 39320K, reserved 1083392K
  class space    used 4338K, capacity 4566K, committed 4760K, reserved 1048576K
}
2017-08-29T19:36:30.860+0600: 3233.959: Total time for which application threads were stopped: 0.0043164 seconds, Stopping threads took: 0.0000392 seconds
{Heap before GC invocations=119 (full 2):
 par new generation   total 109248K, used 94053K [0x00000000e0000000, 0x00000000e8000000, 0x00000000e8000000)
  eden space 87424K, 100% used [0x00000000e0000000, 0x00000000e5560000, 0x00000000e5560000)
  from space 21824K,  30% used [0x00000000e6ab0000, 0x00000000e7129440, 0x00000000e8000000)
  to   space 21824K,   0% used [0x00000000e5560000, 0x00000000e5560000, 0x00000000e6ab0000)
 concurrent mark-sweep generation total 393216K, used 57311K [0x00000000e8000000, 0x0000000100000000, 0x0000000100000000)
 Metaspace       used 37975K, capacity 38764K, committed 39320K, reserved 1083392K
  class space    used 4338K, capacity 4566K, committed 4760K, reserved 1048576K
2017-08-29T19:36:34.411+0600: 3237.509: [GC (Allocation Failure) 2017-08-29T19:36:34.411+0600: 3237.509: [ParNew
Desired survivor size 20112992 bytes, new threshold 8 (max 8)
- age   1:    3212616 bytes,    3212616 total
- age   2:    1660688 bytes,    4873304 total
- age   3:     205472 bytes,    5078776 total
- age   4:     225216 bytes,    5303992 total
- age   5:     253592 bytes,    5557584 total
- age   6:     528480 bytes,    6086064 total
- age   7:     165672 bytes,    6251736 total
- age   8:     228440 bytes,    6480176 total
: 94053K->7704K(109248K), 0.0054176 secs] 151364K->65228K(502464K), 0.0054792 secs] [Times: user=0.01 sys=0.00, real=0.01 secs] 
Heap after GC invocations=120 (full 2):
 par new generation   total 109248K, used 7704K [0x00000000e0000000, 0x00000000e8000000, 0x00000000e8000000)
  eden space 87424K,   0% used [0x00000000e0000000, 0x00000000e0000000, 0x00000000e5560000)
  from space 21824K,  35% used [0x00000000e5560000, 0x00000000e5ce60a0, 0x00000000e6ab0000)
  to   space 21824K,   0% used [0x00000000e6ab0000, 0x00000000e6ab0000, 0x00000000e8000000)
 concurrent mark-sweep generation total 393216K, used 57524K [0x00000000e8000000, 0x0000000100000000, 0x0000000100000000)
 Metaspace       used 37975K, capacity 38764K, committed 39320K, reserved 1083392K
  class space    used 4338K, capacity 4566K, committed 4760K, reserved 1048576K
}
2017-08-29T19:36:34.416+0600: 3237.515: Total time for which application threads were stopped: 0.0056585 seconds, Stopping threads took: 0.0000204 seconds
{Heap before GC invocations=120 (full 2):
 par new generation   total 109248K, used 95128K [0x00000000e0000000, 0x00000000e8000000, 0x00000000e8000000)
  eden space 87424K, 100% used [0x00000000e0000000, 0x00000000e5560000, 0x00000000e5560000)
  from space 21824K,  35% used [0x00000000e5560000, 0x00000000e5ce60a0, 0x00000000e6ab0000)
  to   space 21824K,   0% used [0x00000000e6ab0000, 0x00000000e6ab0000, 0x00000000e8000000)
 concurrent mark-sweep generation total 393216K, used 57524K [0x00000000e8000000, 0x0000000100000000, 0x0000000100000000)
 Metaspace       used 37975K, capacity 38764K, committed 39320K, reserved 1083392K
  class space    used 4338K, capacity 4566K, committed 4760K, reserved 1048576K
2017-08-29T19:36:38.054+0600: 3241.152: [GC (Allocation Failure) 2017-08-29T19:36:38.054+0600: 3241.152: [ParNew
Desired survivor size 20112992 bytes, new threshold 8 (max 8)
- age   1:    3708872 bytes,    3708872 total
- age   2:    2246328 bytes,    5955200 total
- age   3:    1660600 bytes,    7615800 total
- age   4:     205312 bytes,    7821112 total
- age   5:     224864 bytes,    8045976 total
- age   6:     253368 bytes,    8299344 total
- age   7:     528192 bytes,    8827536 total
- age   8:     165640 bytes,    8993176 total
: 95128K->11306K(109248K), 0.0040828 secs] 152652K->69053K(502464K), 0.0041588 secs] [Times: user=0.01 sys=0.00, real=0.01 secs] 
Heap after GC invocations=121 (full 2):
 par new generation   total 109248K, used 11306K [0x00000000e0000000, 0x00000000e8000000, 0x00000000e8000000)
  eden space 87424K,   0% used [0x00000000e0000000, 0x00000000e0000000, 0x00000000e5560000)
  from space 21824K,  51% used [0x00000000e6ab0000, 0x00000000e75ba870, 0x00000000e8000000)
  to   space 21824K,   0% used [0x00000000e5560000, 0x00000000e5560000, 0x00000000e6ab0000)
 concurrent mark-sweep generation total 393216K, used 57746K [0x00000000e8000000, 0x0000000100000000, 0x0000000100000000)
 Metaspace       used 37975K, capacity 38764K, committed 39320K, reserved 1083392K
  class space    used 4338K, capacity 4566K, committed 4760K, reserved 1048576K
}
2017-08-29T19:36:38.058+0600: 3241.157: Total time for which application threads were stopped: 0.0043141 seconds, Stopping threads took: 0.0000225 seconds
{Heap before GC invocations=121 (full 2):
 par new generation   total 109248K, used 98730K [0x00000000e0000000, 0x00000000e8000000, 0x00000000e8000000)
  eden space 87424K, 100% used [0x00000000e0000000, 0x00000000e5560000, 0x00000000e5560000)
  from space 21824K,  51% used [0x00000000e6ab0000, 0x00000000e75ba870, 0x00000000e8000000)
  to   space 21824K,   0% used [0x00000000e5560000, 0x00000000e5560000, 0x00000000e6ab0000)
 concurrent mark-sweep generation total 393216K, used 57746K [0x00000000e8000000, 0x0000000100000000, 0x0000000100000000)
 Metaspace       used 37975K, capacity 38764K, committed 39320K, reserved 1083392K
  class space    used 4338K, capacity 4566K, committed 4760K, reserved 1048576K
2017-08-29T19:36:41.352+0600: 3244.451: [GC (Allocation Failure) 2017-08-29T19:36:41.352+0600: 3244.451: [ParNew
Desired survivor size 20112992 bytes, new threshold 8 (max 8)
- age   1:    4946008 bytes,    4946008 total
- age   2:    2098424 bytes,    7044432 total
- age   3:    2043704 bytes,    9088136 total
- age   4:    1656952 bytes,   10745088 total
- age   5:     205120 bytes,   10950208 total
- age   6:     224448 bytes,   11174656 total
- age   7:     253048 bytes,   11427704 total
- age   8:     527840 bytes,   11955544 total
: 98730K->17646K(109248K), 0.0048621 secs] 156477K->75555K(502464K), 0.0049158 secs] [Times: user=0.01 sys=0.00, real=0.01 secs] 
Heap after GC invocations=122 (full 2):
 par new generation   total 109248K, used 17646K [0x00000000e0000000, 0x00000000e8000000, 0x00000000e8000000)
  eden space 87424K,   0% used [0x00000000e0000000, 0x00000000e0000000, 0x00000000e5560000)
  from space 21824K,  80% used [0x00000000e5560000, 0x00000000e669bb90, 0x00000000e6ab0000)
  to   space 21824K,   0% used [0x00000000e6ab0000, 0x00000000e6ab0000, 0x00000000e8000000)
 concurrent mark-sweep generation total 393216K, used 57908K [0x00000000e8000000, 0x0000000100000000, 0x0000000100000000)
 Metaspace       used 37975K, capacity 38764K, committed 39320K, reserved 1083392K
  class space    used 4338K, capacity 4566K, committed 4760K, reserved 1048576K
}
2017-08-29T19:36:41.357+0600: 3244.456: Total time for which application threads were stopped: 0.0050557 seconds, Stopping threads took: 0.0000245 seconds
2017-08-29T19:36:43.833+0600: 3246.931: Total time for which application threads were stopped: 0.0000782 seconds, Stopping threads took: 0.0000194 seconds
2017-08-29T19:36:43.841+0600: 3246.939: Total time for which application threads were stopped: 0.0042722 seconds, Stopping threads took: 0.0042067 seconds
2017-08-29T19:36:43.841+0600: 3246.939: Total time for which application threads were stopped: 0.0001384 seconds, Stopping threads took: 0.0000869 seconds
2017-08-29T19:36:43.841+0600: 3246.940: Total time for which application threads were stopped: 0.0000898 seconds, Stopping threads took: 0.0000500 seconds
2017-08-29T19:36:43.841+0600: 3246.940: Total time for which application threads were stopped: 0.0000568 seconds, Stopping threads took: 0.0000213 seconds
2017-08-29T19:36:43.842+0600: 3246.940: Total time for which application threads were stopped: 0.0000635 seconds, Stopping threads took: 0.0000315 seconds
2017-08-29T19:36:43.854+0600: 3246.952: Total time for which application threads were stopped: 0.0000747 seconds, Stopping threads took: 0.0000154 seconds
{Heap before GC invocations=122 (full 2):
 par new generation   total 109248K, used 105070K [0x00000000e0000000, 0x00000000e8000000, 0x00000000e8000000)
  eden space 87424K, 100% used [0x00000000e0000000, 0x00000000e5560000, 0x00000000e5560000)
  from space 21824K,  80% used [0x00000000e5560000, 0x00000000e669bb90, 0x00000000e6ab0000)
  to   space 21824K,   0% used [0x00000000e6ab0000, 0x00000000e6ab0000, 0x00000000e8000000)
 concurrent mark-sweep generation total 393216K, used 57908K [0x00000000e8000000, 0x0000000100000000, 0x0000000100000000)
 Metaspace       used 37975K, capacity 38764K, committed 39320K, reserved 1083392K
  class space    used 4338K, capacity 4566K, committed 4760K, reserved 1048576K
2017-08-29T19:36:43.904+0600: 3247.002: [GC (Allocation Failure) 2017-08-29T19:36:43.904+0600: 3247.002: [ParNew
Desired survivor size 20112992 bytes, new threshold 8 (max 8)
- age   1:    4121416 bytes,    4121416 total
- age   2:    2448568 bytes,    6569984 total
- age   3:    1512224 bytes,    8082208 total
- age   4:    1575352 bytes,    9657560 total
- age   5:    1195312 bytes,   10852872 total
- age   6:     204944 bytes,   11057816 total
- age   7:     224288 bytes,   11282104 total
- age   8:     252728 bytes,   11534832 total
: 105070K->14807K(109248K), 0.0052156 secs] 162979K->73232K(502464K), 0.0052730 secs] [Times: user=0.02 sys=0.00, real=0.01 secs] 
Heap after GC invocations=123 (full 2):
 par new generation   total 109248K, used 14807K [0x00000000e0000000, 0x00000000e8000000, 0x00000000e8000000)
  eden space 87424K,   0% used [0x00000000e0000000, 0x00000000e0000000, 0x00000000e5560000)
  from space 21824K,  67% used [0x00000000e6ab0000, 0x00000000e7925e98, 0x00000000e8000000)
  to   space 21824K,   0% used [0x00000000e5560000, 0x00000000e5560000, 0x00000000e6ab0000)
 concurrent mark-sweep generation total 393216K, used 58424K [0x00000000e8000000, 0x0000000100000000, 0x0000000100000000)
 Metaspace       used 37975K, capacity 38764K, committed 39320K, reserved 1083392K
  class space    used 4338K, capacity 4566K, committed 4760K, reserved 1048576K
}
2017-08-29T19:36:43.909+0600: 3247.007: Total time for which application threads were stopped: 0.0054103 seconds, Stopping threads took: 0.0000175 seconds
2017-08-29T19:36:43.973+0600: 3247.071: Total time for which application threads were stopped: 0.0000937 seconds, Stopping threads took: 0.0000146 seconds
2017-08-29T19:36:44.879+0600: 3247.977: Total time for which application threads were stopped: 0.0000768 seconds, Stopping threads took: 0.0000197 seconds
2017-08-29T19:36:44.881+0600: 3247.979: Total time for which application threads were stopped: 0.0000708 seconds, Stopping threads took: 0.0000177 seconds
2017-08-29T19:36:44.883+0600: 3247.981: Total time for which application threads were stopped: 0.0000564 seconds, Stopping threads took: 0.0000122 seconds
2017-08-29T19:36:44.887+0600: 3247.985: Total time for which application threads were stopped: 0.0028221 seconds, Stopping threads took: 0.0027662 seconds
2017-08-29T19:36:44.893+0600: 3247.991: Total time for which application threads were stopped: 0.0014187 seconds, Stopping threads took: 0.0013421 seconds
2017-08-29T19:36:44.893+0600: 3247.992: Total time for which application threads were stopped: 0.0000972 seconds, Stopping threads took: 0.0000445 seconds
2017-08-29T19:36:44.893+0600: 3247.992: Total time for which application threads were stopped: 0.0000764 seconds, Stopping threads took: 0.0000299 seconds
2017-08-29T19:36:44.894+0600: 3247.992: Total time for which application threads were stopped: 0.0000730 seconds, Stopping threads took: 0.0000308 seconds
2017-08-29T19:36:44.894+0600: 3247.992: Total time for which application threads were stopped: 0.0000617 seconds, Stopping threads took: 0.0000222 seconds
2017-08-29T19:36:44.894+0600: 3247.992: Total time for which application threads were stopped: 0.0000607 seconds, Stopping threads took: 0.0000160 seconds
2017-08-29T19:36:44.894+0600: 3247.992: Total time for which application threads were stopped: 0.0000701 seconds, Stopping threads took: 0.0000186 seconds
2017-08-29T19:36:44.894+0600: 3247.993: Total time for which application threads were stopped: 0.0000546 seconds, Stopping threads took: 0.0000303 seconds
2017-08-29T19:36:44.894+0600: 3247.993: Total time for which application threads were stopped: 0.0000500 seconds, Stopping threads took: 0.0000125 seconds
2017-08-29T19:36:44.894+0600: 3247.993: Total time for which application threads were stopped: 0.0000456 seconds, Stopping threads took: 0.0000173 seconds
2017-08-29T19:36:44.895+0600: 3247.993: Total time for which application threads were stopped: 0.0001039 seconds, Stopping threads took: 0.0000208 seconds
2017-08-29T19:36:44.896+0600: 3247.995: Total time for which application threads were stopped: 0.0000482 seconds, Stopping threads took: 0.0000165 seconds
2017-08-29T19:36:44.900+0600: 3247.999: Total time for which application threads were stopped: 0.0000816 seconds, Stopping threads took: 0.0000167 seconds
2017-08-29T19:36:44.913+0600: 3248.012: Total time for which application threads were stopped: 0.0000853 seconds, Stopping threads took: 0.0000159 seconds
2017-08-29T19:36:44.913+0600: 3248.012: Total time for which application threads were stopped: 0.0000689 seconds, Stopping threads took: 0.0000088 seconds
2017-08-29T19:36:44.913+0600: 3248.012: Total time for which application threads were stopped: 0.0000403 seconds, Stopping threads took: 0.0000041 seconds
2017-08-29T19:36:44.914+0600: 3248.012: Total time for which application threads were stopped: 0.0000330 seconds, Stopping threads took: 0.0000059 seconds
2017-08-29T19:36:44.914+0600: 3248.012: Total time for which application threads were stopped: 0.0000872 seconds, Stopping threads took: 0.0000044 seconds
{Heap before GC invocations=123 (full 2):
 par new generation   total 109248K, used 102231K [0x00000000e0000000, 0x00000000e8000000, 0x00000000e8000000)
  eden space 87424K, 100% used [0x00000000e0000000, 0x00000000e5560000, 0x00000000e5560000)
  from space 21824K,  67% used [0x00000000e6ab0000, 0x00000000e7925e98, 0x00000000e8000000)
  to   space 21824K,   0% used [0x00000000e5560000, 0x00000000e5560000, 0x00000000e6ab0000)
 concurrent mark-sweep generation total 393216K, used 58424K [0x00000000e8000000, 0x0000000100000000, 0x0000000100000000)
 Metaspace       used 37977K, capacity 38764K, committed 39320K, reserved 1083392K
  class space    used 4338K, capacity 4566K, committed 4760K, reserved 1048576K
2017-08-29T19:36:44.926+0600: 3248.024: [GC (Allocation Failure) 2017-08-29T19:36:44.926+0600: 3248.024: [ParNew
Desired survivor size 20112992 bytes, new threshold 8 (max 8)
- age   1:    1577248 bytes,    1577248 total
- age   2:     226184 bytes,    1803432 total
- age   3:     245080 bytes,    2048512 total
- age   4:     233000 bytes,    2281512 total
- age   5:     228656 bytes,    2510168 total
- age   6:     531880 bytes,    3042048 total
- age   7:     198808 bytes,    3240856 total
- age   8:     224040 bytes,    3464896 total
: 102231K->7005K(109248K), 0.0042019 secs] 160656K->65677K(502464K), 0.0042535 secs] [Times: user=0.01 sys=0.00, real=0.01 secs] 
Heap after GC invocations=124 (full 2):
 par new generation   total 109248K, used 7005K [0x00000000e0000000, 0x00000000e8000000, 0x00000000e8000000)
  eden space 87424K,   0% used [0x00000000e0000000, 0x00000000e0000000, 0x00000000e5560000)
  from space 21824K,  32% used [0x00000000e5560000, 0x00000000e5c37720, 0x00000000e6ab0000)
  to   space 21824K,   0% used [0x00000000e6ab0000, 0x00000000e6ab0000, 0x00000000e8000000)
 concurrent mark-sweep generation total 393216K, used 58671K [0x00000000e8000000, 0x0000000100000000, 0x0000000100000000)
 Metaspace       used 37977K, capacity 38764K, committed 39320K, reserved 1083392K
  class space    used 4338K, capacity 4566K, committed 4760K, reserved 1048576K
}
2017-08-29T19:36:44.930+0600: 3248.028: Total time for which application threads were stopped: 0.0043909 seconds, Stopping threads took: 0.0000256 seconds
{Heap before GC invocations=124 (full 2):
 par new generation   total 109248K, used 94429K [0x00000000e0000000, 0x00000000e8000000, 0x00000000e8000000)
  eden space 87424K, 100% used [0x00000000e0000000, 0x00000000e5560000, 0x00000000e5560000)
  from space 21824K,  32% used [0x00000000e5560000, 0x00000000e5c37720, 0x00000000e6ab0000)
  to   space 21824K,   0% used [0x00000000e6ab0000, 0x00000000e6ab0000, 0x00000000e8000000)
 concurrent mark-sweep generation total 393216K, used 58671K [0x00000000e8000000, 0x0000000100000000, 0x0000000100000000)
 Metaspace       used 37977K, capacity 38764K, committed 39320K, reserved 1083392K
  class space    used 4338K, capacity 4566K, committed 4760K, reserved 1048576K
2017-08-29T19:36:45.026+0600: 3248.124: [GC (Allocation Failure) 2017-08-29T19:36:45.026+0600: 3248.124: [ParNew
Desired survivor size 20112992 bytes, new threshold 8 (max 8)
- age   1:     222136 bytes,     222136 total
- age   2:    1505056 bytes,    1727192 total
- age   3:     226184 bytes,    1953376 total
- age   4:     245080 bytes,    2198456 total
- age   5:     233000 bytes,    2431456 total
- age   6:     228656 bytes,    2660112 total
- age   7:     531848 bytes,    3191960 total
- age   8:     198808 bytes,    3390768 total
: 94429K->4071K(109248K), 0.0057316 secs] 153101K->62961K(502464K), 0.0057861 secs] [Times: user=0.01 sys=0.00, real=0.01 secs] 
Heap after GC invocations=125 (full 2):
 par new generation   total 109248K, used 4071K [0x00000000e0000000, 0x00000000e8000000, 0x00000000e8000000)
  eden space 87424K,   0% used [0x00000000e0000000, 0x00000000e0000000, 0x00000000e5560000)
  from space 21824K,  18% used [0x00000000e6ab0000, 0x00000000e6ea9cc0, 0x00000000e8000000)
  to   space 21824K,   0% used [0x00000000e5560000, 0x00000000e5560000, 0x00000000e6ab0000)
 concurrent mark-sweep generation total 393216K, used 58890K [0x00000000e8000000, 0x0000000100000000, 0x0000000100000000)
 Metaspace       used 37977K, capacity 38764K, committed 39320K, reserved 1083392K
  class space    used 4338K, capacity 4566K, committed 4760K, reserved 1048576K
}
2017-08-29T19:36:45.032+0600: 3248.130: Total time for which application threads were stopped: 0.0059224 seconds, Stopping threads took: 0.0000187 seconds
{Heap before GC invocations=125 (full 2):
 par new generation   total 109248K, used 91495K [0x00000000e0000000, 0x00000000e8000000, 0x00000000e8000000)
  eden space 87424K, 100% used [0x00000000e0000000, 0x00000000e5560000, 0x00000000e5560000)
  from space 21824K,  18% used [0x00000000e6ab0000, 0x00000000e6ea9cc0, 0x00000000e8000000)
  to   space 21824K,   0% used [0x00000000e5560000, 0x00000000e5560000, 0x00000000e6ab0000)
 concurrent mark-sweep generation total 393216K, used 58890K [0x00000000e8000000, 0x0000000100000000, 0x0000000100000000)
 Metaspace       used 37977K, capacity 38764K, committed 39320K, reserved 1083392K
  class space    used 4338K, capacity 4566K, committed 4760K, reserved 1048576K
2017-08-29T19:36:45.144+0600: 3248.242: [GC (Allocation Failure) 2017-08-29T19:36:45.144+0600: 3248.242: [ParNew
Desired survivor size 20112992 bytes, new threshold 8 (max 8)
- age   1:     244040 bytes,     244040 total
- age   2:      50272 bytes,     294312 total
- age   3:    1416784 bytes,    1711096 total
- age   4:     226184 bytes,    1937280 total
- age   5:     245080 bytes,    2182360 total
- age   6:     233000 bytes,    2415360 total
- age   7:     228656 bytes,    2644016 total
- age   8:     531848 bytes,    3175864 total
: 91495K->3740K(109248K), 0.0049000 secs] 150385K->62824K(502464K), 0.0049531 secs] [Times: user=0.01 sys=0.00, real=0.01 secs] 
Heap after GC invocations=126 (full 2):
 par new generation   total 109248K, used 3740K [0x00000000e0000000, 0x00000000e8000000, 0x00000000e8000000)
  eden space 87424K,   0% used [0x00000000e0000000, 0x00000000e0000000, 0x00000000e5560000)
  from space 21824K,  17% used [0x00000000e5560000, 0x00000000e59071e0, 0x00000000e6ab0000)
  to   space 21824K,   0% used [0x00000000e6ab0000, 0x00000000e6ab0000, 0x00000000e8000000)
 concurrent mark-sweep generation total 393216K, used 59084K [0x00000000e8000000, 0x0000000100000000, 0x0000000100000000)
 Metaspace       used 37977K, capacity 38764K, committed 39320K, reserved 1083392K
  class space    used 4338K, capacity 4566K, committed 4760K, reserved 1048576K
}
2017-08-29T19:36:45.149+0600: 3248.247: Total time for which application threads were stopped: 0.0051075 seconds, Stopping threads took: 0.0000310 seconds
2017-08-29T19:36:45.231+0600: 3248.330: Total time for which application threads were stopped: 0.0001194 seconds, Stopping threads took: 0.0000359 seconds
{Heap before GC invocations=126 (full 2):
 par new generation   total 109248K, used 91164K [0x00000000e0000000, 0x00000000e8000000, 0x00000000e8000000)
  eden space 87424K, 100% used [0x00000000e0000000, 0x00000000e5560000, 0x00000000e5560000)
  from space 21824K,  17% used [0x00000000e5560000, 0x00000000e59071e0, 0x00000000e6ab0000)
  to   space 21824K,   0% used [0x00000000e6ab0000, 0x00000000e6ab0000, 0x00000000e8000000)
 concurrent mark-sweep generation total 393216K, used 59084K [0x00000000e8000000, 0x0000000100000000, 0x0000000100000000)
 Metaspace       used 37977K, capacity 38764K, committed 39320K, reserved 1083392K
  class space    used 4338K, capacity 4566K, committed 4760K, reserved 1048576K
2017-08-29T19:36:45.238+0600: 3248.336: [GC (Allocation Failure) 2017-08-29T19:36:45.238+0600: 3248.336: [ParNew
Desired survivor size 20112992 bytes, new threshold 8 (max 8)
- age   1:     317064 bytes,     317064 total
- age   2:      62696 bytes,     379760 total
- age   3:      47544 bytes,     427304 total
- age   4:    1416696 bytes,    1844000 total
- age   5:     226184 bytes,    2070184 total
- age   6:     245080 bytes,    2315264 total
- age   7:     233000 bytes,    2548264 total
- age   8:     228624 bytes,    2776888 total
: 91164K->5379K(109248K), 0.0047237 secs] 150248K->64984K(502464K), 0.0047829 secs] [Times: user=0.01 sys=0.00, real=0.00 secs] 
Heap after GC invocations=127 (full 2):
 par new generation   total 109248K, used 5379K [0x00000000e0000000, 0x00000000e8000000, 0x00000000e8000000)
  eden space 87424K,   0% used [0x00000000e0000000, 0x00000000e0000000, 0x00000000e5560000)
  from space 21824K,  24% used [0x00000000e6ab0000, 0x00000000e6ff0f50, 0x00000000e8000000)
  to   space 21824K,   0% used [0x00000000e5560000, 0x00000000e5560000, 0x00000000e6ab0000)
 concurrent mark-sweep generation total 393216K, used 59604K [0x00000000e8000000, 0x0000000100000000, 0x0000000100000000)
 Metaspace       used 37977K, capacity 38764K, committed 39320K, reserved 1083392K
  class space    used 4338K, capacity 4566K, committed 4760K, reserved 1048576K
}
2017-08-29T19:36:45.242+0600: 3248.341: Total time for which application threads were stopped: 0.0049498 seconds, Stopping threads took: 0.0000338 seconds
2017-08-29T19:36:45.390+0600: 3248.488: Total time for which application threads were stopped: 0.0001456 seconds, Stopping threads took: 0.0000190 seconds
{Heap before GC invocations=127 (full 2):
 par new generation   total 109248K, used 92803K [0x00000000e0000000, 0x00000000e8000000, 0x00000000e8000000)
  eden space 87424K, 100% used [0x00000000e0000000, 0x00000000e5560000, 0x00000000e5560000)
  from space 21824K,  24% used [0x00000000e6ab0000, 0x00000000e6ff0f50, 0x00000000e8000000)
  to   space 21824K,   0% used [0x00000000e5560000, 0x00000000e5560000, 0x00000000e6ab0000)
 concurrent mark-sweep generation total 393216K, used 59604K [0x00000000e8000000, 0x0000000100000000, 0x0000000100000000)
 Metaspace       used 37983K, capacity 38764K, committed 39320K, reserved 1083392K
  class space    used 4338K, capacity 4566K, committed 4760K, reserved 1048576K
2017-08-29T19:36:47.285+0600: 3250.383: [GC (Allocation Failure) 2017-08-29T19:36:47.285+0600: 3250.383: [ParNew
Desired survivor size 20112992 bytes, new threshold 8 (max 8)
- age   1:    1824400 bytes,    1824400 total
- age   2:      47600 bytes,    1872000 total
- age   3:      33832 bytes,    1905832 total
- age   4:      44512 bytes,    1950344 total
- age   5:    1203952 bytes,    3154296 total
- age   6:     226152 bytes,    3380448 total
- age   7:     244824 bytes,    3625272 total
- age   8:     232808 bytes,    3858080 total
: 92803K->4224K(109248K), 0.0045662 secs] 152408K->64052K(502464K), 0.0046203 secs] [Times: user=0.01 sys=0.00, real=0.01 secs] 
Heap after GC invocations=128 (full 2):
 par new generation   total 109248K, used 4224K [0x00000000e0000000, 0x00000000e8000000, 0x00000000e8000000)
  eden space 87424K,   0% used [0x00000000e0000000, 0x00000000e0000000, 0x00000000e5560000)
  from space 21824K,  19% used [0x00000000e5560000, 0x00000000e59802e0, 0x00000000e6ab0000)
  to   space 21824K,   0% used [0x00000000e6ab0000, 0x00000000e6ab0000, 0x00000000e8000000)
 concurrent mark-sweep generation total 393216K, used 59827K [0x00000000e8000000, 0x0000000100000000, 0x0000000100000000)
 Metaspace       used 37983K, capacity 38764K, committed 39320K, reserved 1083392K
  class space    used 4338K, capacity 4566K, committed 4760K, reserved 1048576K
}
2017-08-29T19:36:47.289+0600: 3250.388: Total time for which application threads were stopped: 0.0047507 seconds, Stopping threads took: 0.0000214 seconds
2017-08-29T19:36:50.560+0600: 3253.658: Total time for which application threads were stopped: 0.0000835 seconds, Stopping threads took: 0.0000253 seconds
{Heap before GC invocations=128 (full 2):
 par new generation   total 109248K, used 91648K [0x00000000e0000000, 0x00000000e8000000, 0x00000000e8000000)
  eden space 87424K, 100% used [0x00000000e0000000, 0x00000000e5560000, 0x00000000e5560000)
  from space 21824K,  19% used [0x00000000e5560000, 0x00000000e59802e0, 0x00000000e6ab0000)
  to   space 21824K,   0% used [0x00000000e6ab0000, 0x00000000e6ab0000, 0x00000000e8000000)
 concurrent mark-sweep generation total 393216K, used 59827K [0x00000000e8000000, 0x0000000100000000, 0x0000000100000000)
 Metaspace       used 37983K, capacity 38764K, committed 39320K, reserved 1083392K
  class space    used 4338K, capacity 4566K, committed 4760K, reserved 1048576K
2017-08-29T19:36:51.471+0600: 3254.569: [GC (Allocation Failure) 2017-08-29T19:36:51.471+0600: 3254.569: [ParNew
Desired survivor size 20112992 bytes, new threshold 8 (max 8)
- age   1:    3947536 bytes,    3947536 total
- age   2:    1185784 bytes,    5133320 total
- age   3:      47568 bytes,    5180888 total
- age   4:      33736 bytes,    5214624 total
- age   5:      44512 bytes,    5259136 total
- age   6:    1236112 bytes,    6495248 total
- age   7:     225992 bytes,    6721240 total
- age   8:     244440 bytes,    6965680 total
: 91648K->8069K(109248K), 0.0060430 secs] 151476K->68124K(502464K), 0.0060942 secs] [Times: user=0.01 sys=0.00, real=0.01 secs] 
Heap after GC invocations=129 (full 2):
 par new generation   total 109248K, used 8069K [0x00000000e0000000, 0x00000000e8000000, 0x00000000e8000000)
  eden space 87424K,   0% used [0x00000000e0000000, 0x00000000e0000000, 0x00000000e5560000)
  from space 21824K,  36% used [0x00000000e6ab0000, 0x00000000e7291740, 0x00000000e8000000)
  to   space 21824K,   0% used [0x00000000e5560000, 0x00000000e5560000, 0x00000000e6ab0000)
 concurrent mark-sweep generation total 393216K, used 60054K [0x00000000e8000000, 0x0000000100000000, 0x0000000100000000)
 Metaspace       used 37983K, capacity 38764K, committed 39320K, reserved 1083392K
  class space    used 4338K, capacity 4566K, committed 4760K, reserved 1048576K
}
2017-08-29T19:36:51.477+0600: 3254.575: Total time for which application threads were stopped: 0.0062309 seconds, Stopping threads took: 0.0000139 seconds
{Heap before GC invocations=129 (full 2):
 par new generation   total 109248K, used 95493K [0x00000000e0000000, 0x00000000e8000000, 0x00000000e8000000)
  eden space 87424K, 100% used [0x00000000e0000000, 0x00000000e5560000, 0x00000000e5560000)
  from space 21824K,  36% used [0x00000000e6ab0000, 0x00000000e7291740, 0x00000000e8000000)
  to   space 21824K,   0% used [0x00000000e5560000, 0x00000000e5560000, 0x00000000e6ab0000)
 concurrent mark-sweep generation total 393216K, used 60054K [0x00000000e8000000, 0x0000000100000000, 0x0000000100000000)
 Metaspace       used 37983K, capacity 38764K, committed 39320K, reserved 1083392K
  class space    used 4338K, capacity 4566K, committed 4760K, reserved 1048576K
2017-08-29T19:36:56.060+0600: 3259.158: [GC (Allocation Failure) 2017-08-29T19:36:56.060+0600: 3259.158: [ParNew
Desired survivor size 20112992 bytes, new threshold 8 (max 8)
- age   1:    4512536 bytes,    4512536 total
- age   2:    2753496 bytes,    7266032 total
- age   3:    1180256 bytes,    8446288 total
- age   4:      47536 bytes,    8493824 total
- age   5:      33736 bytes,    8527560 total
- age   6:      44512 bytes,    8572072 total
- age   7:    1203104 bytes,    9775176 total
- age   8:     225848 bytes,   10001024 total
: 95493K->12490K(109248K), 0.0050869 secs] 155548K->72782K(502464K), 0.0051431 secs] [Times: user=0.02 sys=0.00, real=0.00 secs] 
Heap after GC invocations=130 (full 2):
 par new generation   total 109248K, used 12490K [0x00000000e0000000, 0x00000000e8000000, 0x00000000e8000000)
  eden space 87424K,   0% used [0x00000000e0000000, 0x00000000e0000000, 0x00000000e5560000)
  from space 21824K,  57% used [0x00000000e5560000, 0x00000000e6192940, 0x00000000e6ab0000)
  to   space 21824K,   0% used [0x00000000e6ab0000, 0x00000000e6ab0000, 0x00000000e8000000)
 concurrent mark-sweep generation total 393216K, used 60292K [0x00000000e8000000, 0x0000000100000000, 0x0000000100000000)
 Metaspace       used 37983K, capacity 38764K, committed 39320K, reserved 1083392K
  class space    used 4338K, capacity 4566K, committed 4760K, reserved 1048576K
}
2017-08-29T19:36:56.065+0600: 3259.163: Total time for which application threads were stopped: 0.0052759 seconds, Stopping threads took: 0.0000207 seconds
2017-08-29T19:36:58.833+0600: 3261.931: Total time for which application threads were stopped: 0.0000705 seconds, Stopping threads took: 0.0000127 seconds
2017-08-29T19:36:58.838+0600: 3261.937: Total time for which application threads were stopped: 0.0001118 seconds, Stopping threads took: 0.0000414 seconds
2017-08-29T19:36:58.838+0600: 3261.937: Total time for which application threads were stopped: 0.0000701 seconds, Stopping threads took: 0.0000274 seconds
2017-08-29T19:36:58.839+0600: 3261.937: Total time for which application threads were stopped: 0.0000673 seconds, Stopping threads took: 0.0000283 seconds
2017-08-29T19:36:58.839+0600: 3261.937: Total time for which application threads were stopped: 0.0000653 seconds, Stopping threads took: 0.0000284 seconds
2017-08-29T19:36:58.839+0600: 3261.937: Total time for which application threads were stopped: 0.0000540 seconds, Stopping threads took: 0.0000240 seconds
{Heap before GC invocations=130 (full 2):
 par new generation   total 109248K, used 99914K [0x00000000e0000000, 0x00000000e8000000, 0x00000000e8000000)
  eden space 87424K, 100% used [0x00000000e0000000, 0x00000000e5560000, 0x00000000e5560000)
  from space 21824K,  57% used [0x00000000e5560000, 0x00000000e6192940, 0x00000000e6ab0000)
  to   space 21824K,   0% used [0x00000000e6ab0000, 0x00000000e6ab0000, 0x00000000e8000000)
 concurrent mark-sweep generation total 393216K, used 60292K [0x00000000e8000000, 0x0000000100000000, 0x0000000100000000)
 Metaspace       used 37983K, capacity 38764K, committed 39320K, reserved 1083392K
  class space    used 4338K, capacity 4566K, committed 4760K, reserved 1048576K
2017-08-29T19:36:58.893+0600: 3261.991: [GC (Allocation Failure) 2017-08-29T19:36:58.893+0600: 3261.991: [ParNew
Desired survivor size 20112992 bytes, new threshold 8 (max 8)
- age   1:    4169040 bytes,    4169040 total
- age   2:    2161040 bytes,    6330080 total
- age   3:    1785952 bytes,    8116032 total
- age   4:     940096 bytes,    9056128 total
- age   5:      46192 bytes,    9102320 total
- age   6:      15824 bytes,    9118144 total
- age   7:      42688 bytes,    9160832 total
- age   8:     812608 bytes,    9973440 total
: 99914K->13069K(109248K), 0.0055038 secs] 160206K->73582K(502464K), 0.0055578 secs] [Times: user=0.01 sys=0.00, real=0.01 secs] 
Heap after GC invocations=131 (full 2):
 par new generation   total 109248K, used 13069K [0x00000000e0000000, 0x00000000e8000000, 0x00000000e8000000)
  eden space 87424K,   0% used [0x00000000e0000000, 0x00000000e0000000, 0x00000000e5560000)
  from space 21824K,  59% used [0x00000000e6ab0000, 0x00000000e77734b0, 0x00000000e8000000)
  to   space 21824K,   0% used [0x00000000e5560000, 0x00000000e5560000, 0x00000000e6ab0000)
 concurrent mark-sweep generation total 393216K, used 60513K [0x00000000e8000000, 0x0000000100000000, 0x0000000100000000)
 Metaspace       used 37983K, capacity 38764K, committed 39320K, reserved 1083392K
  class space    used 4338K, capacity 4566K, committed 4760K, reserved 1048576K
}
2017-08-29T19:36:58.899+0600: 3261.997: Total time for which application threads were stopped: 0.0057114 seconds, Stopping threads took: 0.0000179 seconds
2017-08-29T19:36:58.922+0600: 3262.020: Total time for which application threads were stopped: 0.0000684 seconds, Stopping threads took: 0.0000166 seconds
2017-08-29T19:36:58.923+0600: 3262.021: Total time for which application threads were stopped: 0.0001459 seconds, Stopping threads took: 0.0000940 seconds
2017-08-29T19:36:58.947+0600: 3262.045: Total time for which application threads were stopped: 0.0001539 seconds, Stopping threads took: 0.0000375 seconds
2017-08-29T19:37:00.069+0600: 3263.168: Total time for which application threads were stopped: 0.0000761 seconds, Stopping threads took: 0.0000196 seconds
2017-08-29T19:37:00.072+0600: 3263.171: Total time for which application threads were stopped: 0.0025225 seconds, Stopping threads took: 0.0024228 seconds
2017-08-29T19:37:00.074+0600: 3263.173: Total time for which application threads were stopped: 0.0001461 seconds, Stopping threads took: 0.0000353 seconds
2017-08-29T19:37:00.076+0600: 3263.174: Total time for which application threads were stopped: 0.0015669 seconds, Stopping threads took: 0.0015153 seconds
2017-08-29T19:37:00.079+0600: 3263.177: Total time for which application threads were stopped: 0.0000839 seconds, Stopping threads took: 0.0000223 seconds
2017-08-29T19:37:00.079+0600: 3263.177: Total time for which application threads were stopped: 0.0000761 seconds, Stopping threads took: 0.0000287 seconds
2017-08-29T19:37:00.091+0600: 3263.189: Total time for which application threads were stopped: 0.0001360 seconds, Stopping threads took: 0.0000334 seconds
2017-08-29T19:37:00.154+0600: 3263.253: Total time for which application threads were stopped: 0.0000899 seconds, Stopping threads took: 0.0000251 seconds
{Heap before GC invocations=131 (full 2):
 par new generation   total 109248K, used 100493K [0x00000000e0000000, 0x00000000e8000000, 0x00000000e8000000)
  eden space 87424K, 100% used [0x00000000e0000000, 0x00000000e5560000, 0x00000000e5560000)
  from space 21824K,  59% used [0x00000000e6ab0000, 0x00000000e77734b0, 0x00000000e8000000)
  to   space 21824K,   0% used [0x00000000e5560000, 0x00000000e5560000, 0x00000000e6ab0000)
 concurrent mark-sweep generation total 393216K, used 60513K [0x00000000e8000000, 0x0000000100000000, 0x0000000100000000)
 Metaspace       used 37984K, capacity 38768K, committed 39320K, reserved 1083392K
  class space    used 4338K, capacity 4566K, committed 4760K, reserved 1048576K
2017-08-29T19:37:00.348+0600: 3263.447: [GC (Allocation Failure) 2017-08-29T19:37:00.348+0600: 3263.447: [ParNew
Desired survivor size 20112992 bytes, new threshold 8 (max 8)
- age   1:    1747744 bytes,    1747744 total
- age   2:     380872 bytes,    2128616 total
- age   3:     512952 bytes,    2641568 total
- age   4:     466208 bytes,    3107776 total
- age   5:     243256 bytes,    3351032 total
- age   6:      10496 bytes,    3361528 total
- age   7:      12600 bytes,    3374128 total
- age   8:       5368 bytes,    3379496 total
: 100493K->4372K(109248K), 0.0129043 secs] 161006K->65475K(502464K), 0.0129619 secs] [Times: user=0.02 sys=0.00, real=0.01 secs] 
Heap after GC invocations=132 (full 2):
 par new generation   total 109248K, used 4372K [0x00000000e0000000, 0x00000000e8000000, 0x00000000e8000000)
  eden space 87424K,   0% used [0x00000000e0000000, 0x00000000e0000000, 0x00000000e5560000)
  from space 21824K,  20% used [0x00000000e5560000, 0x00000000e59a53b0, 0x00000000e6ab0000)
  to   space 21824K,   0% used [0x00000000e6ab0000, 0x00000000e6ab0000, 0x00000000e8000000)
 concurrent mark-sweep generation total 393216K, used 61102K [0x00000000e8000000, 0x0000000100000000, 0x0000000100000000)
 Metaspace       used 37984K, capacity 38768K, committed 39320K, reserved 1083392K
  class space    used 4338K, capacity 4566K, committed 4760K, reserved 1048576K
}
2017-08-29T19:37:00.361+0600: 3263.460: Total time for which application threads were stopped: 0.0130968 seconds, Stopping threads took: 0.0000225 seconds
{Heap before GC invocations=132 (full 2):
 par new generation   total 109248K, used 91796K [0x00000000e0000000, 0x00000000e8000000, 0x00000000e8000000)
  eden space 87424K, 100% used [0x00000000e0000000, 0x00000000e5560000, 0x00000000e5560000)
  from space 21824K,  20% used [0x00000000e5560000, 0x00000000e59a53b0, 0x00000000e6ab0000)
  to   space 21824K,   0% used [0x00000000e6ab0000, 0x00000000e6ab0000, 0x00000000e8000000)
 concurrent mark-sweep generation total 393216K, used 61102K [0x00000000e8000000, 0x0000000100000000, 0x0000000100000000)
 Metaspace       used 37984K, capacity 38768K, committed 39320K, reserved 1083392K
  class space    used 4338K, capacity 4566K, committed 4760K, reserved 1048576K
2017-08-29T19:37:04.771+0600: 3267.870: [GC (Allocation Failure) 2017-08-29T19:37:04.771+0600: 3267.870: [ParNew
Desired survivor size 20112992 bytes, new threshold 8 (max 8)
- age   1:    3525232 bytes,    3525232 total
- age   2:    1627024 bytes,    5152256 total
- age   3:     380584 bytes,    5532840 total
- age   4:     512440 bytes,    6045280 total
- age   5:     466016 bytes,    6511296 total
- age   6:     243096 bytes,    6754392 total
- age   7:      10496 bytes,    6764888 total
- age   8:      12600 bytes,    6777488 total
: 91796K->7411K(109248K), 0.0091059 secs] 152899K->68520K(502464K), 0.0091919 secs] [Times: user=0.01 sys=0.00, real=0.01 secs] 
Heap after GC invocations=133 (full 2):
 par new generation   total 109248K, used 7411K [0x00000000e0000000, 0x00000000e8000000, 0x00000000e8000000)
  eden space 87424K,   0% used [0x00000000e0000000, 0x00000000e0000000, 0x00000000e5560000)
  from space 21824K,  33% used [0x00000000e6ab0000, 0x00000000e71ecfc0, 0x00000000e8000000)
  to   space 21824K,   0% used [0x00000000e5560000, 0x00000000e5560000, 0x00000000e6ab0000)
 concurrent mark-sweep generation total 393216K, used 61108K [0x00000000e8000000, 0x0000000100000000, 0x0000000100000000)
 Metaspace       used 37984K, capacity 38768K, committed 39320K, reserved 1083392K
  class space    used 4338K, capacity 4566K, committed 4760K, reserved 1048576K
}
2017-08-29T19:37:04.780+0600: 3267.879: Total time for which application threads were stopped: 0.0093456 seconds, Stopping threads took: 0.0000204 seconds
{Heap before GC invocations=133 (full 2):
 par new generation   total 109248K, used 94835K [0x00000000e0000000, 0x00000000e8000000, 0x00000000e8000000)
  eden space 87424K, 100% used [0x00000000e0000000, 0x00000000e5560000, 0x00000000e5560000)
  from space 21824K,  33% used [0x00000000e6ab0000, 0x00000000e71ecfc0, 0x00000000e8000000)
  to   space 21824K,   0% used [0x00000000e5560000, 0x00000000e5560000, 0x00000000e6ab0000)
 concurrent mark-sweep generation total 393216K, used 61108K [0x00000000e8000000, 0x0000000100000000, 0x0000000100000000)
 Metaspace       used 37984K, capacity 38768K, committed 39320K, reserved 1083392K
  class space    used 4338K, capacity 4566K, committed 4760K, reserved 1048576K
2017-08-29T19:37:08.518+0600: 3271.616: [GC (Allocation Failure) 2017-08-29T19:37:08.518+0600: 3271.616: [ParNew
Desired survivor size 20112992 bytes, new threshold 8 (max 8)
- age   1:    4256872 bytes,    4256872 total
- age   2:    2484112 bytes,    6740984 total
- age   3:    1626672 bytes,    8367656 total
- age   4:     380272 bytes,    8747928 total
- age   5:     511928 bytes,    9259856 total
- age   6:     465632 bytes,    9725488 total
- age   7:     242840 bytes,    9968328 total
- age   8:      10496 bytes,    9978824 total
: 94835K->11275K(109248K), 0.0051314 secs] 155944K->72396K(502464K), 0.0052069 secs] [Times: user=0.01 sys=0.00, real=0.00 secs] 
Heap after GC invocations=134 (full 2):
 par new generation   total 109248K, used 11275K [0x00000000e0000000, 0x00000000e8000000, 0x00000000e8000000)
  eden space 87424K,   0% used [0x00000000e0000000, 0x00000000e0000000, 0x00000000e5560000)
  from space 21824K,  51% used [0x00000000e5560000, 0x00000000e6062e80, 0x00000000e6ab0000)
  to   space 21824K,   0% used [0x00000000e6ab0000, 0x00000000e6ab0000, 0x00000000e8000000)
 concurrent mark-sweep generation total 393216K, used 61120K [0x00000000e8000000, 0x0000000100000000, 0x0000000100000000)
 Metaspace       used 37984K, capacity 38768K, committed 39320K, reserved 1083392K
  class space    used 4338K, capacity 4566K, committed 4760K, reserved 1048576K
}
2017-08-29T19:37:08.523+0600: 3271.621: Total time for which application threads were stopped: 0.0053652 seconds, Stopping threads took: 0.0000145 seconds
{Heap before GC invocations=134 (full 2):
 par new generation   total 109248K, used 98699K [0x00000000e0000000, 0x00000000e8000000, 0x00000000e8000000)
  eden space 87424K, 100% used [0x00000000e0000000, 0x00000000e5560000, 0x00000000e5560000)
  from space 21824K,  51% used [0x00000000e5560000, 0x00000000e6062e80, 0x00000000e6ab0000)
  to   space 21824K,   0% used [0x00000000e6ab0000, 0x00000000e6ab0000, 0x00000000e8000000)
 concurrent mark-sweep generation total 393216K, used 61120K [0x00000000e8000000, 0x0000000100000000, 0x0000000100000000)
 Metaspace       used 37984K, capacity 38768K, committed 39320K, reserved 1083392K
  class space    used 4338K, capacity 4566K, committed 4760K, reserved 1048576K
2017-08-29T19:37:11.993+0600: 3275.091: [GC (Allocation Failure) 2017-08-29T19:37:11.993+0600: 3275.091: [ParNew
Desired survivor size 20112992 bytes, new threshold 8 (max 8)
- age   1:    4795600 bytes,    4795600 total
- age   2:    2559216 bytes,    7354816 total
- age   3:    2467296 bytes,    9822112 total
- age   4:    1626392 bytes,   11448504 total
- age   5:     380048 bytes,   11828552 total
- age   6:     511480 bytes,   12340032 total
- age   7:     465312 bytes,   12805344 total
- age   8:     242776 bytes,   13048120 total
: 98699K->15256K(109248K), 0.0077270 secs] 159820K->76387K(502464K), 0.0077794 secs] [Times: user=0.02 sys=0.00, real=0.01 secs] 
Heap after GC invocations=135 (full 2):
 par new generation   total 109248K, used 15256K [0x00000000e0000000, 0x00000000e8000000, 0x00000000e8000000)
  eden space 87424K,   0% used [0x00000000e0000000, 0x00000000e0000000, 0x00000000e5560000)
  from space 21824K,  69% used [0x00000000e6ab0000, 0x00000000e7996318, 0x00000000e8000000)
  to   space 21824K,   0% used [0x00000000e5560000, 0x00000000e5560000, 0x00000000e6ab0000)
 concurrent mark-sweep generation total 393216K, used 61130K [0x00000000e8000000, 0x0000000100000000, 0x0000000100000000)
 Metaspace       used 37984K, capacity 38768K, committed 39320K, reserved 1083392K
  class space    used 4338K, capacity 4566K, committed 4760K, reserved 1048576K
}
2017-08-29T19:37:12.001+0600: 3275.099: Total time for which application threads were stopped: 0.0079135 seconds, Stopping threads took: 0.0000200 seconds
2017-08-29T19:37:13.833+0600: 3276.932: Total time for which application threads were stopped: 0.0000999 seconds, Stopping threads took: 0.0000312 seconds
2017-08-29T19:37:13.833+0600: 3276.932: Total time for which application threads were stopped: 0.0000434 seconds, Stopping threads took: 0.0000149 seconds
2017-08-29T19:37:13.833+0600: 3276.932: Total time for which application threads were stopped: 0.0000393 seconds, Stopping threads took: 0.0000145 seconds
2017-08-29T19:37:13.833+0600: 3276.932: Total time for which application threads were stopped: 0.0000343 seconds, Stopping threads took: 0.0000114 seconds
2017-08-29T19:37:13.833+0600: 3276.932: Total time for which application threads were stopped: 0.0000356 seconds, Stopping threads took: 0.0000138 seconds
2017-08-29T19:37:13.836+0600: 3276.934: Total time for which application threads were stopped: 0.0000601 seconds, Stopping threads took: 0.0000193 seconds
2017-08-29T19:37:13.850+0600: 3276.949: Total time for which application threads were stopped: 0.0000744 seconds, Stopping threads took: 0.0000158 seconds
{Heap before GC invocations=135 (full 2):
 par new generation   total 109248K, used 102680K [0x00000000e0000000, 0x00000000e8000000, 0x00000000e8000000)
  eden space 87424K, 100% used [0x00000000e0000000, 0x00000000e5560000, 0x00000000e5560000)
  from space 21824K,  69% used [0x00000000e6ab0000, 0x00000000e7996318, 0x00000000e8000000)
  to   space 21824K,   0% used [0x00000000e5560000, 0x00000000e5560000, 0x00000000e6ab0000)
 concurrent mark-sweep generation total 393216K, used 61130K [0x00000000e8000000, 0x0000000100000000, 0x0000000100000000)
 Metaspace       used 37984K, capacity 38768K, committed 39320K, reserved 1083392K
  class space    used 4338K, capacity 4566K, committed 4760K, reserved 1048576K
2017-08-29T19:37:13.904+0600: 3277.002: [GC (Allocation Failure) 2017-08-29T19:37:13.904+0600: 3277.002: [ParNew
Desired survivor size 20112992 bytes, new threshold 8 (max 8)
- age   1:    3628080 bytes,    3628080 total
- age   2:    2923296 bytes,    6551376 total
- age   3:    1917808 bytes,    8469184 total
- age   4:    1883896 bytes,   10353080 total
- age   5:    1211992 bytes,   11565072 total
- age   6:     379744 bytes,   11944816 total
- age   7:     511192 bytes,   12456008 total
- age   8:     465056 bytes,   12921064 total
: 102680K->15182K(109248K), 0.0112205 secs] 163811K->76550K(502464K), 0.0112802 secs] [Times: user=0.02 sys=0.01, real=0.02 secs] 
Heap after GC invocations=136 (full 2):
 par new generation   total 109248K, used 15182K [0x00000000e0000000, 0x00000000e8000000, 0x00000000e8000000)
  eden space 87424K,   0% used [0x00000000e0000000, 0x00000000e0000000, 0x00000000e5560000)
  from space 21824K,  69% used [0x00000000e5560000, 0x00000000e6433978, 0x00000000e6ab0000)
  to   space 21824K,   0% used [0x00000000e6ab0000, 0x00000000e6ab0000, 0x00000000e8000000)
 concurrent mark-sweep generation total 393216K, used 61367K [0x00000000e8000000, 0x0000000100000000, 0x0000000100000000)
 Metaspace       used 37984K, capacity 38768K, committed 39320K, reserved 1083392K
  class space    used 4338K, capacity 4566K, committed 4760K, reserved 1048576K
}
2017-08-29T19:37:13.915+0600: 3277.013: Total time for which application threads were stopped: 0.0114240 seconds, Stopping threads took: 0.0000162 seconds
2017-08-29T19:37:13.976+0600: 3277.074: Total time for which application threads were stopped: 0.0001063 seconds, Stopping threads took: 0.0000278 seconds
2017-08-29T19:37:14.876+0600: 3277.975: Total time for which application threads were stopped: 0.0000771 seconds, Stopping threads took: 0.0000174 seconds
2017-08-29T19:37:14.880+0600: 3277.978: Total time for which application threads were stopped: 0.0000927 seconds, Stopping threads took: 0.0000181 seconds
2017-08-29T19:37:14.888+0600: 3277.987: Total time for which application threads were stopped: 0.0000920 seconds, Stopping threads took: 0.0000195 seconds
2017-08-29T19:37:14.891+0600: 3277.989: Total time for which application threads were stopped: 0.0001045 seconds, Stopping threads took: 0.0000230 seconds
2017-08-29T19:37:15.027+0600: 3278.125: Total time for which application threads were stopped: 0.0001092 seconds, Stopping threads took: 0.0000249 seconds
{Heap before GC invocations=136 (full 2):
 par new generation   total 109248K, used 102606K [0x00000000e0000000, 0x00000000e8000000, 0x00000000e8000000)
  eden space 87424K, 100% used [0x00000000e0000000, 0x00000000e5560000, 0x00000000e5560000)
  from space 21824K,  69% used [0x00000000e5560000, 0x00000000e6433978, 0x00000000e6ab0000)
  to   space 21824K,   0% used [0x00000000e6ab0000, 0x00000000e6ab0000, 0x00000000e8000000)
 concurrent mark-sweep generation total 393216K, used 61367K [0x00000000e8000000, 0x0000000100000000, 0x0000000100000000)
 Metaspace       used 37989K, capacity 38768K, committed 39320K, reserved 1083392K
  class space    used 4338K, capacity 4566K, committed 4760K, reserved 1048576K
2017-08-29T19:37:15.801+0600: 3278.900: [GC (Allocation Failure) 2017-08-29T19:37:15.801+0600: 3278.900: [ParNew
Desired survivor size 20112992 bytes, new threshold 8 (max 8)
- age   1:    1904496 bytes,    1904496 total
- age   2:     205424 bytes,    2109920 total
- age   3:     235712 bytes,    2345632 total
- age   4:     253280 bytes,    2598912 total
- age   5:     261072 bytes,    2859984 total
- age   6:     824248 bytes,    3684232 total
- age   7:     374264 bytes,    4058496 total
- age   8:     511032 bytes,    4569528 total
: 102606K->11629K(109248K), 0.0038611 secs] 163974K->73451K(502464K), 0.0039268 secs] [Times: user=0.01 sys=0.00, real=0.00 secs] 
Heap after GC invocations=137 (full 2):
 par new generation   total 109248K, used 11629K [0x00000000e0000000, 0x00000000e8000000, 0x00000000e8000000)
  eden space 87424K,   0% used [0x00000000e0000000, 0x00000000e0000000, 0x00000000e5560000)
  from space 21824K,  53% used [0x00000000e6ab0000, 0x00000000e760b700, 0x00000000e8000000)
  to   space 21824K,   0% used [0x00000000e5560000, 0x00000000e5560000, 0x00000000e6ab0000)
 concurrent mark-sweep generation total 393216K, used 61821K [0x00000000e8000000, 0x0000000100000000, 0x0000000100000000)
 Metaspace       used 37989K, capacity 38768K, committed 39320K, reserved 1083392K
  class space    used 4338K, capacity 4566K, committed 4760K, reserved 1048576K
}
2017-08-29T19:37:15.805+0600: 3278.904: Total time for which application threads were stopped: 0.0040813 seconds, Stopping threads took: 0.0000232 seconds
{Heap before GC invocations=137 (full 2):
 par new generation   total 109248K, used 99053K [0x00000000e0000000, 0x00000000e8000000, 0x00000000e8000000)
  eden space 87424K, 100% used [0x00000000e0000000, 0x00000000e5560000, 0x00000000e5560000)
  from space 21824K,  53% used [0x00000000e6ab0000, 0x00000000e760b700, 0x00000000e8000000)
  to   space 21824K,   0% used [0x00000000e5560000, 0x00000000e5560000, 0x00000000e6ab0000)
 concurrent mark-sweep generation total 393216K, used 61821K [0x00000000e8000000, 0x0000000100000000, 0x0000000100000000)
 Metaspace       used 37989K, capacity 38768K, committed 39320K, reserved 1083392K
  class space    used 4338K, capacity 4566K, committed 4760K, reserved 1048576K
2017-08-29T19:37:19.348+0600: 3282.447: [GC (Allocation Failure) 2017-08-29T19:37:19.348+0600: 3282.447: [ParNew
Desired survivor size 20112992 bytes, new threshold 8 (max 8)
- age   1:    3529208 bytes,    3529208 total
- age   2:    1619528 bytes,    5148736 total
- age   3:     205232 bytes,    5353968 total
- age   4:     235456 bytes,    5589424 total
- age   5:     252992 bytes,    5842416 total
- age   6:     260688 bytes,    6103104 total
- age   7:     824120 bytes,    6927224 total
- age   8:     374152 bytes,    7301376 total
: 99053K->8303K(109248K), 0.0054681 secs] 160875K->70624K(502464K), 0.0055183 secs] [Times: user=0.01 sys=0.00, real=0.00 secs] 
Heap after GC invocations=138 (full 2):
 par new generation   total 109248K, used 8303K [0x00000000e0000000, 0x00000000e8000000, 0x00000000e8000000)
  eden space 87424K,   0% used [0x00000000e0000000, 0x00000000e0000000, 0x00000000e5560000)
  from space 21824K,  38% used [0x00000000e5560000, 0x00000000e5d7bf18, 0x00000000e6ab0000)
  to   space 21824K,   0% used [0x00000000e6ab0000, 0x00000000e6ab0000, 0x00000000e8000000)
 concurrent mark-sweep generation total 393216K, used 62320K [0x00000000e8000000, 0x0000000100000000, 0x0000000100000000)
 Metaspace       used 37989K, capacity 38768K, committed 39320K, reserved 1083392K
  class space    used 4338K, capacity 4566K, committed 4760K, reserved 1048576K
}
2017-08-29T19:37:19.354+0600: 3282.452: Total time for which application threads were stopped: 0.0056518 seconds, Stopping threads took: 0.0000217 seconds
{Heap before GC invocations=138 (full 2):
 par new generation   total 109248K, used 95727K [0x00000000e0000000, 0x00000000e8000000, 0x00000000e8000000)
  eden space 87424K, 100% used [0x00000000e0000000, 0x00000000e5560000, 0x00000000e5560000)
  from space 21824K,  38% used [0x00000000e5560000, 0x00000000e5d7bf18, 0x00000000e6ab0000)
  to   space 21824K,   0% used [0x00000000e6ab0000, 0x00000000e6ab0000, 0x00000000e8000000)
 concurrent mark-sweep generation total 393216K, used 62320K [0x00000000e8000000, 0x0000000100000000, 0x0000000100000000)
 Metaspace       used 37989K, capacity 38768K, committed 39320K, reserved 1083392K
  class space    used 4338K, capacity 4566K, committed 4760K, reserved 1048576K
2017-08-29T19:37:22.877+0600: 3285.976: [GC (Allocation Failure) 2017-08-29T19:37:22.877+0600: 3285.976: [ParNew
Desired survivor size 20112992 bytes, new threshold 8 (max 8)
- age   1:    3790640 bytes,    3790640 total
- age   2:    2612912 bytes,    6403552 total
- age   3:    1618576 bytes,    8022128 total
- age   4:     204944 bytes,    8227072 total
- age   5:     234880 bytes,    8461952 total
- age   6:     252672 bytes,    8714624 total
- age   7:     260528 bytes,    8975152 total
- age   8:     823928 bytes,    9799080 total
: 95727K->13868K(109248K), 0.0069192 secs] 158048K->76553K(502464K), 0.0069793 secs] [Times: user=0.02 sys=0.00, real=0.00 secs] 
Heap after GC invocations=139 (full 2):
 par new generation   total 109248K, used 13868K [0x00000000e0000000, 0x00000000e8000000, 0x00000000e8000000)
  eden space 87424K,   0% used [0x00000000e0000000, 0x00000000e0000000, 0x00000000e5560000)
  from space 21824K,  63% used [0x00000000e6ab0000, 0x00000000e783b0a8, 0x00000000e8000000)
  to   space 21824K,   0% used [0x00000000e5560000, 0x00000000e5560000, 0x00000000e6ab0000)
 concurrent mark-sweep generation total 393216K, used 62685K [0x00000000e8000000, 0x0000000100000000, 0x0000000100000000)
 Metaspace       used 37989K, capacity 38768K, committed 39320K, reserved 1083392K
  class space    used 4338K, capacity 4566K, committed 4760K, reserved 1048576K
}
2017-08-29T19:37:22.884+0600: 3285.983: Total time for which application threads were stopped: 0.0071357 seconds, Stopping threads took: 0.0000134 seconds
{Heap before GC invocations=139 (full 2):
 par new generation   total 109248K, used 101292K [0x00000000e0000000, 0x00000000e8000000, 0x00000000e8000000)
  eden space 87424K, 100% used [0x00000000e0000000, 0x00000000e5560000, 0x00000000e5560000)
  from space 21824K,  63% used [0x00000000e6ab0000, 0x00000000e783b0a8, 0x00000000e8000000)
  to   space 21824K,   0% used [0x00000000e5560000, 0x00000000e5560000, 0x00000000e6ab0000)
 concurrent mark-sweep generation total 393216K, used 62685K [0x00000000e8000000, 0x0000000100000000, 0x0000000100000000)
 Metaspace       used 37989K, capacity 38768K, committed 39320K, reserved 1083392K
  class space    used 4338K, capacity 4566K, committed 4760K, reserved 1048576K
2017-08-29T19:37:26.860+0600: 3289.958: [GC (Allocation Failure) 2017-08-29T19:37:26.860+0600: 3289.958: [ParNew
Desired survivor size 20112992 bytes, new threshold 8 (max 8)
- age   1:    5115784 bytes,    5115784 total
- age   2:    2392504 bytes,    7508288 total
- age   3:    2153024 bytes,    9661312 total
- age   4:    1618328 bytes,   11279640 total
- age   5:     204816 bytes,   11484456 total
- age   6:     234624 bytes,   11719080 total
- age   7:     252192 bytes,   11971272 total
- age   8:     260208 bytes,   12231480 total
: 101292K->14409K(109248K), 0.0083026 secs] 163977K->77900K(502464K), 0.0083559 secs] [Times: user=0.02 sys=0.00, real=0.01 secs] 
Heap after GC invocations=140 (full 2):
 par new generation   total 109248K, used 14409K [0x00000000e0000000, 0x00000000e8000000, 0x00000000e8000000)
  eden space 87424K,   0% used [0x00000000e0000000, 0x00000000e0000000, 0x00000000e5560000)
  from space 21824K,  66% used [0x00000000e5560000, 0x00000000e63725e0, 0x00000000e6ab0000)
  to   space 21824K,   0% used [0x00000000e6ab0000, 0x00000000e6ab0000, 0x00000000e8000000)
 concurrent mark-sweep generation total 393216K, used 63491K [0x00000000e8000000, 0x0000000100000000, 0x0000000100000000)
 Metaspace       used 37989K, capacity 38768K, committed 39320K, reserved 1083392K
  class space    used 4338K, capacity 4566K, committed 4760K, reserved 1048576K
}
2017-08-29T19:37:26.868+0600: 3289.967: Total time for which application threads were stopped: 0.0085057 seconds, Stopping threads took: 0.0000138 seconds
2017-08-29T19:37:28.837+0600: 3291.936: Total time for which application threads were stopped: 0.0000793 seconds, Stopping threads took: 0.0000188 seconds
2017-08-29T19:37:28.839+0600: 3291.937: Total time for which application threads were stopped: 0.0005932 seconds, Stopping threads took: 0.0005401 seconds
2017-08-29T19:37:28.839+0600: 3291.937: Total time for which application threads were stopped: 0.0000588 seconds, Stopping threads took: 0.0000187 seconds
2017-08-29T19:37:28.839+0600: 3291.937: Total time for which application threads were stopped: 0.0000403 seconds, Stopping threads took: 0.0000099 seconds
2017-08-29T19:37:28.839+0600: 3291.937: Total time for which application threads were stopped: 0.0000410 seconds, Stopping threads took: 0.0000151 seconds
2017-08-29T19:37:28.839+0600: 3291.937: Total time for which application threads were stopped: 0.0000405 seconds, Stopping threads took: 0.0000157 seconds
2017-08-29T19:37:28.852+0600: 3291.951: Total time for which application threads were stopped: 0.0000797 seconds, Stopping threads took: 0.0000167 seconds
{Heap before GC invocations=140 (full 2):
 par new generation   total 109248K, used 101833K [0x00000000e0000000, 0x00000000e8000000, 0x00000000e8000000)
  eden space 87424K, 100% used [0x00000000e0000000, 0x00000000e5560000, 0x00000000e5560000)
  from space 21824K,  66% used [0x00000000e5560000, 0x00000000e63725e0, 0x00000000e6ab0000)
  to   space 21824K,   0% used [0x00000000e6ab0000, 0x00000000e6ab0000, 0x00000000e8000000)
 concurrent mark-sweep generation total 393216K, used 63491K [0x00000000e8000000, 0x0000000100000000, 0x0000000100000000)
 Metaspace       used 37989K, capacity 38768K, committed 39320K, reserved 1083392K
  class space    used 4338K, capacity 4566K, committed 4760K, reserved 1048576K
2017-08-29T19:37:28.914+0600: 3292.012: [GC (Allocation Failure) 2017-08-29T19:37:28.914+0600: 3292.012: [ParNew
Desired survivor size 20112992 bytes, new threshold 8 (max 8)
- age   1:    3552504 bytes,    3552504 total
- age   2:    2458496 bytes,    6011000 total
- age   3:    1789456 bytes,    7800456 total
- age   4:    1685816 bytes,    9486272 total
- age   5:    1158656 bytes,   10644928 total
- age   6:     204576 bytes,   10849504 total
- age   7:     234368 bytes,   11083872 total
- age   8:     252000 bytes,   11335872 total
: 101833K->14588K(109248K), 0.0049646 secs] 165324K->78333K(502464K), 0.0050228 secs] [Times: user=0.02 sys=0.00, real=0.01 secs] 
Heap after GC invocations=141 (full 2):
 par new generation   total 109248K, used 14588K [0x00000000e0000000, 0x00000000e8000000, 0x00000000e8000000)
  eden space 87424K,   0% used [0x00000000e0000000, 0x00000000e0000000, 0x00000000e5560000)
  from space 21824K,  66% used [0x00000000e6ab0000, 0x00000000e78ef190, 0x00000000e8000000)
  to   space 21824K,   0% used [0x00000000e5560000, 0x00000000e5560000, 0x00000000e6ab0000)
 concurrent mark-sweep generation total 393216K, used 63745K [0x00000000e8000000, 0x0000000100000000, 0x0000000100000000)
 Metaspace       used 37989K, capacity 38768K, committed 39320K, reserved 1083392K
  class space    used 4338K, capacity 4566K, committed 4760K, reserved 1048576K
}
2017-08-29T19:37:28.919+0600: 3292.017: Total time for which application threads were stopped: 0.0051593 seconds, Stopping threads took: 0.0000176 seconds
2017-08-29T19:37:28.956+0600: 3292.054: Total time for which application threads were stopped: 0.0000878 seconds, Stopping threads took: 0.0000157 seconds
2017-08-29T19:37:29.874+0600: 3292.972: Total time for which application threads were stopped: 0.0001457 seconds, Stopping threads took: 0.0000750 seconds
2017-08-29T19:37:29.877+0600: 3292.976: Total time for which application threads were stopped: 0.0001047 seconds, Stopping threads took: 0.0000340 seconds
2017-08-29T19:37:29.880+0600: 3292.978: Total time for which application threads were stopped: 0.0001183 seconds, Stopping threads took: 0.0000361 seconds
2017-08-29T19:37:29.887+0600: 3292.985: Total time for which application threads were stopped: 0.0001206 seconds, Stopping threads took: 0.0000267 seconds
2017-08-29T19:37:30.241+0600: 3293.339: Total time for which application threads were stopped: 0.0000887 seconds, Stopping threads took: 0.0000212 seconds
{Heap before GC invocations=141 (full 2):
 par new generation   total 109248K, used 102012K [0x00000000e0000000, 0x00000000e8000000, 0x00000000e8000000)
  eden space 87424K, 100% used [0x00000000e0000000, 0x00000000e5560000, 0x00000000e5560000)
  from space 21824K,  66% used [0x00000000e6ab0000, 0x00000000e78ef190, 0x00000000e8000000)
  to   space 21824K,   0% used [0x00000000e5560000, 0x00000000e5560000, 0x00000000e6ab0000)
 concurrent mark-sweep generation total 393216K, used 63745K [0x00000000e8000000, 0x0000000100000000, 0x0000000100000000)
 Metaspace       used 37994K, capacity 38768K, committed 39320K, reserved 1083392K
  class space    used 4338K, capacity 4566K, committed 4760K, reserved 1048576K
2017-08-29T19:37:32.075+0600: 3295.174: [GC (Allocation Failure) 2017-08-29T19:37:32.075+0600: 3295.174: [ParNew
Desired survivor size 20112992 bytes, new threshold 8 (max 8)
- age   1:    2595096 bytes,    2595096 total
- age   2:     194432 bytes,    2789528 total
- age   3:     247440 bytes,    3036968 total
- age   4:     252672 bytes,    3289640 total
- age   5:     248856 bytes,    3538496 total
- age   6:     549912 bytes,    4088408 total
- age   7:     197624 bytes,    4286032 total
- age   8:     234240 bytes,    4520272 total
: 102012K->6582K(109248K), 0.0070565 secs] 165757K->70574K(502464K), 0.0071167 secs] [Times: user=0.01 sys=0.00, real=0.00 secs] 
Heap after GC invocations=142 (full 2):
 par new generation   total 109248K, used 6582K [0x00000000e0000000, 0x00000000e8000000, 0x00000000e8000000)
  eden space 87424K,   0% used [0x00000000e0000000, 0x00000000e0000000, 0x00000000e5560000)
  from space 21824K,  30% used [0x00000000e5560000, 0x00000000e5bcdae0, 0x00000000e6ab0000)
  to   space 21824K,   0% used [0x00000000e6ab0000, 0x00000000e6ab0000, 0x00000000e8000000)
 concurrent mark-sweep generation total 393216K, used 63991K [0x00000000e8000000, 0x0000000100000000, 0x0000000100000000)
 Metaspace       used 37994K, capacity 38768K, committed 39320K, reserved 1083392K
  class space    used 4338K, capacity 4566K, committed 4760K, reserved 1048576K
}
2017-08-29T19:37:32.082+0600: 3295.181: Total time for which application threads were stopped: 0.0072581 seconds, Stopping threads took: 0.0000267 seconds
{Heap before GC invocations=142 (full 2):
 par new generation   total 109248K, used 94006K [0x00000000e0000000, 0x00000000e8000000, 0x00000000e8000000)
  eden space 87424K, 100% used [0x00000000e0000000, 0x00000000e5560000, 0x00000000e5560000)
  from space 21824K,  30% used [0x00000000e5560000, 0x00000000e5bcdae0, 0x00000000e6ab0000)
  to   space 21824K,   0% used [0x00000000e6ab0000, 0x00000000e6ab0000, 0x00000000e8000000)
 concurrent mark-sweep generation total 393216K, used 63991K [0x00000000e8000000, 0x0000000100000000, 0x0000000100000000)
 Metaspace       used 37994K, capacity 38768K, committed 39320K, reserved 1083392K
  class space    used 4338K, capacity 4566K, committed 4760K, reserved 1048576K
2017-08-29T19:37:35.903+0600: 3299.001: [GC (Allocation Failure) 2017-08-29T19:37:35.903+0600: 3299.001: [ParNew
Desired survivor size 20112992 bytes, new threshold 8 (max 8)
- age   1:    3658944 bytes,    3658944 total
- age   2:    2070272 bytes,    5729216 total
- age   3:     194208 bytes,    5923424 total
- age   4:     247088 bytes,    6170512 total
- age   5:     252288 bytes,    6422800 total
- age   6:     248440 bytes,    6671240 total
- age   7:     549752 bytes,    7220992 total
- age   8:     197400 bytes,    7418392 total
: 94006K->7936K(109248K), 0.0083876 secs] 157998K->72155K(502464K), 0.0084390 secs] [Times: user=0.01 sys=0.00, real=0.01 secs] 
Heap after GC invocations=143 (full 2):
 par new generation   total 109248K, used 7936K [0x00000000e0000000, 0x00000000e8000000, 0x00000000e8000000)
  eden space 87424K,   0% used [0x00000000e0000000, 0x00000000e0000000, 0x00000000e5560000)
  from space 21824K,  36% used [0x00000000e6ab0000, 0x00000000e7270000, 0x00000000e8000000)
  to   space 21824K,   0% used [0x00000000e5560000, 0x00000000e5560000, 0x00000000e6ab0000)
 concurrent mark-sweep generation total 393216K, used 64219K [0x00000000e8000000, 0x0000000100000000, 0x0000000100000000)
 Metaspace       used 37994K, capacity 38768K, committed 39320K, reserved 1083392K
  class space    used 4338K, capacity 4566K, committed 4760K, reserved 1048576K
}
2017-08-29T19:37:35.912+0600: 3299.010: Total time for which application threads were stopped: 0.0085690 seconds, Stopping threads took: 0.0000135 seconds
2017-08-29T19:37:39.962+0600: 3303.061: Total time for which application threads were stopped: 0.0000905 seconds, Stopping threads took: 0.0000198 seconds
2017-08-29T19:37:39.968+0600: 3303.066: Total time for which application threads were stopped: 0.0000658 seconds, Stopping threads took: 0.0000178 seconds
{Heap before GC invocations=143 (full 2):
 par new generation   total 109248K, used 95360K [0x00000000e0000000, 0x00000000e8000000, 0x00000000e8000000)
  eden space 87424K, 100% used [0x00000000e0000000, 0x00000000e5560000, 0x00000000e5560000)
  from space 21824K,  36% used [0x00000000e6ab0000, 0x00000000e7270000, 0x00000000e8000000)
  to   space 21824K,   0% used [0x00000000e5560000, 0x00000000e5560000, 0x00000000e6ab0000)
 concurrent mark-sweep generation total 393216K, used 64219K [0x00000000e8000000, 0x0000000100000000, 0x0000000100000000)
 Metaspace       used 37994K, capacity 38768K, committed 39320K, reserved 1083392K
  class space    used 4338K, capacity 4566K, committed 4760K, reserved 1048576K
2017-08-29T19:37:40.374+0600: 3303.472: [GC (Allocation Failure) 2017-08-29T19:37:40.374+0600: 3303.472: [ParNew
Desired survivor size 20112992 bytes, new threshold 8 (max 8)
- age   1:    4112160 bytes,    4112160 total
- age   2:    2680856 bytes,    6793016 total
- age   3:    2069872 bytes,    8862888 total
- age   4:     194048 bytes,    9056936 total
- age   5:     246704 bytes,    9303640 total
- age   6:     251904 bytes,    9555544 total
- age   7:     248184 bytes,    9803728 total
- age   8:     549528 bytes,   10353256 total
: 95360K->13096K(109248K), 0.0050179 secs] 159579K->77508K(502464K), 0.0050777 secs] [Times: user=0.02 sys=0.00, real=0.01 secs] 
Heap after GC invocations=144 (full 2):
 par new generation   total 109248K, used 13096K [0x00000000e0000000, 0x00000000e8000000, 0x00000000e8000000)
  eden space 87424K,   0% used [0x00000000e0000000, 0x00000000e0000000, 0x00000000e5560000)
  from space 21824K,  60% used [0x00000000e5560000, 0x00000000e622a0c8, 0x00000000e6ab0000)
  to   space 21824K,   0% used [0x00000000e6ab0000, 0x00000000e6ab0000, 0x00000000e8000000)
 concurrent mark-sweep generation total 393216K, used 64412K [0x00000000e8000000, 0x0000000100000000, 0x0000000100000000)
 Metaspace       used 37994K, capacity 38768K, committed 39320K, reserved 1083392K
  class space    used 4338K, capacity 4566K, committed 4760K, reserved 1048576K
}
2017-08-29T19:37:40.379+0600: 3303.477: Total time for which application threads were stopped: 0.0052169 seconds, Stopping threads took: 0.0000136 seconds
2017-08-29T19:37:43.836+0600: 3306.934: Total time for which application threads were stopped: 0.0001283 seconds, Stopping threads took: 0.0000327 seconds
2017-08-29T19:37:43.839+0600: 3306.938: Total time for which application threads were stopped: 0.0000868 seconds, Stopping threads took: 0.0000143 seconds
2017-08-29T19:37:43.841+0600: 3306.939: Total time for which application threads were stopped: 0.0001245 seconds, Stopping threads took: 0.0000320 seconds
2017-08-29T19:37:43.841+0600: 3306.939: Total time for which application threads were stopped: 0.0001048 seconds, Stopping threads took: 0.0000451 seconds
2017-08-29T19:37:43.841+0600: 3306.940: Total time for which application threads were stopped: 0.0000799 seconds, Stopping threads took: 0.0000333 seconds
2017-08-29T19:37:43.841+0600: 3306.940: Total time for which application threads were stopped: 0.0000893 seconds, Stopping threads took: 0.0000314 seconds
2017-08-29T19:37:43.841+0600: 3306.940: Total time for which application threads were stopped: 0.0000614 seconds, Stopping threads took: 0.0000071 seconds
2017-08-29T19:37:43.852+0600: 3306.951: Total time for which application threads were stopped: 0.0000794 seconds, Stopping threads took: 0.0000165 seconds
{Heap before GC invocations=144 (full 2):
 par new generation   total 109248K, used 100520K [0x00000000e0000000, 0x00000000e8000000, 0x00000000e8000000)
  eden space 87424K, 100% used [0x00000000e0000000, 0x00000000e5560000, 0x00000000e5560000)
  from space 21824K,  60% used [0x00000000e5560000, 0x00000000e622a0c8, 0x00000000e6ab0000)
  to   space 21824K,   0% used [0x00000000e6ab0000, 0x00000000e6ab0000, 0x00000000e8000000)
 concurrent mark-sweep generation total 393216K, used 64412K [0x00000000e8000000, 0x0000000100000000, 0x0000000100000000)
 Metaspace       used 37994K, capacity 38768K, committed 39320K, reserved 1083392K
  class space    used 4338K, capacity 4566K, committed 4760K, reserved 1048576K
2017-08-29T19:37:43.884+0600: 3306.983: [GC (Allocation Failure) 2017-08-29T19:37:43.884+0600: 3306.983: [ParNew
Desired survivor size 20112992 bytes, new threshold 8 (max 8)
- age   1:    4432408 bytes,    4432408 total
- age   2:    1993680 bytes,    6426088 total
- age   3:    1688024 bytes,    8114112 total
- age   4:    1495808 bytes,    9609920 total
- age   5:     193744 bytes,    9803664 total
- age   6:     246480 bytes,   10050144 total
- age   7:     251808 bytes,   10301952 total
- age   8:     248056 bytes,   10550008 total
: 100520K->13557K(109248K), 0.0060950 secs] 164932K->78506K(502464K), 0.0061674 secs] [Times: user=0.01 sys=0.00, real=0.01 secs] 
Heap after GC invocations=145 (full 2):
 par new generation   total 109248K, used 13557K [0x00000000e0000000, 0x00000000e8000000, 0x00000000e8000000)
  eden space 87424K,   0% used [0x00000000e0000000, 0x00000000e0000000, 0x00000000e5560000)
  from space 21824K,  62% used [0x00000000e6ab0000, 0x00000000e77ed4c0, 0x00000000e8000000)
  to   space 21824K,   0% used [0x00000000e5560000, 0x00000000e5560000, 0x00000000e6ab0000)
 concurrent mark-sweep generation total 393216K, used 64949K [0x00000000e8000000, 0x0000000100000000, 0x0000000100000000)
 Metaspace       used 37994K, capacity 38768K, committed 39320K, reserved 1083392K
  class space    used 4338K, capacity 4566K, committed 4760K, reserved 1048576K
}
2017-08-29T19:37:43.890+0600: 3306.989: Total time for which application threads were stopped: 0.0063387 seconds, Stopping threads took: 0.0000299 seconds
2017-08-29T19:37:44.061+0600: 3307.160: Total time for which application threads were stopped: 0.0001060 seconds, Stopping threads took: 0.0000172 seconds
2017-08-29T19:37:44.814+0600: 3307.912: Total time for which application threads were stopped: 0.0000806 seconds, Stopping threads took: 0.0000203 seconds
2017-08-29T19:37:44.815+0600: 3307.914: Total time for which application threads were stopped: 0.0000672 seconds, Stopping threads took: 0.0000153 seconds
2017-08-29T19:37:44.820+0600: 3307.919: Total time for which application threads were stopped: 0.0001238 seconds, Stopping threads took: 0.0000538 seconds
2017-08-29T19:37:44.821+0600: 3307.919: Total time for which application threads were stopped: 0.0000838 seconds, Stopping threads took: 0.0000259 seconds
2017-08-29T19:37:44.930+0600: 3308.029: Total time for which application threads were stopped: 0.0000928 seconds, Stopping threads took: 0.0000206 seconds
{Heap before GC invocations=145 (full 2):
 par new generation   total 109248K, used 100981K [0x00000000e0000000, 0x00000000e8000000, 0x00000000e8000000)
  eden space 87424K, 100% used [0x00000000e0000000, 0x00000000e5560000, 0x00000000e5560000)
  from space 21824K,  62% used [0x00000000e6ab0000, 0x00000000e77ed4c0, 0x00000000e8000000)
  to   space 21824K,   0% used [0x00000000e5560000, 0x00000000e5560000, 0x00000000e6ab0000)
 concurrent mark-sweep generation total 393216K, used 64949K [0x00000000e8000000, 0x0000000100000000, 0x0000000100000000)
 Metaspace       used 38000K, capacity 38768K, committed 39320K, reserved 1083392K
  class space    used 4338K, capacity 4566K, committed 4760K, reserved 1048576K
2017-08-29T19:37:45.875+0600: 3308.973: [GC (Allocation Failure) 2017-08-29T19:37:45.875+0600: 3308.973: [ParNew
Desired survivor size 20112992 bytes, new threshold 8 (max 8)
- age   1:    1889904 bytes,    1889904 total
- age   2:     269736 bytes,    2159640 total
- age   3:     298728 bytes,    2458368 total
- age   4:     250760 bytes,    2709128 total
- age   5:     559632 bytes,    3268760 total
- age   6:     189064 bytes,    3457824 total
- age   7:     246416 bytes,    3704240 total
- age   8:     251648 bytes,    3955888 total
: 100981K->4592K(109248K), 0.0059908 secs] 165930K->69784K(502464K), 0.0060451 secs] [Times: user=0.01 sys=0.00, real=0.00 secs] 
Heap after GC invocations=146 (full 2):
 par new generation   total 109248K, used 4592K [0x00000000e0000000, 0x00000000e8000000, 0x00000000e8000000)
  eden space 87424K,   0% used [0x00000000e0000000, 0x00000000e0000000, 0x00000000e5560000)
  from space 21824K,  21% used [0x00000000e5560000, 0x00000000e59dc130, 0x00000000e6ab0000)
  to   space 21824K,   0% used [0x00000000e6ab0000, 0x00000000e6ab0000, 0x00000000e8000000)
 concurrent mark-sweep generation total 393216K, used 65191K [0x00000000e8000000, 0x0000000100000000, 0x0000000100000000)
 Metaspace       used 38000K, capacity 38768K, committed 39320K, reserved 1083392K
  class space    used 4338K, capacity 4566K, committed 4760K, reserved 1048576K
}
2017-08-29T19:37:45.881+0600: 3308.979: Total time for which application threads were stopped: 0.0061714 seconds, Stopping threads took: 0.0000131 seconds
{Heap before GC invocations=146 (full 2):
 par new generation   total 109248K, used 92016K [0x00000000e0000000, 0x00000000e8000000, 0x00000000e8000000)
  eden space 87424K, 100% used [0x00000000e0000000, 0x00000000e5560000, 0x00000000e5560000)
  from space 21824K,  21% used [0x00000000e5560000, 0x00000000e59dc130, 0x00000000e6ab0000)
  to   space 21824K,   0% used [0x00000000e6ab0000, 0x00000000e6ab0000, 0x00000000e8000000)
 concurrent mark-sweep generation total 393216K, used 65191K [0x00000000e8000000, 0x0000000100000000, 0x0000000100000000)
 Metaspace       used 38000K, capacity 38768K, committed 39320K, reserved 1083392K
  class space    used 4338K, capacity 4566K, committed 4760K, reserved 1048576K
2017-08-29T19:37:48.849+0600: 3311.948: [GC (Allocation Failure) 2017-08-29T19:37:48.849+0600: 3311.948: [ParNew
Desired survivor size 20112992 bytes, new threshold 8 (max 8)
- age   1:    3409408 bytes,    3409408 total
- age   2:    1564760 bytes,    4974168 total
- age   3:     269448 bytes,    5243616 total
- age   4:     298440 bytes,    5542056 total
- age   5:     250344 bytes,    5792400 total
- age   6:     559280 bytes,    6351680 total
- age   7:     188808 bytes,    6540488 total
- age   8:     245904 bytes,    6786392 total
: 92016K->7749K(109248K), 0.0068325 secs] 157208K->73186K(502464K), 0.0068810 secs] [Times: user=0.01 sys=0.00, real=0.01 secs] 
Heap after GC invocations=147 (full 2):
 par new generation   total 109248K, used 7749K [0x00000000e0000000, 0x00000000e8000000, 0x00000000e8000000)
  eden space 87424K,   0% used [0x00000000e0000000, 0x00000000e0000000, 0x00000000e5560000)
  from space 21824K,  35% used [0x00000000e6ab0000, 0x00000000e7241518, 0x00000000e8000000)
  to   space 21824K,   0% used [0x00000000e5560000, 0x00000000e5560000, 0x00000000e6ab0000)
 concurrent mark-sweep generation total 393216K, used 65437K [0x00000000e8000000, 0x0000000100000000, 0x0000000100000000)
 Metaspace       used 38000K, capacity 38768K, committed 39320K, reserved 1083392K
  class space    used 4338K, capacity 4566K, committed 4760K, reserved 1048576K
}
2017-08-29T19:37:48.856+0600: 3311.955: Total time for which application threads were stopped: 0.0070051 seconds, Stopping threads took: 0.0000129 seconds
{Heap before GC invocations=147 (full 2):
 par new generation   total 109248K, used 95173K [0x00000000e0000000, 0x00000000e8000000, 0x00000000e8000000)
  eden space 87424K, 100% used [0x00000000e0000000, 0x00000000e5560000, 0x00000000e5560000)
  from space 21824K,  35% used [0x00000000e6ab0000, 0x00000000e7241518, 0x00000000e8000000)
  to   space 21824K,   0% used [0x00000000e5560000, 0x00000000e5560000, 0x00000000e6ab0000)
 concurrent mark-sweep generation total 393216K, used 65437K [0x00000000e8000000, 0x0000000100000000, 0x0000000100000000)
 Metaspace       used 38000K, capacity 38768K, committed 39320K, reserved 1083392K
  class space    used 4338K, capacity 4566K, committed 4760K, reserved 1048576K
2017-08-29T19:37:52.319+0600: 3315.418: [GC (Allocation Failure) 2017-08-29T19:37:52.319+0600: 3315.418: [ParNew
Desired survivor size 20112992 bytes, new threshold 8 (max 8)
- age   1:    3506056 bytes,    3506056 total
- age   2:    2530920 bytes,    6036976 total
- age   3:    1564520 bytes,    7601496 total
- age   4:     269104 bytes,    7870600 total
- age   5:     298216 bytes,    8168816 total
- age   6:     250024 bytes,    8418840 total
- age   7:     558960 bytes,    8977800 total
- age   8:     188648 bytes,    9166448 total
: 95173K->10635K(109248K), 0.0082028 secs] 160610K->76312K(502464K), 0.0082608 secs] [Times: user=0.02 sys=0.00, real=0.01 secs] 
Heap after GC invocations=148 (full 2):
 par new generation   total 109248K, used 10635K [0x00000000e0000000, 0x00000000e8000000, 0x00000000e8000000)
  eden space 87424K,   0% used [0x00000000e0000000, 0x00000000e0000000, 0x00000000e5560000)
  from space 21824K,  48% used [0x00000000e5560000, 0x00000000e5fc2eb8, 0x00000000e6ab0000)
  to   space 21824K,   0% used [0x00000000e6ab0000, 0x00000000e6ab0000, 0x00000000e8000000)
 concurrent mark-sweep generation total 393216K, used 65677K [0x00000000e8000000, 0x0000000100000000, 0x0000000100000000)
 Metaspace       used 38000K, capacity 38768K, committed 39320K, reserved 1083392K
  class space    used 4338K, capacity 4566K, committed 4760K, reserved 1048576K
}
2017-08-29T19:37:52.327+0600: 3315.426: Total time for which application threads were stopped: 0.0084044 seconds, Stopping threads took: 0.0000245 seconds
{Heap before GC invocations=148 (full 2):
 par new generation   total 109248K, used 98059K [0x00000000e0000000, 0x00000000e8000000, 0x00000000e8000000)
  eden space 87424K, 100% used [0x00000000e0000000, 0x00000000e5560000, 0x00000000e5560000)
  from space 21824K,  48% used [0x00000000e5560000, 0x00000000e5fc2eb8, 0x00000000e6ab0000)
  to   space 21824K,   0% used [0x00000000e6ab0000, 0x00000000e6ab0000, 0x00000000e8000000)
 concurrent mark-sweep generation total 393216K, used 65677K [0x00000000e8000000, 0x0000000100000000, 0x0000000100000000)
 Metaspace       used 38000K, capacity 38768K, committed 39320K, reserved 1083392K
  class space    used 4338K, capacity 4566K, committed 4760K, reserved 1048576K
2017-08-29T19:37:55.801+0600: 3318.900: [GC (Allocation Failure) 2017-08-29T19:37:55.801+0600: 3318.900: [ParNew
Desired survivor size 20112992 bytes, new threshold 8 (max 8)
- age   1:    4992776 bytes,    4992776 total
- age   2:    2166456 bytes,    7159232 total
- age   3:    2071608 bytes,    9230840 total
- age   4:    1564336 bytes,   10795176 total
- age   5:     268784 bytes,   11063960 total
- age   6:     297960 bytes,   11361920 total
- age   7:     249608 bytes,   11611528 total
- age   8:     558736 bytes,   12170264 total
: 98059K->16466K(109248K), 0.0046397 secs] 163736K->82327K(502464K), 0.0047011 secs] [Times: user=0.01 sys=0.00, real=0.00 secs] 
Heap after GC invocations=149 (full 2):
 par new generation   total 109248K, used 16466K [0x00000000e0000000, 0x00000000e8000000, 0x00000000e8000000)
  eden space 87424K,   0% used [0x00000000e0000000, 0x00000000e0000000, 0x00000000e5560000)
  from space 21824K,  75% used [0x00000000e6ab0000, 0x00000000e7ac48c0, 0x00000000e8000000)
  to   space 21824K,   0% used [0x00000000e5560000, 0x00000000e5560000, 0x00000000e6ab0000)
 concurrent mark-sweep generation total 393216K, used 65861K [0x00000000e8000000, 0x0000000100000000, 0x0000000100000000)
 Metaspace       used 38000K, capacity 38768K, committed 39320K, reserved 1083392K
  class space    used 4338K, capacity 4566K, committed 4760K, reserved 1048576K
}
2017-08-29T19:37:55.806+0600: 3318.904: Total time for which application threads were stopped: 0.0048572 seconds, Stopping threads took: 0.0000237 seconds
2017-08-29T19:37:58.839+0600: 3321.937: Total time for which application threads were stopped: 0.0001053 seconds, Stopping threads took: 0.0000366 seconds
2017-08-29T19:37:58.839+0600: 3321.937: Total time for which application threads were stopped: 0.0000622 seconds, Stopping threads took: 0.0000284 seconds
2017-08-29T19:37:58.839+0600: 3321.937: Total time for which application threads were stopped: 0.0000539 seconds, Stopping threads took: 0.0000237 seconds
2017-08-29T19:37:58.839+0600: 3321.938: Total time for which application threads were stopped: 0.0000557 seconds, Stopping threads took: 0.0000250 seconds
2017-08-29T19:37:58.839+0600: 3321.938: Total time for which application threads were stopped: 0.0000597 seconds, Stopping threads took: 0.0000278 seconds
2017-08-29T19:37:58.844+0600: 3321.942: Total time for which application threads were stopped: 0.0000652 seconds, Stopping threads took: 0.0000174 seconds
2017-08-29T19:37:58.860+0600: 3321.958: Total time for which application threads were stopped: 0.0000825 seconds, Stopping threads took: 0.0000209 seconds
{Heap before GC invocations=149 (full 2):
 par new generation   total 109248K, used 103890K [0x00000000e0000000, 0x00000000e8000000, 0x00000000e8000000)
  eden space 87424K, 100% used [0x00000000e0000000, 0x00000000e5560000, 0x00000000e5560000)
  from space 21824K,  75% used [0x00000000e6ab0000, 0x00000000e7ac48c0, 0x00000000e8000000)
  to   space 21824K,   0% used [0x00000000e5560000, 0x00000000e5560000, 0x00000000e6ab0000)
 concurrent mark-sweep generation total 393216K, used 65861K [0x00000000e8000000, 0x0000000100000000, 0x0000000100000000)
 Metaspace       used 38000K, capacity 38768K, committed 39320K, reserved 1083392K
  class space    used 4338K, capacity 4566K, committed 4760K, reserved 1048576K
2017-08-29T19:37:58.898+0600: 3321.996: [GC (Allocation Failure) 2017-08-29T19:37:58.898+0600: 3321.996: [ParNew
Desired survivor size 20112992 bytes, new threshold 8 (max 8)
- age   1:    4442672 bytes,    4442672 total
- age   2:    2373664 bytes,    6816336 total
- age   3:    1562680 bytes,    8379016 total
- age   4:    1642792 bytes,   10021808 total
- age   5:    1068704 bytes,   11090512 total
- age   6:     268448 bytes,   11358960 total
- age   7:     297640 bytes,   11656600 total
- age   8:     249448 bytes,   11906048 total
: 103890K->15367K(109248K), 0.0125708 secs] 169751K->81774K(502464K), 0.0126285 secs] [Times: user=0.05 sys=0.00, real=0.01 secs] 
Heap after GC invocations=150 (full 2):
 par new generation   total 109248K, used 15367K [0x00000000e0000000, 0x00000000e8000000, 0x00000000e8000000)
  eden space 87424K,   0% used [0x00000000e0000000, 0x00000000e0000000, 0x00000000e5560000)
  from space 21824K,  70% used [0x00000000e5560000, 0x00000000e6461c78, 0x00000000e6ab0000)
  to   space 21824K,   0% used [0x00000000e6ab0000, 0x00000000e6ab0000, 0x00000000e8000000)
 concurrent mark-sweep generation total 393216K, used 66407K [0x00000000e8000000, 0x0000000100000000, 0x0000000100000000)
 Metaspace       used 38000K, capacity 38768K, committed 39320K, reserved 1083392K
  class space    used 4338K, capacity 4566K, committed 4760K, reserved 1048576K
}
2017-08-29T19:37:58.910+0600: 3322.009: Total time for which application threads were stopped: 0.0127746 seconds, Stopping threads took: 0.0000267 seconds
2017-08-29T19:37:58.958+0600: 3322.057: Total time for which application threads were stopped: 0.0001283 seconds, Stopping threads took: 0.0000446 seconds
2017-08-29T19:37:59.871+0600: 3322.970: Total time for which application threads were stopped: 0.0000811 seconds, Stopping threads took: 0.0000248 seconds
2017-08-29T19:37:59.873+0600: 3322.971: Total time for which application threads were stopped: 0.0000805 seconds, Stopping threads took: 0.0000231 seconds
2017-08-29T19:37:59.874+0600: 3322.972: Total time for which application threads were stopped: 0.0000802 seconds, Stopping threads took: 0.0000230 seconds
{Heap before GC invocations=150 (full 2):
 par new generation   total 109248K, used 102791K [0x00000000e0000000, 0x00000000e8000000, 0x00000000e8000000)
  eden space 87424K, 100% used [0x00000000e0000000, 0x00000000e5560000, 0x00000000e5560000)
  from space 21824K,  70% used [0x00000000e5560000, 0x00000000e6461c78, 0x00000000e6ab0000)
  to   space 21824K,   0% used [0x00000000e6ab0000, 0x00000000e6ab0000, 0x00000000e8000000)
 concurrent mark-sweep generation total 393216K, used 66407K [0x00000000e8000000, 0x0000000100000000, 0x0000000100000000)
 Metaspace       used 38001K, capacity 38768K, committed 39320K, reserved 1083392K
  class space    used 4338K, capacity 4566K, committed 4760K, reserved 1048576K
2017-08-29T19:37:59.876+0600: 3322.974: [GC (Allocation Failure) 2017-08-29T19:37:59.876+0600: 3322.974: [ParNew
Desired survivor size 20112992 bytes, new threshold 8 (max 8)
- age   1:    1618032 bytes,    1618032 total
- age   2:     701632 bytes,    2319664 total
- age   3:     469400 bytes,    2789064 total
- age   4:     475680 bytes,    3264744 total
- age   5:     451824 bytes,    3716568 total
- age   6:     578288 bytes,    4294856 total
- age   7:     267112 bytes,    4561968 total
- age   8:     297608 bytes,    4859576 total
: 102791K->7057K(109248K), 0.0059035 secs] 169198K->73708K(502464K), 0.0059585 secs] [Times: user=0.01 sys=0.00, real=0.00 secs] 
Heap after GC invocations=151 (full 2):
 par new generation   total 109248K, used 7057K [0x00000000e0000000, 0x00000000e8000000, 0x00000000e8000000)
  eden space 87424K,   0% used [0x00000000e0000000, 0x00000000e0000000, 0x00000000e5560000)
  from space 21824K,  32% used [0x00000000e6ab0000, 0x00000000e71947b8, 0x00000000e8000000)
  to   space 21824K,   0% used [0x00000000e5560000, 0x00000000e5560000, 0x00000000e6ab0000)
 concurrent mark-sweep generation total 393216K, used 66650K [0x00000000e8000000, 0x0000000100000000, 0x0000000100000000)
 Metaspace       used 38001K, capacity 38768K, committed 39320K, reserved 1083392K
  class space    used 4338K, capacity 4566K, committed 4760K, reserved 1048576K
}
2017-08-29T19:37:59.882+0600: 3322.980: Total time for which application threads were stopped: 0.0060845 seconds, Stopping threads took: 0.0000205 seconds
2017-08-29T19:37:59.888+0600: 3322.987: Total time for which application threads were stopped: 0.0000971 seconds, Stopping threads took: 0.0000156 seconds
2017-08-29T19:37:59.888+0600: 3322.987: Total time for which application threads were stopped: 0.0000819 seconds, Stopping threads took: 0.0000285 seconds
2017-08-29T19:37:59.891+0600: 3322.989: Total time for which application threads were stopped: 0.0000868 seconds, Stopping threads took: 0.0000314 seconds
2017-08-29T19:37:59.891+0600: 3322.989: Total time for which application threads were stopped: 0.0000546 seconds, Stopping threads took: 0.0000129 seconds
2017-08-29T19:37:59.891+0600: 3322.989: Total time for which application threads were stopped: 0.0000468 seconds, Stopping threads took: 0.0000107 seconds
2017-08-29T19:37:59.891+0600: 3322.989: Total time for which application threads were stopped: 0.0000473 seconds, Stopping threads took: 0.0000129 seconds
2017-08-29T19:37:59.891+0600: 3322.989: Total time for which application threads were stopped: 0.0000555 seconds, Stopping threads took: 0.0000309 seconds
2017-08-29T19:37:59.891+0600: 3322.990: Total time for which application threads were stopped: 0.0000628 seconds, Stopping threads took: 0.0000287 seconds
2017-08-29T19:37:59.891+0600: 3322.990: Total time for which application threads were stopped: 0.0000548 seconds, Stopping threads took: 0.0000217 seconds
2017-08-29T19:37:59.891+0600: 3322.990: Total time for which application threads were stopped: 0.0000741 seconds, Stopping threads took: 0.0000317 seconds
2017-08-29T19:37:59.892+0600: 3322.991: Total time for which application threads were stopped: 0.0009557 seconds, Stopping threads took: 0.0009009 seconds
2017-08-29T19:37:59.906+0600: 3323.004: Total time for which application threads were stopped: 0.0001144 seconds, Stopping threads took: 0.0000401 seconds
2017-08-29T19:37:59.909+0600: 3323.008: Total time for which application threads were stopped: 0.0000824 seconds, Stopping threads took: 0.0000255 seconds
2017-08-29T19:37:59.909+0600: 3323.008: Total time for which application threads were stopped: 0.0000646 seconds, Stopping threads took: 0.0000180 seconds
2017-08-29T19:37:59.910+0600: 3323.008: Total time for which application threads were stopped: 0.0000445 seconds, Stopping threads took: 0.0000182 seconds
2017-08-29T19:37:59.910+0600: 3323.008: Total time for which application threads were stopped: 0.0000256 seconds, Stopping threads took: 0.0000035 seconds
2017-08-29T19:37:59.910+0600: 3323.008: Total time for which application threads were stopped: 0.0000811 seconds, Stopping threads took: 0.0000060 seconds
{Heap before GC invocations=151 (full 2):
 par new generation   total 109248K, used 94481K [0x00000000e0000000, 0x00000000e8000000, 0x00000000e8000000)
  eden space 87424K, 100% used [0x00000000e0000000, 0x00000000e5560000, 0x00000000e5560000)
  from space 21824K,  32% used [0x00000000e6ab0000, 0x00000000e71947b8, 0x00000000e8000000)
  to   space 21824K,   0% used [0x00000000e5560000, 0x00000000e5560000, 0x00000000e6ab0000)
 concurrent mark-sweep generation total 393216K, used 66650K [0x00000000e8000000, 0x0000000100000000, 0x0000000100000000)
 Metaspace       used 38009K, capacity 38768K, committed 39320K, reserved 1083392K
  class space    used 4338K, capacity 4566K, committed 4760K, reserved 1048576K
2017-08-29T19:37:59.997+0600: 3323.095: [GC (Allocation Failure) 2017-08-29T19:37:59.997+0600: 3323.095: [ParNew
Desired survivor size 20112992 bytes, new threshold 8 (max 8)
- age   1:     807888 bytes,     807888 total
- age   2:     901552 bytes,    1709440 total
- age   3:     287336 bytes,    1996776 total
- age   4:     244120 bytes,    2240896 total
- age   5:     247472 bytes,    2488368 total
- age   6:     227696 bytes,    2716064 total
- age   7:     427656 bytes,    3143720 total
- age   8:     265400 bytes,    3409120 total
: 94481K->5584K(109248K), 0.0049014 secs] 161132K->72526K(502464K), 0.0049444 secs] [Times: user=0.02 sys=0.00, real=0.00 secs] 
Heap after GC invocations=152 (full 2):
 par new generation   total 109248K, used 5584K [0x00000000e0000000, 0x00000000e8000000, 0x00000000e8000000)
  eden space 87424K,   0% used [0x00000000e0000000, 0x00000000e0000000, 0x00000000e5560000)
  from space 21824K,  25% used [0x00000000e5560000, 0x00000000e5ad4288, 0x00000000e6ab0000)
  to   space 21824K,   0% used [0x00000000e6ab0000, 0x00000000e6ab0000, 0x00000000e8000000)
 concurrent mark-sweep generation total 393216K, used 66941K [0x00000000e8000000, 0x0000000100000000, 0x0000000100000000)
 Metaspace       used 38009K, capacity 38768K, committed 39320K, reserved 1083392K
  class space    used 4338K, capacity 4566K, committed 4760K, reserved 1048576K
}
2017-08-29T19:38:00.002+0600: 3323.100: Total time for which application threads were stopped: 0.0051121 seconds, Stopping threads took: 0.0000189 seconds
2017-08-29T19:38:00.002+0600: 3323.101: Total time for which application threads were stopped: 0.0001721 seconds, Stopping threads took: 0.0000289 seconds
{Heap before GC invocations=152 (full 2):
 par new generation   total 109248K, used 93008K [0x00000000e0000000, 0x00000000e8000000, 0x00000000e8000000)
  eden space 87424K, 100% used [0x00000000e0000000, 0x00000000e5560000, 0x00000000e5560000)
  from space 21824K,  25% used [0x00000000e5560000, 0x00000000e5ad4288, 0x00000000e6ab0000)
  to   space 21824K,   0% used [0x00000000e6ab0000, 0x00000000e6ab0000, 0x00000000e8000000)
 concurrent mark-sweep generation total 393216K, used 66941K [0x00000000e8000000, 0x0000000100000000, 0x0000000100000000)
 Metaspace       used 38009K, capacity 38768K, committed 39320K, reserved 1083392K
  class space    used 4338K, capacity 4566K, committed 4760K, reserved 1048576K
2017-08-29T19:38:00.123+0600: 3323.222: [GC (Allocation Failure) 2017-08-29T19:38:00.123+0600: 3323.222: [ParNew
Desired survivor size 20112992 bytes, new threshold 8 (max 8)
- age   1:     306072 bytes,     306072 total
- age   2:     580896 bytes,     886968 total
- age   3:     901416 bytes,    1788384 total
- age   4:     287336 bytes,    2075720 total
- age   5:     244120 bytes,    2319840 total
- age   6:     247472 bytes,    2567312 total
- age   7:     227696 bytes,    2795008 total
- age   8:     427640 bytes,    3222648 total
: 93008K->4139K(109248K), 0.0072256 secs] 159950K->71340K(502464K), 0.0072850 secs] [Times: user=0.02 sys=0.00, real=0.01 secs] 
Heap after GC invocations=153 (full 2):
 par new generation   total 109248K, used 4139K [0x00000000e0000000, 0x00000000e8000000, 0x00000000e8000000)
  eden space 87424K,   0% used [0x00000000e0000000, 0x00000000e0000000, 0x00000000e5560000)
  from space 21824K,  18% used [0x00000000e6ab0000, 0x00000000e6ebad00, 0x00000000e8000000)
  to   space 21824K,   0% used [0x00000000e5560000, 0x00000000e5560000, 0x00000000e6ab0000)
 concurrent mark-sweep generation total 393216K, used 67200K [0x00000000e8000000, 0x0000000100000000, 0x0000000100000000)
 Metaspace       used 38009K, capacity 38768K, committed 39320K, reserved 1083392K
  class space    used 4338K, capacity 4566K, committed 4760K, reserved 1048576K
}
2017-08-29T19:38:00.131+0600: 3323.229: Total time for which application threads were stopped: 0.0074309 seconds, Stopping threads took: 0.0000200 seconds
2017-08-29T19:38:00.137+0600: 3323.235: Total time for which application threads were stopped: 0.0001181 seconds, Stopping threads took: 0.0000384 seconds
{Heap before GC invocations=153 (full 2):
 par new generation   total 109248K, used 91563K [0x00000000e0000000, 0x00000000e8000000, 0x00000000e8000000)
  eden space 87424K, 100% used [0x00000000e0000000, 0x00000000e5560000, 0x00000000e5560000)
  from space 21824K,  18% used [0x00000000e6ab0000, 0x00000000e6ebad00, 0x00000000e8000000)
  to   space 21824K,   0% used [0x00000000e5560000, 0x00000000e5560000, 0x00000000e6ab0000)
 concurrent mark-sweep generation total 393216K, used 67200K [0x00000000e8000000, 0x0000000100000000, 0x0000000100000000)
 Metaspace       used 38009K, capacity 38768K, committed 39320K, reserved 1083392K
  class space    used 4338K, capacity 4566K, committed 4760K, reserved 1048576K
2017-08-29T19:38:00.210+0600: 3323.308: [GC (Allocation Failure) 2017-08-29T19:38:00.210+0600: 3323.308: [ParNew
Desired survivor size 20112992 bytes, new threshold 8 (max 8)
- age   1:     335104 bytes,     335104 total
- age   2:      99248 bytes,     434352 total
- age   3:     580712 bytes,    1015064 total
- age   4:     901360 bytes,    1916424 total
- age   5:     287304 bytes,    2203728 total
- age   6:     244088 bytes,    2447816 total
- age   7:     247472 bytes,    2695288 total
- age   8:     227696 bytes,    2922984 total
: 91563K->3582K(109248K), 0.0035338 secs] 158764K->71201K(502464K), 0.0035843 secs] [Times: user=0.00 sys=0.00, real=0.00 secs] 
Heap after GC invocations=154 (full 2):
 par new generation   total 109248K, used 3582K [0x00000000e0000000, 0x00000000e8000000, 0x00000000e8000000)
  eden space 87424K,   0% used [0x00000000e0000000, 0x00000000e0000000, 0x00000000e5560000)
  from space 21824K,  16% used [0x00000000e5560000, 0x00000000e58df940, 0x00000000e6ab0000)
  to   space 21824K,   0% used [0x00000000e6ab0000, 0x00000000e6ab0000, 0x00000000e8000000)
 concurrent mark-sweep generation total 393216K, used 67619K [0x00000000e8000000, 0x0000000100000000, 0x0000000100000000)
 Metaspace       used 38009K, capacity 38768K, committed 39320K, reserved 1083392K
  class space    used 4338K, capacity 4566K, committed 4760K, reserved 1048576K
}
2017-08-29T19:38:00.214+0600: 3323.312: Total time for which application threads were stopped: 0.0037483 seconds, Stopping threads took: 0.0000386 seconds
2017-08-29T19:38:00.345+0600: 3323.443: Total time for which application threads were stopped: 0.0002194 seconds, Stopping threads took: 0.0001330 seconds
2017-08-29T19:38:00.345+0600: 3323.443: Total time for which application threads were stopped: 0.0000432 seconds, Stopping threads took: 0.0000089 seconds
{Heap before GC invocations=154 (full 2):
 par new generation   total 109248K, used 91006K [0x00000000e0000000, 0x00000000e8000000, 0x00000000e8000000)
  eden space 87424K, 100% used [0x00000000e0000000, 0x00000000e5560000, 0x00000000e5560000)
  from space 21824K,  16% used [0x00000000e5560000, 0x00000000e58df940, 0x00000000e6ab0000)
  to   space 21824K,   0% used [0x00000000e6ab0000, 0x00000000e6ab0000, 0x00000000e8000000)
 concurrent mark-sweep generation total 393216K, used 67619K [0x00000000e8000000, 0x0000000100000000, 0x0000000100000000)
 Metaspace       used 38013K, capacity 38768K, committed 39320K, reserved 1083392K
  class space    used 4338K, capacity 4566K, committed 4760K, reserved 1048576K
2017-08-29T19:38:02.980+0600: 3326.078: [GC (Allocation Failure) 2017-08-29T19:38:02.980+0600: 3326.078: [ParNew
Desired survivor size 20112992 bytes, new threshold 8 (max 8)
- age   1:    2214104 bytes,    2214104 total
- age   2:      17912 bytes,    2232016 total
- age   3:      70704 bytes,    2302720 total
- age   4:     362208 bytes,    2664928 total
- age   5:     901112 bytes,    3566040 total
- age   6:     287240 bytes,    3853280 total
- age   7:     243832 bytes,    4097112 total
- age   8:     247248 bytes,    4344360 total
: 91006K->5588K(109248K), 0.0035989 secs] 158625K->73429K(502464K), 0.0036668 secs] [Times: user=0.02 sys=0.00, real=0.00 secs] 
Heap after GC invocations=155 (full 2):
 par new generation   total 109248K, used 5588K [0x00000000e0000000, 0x00000000e8000000, 0x00000000e8000000)
  eden space 87424K,   0% used [0x00000000e0000000, 0x00000000e0000000, 0x00000000e5560000)
  from space 21824K,  25% used [0x00000000e6ab0000, 0x00000000e7025208, 0x00000000e8000000)
  to   space 21824K,   0% used [0x00000000e5560000, 0x00000000e5560000, 0x00000000e6ab0000)
 concurrent mark-sweep generation total 393216K, used 67841K [0x00000000e8000000, 0x0000000100000000, 0x0000000100000000)
 Metaspace       used 38013K, capacity 38768K, committed 39320K, reserved 1083392K
  class space    used 4338K, capacity 4566K, committed 4760K, reserved 1048576K
}
2017-08-29T19:38:02.983+0600: 3326.082: Total time for which application threads were stopped: 0.0038198 seconds, Stopping threads took: 0.0000186 seconds
{Heap before GC invocations=155 (full 2):
 par new generation   total 109248K, used 93012K [0x00000000e0000000, 0x00000000e8000000, 0x00000000e8000000)
  eden space 87424K, 100% used [0x00000000e0000000, 0x00000000e5560000, 0x00000000e5560000)
  from space 21824K,  25% used [0x00000000e6ab0000, 0x00000000e7025208, 0x00000000e8000000)
  to   space 21824K,   0% used [0x00000000e5560000, 0x00000000e5560000, 0x00000000e6ab0000)
 concurrent mark-sweep generation total 393216K, used 67841K [0x00000000e8000000, 0x0000000100000000, 0x0000000100000000)
 Metaspace       used 38013K, capacity 38768K, committed 39320K, reserved 1083392K
  class space    used 4338K, capacity 4566K, committed 4760K, reserved 1048576K
2017-08-29T19:38:07.541+0600: 3330.639: [GC (Allocation Failure) 2017-08-29T19:38:07.541+0600: 3330.639: [ParNew
Desired survivor size 20112992 bytes, new threshold 8 (max 8)
- age   1:    4022720 bytes,    4022720 total
- age   2:    1437984 bytes,    5460704 total
- age   3:      17688 bytes,    5478392 total
- age   4:      70704 bytes,    5549096 total
- age   5:     362056 bytes,    5911152 total
- age   6:     900880 bytes,    6812032 total
- age   7:     287048 bytes,    7099080 total
- age   8:     243320 bytes,    7342400 total
: 93012K->8384K(109248K), 0.0043082 secs] 160853K->76466K(502464K), 0.0043611 secs] [Times: user=0.02 sys=0.00, real=0.00 secs] 
Heap after GC invocations=156 (full 2):
 par new generation   total 109248K, used 8384K [0x00000000e0000000, 0x00000000e8000000, 0x00000000e8000000)
  eden space 87424K,   0% used [0x00000000e0000000, 0x00000000e0000000, 0x00000000e5560000)
  from space 21824K,  38% used [0x00000000e5560000, 0x00000000e5d900e8, 0x00000000e6ab0000)
  to   space 21824K,   0% used [0x00000000e6ab0000, 0x00000000e6ab0000, 0x00000000e8000000)
 concurrent mark-sweep generation total 393216K, used 68082K [0x00000000e8000000, 0x0000000100000000, 0x0000000100000000)
 Metaspace       used 38013K, capacity 38768K, committed 39320K, reserved 1083392K
  class space    used 4338K, capacity 4566K, committed 4760K, reserved 1048576K
}
2017-08-29T19:38:07.545+0600: 3330.643: Total time for which application threads were stopped: 0.0045028 seconds, Stopping threads took: 0.0000255 seconds
{Heap before GC invocations=156 (full 2):
 par new generation   total 109248K, used 95808K [0x00000000e0000000, 0x00000000e8000000, 0x00000000e8000000)
  eden space 87424K, 100% used [0x00000000e0000000, 0x00000000e5560000, 0x00000000e5560000)
  from space 21824K,  38% used [0x00000000e5560000, 0x00000000e5d900e8, 0x00000000e6ab0000)
  to   space 21824K,   0% used [0x00000000e6ab0000, 0x00000000e6ab0000, 0x00000000e8000000)
 concurrent mark-sweep generation total 393216K, used 68082K [0x00000000e8000000, 0x0000000100000000, 0x0000000100000000)
 Metaspace       used 38013K, capacity 38768K, committed 39320K, reserved 1083392K
  class space    used 4338K, capacity 4566K, committed 4760K, reserved 1048576K
2017-08-29T19:38:11.588+0600: 3334.686: [GC (Allocation Failure) 2017-08-29T19:38:11.588+0600: 3334.686: [ParNew
Desired survivor size 20112992 bytes, new threshold 8 (max 8)
- age   1:    3973864 bytes,    3973864 total
- age   2:    2744832 bytes,    6718696 total
- age   3:    1437672 bytes,    8156368 total
- age   4:      17688 bytes,    8174056 total
- age   5:      70704 bytes,    8244760 total
- age   6:     362056 bytes,    8606816 total
- age   7:     900664 bytes,    9507480 total
- age   8:     286824 bytes,    9794304 total
: 95808K->11983K(109248K), 0.0063923 secs] 163890K->80302K(502464K), 0.0064634 secs] [Times: user=0.01 sys=0.00, real=0.01 secs] 
Heap after GC invocations=157 (full 2):
 par new generation   total 109248K, used 11983K [0x00000000e0000000, 0x00000000e8000000, 0x00000000e8000000)
  eden space 87424K,   0% used [0x00000000e0000000, 0x00000000e0000000, 0x00000000e5560000)
  from space 21824K,  54% used [0x00000000e6ab0000, 0x00000000e7663c90, 0x00000000e8000000)
  to   space 21824K,   0% used [0x00000000e5560000, 0x00000000e5560000, 0x00000000e6ab0000)
 concurrent mark-sweep generation total 393216K, used 68319K [0x00000000e8000000, 0x0000000100000000, 0x0000000100000000)
 Metaspace       used 38013K, capacity 38768K, committed 39320K, reserved 1083392K
  class space    used 4338K, capacity 4566K, committed 4760K, reserved 1048576K
}
2017-08-29T19:38:11.594+0600: 3334.693: Total time for which application threads were stopped: 0.0066158 seconds, Stopping threads took: 0.0000181 seconds
2017-08-29T19:38:13.842+0600: 3336.940: Total time for which application threads were stopped: 0.0000861 seconds, Stopping threads took: 0.0000266 seconds
2017-08-29T19:38:13.845+0600: 3336.943: Total time for which application threads were stopped: 0.0001207 seconds, Stopping threads took: 0.0000360 seconds
2017-08-29T19:38:13.845+0600: 3336.943: Total time for which application threads were stopped: 0.0000696 seconds, Stopping threads took: 0.0000183 seconds
2017-08-29T19:38:13.845+0600: 3336.943: Total time for which application threads were stopped: 0.0000595 seconds, Stopping threads took: 0.0000178 seconds
2017-08-29T19:38:13.845+0600: 3336.943: Total time for which application threads were stopped: 0.0000536 seconds, Stopping threads took: 0.0000162 seconds
2017-08-29T19:38:13.845+0600: 3336.944: Total time for which application threads were stopped: 0.0000434 seconds, Stopping threads took: 0.0000154 seconds
{Heap before GC invocations=157 (full 2):
 par new generation   total 109248K, used 99407K [0x00000000e0000000, 0x00000000e8000000, 0x00000000e8000000)
  eden space 87424K, 100% used [0x00000000e0000000, 0x00000000e5560000, 0x00000000e5560000)
  from space 21824K,  54% used [0x00000000e6ab0000, 0x00000000e7663c90, 0x00000000e8000000)
  to   space 21824K,   0% used [0x00000000e5560000, 0x00000000e5560000, 0x00000000e6ab0000)
 concurrent mark-sweep generation total 393216K, used 68319K [0x00000000e8000000, 0x0000000100000000, 0x0000000100000000)
 Metaspace       used 38013K, capacity 38768K, committed 39320K, reserved 1083392K
  class space    used 4338K, capacity 4566K, committed 4760K, reserved 1048576K
2017-08-29T19:38:13.904+0600: 3337.002: [GC (Allocation Failure) 2017-08-29T19:38:13.904+0600: 3337.002: [ParNew
Desired survivor size 20112992 bytes, new threshold 8 (max 8)
- age   1:    3808592 bytes,    3808592 total
- age   2:    1882968 bytes,    5691560 total
- age   3:    1863216 bytes,    7554776 total
- age   4:    1145000 bytes,    8699776 total
- age   5:      16200 bytes,    8715976 total
- age   6:      51976 bytes,    8767952 total
- age   7:     360088 bytes,    9128040 total
- age   8:     510976 bytes,    9639016 total
: 99407K->11071K(109248K), 0.0072464 secs] 167726K->79670K(502464K), 0.0073048 secs] [Times: user=0.02 sys=0.00, real=0.01 secs] 
Heap after GC invocations=158 (full 2):
 par new generation   total 109248K, used 11071K [0x00000000e0000000, 0x00000000e8000000, 0x00000000e8000000)
  eden space 87424K,   0% used [0x00000000e0000000, 0x00000000e0000000, 0x00000000e5560000)
  from space 21824K,  50% used [0x00000000e5560000, 0x00000000e602fd68, 0x00000000e6ab0000)
  to   space 21824K,   0% used [0x00000000e6ab0000, 0x00000000e6ab0000, 0x00000000e8000000)
 concurrent mark-sweep generation total 393216K, used 68599K [0x00000000e8000000, 0x0000000100000000, 0x0000000100000000)
 Metaspace       used 38013K, capacity 38768K, committed 39320K, reserved 1083392K
  class space    used 4338K, capacity 4566K, committed 4760K, reserved 1048576K
}
2017-08-29T19:38:13.911+0600: 3337.009: Total time for which application threads were stopped: 0.0074385 seconds, Stopping threads took: 0.0000183 seconds
2017-08-29T19:38:14.004+0600: 3337.102: Total time for which application threads were stopped: 0.0000964 seconds, Stopping threads took: 0.0000153 seconds
2017-08-29T19:38:15.377+0600: 3338.475: Total time for which application threads were stopped: 0.0001065 seconds, Stopping threads took: 0.0000395 seconds
2017-08-29T19:38:15.379+0600: 3338.477: Total time for which application threads were stopped: 0.0000855 seconds, Stopping threads took: 0.0000241 seconds
2017-08-29T19:38:15.382+0600: 3338.480: Total time for which application threads were stopped: 0.0001077 seconds, Stopping threads took: 0.0000485 seconds
2017-08-29T19:38:15.392+0600: 3338.491: Total time for which application threads were stopped: 0.0000829 seconds, Stopping threads took: 0.0000247 seconds
2017-08-29T19:38:15.576+0600: 3338.675: Total time for which application threads were stopped: 0.0000819 seconds, Stopping threads took: 0.0000128 seconds
{Heap before GC invocations=158 (full 2):
 par new generation   total 109248K, used 98495K [0x00000000e0000000, 0x00000000e8000000, 0x00000000e8000000)
  eden space 87424K, 100% used [0x00000000e0000000, 0x00000000e5560000, 0x00000000e5560000)
  from space 21824K,  50% used [0x00000000e5560000, 0x00000000e602fd68, 0x00000000e6ab0000)
  to   space 21824K,   0% used [0x00000000e6ab0000, 0x00000000e6ab0000, 0x00000000e8000000)
 concurrent mark-sweep generation total 393216K, used 68599K [0x00000000e8000000, 0x0000000100000000, 0x0000000100000000)
 Metaspace       used 38016K, capacity 38768K, committed 39320K, reserved 1083392K
  class space    used 4338K, capacity 4566K, committed 4760K, reserved 1048576K
2017-08-29T19:38:16.423+0600: 3339.521: [GC (Allocation Failure) 2017-08-29T19:38:16.423+0600: 3339.521: [ParNew
Desired survivor size 20112992 bytes, new threshold 8 (max 8)
- age   1:    2098632 bytes,    2098632 total
- age   2:     322152 bytes,    2420784 total
- age   3:     470696 bytes,    2891480 total
- age   4:     519288 bytes,    3410768 total
- age   5:     300584 bytes,    3711352 total
- age   6:      12976 bytes,    3724328 total
- age   7:      14200 bytes,    3738528 total
- age   8:      13760 bytes,    3752288 total
: 98495K->8787K(109248K), 0.0041377 secs] 167094K->77509K(502464K), 0.0042066 secs] [Times: user=0.01 sys=0.00, real=0.01 secs] 
Heap after GC invocations=159 (full 2):
 par new generation   total 109248K, used 8787K [0x00000000e0000000, 0x00000000e8000000, 0x00000000e8000000)
  eden space 87424K,   0% used [0x00000000e0000000, 0x00000000e0000000, 0x00000000e5560000)
  from space 21824K,  40% used [0x00000000e6ab0000, 0x00000000e7344ec0, 0x00000000e8000000)
  to   space 21824K,   0% used [0x00000000e5560000, 0x00000000e5560000, 0x00000000e6ab0000)
 concurrent mark-sweep generation total 393216K, used 68721K [0x00000000e8000000, 0x0000000100000000, 0x0000000100000000)
 Metaspace       used 38016K, capacity 38768K, committed 39320K, reserved 1083392K
  class space    used 4338K, capacity 4566K, committed 4760K, reserved 1048576K
}
2017-08-29T19:38:16.427+0600: 3339.525: Total time for which application threads were stopped: 0.0043618 seconds, Stopping threads took: 0.0000168 seconds
{Heap before GC invocations=159 (full 2):
 par new generation   total 109248K, used 96211K [0x00000000e0000000, 0x00000000e8000000, 0x00000000e8000000)
  eden space 87424K, 100% used [0x00000000e0000000, 0x00000000e5560000, 0x00000000e5560000)
  from space 21824K,  40% used [0x00000000e6ab0000, 0x00000000e7344ec0, 0x00000000e8000000)
  to   space 21824K,   0% used [0x00000000e5560000, 0x00000000e5560000, 0x00000000e6ab0000)
 concurrent mark-sweep generation total 393216K, used 68721K [0x00000000e8000000, 0x0000000100000000, 0x0000000100000000)
 Metaspace       used 38016K, capacity 38768K, committed 39320K, reserved 1083392K
  class space    used 4338K, capacity 4566K, committed 4760K, reserved 1048576K
2017-08-29T19:38:19.351+0600: 3342.449: [GC (Allocation Failure) 2017-08-29T19:38:19.351+0600: 3342.449: [ParNew
Desired survivor size 20112992 bytes, new threshold 8 (max 8)
- age   1:    2906288 bytes,    2906288 total
- age   2:    1858840 bytes,    4765128 total
- age   3:     321896 bytes,    5087024 total
- age   4:     470152 bytes,    5557176 total
- age   5:     518904 bytes,    6076080 total
- age   6:     300392 bytes,    6376472 total
- age   7:      12976 bytes,    6389448 total
- age   8:      14200 bytes,    6403648 total
: 96211K->6866K(109248K), 0.0038034 secs] 164933K->75602K(502464K), 0.0038551 secs] [Times: user=0.01 sys=0.00, real=0.01 secs] 
Heap after GC invocations=160 (full 2):
 par new generation   total 109248K, used 6866K [0x00000000e0000000, 0x00000000e8000000, 0x00000000e8000000)
  eden space 87424K,   0% used [0x00000000e0000000, 0x00000000e0000000, 0x00000000e5560000)
  from space 21824K,  31% used [0x00000000e5560000, 0x00000000e5c149a0, 0x00000000e6ab0000)
  to   space 21824K,   0% used [0x00000000e6ab0000, 0x00000000e6ab0000, 0x00000000e8000000)
 concurrent mark-sweep generation total 393216K, used 68735K [0x00000000e8000000, 0x0000000100000000, 0x0000000100000000)
 Metaspace       used 38016K, capacity 38768K, committed 39320K, reserved 1083392K
  class space    used 4338K, capacity 4566K, committed 4760K, reserved 1048576K
}
2017-08-29T19:38:19.355+0600: 3342.453: Total time for which application threads were stopped: 0.0039927 seconds, Stopping threads took: 0.0000249 seconds
{Heap before GC invocations=160 (full 2):
 par new generation   total 109248K, used 94290K [0x00000000e0000000, 0x00000000e8000000, 0x00000000e8000000)
  eden space 87424K, 100% used [0x00000000e0000000, 0x00000000e5560000, 0x00000000e5560000)
  from space 21824K,  31% used [0x00000000e5560000, 0x00000000e5c149a0, 0x00000000e6ab0000)
  to   space 21824K,   0% used [0x00000000e6ab0000, 0x00000000e6ab0000, 0x00000000e8000000)
 concurrent mark-sweep generation total 393216K, used 68735K [0x00000000e8000000, 0x0000000100000000, 0x0000000100000000)
 Metaspace       used 38016K, capacity 38768K, committed 39320K, reserved 1083392K
  class space    used 4338K, capacity 4566K, committed 4760K, reserved 1048576K
2017-08-29T19:38:23.086+0600: 3346.185: [GC (Allocation Failure) 2017-08-29T19:38:23.086+0600: 3346.185: [ParNew
Desired survivor size 20112992 bytes, new threshold 8 (max 8)
- age   1:    3451200 bytes,    3451200 total
- age   2:    2051728 bytes,    5502928 total
- age   3:    1856024 bytes,    7358952 total
- age   4:     321768 bytes,    7680720 total
- age   5:     469800 bytes,    8150520 total
- age   6:     518584 bytes,    8669104 total
- age   7:     300200 bytes,    8969304 total
- age   8:      12976 bytes,    8982280 total
: 94290K->12043K(109248K), 0.0063563 secs] 163026K->80792K(502464K), 0.0064163 secs] [Times: user=0.01 sys=0.00, real=0.00 secs] 
Heap after GC invocations=161 (full 2):
 par new generation   total 109248K, used 12043K [0x00000000e0000000, 0x00000000e8000000, 0x00000000e8000000)
  eden space 87424K,   0% used [0x00000000e0000000, 0x00000000e0000000, 0x00000000e5560000)
  from space 21824K,  55% used [0x00000000e6ab0000, 0x00000000e7672cc8, 0x00000000e8000000)
  to   space 21824K,   0% used [0x00000000e5560000, 0x00000000e5560000, 0x00000000e6ab0000)
 concurrent mark-sweep generation total 393216K, used 68749K [0x00000000e8000000, 0x0000000100000000, 0x0000000100000000)
 Metaspace       used 38016K, capacity 38768K, committed 39320K, reserved 1083392K
  class space    used 4338K, capacity 4566K, committed 4760K, reserved 1048576K
}
2017-08-29T19:38:23.093+0600: 3346.191: Total time for which application threads were stopped: 0.0065922 seconds, Stopping threads took: 0.0000222 seconds
2017-08-29T19:38:26.671+0600: 3349.770: Total time for which application threads were stopped: 0.0000778 seconds, Stopping threads took: 0.0000152 seconds
2017-08-29T19:38:26.677+0600: 3349.776: Total time for which application threads were stopped: 0.0000772 seconds, Stopping threads took: 0.0000230 seconds
{Heap before GC invocations=161 (full 2):
 par new generation   total 109248K, used 99467K [0x00000000e0000000, 0x00000000e8000000, 0x00000000e8000000)
  eden space 87424K, 100% used [0x00000000e0000000, 0x00000000e5560000, 0x00000000e5560000)
  from space 21824K,  55% used [0x00000000e6ab0000, 0x00000000e7672cc8, 0x00000000e8000000)
  to   space 21824K,   0% used [0x00000000e5560000, 0x00000000e5560000, 0x00000000e6ab0000)
 concurrent mark-sweep generation total 393216K, used 68749K [0x00000000e8000000, 0x0000000100000000, 0x0000000100000000)
 Metaspace       used 38016K, capacity 38768K, committed 39320K, reserved 1083392K
  class space    used 4338K, capacity 4566K, committed 4760K, reserved 1048576K
2017-08-29T19:38:26.873+0600: 3349.971: [GC (Allocation Failure) 2017-08-29T19:38:26.873+0600: 3349.971: [ParNew
Desired survivor size 20112992 bytes, new threshold 8 (max 8)
- age   1:    4161232 bytes,    4161232 total
- age   2:    2379760 bytes,    6540992 total
- age   3:    1853736 bytes,    8394728 total
- age   4:    1855176 bytes,   10249904 total
- age   5:     321544 bytes,   10571448 total
- age   6:     469640 bytes,   11041088 total
- age   7:     518360 bytes,   11559448 total
- age   8:     300072 bytes,   11859520 total
: 99467K->14377K(109248K), 0.0047496 secs] 168216K->83140K(502464K), 0.0048028 secs] [Times: user=0.01 sys=0.01, real=0.01 secs] 
Heap after GC invocations=162 (full 2):
 par new generation   total 109248K, used 14377K [0x00000000e0000000, 0x00000000e8000000, 0x00000000e8000000)
  eden space 87424K,   0% used [0x00000000e0000000, 0x00000000e0000000, 0x00000000e5560000)
  from space 21824K,  65% used [0x00000000e5560000, 0x00000000e636a7e0, 0x00000000e6ab0000)
  to   space 21824K,   0% used [0x00000000e6ab0000, 0x00000000e6ab0000, 0x00000000e8000000)
 concurrent mark-sweep generation total 393216K, used 68762K [0x00000000e8000000, 0x0000000100000000, 0x0000000100000000)
 Metaspace       used 38016K, capacity 38768K, committed 39320K, reserved 1083392K
  class space    used 4338K, capacity 4566K, committed 4760K, reserved 1048576K
}
2017-08-29T19:38:26.877+0600: 3349.976: Total time for which application threads were stopped: 0.0049452 seconds, Stopping threads took: 0.0000258 seconds
2017-08-29T19:38:28.843+0600: 3351.941: Total time for which application threads were stopped: 0.0001094 seconds, Stopping threads took: 0.0000428 seconds
2017-08-29T19:38:28.843+0600: 3351.942: Total time for which application threads were stopped: 0.0000583 seconds, Stopping threads took: 0.0000246 seconds
2017-08-29T19:38:28.843+0600: 3351.942: Total time for which application threads were stopped: 0.0000613 seconds, Stopping threads took: 0.0000294 seconds
2017-08-29T19:38:28.843+0600: 3351.942: Total time for which application threads were stopped: 0.0000544 seconds, Stopping threads took: 0.0000241 seconds
2017-08-29T19:38:28.844+0600: 3351.942: Total time for which application threads were stopped: 0.0000758 seconds, Stopping threads took: 0.0000364 seconds
2017-08-29T19:38:28.845+0600: 3351.944: Total time for which application threads were stopped: 0.0000276 seconds, Stopping threads took: 0.0000061 seconds
2017-08-29T19:38:28.860+0600: 3351.958: Total time for which application threads were stopped: 0.0001117 seconds, Stopping threads took: 0.0000417 seconds
2017-08-29T19:38:28.872+0600: 3351.971: Total time for which application threads were stopped: 0.0001024 seconds, Stopping threads took: 0.0000317 seconds
{Heap before GC invocations=162 (full 2):
 par new generation   total 109248K, used 101801K [0x00000000e0000000, 0x00000000e8000000, 0x00000000e8000000)
  eden space 87424K, 100% used [0x00000000e0000000, 0x00000000e5560000, 0x00000000e5560000)
  from space 21824K,  65% used [0x00000000e5560000, 0x00000000e636a7e0, 0x00000000e6ab0000)
  to   space 21824K,   0% used [0x00000000e6ab0000, 0x00000000e6ab0000, 0x00000000e8000000)
 concurrent mark-sweep generation total 393216K, used 68762K [0x00000000e8000000, 0x0000000100000000, 0x0000000100000000)
 Metaspace       used 38016K, capacity 38768K, committed 39320K, reserved 1083392K
  class space    used 4338K, capacity 4566K, committed 4760K, reserved 1048576K
2017-08-29T19:38:28.899+0600: 3351.997: [GC (Allocation Failure) 2017-08-29T19:38:28.899+0600: 3351.997: [ParNew
Desired survivor size 20112992 bytes, new threshold 8 (max 8)
- age   1:    4604296 bytes,    4604296 total
- age   2:    1853984 bytes,    6458280 total
- age   3:    1567136 bytes,    8025416 total
- age   4:    1415568 bytes,    9440984 total
- age   5:    1393168 bytes,   10834152 total
- age   6:     321336 bytes,   11155488 total
- age   7:     469544 bytes,   11625032 total
- age   8:     518200 bytes,   12143232 total
: 101801K->16534K(109248K), 0.0055233 secs] 170564K->85589K(502464K), 0.0055892 secs] [Times: user=0.02 sys=0.00, real=0.00 secs] 
Heap after GC invocations=163 (full 2):
 par new generation   total 109248K, used 16534K [0x00000000e0000000, 0x00000000e8000000, 0x00000000e8000000)
  eden space 87424K,   0% used [0x00000000e0000000, 0x00000000e0000000, 0x00000000e5560000)
  from space 21824K,  75% used [0x00000000e6ab0000, 0x00000000e7ad59f8, 0x00000000e8000000)
  to   space 21824K,   0% used [0x00000000e5560000, 0x00000000e5560000, 0x00000000e6ab0000)
 concurrent mark-sweep generation total 393216K, used 69055K [0x00000000e8000000, 0x0000000100000000, 0x0000000100000000)
 Metaspace       used 38016K, capacity 38768K, committed 39320K, reserved 1083392K
  class space    used 4338K, capacity 4566K, committed 4760K, reserved 1048576K
}
2017-08-29T19:38:28.905+0600: 3352.003: Total time for which application threads were stopped: 0.0057179 seconds, Stopping threads took: 0.0000168 seconds
2017-08-29T19:38:29.950+0600: 3353.049: Total time for which application threads were stopped: 0.0001399 seconds, Stopping threads took: 0.0000254 seconds
2017-08-29T19:38:29.952+0600: 3353.050: Total time for which application threads were stopped: 0.0000790 seconds, Stopping threads took: 0.0000241 seconds
2017-08-29T19:38:29.953+0600: 3353.051: Total time for which application threads were stopped: 0.0000659 seconds, Stopping threads took: 0.0000256 seconds
2017-08-29T19:38:29.960+0600: 3353.058: Total time for which application threads were stopped: 0.0000667 seconds, Stopping threads took: 0.0000128 seconds
2017-08-29T19:38:30.200+0600: 3353.298: Total time for which application threads were stopped: 0.0000806 seconds, Stopping threads took: 0.0000131 seconds
{Heap before GC invocations=163 (full 2):
 par new generation   total 109248K, used 103958K [0x00000000e0000000, 0x00000000e8000000, 0x00000000e8000000)
  eden space 87424K, 100% used [0x00000000e0000000, 0x00000000e5560000, 0x00000000e5560000)
  from space 21824K,  75% used [0x00000000e6ab0000, 0x00000000e7ad59f8, 0x00000000e8000000)
  to   space 21824K,   0% used [0x00000000e5560000, 0x00000000e5560000, 0x00000000e6ab0000)
 concurrent mark-sweep generation total 393216K, used 69055K [0x00000000e8000000, 0x0000000100000000, 0x0000000100000000)
 Metaspace       used 38016K, capacity 38768K, committed 39320K, reserved 1083392K
  class space    used 4338K, capacity 4566K, committed 4760K, reserved 1048576K
2017-08-29T19:38:30.790+0600: 3353.889: [GC (Allocation Failure) 2017-08-29T19:38:30.790+0600: 3353.889: [ParNew
Desired survivor size 20112992 bytes, new threshold 8 (max 8)
- age   1:    1963184 bytes,    1963184 total
- age   2:     251792 bytes,    2214976 total
- age   3:     240632 bytes,    2455608 total
- age   4:     230248 bytes,    2685856 total
- age   5:     195968 bytes,    2881824 total
- age   6:     764776 bytes,    3646600 total
- age   7:     316696 bytes,    3963296 total
- age   8:     469512 bytes,    4432808 total
: 103958K->6809K(109248K), 0.0048333 secs] 173013K->76370K(502464K), 0.0049091 secs] [Times: user=0.02 sys=0.00, real=0.01 secs] 
Heap after GC invocations=164 (full 2):
 par new generation   total 109248K, used 6809K [0x00000000e0000000, 0x00000000e8000000, 0x00000000e8000000)
  eden space 87424K,   0% used [0x00000000e0000000, 0x00000000e0000000, 0x00000000e5560000)
  from space 21824K,  31% used [0x00000000e5560000, 0x00000000e5c06440, 0x00000000e6ab0000)
  to   space 21824K,   0% used [0x00000000e6ab0000, 0x00000000e6ab0000, 0x00000000e8000000)
 concurrent mark-sweep generation total 393216K, used 69561K [0x00000000e8000000, 0x0000000100000000, 0x0000000100000000)
 Metaspace       used 38016K, capacity 38768K, committed 39320K, reserved 1083392K
  class space    used 4338K, capacity 4566K, committed 4760K, reserved 1048576K
}
2017-08-29T19:38:30.795+0600: 3353.894: Total time for which application threads were stopped: 0.0050556 seconds, Stopping threads took: 0.0000245 seconds
{Heap before GC invocations=164 (full 2):
 par new generation   total 109248K, used 94233K [0x00000000e0000000, 0x00000000e8000000, 0x00000000e8000000)
  eden space 87424K, 100% used [0x00000000e0000000, 0x00000000e5560000, 0x00000000e5560000)
  from space 21824K,  31% used [0x00000000e5560000, 0x00000000e5c06440, 0x00000000e6ab0000)
  to   space 21824K,   0% used [0x00000000e6ab0000, 0x00000000e6ab0000, 0x00000000e8000000)
 concurrent mark-sweep generation total 393216K, used 69561K [0x00000000e8000000, 0x0000000100000000, 0x0000000100000000)
 Metaspace       used 38016K, capacity 38768K, committed 39320K, reserved 1083392K
  class space    used 4338K, capacity 4566K, committed 4760K, reserved 1048576K
2017-08-29T19:38:34.833+0600: 3357.932: [GC (Allocation Failure) 2017-08-29T19:38:34.833+0600: 3357.932: [ParNew
Desired survivor size 20112992 bytes, new threshold 8 (max 8)
- age   1:    3224184 bytes,    3224184 total
- age   2:    1700864 bytes,    4925048 total
- age   3:     251632 bytes,    5176680 total
- age   4:     240064 bytes,    5416744 total
- age   5:     229864 bytes,    5646608 total
- age   6:     195560 bytes,    5842168 total
- age   7:     764584 bytes,    6606752 total
- age   8:     316536 bytes,    6923288 total
: 94233K->7089K(109248K), 0.0072493 secs] 163794K->77108K(502464K), 0.0072991 secs] [Times: user=0.02 sys=0.00, real=0.01 secs] 
Heap after GC invocations=165 (full 2):
 par new generation   total 109248K, used 7089K [0x00000000e0000000, 0x00000000e8000000, 0x00000000e8000000)
  eden space 87424K,   0% used [0x00000000e0000000, 0x00000000e0000000, 0x00000000e5560000)
  from space 21824K,  32% used [0x00000000e6ab0000, 0x00000000e719c4c0, 0x00000000e8000000)
  to   space 21824K,   0% used [0x00000000e5560000, 0x00000000e5560000, 0x00000000e6ab0000)
 concurrent mark-sweep generation total 393216K, used 70019K [0x00000000e8000000, 0x0000000100000000, 0x0000000100000000)
 Metaspace       used 38016K, capacity 38768K, committed 39320K, reserved 1083392K
  class space    used 4338K, capacity 4566K, committed 4760K, reserved 1048576K
}
2017-08-29T19:38:34.841+0600: 3357.939: Total time for which application threads were stopped: 0.0074453 seconds, Stopping threads took: 0.0000205 seconds
{Heap before GC invocations=165 (full 2):
 par new generation   total 109248K, used 94513K [0x00000000e0000000, 0x00000000e8000000, 0x00000000e8000000)
  eden space 87424K, 100% used [0x00000000e0000000, 0x00000000e5560000, 0x00000000e5560000)
  from space 21824K,  32% used [0x00000000e6ab0000, 0x00000000e719c4c0, 0x00000000e8000000)
  to   space 21824K,   0% used [0x00000000e5560000, 0x00000000e5560000, 0x00000000e6ab0000)
 concurrent mark-sweep generation total 393216K, used 70019K [0x00000000e8000000, 0x0000000100000000, 0x0000000100000000)
 Metaspace       used 38016K, capacity 38768K, committed 39320K, reserved 1083392K
  class space    used 4338K, capacity 4566K, committed 4760K, reserved 1048576K
2017-08-29T19:38:39.178+0600: 3362.276: [GC (Allocation Failure) 2017-08-29T19:38:39.178+0600: 3362.276: [ParNew
Desired survivor size 20112992 bytes, new threshold 8 (max 8)
- age   1:    3620320 bytes,    3620320 total
- age   2:    2310512 bytes,    5930832 total
- age   3:    1700736 bytes,    7631568 total
- age   4:     251472 bytes,    7883040 total
- age   5:     239616 bytes,    8122656 total
- age   6:     229608 bytes,    8352264 total
- age   7:     195176 bytes,    8547440 total
- age   8:     764392 bytes,    9311832 total
: 94513K->13015K(109248K), 0.0059427 secs] 164532K->83343K(502464K), 0.0060201 secs] [Times: user=0.02 sys=0.00, real=0.00 secs] 
Heap after GC invocations=166 (full 2):
 par new generation   total 109248K, used 13015K [0x00000000e0000000, 0x00000000e8000000, 0x00000000e8000000)
  eden space 87424K,   0% used [0x00000000e0000000, 0x00000000e0000000, 0x00000000e5560000)
  from space 21824K,  59% used [0x00000000e5560000, 0x00000000e6215df0, 0x00000000e6ab0000)
  to   space 21824K,   0% used [0x00000000e6ab0000, 0x00000000e6ab0000, 0x00000000e8000000)
 concurrent mark-sweep generation total 393216K, used 70328K [0x00000000e8000000, 0x0000000100000000, 0x0000000100000000)
 Metaspace       used 38016K, capacity 38768K, committed 39320K, reserved 1083392K
  class space    used 4338K, capacity 4566K, committed 4760K, reserved 1048576K
}
2017-08-29T19:38:39.184+0600: 3362.282: Total time for which application threads were stopped: 0.0062039 seconds, Stopping threads took: 0.0000288 seconds
2017-08-29T19:38:43.769+0600: 3366.868: Total time for which application threads were stopped: 0.0000851 seconds, Stopping threads took: 0.0000144 seconds
{Heap before GC invocations=166 (full 2):
 par new generation   total 109248K, used 100439K [0x00000000e0000000, 0x00000000e8000000, 0x00000000e8000000)
  eden space 87424K, 100% used [0x00000000e0000000, 0x00000000e5560000, 0x00000000e5560000)
  from space 21824K,  59% used [0x00000000e5560000, 0x00000000e6215df0, 0x00000000e6ab0000)
  to   space 21824K,   0% used [0x00000000e6ab0000, 0x00000000e6ab0000, 0x00000000e8000000)
 concurrent mark-sweep generation total 393216K, used 70328K [0x00000000e8000000, 0x0000000100000000, 0x0000000100000000)
 Metaspace       used 38016K, capacity 38768K, committed 39320K, reserved 1083392K
  class space    used 4338K, capacity 4566K, committed 4760K, reserved 1048576K
2017-08-29T19:38:43.770+0600: 3366.868: [GC (Allocation Failure) 2017-08-29T19:38:43.770+0600: 3366.868: [ParNew
Desired survivor size 20112992 bytes, new threshold 8 (max 8)
- age   1:    4805680 bytes,    4805680 total
- age   2:    2119576 bytes,    6925256 total
- age   3:    2025832 bytes,    8951088 total
- age   4:    1655128 bytes,   10606216 total
- age   5:     251112 bytes,   10857328 total
- age   6:     239392 bytes,   11096720 total
- age   7:     229256 bytes,   11325976 total
- age   8:     194952 bytes,   11520928 total
: 100439K->13586K(109248K), 0.0062765 secs] 170767K->84662K(502464K), 0.0063349 secs] [Times: user=0.01 sys=0.00, real=0.01 secs] 
Heap after GC invocations=167 (full 2):
 par new generation   total 109248K, used 13586K [0x00000000e0000000, 0x00000000e8000000, 0x00000000e8000000)
  eden space 87424K,   0% used [0x00000000e0000000, 0x00000000e0000000, 0x00000000e5560000)
  from space 21824K,  62% used [0x00000000e6ab0000, 0x00000000e77f49d0, 0x00000000e8000000)
  to   space 21824K,   0% used [0x00000000e5560000, 0x00000000e5560000, 0x00000000e6ab0000)
 concurrent mark-sweep generation total 393216K, used 71075K [0x00000000e8000000, 0x0000000100000000, 0x0000000100000000)
 Metaspace       used 38016K, capacity 38768K, committed 39320K, reserved 1083392K
  class space    used 4338K, capacity 4566K, committed 4760K, reserved 1048576K
}
2017-08-29T19:38:43.776+0600: 3366.875: Total time for which application threads were stopped: 0.0064641 seconds, Stopping threads took: 0.0000117 seconds
2017-08-29T19:38:43.788+0600: 3366.886: Total time for which application threads were stopped: 0.0000954 seconds, Stopping threads took: 0.0000150 seconds
2017-08-29T19:38:43.846+0600: 3366.945: Total time for which application threads were stopped: 0.0000810 seconds, Stopping threads took: 0.0000148 seconds
2017-08-29T19:38:43.846+0600: 3366.945: Total time for which application threads were stopped: 0.0000724 seconds, Stopping threads took: 0.0000308 seconds
2017-08-29T19:38:43.846+0600: 3366.945: Total time for which application threads were stopped: 0.0000653 seconds, Stopping threads took: 0.0000299 seconds
2017-08-29T19:38:43.847+0600: 3366.945: Total time for which application threads were stopped: 0.0000631 seconds, Stopping threads took: 0.0000298 seconds
2017-08-29T19:38:43.847+0600: 3366.945: Total time for which application threads were stopped: 0.0000414 seconds, Stopping threads took: 0.0000080 seconds
2017-08-29T19:38:43.848+0600: 3366.947: Total time for which application threads were stopped: 0.0000541 seconds, Stopping threads took: 0.0000083 seconds
2017-08-29T19:38:43.848+0600: 3366.947: Total time for which application threads were stopped: 0.0000419 seconds, Stopping threads took: 0.0000076 seconds
2017-08-29T19:38:43.848+0600: 3366.947: Total time for which application threads were stopped: 0.0000377 seconds, Stopping threads took: 0.0000049 seconds
2017-08-29T19:38:43.848+0600: 3366.947: Total time for which application threads were stopped: 0.0000383 seconds, Stopping threads took: 0.0000065 seconds
2017-08-29T19:38:43.884+0600: 3366.982: Total time for which application threads were stopped: 0.0000749 seconds, Stopping threads took: 0.0000184 seconds
2017-08-29T19:38:43.884+0600: 3366.982: Total time for which application threads were stopped: 0.0000478 seconds, Stopping threads took: 0.0000130 seconds
2017-08-29T19:38:43.884+0600: 3366.983: Total time for which application threads were stopped: 0.0000426 seconds, Stopping threads took: 0.0000098 seconds
2017-08-29T19:38:43.884+0600: 3366.983: Total time for which application threads were stopped: 0.0000503 seconds, Stopping threads took: 0.0000107 seconds
2017-08-29T19:38:43.884+0600: 3366.983: Total time for which application threads were stopped: 0.0000491 seconds, Stopping threads took: 0.0000095 seconds
2017-08-29T19:38:43.885+0600: 3366.983: Total time for which application threads were stopped: 0.0000483 seconds, Stopping threads took: 0.0000094 seconds
2017-08-29T19:38:43.885+0600: 3366.984: Total time for which application threads were stopped: 0.0000537 seconds, Stopping threads took: 0.0000095 seconds
2017-08-29T19:38:43.885+0600: 3366.984: Total time for which application threads were stopped: 0.0000353 seconds, Stopping threads took: 0.0000048 seconds
2017-08-29T19:38:43.885+0600: 3366.984: Total time for which application threads were stopped: 0.0000337 seconds, Stopping threads took: 0.0000055 seconds
2017-08-29T19:38:43.885+0600: 3366.984: Total time for which application threads were stopped: 0.0000533 seconds, Stopping threads took: 0.0000073 seconds
2017-08-29T19:38:43.886+0600: 3366.984: Total time for which application threads were stopped: 0.0000438 seconds, Stopping threads took: 0.0000078 seconds
2017-08-29T19:38:45.072+0600: 3368.171: Total time for which application threads were stopped: 0.0000786 seconds, Stopping threads took: 0.0000183 seconds
2017-08-29T19:38:45.072+0600: 3368.171: Total time for which application threads were stopped: 0.0000461 seconds, Stopping threads took: 0.0000093 seconds
2017-08-29T19:38:45.072+0600: 3368.171: Total time for which application threads were stopped: 0.0000365 seconds, Stopping threads took: 0.0000068 seconds
2017-08-29T19:38:45.072+0600: 3368.171: Total time for which application threads were stopped: 0.0000338 seconds, Stopping threads took: 0.0000069 seconds
2017-08-29T19:38:45.072+0600: 3368.171: Total time for which application threads were stopped: 0.0000334 seconds, Stopping threads took: 0.0000066 seconds
2017-08-29T19:38:45.073+0600: 3368.171: Total time for which application threads were stopped: 0.0000308 seconds, Stopping threads took: 0.0000062 seconds
2017-08-29T19:38:45.073+0600: 3368.171: Total time for which application threads were stopped: 0.0000407 seconds, Stopping threads took: 0.0000060 seconds
2017-08-29T19:38:45.073+0600: 3368.171: Total time for which application threads were stopped: 0.0000395 seconds, Stopping threads took: 0.0000073 seconds
2017-08-29T19:38:45.073+0600: 3368.171: Total time for which application threads were stopped: 0.0000290 seconds, Stopping threads took: 0.0000071 seconds
2017-08-29T19:38:45.073+0600: 3368.171: Total time for which application threads were stopped: 0.0000289 seconds, Stopping threads took: 0.0000070 seconds
2017-08-29T19:38:45.073+0600: 3368.171: Total time for which application threads were stopped: 0.0000282 seconds, Stopping threads took: 0.0000071 seconds
2017-08-29T19:38:45.073+0600: 3368.171: Total time for which application threads were stopped: 0.0000280 seconds, Stopping threads took: 0.0000071 seconds
2017-08-29T19:38:45.073+0600: 3368.171: Total time for which application threads were stopped: 0.0000277 seconds, Stopping threads took: 0.0000070 seconds
2017-08-29T19:38:45.073+0600: 3368.171: Total time for which application threads were stopped: 0.0000277 seconds, Stopping threads took: 0.0000069 seconds
2017-08-29T19:38:45.074+0600: 3368.172: Total time for which application threads were stopped: 0.0000732 seconds, Stopping threads took: 0.0000284 seconds
2017-08-29T19:38:45.074+0600: 3368.172: Total time for which application threads were stopped: 0.0000499 seconds, Stopping threads took: 0.0000177 seconds
2017-08-29T19:38:45.074+0600: 3368.172: Total time for which application threads were stopped: 0.0000526 seconds, Stopping threads took: 0.0000115 seconds
2017-08-29T19:38:45.075+0600: 3368.173: Total time for which application threads were stopped: 0.0000330 seconds, Stopping threads took: 0.0000061 seconds
2017-08-29T19:38:45.078+0600: 3368.176: Total time for which application threads were stopped: 0.0000495 seconds, Stopping threads took: 0.0000066 seconds
2017-08-29T19:38:45.078+0600: 3368.177: Total time for which application threads were stopped: 0.0000781 seconds, Stopping threads took: 0.0000314 seconds
2017-08-29T19:38:46.082+0600: 3369.180: Total time for which application threads were stopped: 0.0000985 seconds, Stopping threads took: 0.0000222 seconds
2017-08-29T19:39:24.085+0600: 3407.184: Total time for which application threads were stopped: 0.0001074 seconds, Stopping threads took: 0.0000239 seconds
2017-08-29T19:39:32.190+0600: 3415.288: Total time for which application threads were stopped: 0.0000792 seconds, Stopping threads took: 0.0000139 seconds
2017-08-29T19:39:32.190+0600: 3415.288: Total time for which application threads were stopped: 0.0000433 seconds, Stopping threads took: 0.0000070 seconds
2017-08-29T19:41:00.104+0600: 3503.203: Total time for which application threads were stopped: 0.0000885 seconds, Stopping threads took: 0.0000322 seconds
2017-08-29T19:41:00.104+0600: 3503.203: Total time for which application threads were stopped: 0.0000304 seconds, Stopping threads took: 0.0000069 seconds
2017-08-29T19:41:00.107+0600: 3503.206: Total time for which application threads were stopped: 0.0001105 seconds, Stopping threads took: 0.0000130 seconds
2017-08-29T19:41:00.108+0600: 3503.206: Total time for which application threads were stopped: 0.0000577 seconds, Stopping threads took: 0.0000169 seconds
2017-08-29T19:41:00.108+0600: 3503.206: Total time for which application threads were stopped: 0.0000482 seconds, Stopping threads took: 0.0000074 seconds
2017-08-29T19:41:00.108+0600: 3503.206: Total time for which application threads were stopped: 0.0000414 seconds, Stopping threads took: 0.0000093 seconds
2017-08-29T19:41:00.108+0600: 3503.207: Total time for which application threads were stopped: 0.0000391 seconds, Stopping threads took: 0.0000084 seconds
2017-08-29T19:41:00.108+0600: 3503.207: Total time for which application threads were stopped: 0.0000288 seconds, Stopping threads took: 0.0000057 seconds
2017-08-29T19:41:00.109+0600: 3503.207: Total time for which application threads were stopped: 0.0000384 seconds, Stopping threads took: 0.0000075 seconds
2017-08-29T19:41:00.109+0600: 3503.207: Total time for which application threads were stopped: 0.0000289 seconds, Stopping threads took: 0.0000058 seconds
2017-08-29T19:41:00.109+0600: 3503.207: Total time for which application threads were stopped: 0.0000387 seconds, Stopping threads took: 0.0000083 seconds
2017-08-29T19:41:00.109+0600: 3503.207: Total time for which application threads were stopped: 0.0000304 seconds, Stopping threads took: 0.0000065 seconds
2017-08-29T19:41:00.109+0600: 3503.207: Total time for which application threads were stopped: 0.0000306 seconds, Stopping threads took: 0.0000061 seconds
2017-08-29T19:41:00.109+0600: 3503.207: Total time for which application threads were stopped: 0.0000293 seconds, Stopping threads took: 0.0000061 seconds
2017-08-29T19:41:00.109+0600: 3503.207: Total time for which application threads were stopped: 0.0000286 seconds, Stopping threads took: 0.0000061 seconds
2017-08-29T19:41:00.109+0600: 3503.208: Total time for which application threads were stopped: 0.0001030 seconds, Stopping threads took: 0.0000076 seconds
2017-08-29T19:41:00.109+0600: 3503.208: Total time for which application threads were stopped: 0.0000325 seconds, Stopping threads took: 0.0000069 seconds
2017-08-29T19:41:00.110+0600: 3503.208: Total time for which application threads were stopped: 0.0000291 seconds, Stopping threads took: 0.0000063 seconds
2017-08-29T19:41:00.110+0600: 3503.208: Total time for which application threads were stopped: 0.0000283 seconds, Stopping threads took: 0.0000055 seconds
2017-08-29T19:41:00.110+0600: 3503.208: Total time for which application threads were stopped: 0.0000257 seconds, Stopping threads took: 0.0000050 seconds
2017-08-29T19:41:00.110+0600: 3503.208: Total time for which application threads were stopped: 0.0000798 seconds, Stopping threads took: 0.0000076 seconds
2017-08-29T19:41:01.110+0600: 3504.209: Total time for which application threads were stopped: 0.0000641 seconds, Stopping threads took: 0.0000134 seconds
2017-08-29T19:41:01.331+0600: 3504.430: Total time for which application threads were stopped: 0.0000760 seconds, Stopping threads took: 0.0000244 seconds
2017-08-29T19:41:01.332+0600: 3504.431: Total time for which application threads were stopped: 0.0000457 seconds, Stopping threads took: 0.0000063 seconds
2017-08-29T19:41:20.334+0600: 3523.432: Total time for which application threads were stopped: 0.0001473 seconds, Stopping threads took: 0.0000502 seconds
2017-08-29T19:41:38.689+0600: 3541.788: Total time for which application threads were stopped: 0.0001064 seconds, Stopping threads took: 0.0000270 seconds
2017-08-29T19:41:38.690+0600: 3541.788: Total time for which application threads were stopped: 0.0000597 seconds, Stopping threads took: 0.0000099 seconds
2017-08-29T19:41:39.690+0600: 3542.788: Total time for which application threads were stopped: 0.0000670 seconds, Stopping threads took: 0.0000144 seconds
2017-08-29T19:41:57.692+0600: 3560.790: Total time for which application threads were stopped: 0.0000898 seconds, Stopping threads took: 0.0000183 seconds
2017-08-29T19:41:59.692+0600: 3562.790: Total time for which application threads were stopped: 0.0000651 seconds, Stopping threads took: 0.0000135 seconds
2017-08-29T19:42:17.324+0600: 3580.423: Total time for which application threads were stopped: 0.0000914 seconds, Stopping threads took: 0.0000219 seconds
2017-08-29T19:42:17.324+0600: 3580.423: Total time for which application threads were stopped: 0.0000340 seconds, Stopping threads took: 0.0000083 seconds
2017-08-29T19:42:17.325+0600: 3580.423: Total time for which application threads were stopped: 0.0000735 seconds, Stopping threads took: 0.0000168 seconds
2017-08-29T19:42:17.325+0600: 3580.424: Total time for which application threads were stopped: 0.0000438 seconds, Stopping threads took: 0.0000082 seconds
2017-08-29T19:42:17.326+0600: 3580.424: Total time for which application threads were stopped: 0.0000324 seconds, Stopping threads took: 0.0000081 seconds
2017-08-29T19:42:20.009+0600: 3583.108: Total time for which application threads were stopped: 0.0000861 seconds, Stopping threads took: 0.0000185 seconds
2017-08-29T19:42:20.009+0600: 3583.108: Total time for which application threads were stopped: 0.0000336 seconds, Stopping threads took: 0.0000079 seconds
2017-08-29T19:42:25.929+0600: 3589.028: Total time for which application threads were stopped: 0.0000808 seconds, Stopping threads took: 0.0000134 seconds
2017-08-29T19:42:25.929+0600: 3589.028: Total time for which application threads were stopped: 0.0000264 seconds, Stopping threads took: 0.0000033 seconds
2017-08-29T19:42:25.929+0600: 3589.028: Total time for which application threads were stopped: 0.0000238 seconds, Stopping threads took: 0.0000033 seconds
2017-08-29T19:42:25.929+0600: 3589.028: Total time for which application threads were stopped: 0.0000243 seconds, Stopping threads took: 0.0000028 seconds
2017-08-29T19:42:25.930+0600: 3589.028: Total time for which application threads were stopped: 0.0000241 seconds, Stopping threads took: 0.0000031 seconds
2017-08-29T19:42:32.026+0600: 3595.125: Total time for which application threads were stopped: 0.0001037 seconds, Stopping threads took: 0.0000252 seconds
2017-08-29T19:42:33.030+0600: 3596.129: Total time for which application threads were stopped: 0.0001121 seconds, Stopping threads took: 0.0000206 seconds
2017-08-29T19:42:34.031+0600: 3597.129: Total time for which application threads were stopped: 0.0000869 seconds, Stopping threads took: 0.0000177 seconds
2017-08-29T19:42:58.282+0600: 3621.381: Total time for which application threads were stopped: 0.0001012 seconds, Stopping threads took: 0.0000274 seconds
2017-08-29T19:42:58.282+0600: 3621.381: Total time for which application threads were stopped: 0.0000516 seconds, Stopping threads took: 0.0000077 seconds
2017-08-29T19:42:58.287+0600: 3621.385: Total time for which application threads were stopped: 0.0001815 seconds, Stopping threads took: 0.0000388 seconds
2017-08-29T19:42:58.287+0600: 3621.386: Total time for which application threads were stopped: 0.0001168 seconds, Stopping threads took: 0.0000172 seconds
2017-08-29T19:42:58.288+0600: 3621.386: Total time for which application threads were stopped: 0.0001421 seconds, Stopping threads took: 0.0000520 seconds
2017-08-29T19:42:58.288+0600: 3621.386: Total time for which application threads were stopped: 0.0000891 seconds, Stopping threads took: 0.0000183 seconds
2017-08-29T19:42:58.288+0600: 3621.386: Total time for which application threads were stopped: 0.0001005 seconds, Stopping threads took: 0.0000162 seconds
2017-08-29T19:42:58.288+0600: 3621.387: Total time for which application threads were stopped: 0.0001101 seconds, Stopping threads took: 0.0000263 seconds
2017-08-29T19:42:58.289+0600: 3621.387: Total time for which application threads were stopped: 0.0000521 seconds, Stopping threads took: 0.0000134 seconds
2017-08-29T19:42:58.289+0600: 3621.387: Total time for which application threads were stopped: 0.0000498 seconds, Stopping threads took: 0.0000119 seconds
2017-08-29T19:42