Java HotSpot(TM) 64-Bit Server VM (25.144-b01) for linux-amd64 JRE (1.8.0_144-b01), built on Jul 21 2017 21:57:33 by "java_re" with gcc 4.3.0 20080428 (Red Hat 4.3.0-8)
Memory: 4k page, physical 16306948k(12817824k free), swap 9432060k(9432060k free)
CommandLine flags: -XX:CMSInitiatingOccupancyFraction=50 -XX:CMSMaxAbortablePrecleanTime=6000 -XX:+CMSParallelRemarkEnabled -XX:+CMSScavengeBeforeRemark -XX:ConcGCThreads=4 -XX:GCLogFileSize=20971520 -XX:InitialHeapSize=536870912 -XX:MaxHeapSize=536870912 -XX:MaxTenuringThreshold=8 -XX:NewRatio=3 -XX:NumberOfGCLogFiles=9 -XX:OldPLABSize=16 -XX:-OmitStackTraceInFastThrow -XX:OnOutOfMemoryError=/home/tareq/rokomari-solr/bin/oom_solr.sh 8983 /home/tareq/rokomari-solr/server/logs -XX:ParallelGCThreads=4 -XX:+ParallelRefProcEnabled -XX:PretenureSizeThreshold=67108864 -XX:+PrintGC -XX:+PrintGCApplicationStoppedTime -XX:+PrintGCDateStamps -XX:+PrintGCDetails -XX:+PrintGCTimeStamps -XX:+PrintHeapAtGC -XX:+PrintTenuringDistribution -XX:SurvivorRatio=4 -XX:TargetSurvivorRatio=90 -XX:ThreadStackSize=256 -XX:+UseCMSInitiatingOccupancyOnly -XX:+UseCompressedClassPointers -XX:+UseCompressedOops -XX:+UseConcMarkSweepGC -XX:+UseGCLogFileRotation -XX:+UseParNewGC 
2017-09-07T22:08:19.498+0600: 0.088: Total time for which application threads were stopped: 0.0000611 seconds, Stopping threads took: 0.0000094 seconds
2017-09-07T22:08:19.589+0600: 0.179: Total time for which application threads were stopped: 0.0000751 seconds, Stopping threads took: 0.0000119 seconds
2017-09-07T22:08:19.854+0600: 0.444: Total time for which application threads were stopped: 0.0001292 seconds, Stopping threads took: 0.0000129 seconds
2017-09-07T22:08:19.934+0600: 0.524: Total time for which application threads were stopped: 0.0001380 seconds, Stopping threads took: 0.0000157 seconds
2017-09-07T22:08:19.944+0600: 0.534: Total time for which application threads were stopped: 0.0001925 seconds, Stopping threads took: 0.0000240 seconds
2017-09-07T22:08:20.048+0600: 0.638: Total time for which application threads were stopped: 0.0001649 seconds, Stopping threads took: 0.0000177 seconds
2017-09-07T22:08:20.089+0600: 0.679: Total time for which application threads were stopped: 0.0001524 seconds, Stopping threads took: 0.0000153 seconds
2017-09-07T22:08:20.345+0600: 0.936: Total time for which application threads were stopped: 0.0001894 seconds, Stopping threads took: 0.0000221 seconds
2017-09-07T22:08:20.346+0600: 0.937: Total time for which application threads were stopped: 0.0001385 seconds, Stopping threads took: 0.0000161 seconds
2017-09-07T22:08:20.348+0600: 0.938: Total time for which application threads were stopped: 0.0001395 seconds, Stopping threads took: 0.0000070 seconds
2017-09-07T22:08:20.353+0600: 0.944: Total time for which application threads were stopped: 0.0001624 seconds, Stopping threads took: 0.0000307 seconds
2017-09-07T22:08:20.398+0600: 0.988: Total time for which application threads were stopped: 0.0002017 seconds, Stopping threads took: 0.0000149 seconds
2017-09-07T22:08:20.512+0600: 1.102: Total time for which application threads were stopped: 0.0002428 seconds, Stopping threads took: 0.0000191 seconds
{Heap before GC invocations=0 (full 0):
 par new generation   total 109248K, used 87424K [0x00000000e0000000, 0x00000000e8000000, 0x00000000e8000000)
  eden space 87424K, 100% used [0x00000000e0000000, 0x00000000e5560000, 0x00000000e5560000)
  from space 21824K,   0% used [0x00000000e5560000, 0x00000000e5560000, 0x00000000e6ab0000)
  to   space 21824K,   0% used [0x00000000e6ab0000, 0x00000000e6ab0000, 0x00000000e8000000)
 concurrent mark-sweep generation total 393216K, used 0K [0x00000000e8000000, 0x0000000100000000, 0x0000000100000000)
 Metaspace       used 19323K, capacity 19756K, committed 19968K, reserved 1067008K
  class space    used 2277K, capacity 2466K, committed 2560K, reserved 1048576K
2017-09-07T22:08:20.530+0600: 1.120: [GC (Allocation Failure) 2017-09-07T22:08:20.530+0600: 1.120: [ParNew
Desired survivor size 20112992 bytes, new threshold 8 (max 8)
- age   1:   11609392 bytes,   11609392 total
: 87424K->11449K(109248K), 0.0137324 secs] 87424K->11449K(502464K), 0.0138203 secs] [Times: user=0.03 sys=0.00, real=0.02 secs] 
Heap after GC invocations=1 (full 0):
 par new generation   total 109248K, used 11449K [0x00000000e0000000, 0x00000000e8000000, 0x00000000e8000000)
  eden space 87424K,   0% used [0x00000000e0000000, 0x00000000e0000000, 0x00000000e5560000)
  from space 21824K,  52% used [0x00000000e6ab0000, 0x00000000e75de5f0, 0x00000000e8000000)
  to   space 21824K,   0% used [0x00000000e5560000, 0x00000000e5560000, 0x00000000e6ab0000)
 concurrent mark-sweep generation total 393216K, used 0K [0x00000000e8000000, 0x0000000100000000, 0x0000000100000000)
 Metaspace       used 19323K, capacity 19756K, committed 19968K, reserved 1067008K
  class space    used 2277K, capacity 2466K, committed 2560K, reserved 1048576K
}
2017-09-07T22:08:20.544+0600: 1.134: Total time for which application threads were stopped: 0.0139878 seconds, Stopping threads took: 0.0000597 seconds
2017-09-07T22:08:20.648+0600: 1.238: Total time for which application threads were stopped: 0.0002952 seconds, Stopping threads took: 0.0000270 seconds
2017-09-07T22:08:20.698+0600: 1.288: Total time for which application threads were stopped: 0.0002310 seconds, Stopping threads took: 0.0001080 seconds
2017-09-07T22:08:20.804+0600: 1.394: Total time for which application threads were stopped: 0.0001120 seconds, Stopping threads took: 0.0000518 seconds
2017-09-07T22:08:21.270+0600: 1.861: Total time for which application threads were stopped: 0.0000772 seconds, Stopping threads took: 0.0000160 seconds
2017-09-07T22:08:21.291+0600: 1.882: Total time for which application threads were stopped: 0.0000712 seconds, Stopping threads took: 0.0000162 seconds
2017-09-07T22:08:21.308+0600: 1.898: Total time for which application threads were stopped: 0.0000687 seconds, Stopping threads took: 0.0000136 seconds
2017-09-07T22:08:21.362+0600: 1.953: Total time for which application threads were stopped: 0.0000893 seconds, Stopping threads took: 0.0000217 seconds
2017-09-07T22:08:21.417+0600: 2.008: Total time for which application threads were stopped: 0.0001038 seconds, Stopping threads took: 0.0000292 seconds
2017-09-07T22:08:21.429+0600: 2.019: Total time for which application threads were stopped: 0.0002670 seconds, Stopping threads took: 0.0000279 seconds
{Heap before GC invocations=1 (full 0):
 par new generation   total 109248K, used 98873K [0x00000000e0000000, 0x00000000e8000000, 0x00000000e8000000)
  eden space 87424K, 100% used [0x00000000e0000000, 0x00000000e5560000, 0x00000000e5560000)
  from space 21824K,  52% used [0x00000000e6ab0000, 0x00000000e75de5f0, 0x00000000e8000000)
  to   space 21824K,   0% used [0x00000000e5560000, 0x00000000e5560000, 0x00000000e6ab0000)
 concurrent mark-sweep generation total 393216K, used 0K [0x00000000e8000000, 0x0000000100000000, 0x0000000100000000)
 Metaspace       used 22824K, capacity 23376K, committed 23620K, reserved 1071104K
  class space    used 2727K, capacity 2934K, committed 3020K, reserved 1048576K
2017-09-07T22:08:21.436+0600: 2.026: [GC (Allocation Failure) 2017-09-07T22:08:21.436+0600: 2.026: [ParNew
Desired survivor size 20112992 bytes, new threshold 8 (max 8)
- age   1:    6183160 bytes,    6183160 total
- age   2:    5449392 bytes,   11632552 total
: 98873K->14495K(109248K), 0.0181678 secs] 98873K->14495K(502464K), 0.0182257 secs] [Times: user=0.03 sys=0.00, real=0.02 secs] 
Heap after GC invocations=2 (full 0):
 par new generation   total 109248K, used 14495K [0x00000000e0000000, 0x00000000e8000000, 0x00000000e8000000)
  eden space 87424K,   0% used [0x00000000e0000000, 0x00000000e0000000, 0x00000000e5560000)
  from space 21824K,  66% used [0x00000000e5560000, 0x00000000e6387f00, 0x00000000e6ab0000)
  to   space 21824K,   0% used [0x00000000e6ab0000, 0x00000000e6ab0000, 0x00000000e8000000)
 concurrent mark-sweep generation total 393216K, used 0K [0x00000000e8000000, 0x0000000100000000, 0x0000000100000000)
 Metaspace       used 22824K, capacity 23376K, committed 23620K, reserved 1071104K
  class space    used 2727K, capacity 2934K, committed 3020K, reserved 1048576K
}
2017-09-07T22:08:21.454+0600: 2.045: Total time for which application threads were stopped: 0.0191011 seconds, Stopping threads took: 0.0007720 seconds
2017-09-07T22:08:21.455+0600: 2.046: [GC (CMS Initial Mark) [1 CMS-initial-mark: 0K(393216K)] 14936K(502464K), 0.0064773 secs] [Times: user=0.01 sys=0.00, real=0.01 secs] 
2017-09-07T22:08:21.462+0600: 2.052: Total time for which application threads were stopped: 0.0066050 seconds, Stopping threads took: 0.0000235 seconds
2017-09-07T22:08:21.462+0600: 2.052: [CMS-concurrent-mark-start]
2017-09-07T22:08:21.463+0600: 2.053: [CMS-concurrent-mark: 0.001/0.001 secs] [Times: user=0.00 sys=0.00, real=0.00 secs] 
2017-09-07T22:08:21.463+0600: 2.053: [CMS-concurrent-preclean-start]
2017-09-07T22:08:21.464+0600: 2.054: [CMS-concurrent-preclean: 0.001/0.001 secs] [Times: user=0.00 sys=0.00, real=0.00 secs] 
2017-09-07T22:08:21.466+0600: 2.057: [GC (CMS Final Remark) [YG occupancy: 17819 K (109248 K)]{Heap before GC invocations=2 (full 1):
 par new generation   total 109248K, used 17819K [0x00000000e0000000, 0x00000000e8000000, 0x00000000e8000000)
  eden space 87424K,   3% used [0x00000000e0000000, 0x00000000e033f0d0, 0x00000000e5560000)
  from space 21824K,  66% used [0x00000000e5560000, 0x00000000e6387f00, 0x00000000e6ab0000)
  to   space 21824K,   0% used [0x00000000e6ab0000, 0x00000000e6ab0000, 0x00000000e8000000)
 concurrent mark-sweep generation total 393216K, used 0K [0x00000000e8000000, 0x0000000100000000, 0x0000000100000000)
 Metaspace       used 22829K, capacity 23376K, committed 23620K, reserved 1071104K
  class space    used 2727K, capacity 2934K, committed 3020K, reserved 1048576K
2017-09-07T22:08:21.466+0600: 2.057: [GC (CMS Final Remark) 2017-09-07T22:08:21.466+0600: 2.057: [ParNew
Desired survivor size 20112992 bytes, new threshold 8 (max 8)
- age   1:     334232 bytes,     334232 total
- age   2:    2742888 bytes,    3077120 total
- age   3:    5403544 bytes,    8480664 total
: 17819K->15497K(109248K), 0.0077723 secs] 17819K->15497K(502464K), 0.0078068 secs] [Times: user=0.02 sys=0.00, real=0.01 secs] 
Heap after GC invocations=3 (full 1):
 par new generation   total 109248K, used 15497K [0x00000000e0000000, 0x00000000e8000000, 0x00000000e8000000)
  eden space 87424K,   0% used [0x00000000e0000000, 0x00000000e0000000, 0x00000000e5560000)
  from space 21824K,  71% used [0x00000000e6ab0000, 0x00000000e79d27a0, 0x00000000e8000000)
  to   space 21824K,   0% used [0x00000000e5560000, 0x00000000e5560000, 0x00000000e6ab0000)
 concurrent mark-sweep generation total 393216K, used 0K [0x00000000e8000000, 0x0000000100000000, 0x0000000100000000)
 Metaspace       used 22829K, capacity 23376K, committed 23620K, reserved 1071104K
  class space    used 2727K, capacity 2934K, committed 3020K, reserved 1048576K
}
2017-09-07T22:08:21.474+0600: 2.064: [Rescan (parallel) , 0.0024136 secs]2017-09-07T22:08:21.476+0600: 2.067: [weak refs processing, 0.0008957 secs]2017-09-07T22:08:21.477+0600: 2.068: [class unloading, 0.0026380 secs]2017-09-07T22:08:21.480+0600: 2.070: [scrub symbol table, 0.0015703 secs]2017-09-07T22:08:21.482+0600: 2.072: [scrub string table, 0.0003558 secs][1 CMS-remark: 0K(393216K)] 15497K(502464K), 0.0163017 secs] [Times: user=0.03 sys=0.00, real=0.02 secs] 
2017-09-07T22:08:21.482+0600: 2.073: Total time for which application threads were stopped: 0.0165021 seconds, Stopping threads took: 0.0001263 seconds
2017-09-07T22:08:21.484+0600: 2.074: [CMS-concurrent-sweep-start]
2017-09-07T22:08:21.484+0600: 2.074: [CMS-concurrent-sweep: 0.000/0.000 secs] [Times: user=0.00 sys=0.00, real=0.00 secs] 
2017-09-07T22:08:21.484+0600: 2.074: [CMS-concurrent-reset-start]
2017-09-07T22:08:21.485+0600: 2.075: [CMS-concurrent-reset: 0.001/0.001 secs] [Times: user=0.00 sys=0.00, real=0.00 secs] 
{Heap before GC invocations=3 (full 1):
 par new generation   total 109248K, used 102921K [0x00000000e0000000, 0x00000000e8000000, 0x00000000e8000000)
  eden space 87424K, 100% used [0x00000000e0000000, 0x00000000e5560000, 0x00000000e5560000)
  from space 21824K,  71% used [0x00000000e6ab0000, 0x00000000e79d27a0, 0x00000000e8000000)
  to   space 21824K,   0% used [0x00000000e5560000, 0x00000000e5560000, 0x00000000e6ab0000)
 concurrent mark-sweep generation total 393216K, used 0K [0x00000000e8000000, 0x0000000100000000, 0x0000000100000000)
 Metaspace       used 23561K, capacity 24116K, committed 24388K, reserved 1071104K
  class space    used 2816K, capacity 3012K, committed 3020K, reserved 1048576K
2017-09-07T22:08:21.645+0600: 2.236: [GC (Allocation Failure) 2017-09-07T22:08:21.646+0600: 2.236: [ParNew
Desired survivor size 20112992 bytes, new threshold 8 (max 8)
- age   1:    2991752 bytes,    2991752 total
- age   2:        736 bytes,    2992488 total
- age   3:    2639816 bytes,    5632304 total
- age   4:    5395400 bytes,   11027704 total
: 102921K->14475K(109248K), 0.0346339 secs] 102921K->14475K(502464K), 0.0347074 secs] [Times: user=0.08 sys=0.00, real=0.04 secs] 
Heap after GC invocations=4 (full 1):
 par new generation   total 109248K, used 14475K [0x00000000e0000000, 0x00000000e8000000, 0x00000000e8000000)
  eden space 87424K,   0% used [0x00000000e0000000, 0x00000000e0000000, 0x00000000e5560000)
  from space 21824K,  66% used [0x00000000e5560000, 0x00000000e6382d60, 0x00000000e6ab0000)
  to   space 21824K,   0% used [0x00000000e6ab0000, 0x00000000e6ab0000, 0x00000000e8000000)
 concurrent mark-sweep generation total 393216K, used 0K [0x00000000e8000000, 0x0000000100000000, 0x0000000100000000)
 Metaspace       used 23561K, capacity 24116K, committed 24388K, reserved 1071104K
  class space    used 2816K, capacity 3012K, committed 3020K, reserved 1048576K
}
2017-09-07T22:08:21.680+0600: 2.271: Total time for which application threads were stopped: 0.0349659 seconds, Stopping threads took: 0.0000703 seconds
{Heap before GC invocations=4 (full 1):
 par new generation   total 109248K, used 101899K [0x00000000e0000000, 0x00000000e8000000, 0x00000000e8000000)
  eden space 87424K, 100% used [0x00000000e0000000, 0x00000000e5560000, 0x00000000e5560000)
  from space 21824K,  66% used [0x00000000e5560000, 0x00000000e6382d60, 0x00000000e6ab0000)
  to   space 21824K,   0% used [0x00000000e6ab0000, 0x00000000e6ab0000, 0x00000000e8000000)
 concurrent mark-sweep generation total 393216K, used 0K [0x00000000e8000000, 0x0000000100000000, 0x0000000100000000)
 Metaspace       used 23842K, capacity 24410K, committed 24772K, reserved 1071104K
  class space    used 2847K, capacity 3045K, committed 3148K, reserved 1048576K
2017-09-07T22:08:21.723+0600: 2.314: [GC (Allocation Failure) 2017-09-07T22:08:21.723+0600: 2.314: [ParNew
Desired survivor size 20112992 bytes, new threshold 8 (max 8)
- age   1:     716784 bytes,     716784 total
- age   2:    2484456 bytes,    3201240 total
- age   3:        736 bytes,    3201976 total
- age   4:    2637520 bytes,    5839496 total
- age   5:    5395176 bytes,   11234672 total
: 101899K->13949K(109248K), 0.0172026 secs] 101899K->13949K(502464K), 0.0172575 secs] [Times: user=0.04 sys=0.00, real=0.02 secs] 
Heap after GC invocations=5 (full 1):
 par new generation   total 109248K, used 13949K [0x00000000e0000000, 0x00000000e8000000, 0x00000000e8000000)
  eden space 87424K,   0% used [0x00000000e0000000, 0x00000000e0000000, 0x00000000e5560000)
  from space 21824K,  63% used [0x00000000e6ab0000, 0x00000000e784f478, 0x00000000e8000000)
  to   space 21824K,   0% used [0x00000000e5560000, 0x00000000e5560000, 0x00000000e6ab0000)
 concurrent mark-sweep generation total 393216K, used 0K [0x00000000e8000000, 0x0000000100000000, 0x0000000100000000)
 Metaspace       used 23842K, capacity 24410K, committed 24772K, reserved 1071104K
  class space    used 2847K, capacity 3045K, committed 3148K, reserved 1048576K
}
2017-09-07T22:08:21.741+0600: 2.331: Total time for which application threads were stopped: 0.0174536 seconds, Stopping threads took: 0.0000642 seconds
{Heap before GC invocations=5 (full 1):
 par new generation   total 109248K, used 101373K [0x00000000e0000000, 0x00000000e8000000, 0x00000000e8000000)
  eden space 87424K, 100% used [0x00000000e0000000, 0x00000000e5560000, 0x00000000e5560000)
  from space 21824K,  63% used [0x00000000e6ab0000, 0x00000000e784f478, 0x00000000e8000000)
  to   space 21824K,   0% used [0x00000000e5560000, 0x00000000e5560000, 0x00000000e6ab0000)
 concurrent mark-sweep generation total 393216K, used 0K [0x00000000e8000000, 0x0000000100000000, 0x0000000100000000)
 Metaspace       used 24439K, capacity 24972K, committed 25028K, reserved 1071104K
  class space    used 2933K, capacity 3144K, committed 3148K, reserved 1048576K
2017-09-07T22:08:21.792+0600: 2.382: [GC (Allocation Failure) 2017-09-07T22:08:21.792+0600: 2.382: [ParNew
Desired survivor size 20112992 bytes, new threshold 8 (max 8)
- age   1:    1185744 bytes,    1185744 total
- age   2:     208344 bytes,    1394088 total
- age   3:    2480072 bytes,    3874160 total
- age   4:        736 bytes,    3874896 total
- age   5:    2635104 bytes,    6510000 total
- age   6:    5396168 bytes,   11906168 total
: 101373K->16619K(109248K), 0.0095366 secs] 101373K->16619K(502464K), 0.0095989 secs] [Times: user=0.02 sys=0.00, real=0.01 secs] 
Heap after GC invocations=6 (full 1):
 par new generation   total 109248K, used 16619K [0x00000000e0000000, 0x00000000e8000000, 0x00000000e8000000)
  eden space 87424K,   0% used [0x00000000e0000000, 0x00000000e0000000, 0x00000000e5560000)
  from space 21824K,  76% used [0x00000000e5560000, 0x00000000e659ac60, 0x00000000e6ab0000)
  to   space 21824K,   0% used [0x00000000e6ab0000, 0x00000000e6ab0000, 0x00000000e8000000)
 concurrent mark-sweep generation total 393216K, used 0K [0x00000000e8000000, 0x0000000100000000, 0x0000000100000000)
 Metaspace       used 24439K, capacity 24972K, committed 25028K, reserved 1071104K
  class space    used 2933K, capacity 3144K, committed 3148K, reserved 1048576K
}
2017-09-07T22:08:21.802+0600: 2.392: Total time for which application threads were stopped: 0.0117827 seconds, Stopping threads took: 0.0020524 seconds
{Heap before GC invocations=6 (full 1):
 par new generation   total 109248K, used 104043K [0x00000000e0000000, 0x00000000e8000000, 0x00000000e8000000)
  eden space 87424K, 100% used [0x00000000e0000000, 0x00000000e5560000, 0x00000000e5560000)
  from space 21824K,  76% used [0x00000000e5560000, 0x00000000e659ac60, 0x00000000e6ab0000)
  to   space 21824K,   0% used [0x00000000e6ab0000, 0x00000000e6ab0000, 0x00000000e8000000)
 concurrent mark-sweep generation total 393216K, used 0K [0x00000000e8000000, 0x0000000100000000, 0x0000000100000000)
 Metaspace       used 24497K, capacity 25118K, committed 25284K, reserved 1071104K
  class space    used 2942K, capacity 3147K, committed 3148K, reserved 1048576K
2017-09-07T22:08:21.829+0600: 2.419: [GC (Allocation Failure) 2017-09-07T22:08:21.829+0600: 2.419: [ParNew
Desired survivor size 20112992 bytes, new threshold 8 (max 8)
- age   1:     538616 bytes,     538616 total
- age   2:     166184 bytes,     704800 total
- age   3:     204960 bytes,     909760 total
- age   4:    2479656 bytes,    3389416 total
- age   5:        736 bytes,    3390152 total
- age   6:    2623248 bytes,    6013400 total
- age   7:    5391280 bytes,   11404680 total
: 104043K->13467K(109248K), 0.0073006 secs] 104043K->13467K(502464K), 0.0073567 secs] [Times: user=0.02 sys=0.00, real=0.01 secs] 
Heap after GC invocations=7 (full 1):
 par new generation   total 109248K, used 13467K [0x00000000e0000000, 0x00000000e8000000, 0x00000000e8000000)
  eden space 87424K,   0% used [0x00000000e0000000, 0x00000000e0000000, 0x00000000e5560000)
  from space 21824K,  61% used [0x00000000e6ab0000, 0x00000000e77d6f80, 0x00000000e8000000)
  to   space 21824K,   0% used [0x00000000e5560000, 0x00000000e5560000, 0x00000000e6ab0000)
 concurrent mark-sweep generation total 393216K, used 0K [0x00000000e8000000, 0x0000000100000000, 0x0000000100000000)
 Metaspace       used 24497K, capacity 25118K, committed 25284K, reserved 1071104K
  class space    used 2942K, capacity 3147K, committed 3148K, reserved 1048576K
}
2017-09-07T22:08:21.836+0600: 2.427: Total time for which application threads were stopped: 0.0075665 seconds, Stopping threads took: 0.0000650 seconds
{Heap before GC invocations=7 (full 1):
 par new generation   total 109248K, used 100891K [0x00000000e0000000, 0x00000000e8000000, 0x00000000e8000000)
  eden space 87424K, 100% used [0x00000000e0000000, 0x00000000e5560000, 0x00000000e5560000)
  from space 21824K,  61% used [0x00000000e6ab0000, 0x00000000e77d6f80, 0x00000000e8000000)
  to   space 21824K,   0% used [0x00000000e5560000, 0x00000000e5560000, 0x00000000e6ab0000)
 concurrent mark-sweep generation total 393216K, used 0K [0x00000000e8000000, 0x0000000100000000, 0x0000000100000000)
 Metaspace       used 24565K, capacity 25130K, committed 25412K, reserved 1071104K
  class space    used 2950K, capacity 3149K, committed 3276K, reserved 1048576K
2017-09-07T22:08:21.872+0600: 2.462: [GC (Allocation Failure) 2017-09-07T22:08:21.872+0600: 2.462: [ParNew
Desired survivor size 20112992 bytes, new threshold 8 (max 8)
- age   1:     957448 bytes,     957448 total
- age   2:     124688 bytes,    1082136 total
- age   3:     166080 bytes,    1248216 total
- age   4:     204960 bytes,    1453176 total
- age   5:    2479656 bytes,    3932832 total
- age   6:        736 bytes,    3933568 total
- age   7:    2623072 bytes,    6556640 total
- age   8:    5391368 bytes,   11948008 total
: 100891K->20073K(109248K), 0.0124217 secs] 100891K->20073K(502464K), 0.0124838 secs] [Times: user=0.03 sys=0.00, real=0.02 secs] 
Heap after GC invocations=8 (full 1):
 par new generation   total 109248K, used 20073K [0x00000000e0000000, 0x00000000e8000000, 0x00000000e8000000)
  eden space 87424K,   0% used [0x00000000e0000000, 0x00000000e0000000, 0x00000000e5560000)
  from space 21824K,  91% used [0x00000000e5560000, 0x00000000e68fa480, 0x00000000e6ab0000)
  to   space 21824K,   0% used [0x00000000e6ab0000, 0x00000000e6ab0000, 0x00000000e8000000)
 concurrent mark-sweep generation total 393216K, used 0K [0x00000000e8000000, 0x0000000100000000, 0x0000000100000000)
 Metaspace       used 24565K, capacity 25130K, committed 25412K, reserved 1071104K
  class space    used 2950K, capacity 3149K, committed 3276K, reserved 1048576K
}
2017-09-07T22:08:21.884+0600: 2.475: Total time for which application threads were stopped: 0.0183762 seconds, Stopping threads took: 0.0057783 seconds
{Heap before GC invocations=8 (full 1):
 par new generation   total 109248K, used 107497K [0x00000000e0000000, 0x00000000e8000000, 0x00000000e8000000)
  eden space 87424K, 100% used [0x00000000e0000000, 0x00000000e5560000, 0x00000000e5560000)
  from space 21824K,  91% used [0x00000000e5560000, 0x00000000e68fa480, 0x00000000e6ab0000)
  to   space 21824K,   0% used [0x00000000e6ab0000, 0x00000000e6ab0000, 0x00000000e8000000)
 concurrent mark-sweep generation total 393216K, used 0K [0x00000000e8000000, 0x0000000100000000, 0x0000000100000000)
 Metaspace       used 24707K, capacity 25290K, committed 25412K, reserved 1071104K
  class space    used 2968K, capacity 3181K, committed 3276K, reserved 1048576K
2017-09-07T22:08:21.933+0600: 2.523: [GC (Allocation Failure) 2017-09-07T22:08:21.933+0600: 2.523: [ParNew
Desired survivor size 20112992 bytes, new threshold 8 (max 8)
- age   1:    1309264 bytes,    1309264 total
- age   2:      96360 bytes,    1405624 total
- age   3:     123536 bytes,    1529160 total
- age   4:     166080 bytes,    1695240 total
- age   5:     204960 bytes,    1900200 total
- age   6:    2479544 bytes,    4379744 total
- age   7:        736 bytes,    4380480 total
- age   8:    2622928 bytes,    7003408 total
: 107497K->9495K(109248K), 0.0330546 secs] 107497K->14843K(502464K), 0.0331111 secs] [Times: user=0.09 sys=0.00, real=0.03 secs] 
Heap after GC invocations=9 (full 1):
 par new generation   total 109248K, used 9495K [0x00000000e0000000, 0x00000000e8000000, 0x00000000e8000000)
  eden space 87424K,   0% used [0x00000000e0000000, 0x00000000e0000000, 0x00000000e5560000)
  from space 21824K,  43% used [0x00000000e6ab0000, 0x00000000e73f5ee0, 0x00000000e8000000)
  to   space 21824K,   0% used [0x00000000e5560000, 0x00000000e5560000, 0x00000000e6ab0000)
 concurrent mark-sweep generation total 393216K, used 5347K [0x00000000e8000000, 0x0000000100000000, 0x0000000100000000)
 Metaspace       used 24707K, capacity 25290K, committed 25412K, reserved 1071104K
  class space    used 2968K, capacity 3181K, committed 3276K, reserved 1048576K
}
2017-09-07T22:08:21.966+0600: 2.556: Total time for which application threads were stopped: 0.0351852 seconds, Stopping threads took: 0.0019339 seconds
2017-09-07T22:08:22.059+0600: 2.649: Total time for which application threads were stopped: 0.0003720 seconds, Stopping threads took: 0.0000808 seconds
2017-09-07T22:08:22.120+0600: 2.710: Total time for which application threads were stopped: 0.0043062 seconds, Stopping threads took: 0.0039334 seconds
2017-09-07T22:08:22.273+0600: 2.863: Total time for which application threads were stopped: 0.0003965 seconds, Stopping threads took: 0.0000175 seconds
2017-09-07T22:08:22.284+0600: 2.874: Total time for which application threads were stopped: 0.0003351 seconds, Stopping threads took: 0.0000234 seconds
2017-09-07T22:08:22.310+0600: 2.900: Total time for which application threads were stopped: 0.0003335 seconds, Stopping threads took: 0.0000246 seconds
{Heap before GC invocations=9 (full 1):
 par new generation   total 109248K, used 96919K [0x00000000e0000000, 0x00000000e8000000, 0x00000000e8000000)
  eden space 87424K, 100% used [0x00000000e0000000, 0x00000000e5560000, 0x00000000e5560000)
  from space 21824K,  43% used [0x00000000e6ab0000, 0x00000000e73f5ee0, 0x00000000e8000000)
  to   space 21824K,   0% used [0x00000000e5560000, 0x00000000e5560000, 0x00000000e6ab0000)
 concurrent mark-sweep generation total 393216K, used 5347K [0x00000000e8000000, 0x0000000100000000, 0x0000000100000000)
 Metaspace       used 27178K, capacity 27876K, committed 28108K, reserved 1073152K
  class space    used 3251K, capacity 3480K, committed 3532K, reserved 1048576K
2017-09-07T22:08:22.325+0600: 2.915: [GC (Allocation Failure) 2017-09-07T22:08:22.325+0600: 2.916: [ParNew
Desired survivor size 20112992 bytes, new threshold 8 (max 8)
- age   1:    3812120 bytes,    3812120 total
- age   2:      95240 bytes,    3907360 total
- age   3:      95184 bytes,    4002544 total
- age   4:     122528 bytes,    4125072 total
- age   5:     164944 bytes,    4290016 total
- age   6:     196344 bytes,    4486360 total
- age   7:     397224 bytes,    4883584 total
- age   8:        736 bytes,    4884320 total
: 96919K->6862K(109248K), 0.0098508 secs] 102267K->14783K(502464K), 0.0099110 secs] [Times: user=0.02 sys=0.00, real=0.01 secs] 
Heap after GC invocations=10 (full 1):
 par new generation   total 109248K, used 6862K [0x00000000e0000000, 0x00000000e8000000, 0x00000000e8000000)
  eden space 87424K,   0% used [0x00000000e0000000, 0x00000000e0000000, 0x00000000e5560000)
  from space 21824K,  31% used [0x00000000e5560000, 0x00000000e5c138c0, 0x00000000e6ab0000)
  to   space 21824K,   0% used [0x00000000e6ab0000, 0x00000000e6ab0000, 0x00000000e8000000)
 concurrent mark-sweep generation total 393216K, used 7920K [0x00000000e8000000, 0x0000000100000000, 0x0000000100000000)
 Metaspace       used 27178K, capacity 27876K, committed 28108K, reserved 1073152K
  class space    used 3251K, capacity 3480K, committed 3532K, reserved 1048576K
}
2017-09-07T22:08:22.335+0600: 2.925: Total time for which application threads were stopped: 0.0132785 seconds, Stopping threads took: 0.0032396 seconds
{Heap before GC invocations=10 (full 1):
 par new generation   total 109248K, used 94286K [0x00000000e0000000, 0x00000000e8000000, 0x00000000e8000000)
  eden space 87424K, 100% used [0x00000000e0000000, 0x00000000e5560000, 0x00000000e5560000)
  from space 21824K,  31% used [0x00000000e5560000, 0x00000000e5c138c0, 0x00000000e6ab0000)
  to   space 21824K,   0% used [0x00000000e6ab0000, 0x00000000e6ab0000, 0x00000000e8000000)
 concurrent mark-sweep generation total 393216K, used 7920K [0x00000000e8000000, 0x0000000100000000, 0x0000000100000000)
 Metaspace       used 29315K, capacity 30044K, committed 30156K, reserved 1075200K
  class space    used 3533K, capacity 3770K, committed 3788K, reserved 1048576K
2017-09-07T22:08:22.596+0600: 3.186: [GC (Allocation Failure) 2017-09-07T22:08:22.596+0600: 3.186: [ParNew
Desired survivor size 20112992 bytes, new threshold 8 (max 8)
- age   1:    3854192 bytes,    3854192 total
- age   2:    2165152 bytes,    6019344 total
- age   3:      95240 bytes,    6114584 total
- age   4:      95088 bytes,    6209672 total
- age   5:     121840 bytes,    6331512 total
- age   6:     162336 bytes,    6493848 total
- age   7:     193360 bytes,    6687208 total
- age   8:     392304 bytes,    7079512 total
: 94286K->8999K(109248K), 0.0087972 secs] 102207K->16920K(502464K), 0.0088648 secs] [Times: user=0.02 sys=0.00, real=0.01 secs] 
Heap after GC invocations=11 (full 1):
 par new generation   total 109248K, used 8999K [0x00000000e0000000, 0x00000000e8000000, 0x00000000e8000000)
  eden space 87424K,   0% used [0x00000000e0000000, 0x00000000e0000000, 0x00000000e5560000)
  from space 21824K,  41% used [0x00000000e6ab0000, 0x00000000e7379d00, 0x00000000e8000000)
  to   space 21824K,   0% used [0x00000000e5560000, 0x00000000e5560000, 0x00000000e6ab0000)
 concurrent mark-sweep generation total 393216K, used 7921K [0x00000000e8000000, 0x0000000100000000, 0x0000000100000000)
 Metaspace       used 29315K, capacity 30044K, committed 30156K, reserved 1075200K
  class space    used 3533K, capacity 3770K, committed 3788K, reserved 1048576K
}
2017-09-07T22:08:22.605+0600: 3.195: Total time for which application threads were stopped: 0.0090690 seconds, Stopping threads took: 0.0000232 seconds
2017-09-07T22:08:22.728+0600: 3.318: Total time for which application threads were stopped: 0.0004138 seconds, Stopping threads took: 0.0000472 seconds
2017-09-07T22:08:22.768+0600: 3.359: Total time for which application threads were stopped: 0.0005158 seconds, Stopping threads took: 0.0001342 seconds
2017-09-07T22:08:22.797+0600: 3.388: Total time for which application threads were stopped: 0.0014711 seconds, Stopping threads took: 0.0010813 seconds
2017-09-07T22:08:22.809+0600: 3.400: Total time for which application threads were stopped: 0.0073805 seconds, Stopping threads took: 0.0069925 seconds
2017-09-07T22:08:23.466+0600: 4.056: Total time for which application threads were stopped: 0.0105194 seconds, Stopping threads took: 0.0101570 seconds
2017-09-07T22:08:23.514+0600: 4.105: Total time for which application threads were stopped: 0.0001382 seconds, Stopping threads took: 0.0000557 seconds
2017-09-07T22:08:24.514+0600: 5.105: Total time for which application threads were stopped: 0.0000791 seconds, Stopping threads took: 0.0000187 seconds
2017-09-07T22:11:20.528+0600: 181.118: Total time for which application threads were stopped: 0.0000754 seconds, Stopping threads took: 0.0000262 seconds
2017-09-07T22:12:50.535+0600: 271.125: Total time for which application threads were stopped: 0.0000751 seconds, Stopping threads took: 0.0000267 seconds
2017-09-07T16:31:17.434+0600: 1245.913: Total time for which application threads were stopped: 0.0000720 seconds, Stopping threads took: 0.0000128 seconds
2017-09-07T16:31:17.436+0600: 1245.916: Total time for which application threads were stopped: 0.0000589 seconds, Stopping threads took: 0.0000126 seconds
2017-09-07T16:31:17.452+0600: 1245.932: Total time for which application threads were stopped: 0.0003981 seconds, Stopping threads took: 0.0000246 seconds
2017-09-07T16:31:17.487+0600: 1245.967: Total time for which application threads were stopped: 0.0003763 seconds, Stopping threads took: 0.0000111 seconds
2017-09-07T16:31:17.488+0600: 1245.968: Total time for which application threads were stopped: 0.0000632 seconds, Stopping threads took: 0.0000189 seconds
2017-09-07T16:31:17.488+0600: 1245.968: Total time for which application threads were stopped: 0.0000371 seconds, Stopping threads took: 0.0000052 seconds
2017-09-07T16:31:17.488+0600: 1245.968: Total time for which application threads were stopped: 0.0000585 seconds, Stopping threads took: 0.0000183 seconds
2017-09-07T16:31:17.489+0600: 1245.968: Total time for which application threads were stopped: 0.0000585 seconds, Stopping threads took: 0.0000183 seconds
2017-09-07T16:31:17.489+0600: 1245.969: Total time for which application threads were stopped: 0.0000585 seconds, Stopping threads took: 0.0000184 seconds
2017-09-07T16:31:17.501+0600: 1245.981: Total time for which application threads were stopped: 0.0001663 seconds, Stopping threads took: 0.0001044 seconds
2017-09-07T16:31:17.501+0600: 1245.981: Total time for which application threads were stopped: 0.0000669 seconds, Stopping threads took: 0.0000223 seconds
2017-09-07T16:31:17.501+0600: 1245.981: Total time for which application threads were stopped: 0.0000922 seconds, Stopping threads took: 0.0000676 seconds
2017-09-07T16:31:17.501+0600: 1245.981: Total time for which application threads were stopped: 0.0000579 seconds, Stopping threads took: 0.0000062 seconds
2017-09-07T16:31:17.501+0600: 1245.981: Total time for which application threads were stopped: 0.0000376 seconds, Stopping threads took: 0.0000058 seconds
2017-09-07T16:31:17.531+0600: 1246.011: Total time for which application threads were stopped: 0.0000891 seconds, Stopping threads took: 0.0000131 seconds
2017-09-07T16:31:17.531+0600: 1246.011: Total time for which application threads were stopped: 0.0000635 seconds, Stopping threads took: 0.0000311 seconds
2017-09-07T16:31:17.553+0600: 1246.033: Total time for which application threads were stopped: 0.0001389 seconds, Stopping threads took: 0.0000631 seconds
2017-09-07T16:31:17.566+0600: 1246.046: Total time for which application threads were stopped: 0.0000642 seconds, Stopping threads took: 0.0000139 seconds
2017-09-07T16:31:17.568+0600: 1246.047: Total time for which application threads were stopped: 0.0000547 seconds, Stopping threads took: 0.0000093 seconds
2017-09-07T16:31:17.568+0600: 1246.048: Total time for which application threads were stopped: 0.0000306 seconds, Stopping threads took: 0.0000049 seconds
2017-09-07T16:31:17.569+0600: 1246.048: Total time for which application threads were stopped: 0.0000395 seconds, Stopping threads took: 0.0000098 seconds
2017-09-07T16:31:17.569+0600: 1246.049: Total time for which application threads were stopped: 0.0000278 seconds, Stopping threads took: 0.0000042 seconds
2017-09-07T16:31:29.577+0600: 1258.057: Total time for which application threads were stopped: 0.0000835 seconds, Stopping threads took: 0.0000267 seconds
2017-09-07T16:31:29.577+0600: 1258.057: Total time for which application threads were stopped: 0.0000287 seconds, Stopping threads took: 0.0000064 seconds
2017-09-07T16:31:29.590+0600: 1258.070: Total time for which application threads were stopped: 0.0001177 seconds, Stopping threads took: 0.0000572 seconds
2017-09-07T16:31:29.590+0600: 1258.070: Total time for which application threads were stopped: 0.0000335 seconds, Stopping threads took: 0.0000059 seconds
2017-09-07T16:31:29.590+0600: 1258.070: Total time for which application threads were stopped: 0.0000484 seconds, Stopping threads took: 0.0000120 seconds
2017-09-07T16:31:29.591+0600: 1258.071: Total time for which application threads were stopped: 0.0000509 seconds, Stopping threads took: 0.0000113 seconds
2017-09-07T16:31:29.591+0600: 1258.071: Total time for which application threads were stopped: 0.0000869 seconds, Stopping threads took: 0.0000344 seconds
2017-09-07T16:31:29.592+0600: 1258.071: Total time for which application threads were stopped: 0.0000871 seconds, Stopping threads took: 0.0000151 seconds
2017-09-07T16:31:29.592+0600: 1258.072: Total time for which application threads were stopped: 0.0000385 seconds, Stopping threads took: 0.0000078 seconds
2017-09-07T16:31:29.610+0600: 1258.089: Total time for which application threads were stopped: 0.0000889 seconds, Stopping threads took: 0.0000231 seconds
2017-09-07T16:31:29.610+0600: 1258.090: Total time for which application threads were stopped: 0.0000293 seconds, Stopping threads took: 0.0000051 seconds
2017-09-07T16:31:29.612+0600: 1258.091: Total time for which application threads were stopped: 0.0000696 seconds, Stopping threads took: 0.0000204 seconds
2017-09-07T16:31:29.612+0600: 1258.092: Total time for which application threads were stopped: 0.0000278 seconds, Stopping threads took: 0.0000064 seconds
2017-09-07T16:31:29.613+0600: 1258.093: Total time for which application threads were stopped: 0.0000341 seconds, Stopping threads took: 0.0000089 seconds
2017-09-07T16:31:29.613+0600: 1258.093: Total time for which application threads were stopped: 0.0000291 seconds, Stopping threads took: 0.0000084 seconds
2017-09-07T16:31:29.613+0600: 1258.093: Total time for which application threads were stopped: 0.0000237 seconds, Stopping threads took: 0.0000036 seconds
2017-09-07T16:31:29.613+0600: 1258.093: Total time for which application threads were stopped: 0.0000510 seconds, Stopping threads took: 0.0000187 seconds
2017-09-07T16:31:29.613+0600: 1258.093: Total time for which application threads were stopped: 0.0000329 seconds, Stopping threads took: 0.0000099 seconds
2017-09-07T16:31:29.614+0600: 1258.094: Total time for which application threads were stopped: 0.0000425 seconds, Stopping threads took: 0.0000104 seconds
2017-09-07T16:31:29.614+0600: 1258.094: Total time for which application threads were stopped: 0.0000252 seconds, Stopping threads took: 0.0000038 seconds
2017-09-07T16:31:29.614+0600: 1258.094: Total time for which application threads were stopped: 0.0000239 seconds, Stopping threads took: 0.0000032 seconds
2017-09-07T16:31:29.614+0600: 1258.094: Total time for which application threads were stopped: 0.0000223 seconds, Stopping threads took: 0.0000030 seconds
2017-09-07T16:31:29.614+0600: 1258.094: Total time for which application threads were stopped: 0.0000223 seconds, Stopping threads took: 0.0000029 seconds
2017-09-07T16:31:29.614+0600: 1258.094: Total time for which application threads were stopped: 0.0000216 seconds, Stopping threads took: 0.0000027 seconds
2017-09-07T16:31:29.614+0600: 1258.094: Total time for which application threads were stopped: 0.0000615 seconds, Stopping threads took: 0.0000043 seconds
2017-09-07T16:31:29.614+0600: 1258.094: Total time for which application threads were stopped: 0.0000231 seconds, Stopping threads took: 0.0000030 seconds
2017-09-07T16:31:29.616+0600: 1258.096: Total time for which application threads were stopped: 0.0000709 seconds, Stopping threads took: 0.0000224 seconds
2017-09-07T16:31:29.616+0600: 1258.096: Total time for which application threads were stopped: 0.0000292 seconds, Stopping threads took: 0.0000046 seconds
2017-09-07T16:31:29.616+0600: 1258.096: Total time for which application threads were stopped: 0.0000457 seconds, Stopping threads took: 0.0000095 seconds
2017-09-07T16:31:29.616+0600: 1258.096: Total time for which application threads were stopped: 0.0001050 seconds, Stopping threads took: 0.0000708 seconds
2017-09-07T16:31:29.616+0600: 1258.096: Total time for which application threads were stopped: 0.0000325 seconds, Stopping threads took: 0.0000087 seconds
2017-09-07T16:31:29.617+0600: 1258.097: Total time for which application threads were stopped: 0.0001265 seconds, Stopping threads took: 0.0000756 seconds
2017-09-07T16:31:29.618+0600: 1258.097: Total time for which application threads were stopped: 0.0000706 seconds, Stopping threads took: 0.0000329 seconds
2017-09-07T16:31:29.618+0600: 1258.097: Total time for which application threads were stopped: 0.0000404 seconds, Stopping threads took: 0.0000166 seconds
2017-09-07T16:31:29.618+0600: 1258.098: Total time for which application threads were stopped: 0.0000369 seconds, Stopping threads took: 0.0000133 seconds
2017-09-07T16:31:29.618+0600: 1258.098: Total time for which application threads were stopped: 0.0000379 seconds, Stopping threads took: 0.0000126 seconds
2017-09-07T16:31:29.621+0600: 1258.100: Total time for which application threads were stopped: 0.0000668 seconds, Stopping threads took: 0.0000147 seconds
2017-09-07T16:31:29.621+0600: 1258.101: Total time for which application threads were stopped: 0.0000345 seconds, Stopping threads took: 0.0000072 seconds
2017-09-07T16:31:29.622+0600: 1258.101: Total time for which application threads were stopped: 0.0000528 seconds, Stopping threads took: 0.0000110 seconds
2017-09-07T16:31:29.622+0600: 1258.102: Total time for which application threads were stopped: 0.0000380 seconds, Stopping threads took: 0.0000135 seconds
2017-09-07T16:31:29.624+0600: 1258.104: Total time for which application threads were stopped: 0.0000545 seconds, Stopping threads took: 0.0000114 seconds
2017-09-07T16:31:29.624+0600: 1258.104: Total time for which application threads were stopped: 0.0001406 seconds, Stopping threads took: 0.0001117 seconds
2017-09-07T16:31:29.653+0600: 1258.133: Total time for which application threads were stopped: 0.0000688 seconds, Stopping threads took: 0.0000129 seconds
2017-09-07T16:31:29.653+0600: 1258.133: Total time for which application threads were stopped: 0.0000379 seconds, Stopping threads took: 0.0000070 seconds
{Heap before GC invocations=11 (full 1):
 par new generation   total 109248K, used 96423K [0x00000000e0000000, 0x00000000e8000000, 0x00000000e8000000)
  eden space 87424K, 100% used [0x00000000e0000000, 0x00000000e5560000, 0x00000000e5560000)
  from space 21824K,  41% used [0x00000000e6ab0000, 0x00000000e7379d00, 0x00000000e8000000)
  to   space 21824K,   0% used [0x00000000e5560000, 0x00000000e5560000, 0x00000000e6ab0000)
 concurrent mark-sweep generation total 393216K, used 7921K [0x00000000e8000000, 0x0000000100000000, 0x0000000100000000)
 Metaspace       used 33413K, capacity 34246K, committed 34508K, reserved 1079296K
  class space    used 4040K, capacity 4277K, committed 4300K, reserved 1048576K
2017-09-07T16:31:29.675+0600: 1258.155: [GC (Allocation Failure) 2017-09-07T16:31:29.675+0600: 1258.155: [ParNew
Desired survivor size 20112992 bytes, new threshold 8 (max 8)
- age   1:   12870072 bytes,   12870072 total
- age   2:    1462296 bytes,   14332368 total
- age   3:    2152704 bytes,   16485072 total
- age   4:      95080 bytes,   16580152 total
- age   5:      95024 bytes,   16675176 total
- age   6:     103424 bytes,   16778600 total
- age   7:     161728 bytes,   16940328 total
- age   8:     192976 bytes,   17133304 total
: 96423K->18578K(109248K), 0.0222370 secs] 104344K->26935K(502464K), 0.0222995 secs] [Times: user=0.05 sys=0.00, real=0.02 secs] 
Heap after GC invocations=12 (full 1):
 par new generation   total 109248K, used 18578K [0x00000000e0000000, 0x00000000e8000000, 0x00000000e8000000)
  eden space 87424K,   0% used [0x00000000e0000000, 0x00000000e0000000, 0x00000000e5560000)
  from space 21824K,  85% used [0x00000000e5560000, 0x00000000e6784ab0, 0x00000000e6ab0000)
  to   space 21824K,   0% used [0x00000000e6ab0000, 0x00000000e6ab0000, 0x00000000e8000000)
 concurrent mark-sweep generation total 393216K, used 8356K [0x00000000e8000000, 0x0000000100000000, 0x0000000100000000)
 Metaspace       used 33413K, capacity 34246K, committed 34508K, reserved 1079296K
  class space    used 4040K, capacity 4277K, committed 4300K, reserved 1048576K
}
2017-09-07T16:31:29.698+0600: 1258.177: Total time for which application threads were stopped: 0.0224966 seconds, Stopping threads took: 0.0000291 seconds
2017-09-07T16:31:29.704+0600: 1258.183: Total time for which application threads were stopped: 0.0019326 seconds, Stopping threads took: 0.0018345 seconds
2017-09-07T16:31:29.704+0600: 1258.184: Total time for which application threads were stopped: 0.0000635 seconds, Stopping threads took: 0.0000156 seconds
2017-09-07T16:31:29.704+0600: 1258.184: Total time for which application threads were stopped: 0.0000541 seconds, Stopping threads took: 0.0000127 seconds
2017-09-07T16:31:29.704+0600: 1258.184: Total time for which application threads were stopped: 0.0000373 seconds, Stopping threads took: 0.0000099 seconds
2017-09-07T16:31:29.704+0600: 1258.184: Total time for which application threads were stopped: 0.0000854 seconds, Stopping threads took: 0.0000095 seconds
2017-09-07T16:31:29.704+0600: 1258.184: Total time for which application threads were stopped: 0.0000436 seconds, Stopping threads took: 0.0000144 seconds
{Heap before GC invocations=12 (full 1):
 par new generation   total 109248K, used 106002K [0x00000000e0000000, 0x00000000e8000000, 0x00000000e8000000)
  eden space 87424K, 100% used [0x00000000e0000000, 0x00000000e5560000, 0x00000000e5560000)
  from space 21824K,  85% used [0x00000000e5560000, 0x00000000e6784ab0, 0x00000000e6ab0000)
  to   space 21824K,   0% used [0x00000000e6ab0000, 0x00000000e6ab0000, 0x00000000e8000000)
 concurrent mark-sweep generation total 393216K, used 8356K [0x00000000e8000000, 0x0000000100000000, 0x0000000100000000)
 Metaspace       used 33441K, capacity 34264K, committed 34508K, reserved 1079296K
  class space    used 4042K, capacity 4280K, committed 4300K, reserved 1048576K
2017-09-07T16:31:29.747+0600: 1258.227: [GC (Allocation Failure) 2017-09-07T16:31:29.747+0600: 1258.227: [ParNew
Desired survivor size 20112992 bytes, new threshold 8 (max 8)
- age   1:    1176112 bytes,    1176112 total
- age   2:    9120456 bytes,   10296568 total
- age   3:     905112 bytes,   11201680 total
- age   4:    2127496 bytes,   13329176 total
- age   5:      90496 bytes,   13419672 total
- age   6:      89832 bytes,   13509504 total
- age   7:      97816 bytes,   13607320 total
- age   8:     159192 bytes,   13766512 total
: 106002K->19479K(109248K), 0.0095636 secs] 114359K->28043K(502464K), 0.0096368 secs] [Times: user=0.03 sys=0.01, real=0.01 secs] 
Heap after GC invocations=13 (full 1):
 par new generation   total 109248K, used 19479K [0x00000000e0000000, 0x00000000e8000000, 0x00000000e8000000)
  eden space 87424K,   0% used [0x00000000e0000000, 0x00000000e0000000, 0x00000000e5560000)
  from space 21824K,  89% used [0x00000000e6ab0000, 0x00000000e7db5c00, 0x00000000e8000000)
  to   space 21824K,   0% used [0x00000000e5560000, 0x00000000e5560000, 0x00000000e6ab0000)
 concurrent mark-sweep generation total 393216K, used 8564K [0x00000000e8000000, 0x0000000100000000, 0x0000000100000000)
 Metaspace       used 33441K, capacity 34264K, committed 34508K, reserved 1079296K
  class space    used 4042K, capacity 4280K, committed 4300K, reserved 1048576K
}
2017-09-07T16:31:29.757+0600: 1258.237: Total time for which application threads were stopped: 0.0098134 seconds, Stopping threads took: 0.0000299 seconds
2017-09-07T16:31:29.757+0600: 1258.237: Total time for which application threads were stopped: 0.0001643 seconds, Stopping threads took: 0.0000851 seconds
{Heap before GC invocations=13 (full 1):
 par new generation   total 109248K, used 106903K [0x00000000e0000000, 0x00000000e8000000, 0x00000000e8000000)
  eden space 87424K, 100% used [0x00000000e0000000, 0x00000000e5560000, 0x00000000e5560000)
  from space 21824K,  89% used [0x00000000e6ab0000, 0x00000000e7db5c00, 0x00000000e8000000)
  to   space 21824K,   0% used [0x00000000e5560000, 0x00000000e5560000, 0x00000000e6ab0000)
 concurrent mark-sweep generation total 393216K, used 8564K [0x00000000e8000000, 0x0000000100000000, 0x0000000100000000)
 Metaspace       used 33452K, capacity 34264K, committed 34508K, reserved 1079296K
  class space    used 4042K, capacity 4280K, committed 4300K, reserved 1048576K
2017-09-07T16:31:29.810+0600: 1258.290: [GC (Allocation Failure) 2017-09-07T16:31:29.810+0600: 1258.290: [ParNew
Desired survivor size 20112992 bytes, new threshold 8 (max 8)
- age   1:     241280 bytes,     241280 total
- age   2:     867600 bytes,    1108880 total
- age   3:    9102024 bytes,   10210904 total
- age   4:     905112 bytes,   11116016 total
- age   5:    2127496 bytes,   13243512 total
- age   6:      90256 bytes,   13333768 total
- age   7:      89392 bytes,   13423160 total
- age   8:      97336 bytes,   13520496 total
: 106903K->17087K(109248K), 0.0152662 secs] 115467K->25812K(502464K), 0.0153272 secs] [Times: user=0.05 sys=0.00, real=0.02 secs] 
Heap after GC invocations=14 (full 1):
 par new generation   total 109248K, used 17087K [0x00000000e0000000, 0x00000000e8000000, 0x00000000e8000000)
  eden space 87424K,   0% used [0x00000000e0000000, 0x00000000e0000000, 0x00000000e5560000)
  from space 21824K,  78% used [0x00000000e5560000, 0x00000000e660ffa0, 0x00000000e6ab0000)
  to   space 21824K,   0% used [0x00000000e6ab0000, 0x00000000e6ab0000, 0x00000000e8000000)
 concurrent mark-sweep generation total 393216K, used 8724K [0x00000000e8000000, 0x0000000100000000, 0x0000000100000000)
 Metaspace       used 33452K, capacity 34264K, committed 34508K, reserved 1079296K
  class space    used 4042K, capacity 4280K, committed 4300K, reserved 1048576K
}
2017-09-07T16:31:29.825+0600: 1258.305: Total time for which application threads were stopped: 0.0154881 seconds, Stopping threads took: 0.0000316 seconds
2017-09-07T16:31:29.926+0600: 1258.406: Total time for which application threads were stopped: 0.0001195 seconds, Stopping threads took: 0.0000264 seconds
2017-09-07T16:31:29.948+0600: 1258.428: Total time for which application threads were stopped: 0.0003993 seconds, Stopping threads took: 0.0003006 seconds
2017-09-07T16:31:29.950+0600: 1258.430: Total time for which application threads were stopped: 0.0000943 seconds, Stopping threads took: 0.0000280 seconds
2017-09-07T16:31:29.950+0600: 1258.430: Total time for which application threads were stopped: 0.0000719 seconds, Stopping threads took: 0.0000286 seconds
2017-09-07T16:31:29.950+0600: 1258.430: Total time for which application threads were stopped: 0.0000560 seconds, Stopping threads took: 0.0000193 seconds
2017-09-07T16:31:29.959+0600: 1258.439: Total time for which application threads were stopped: 0.0001621 seconds, Stopping threads took: 0.0000587 seconds
2017-09-07T16:31:29.960+0600: 1258.439: Total time for which application threads were stopped: 0.0001457 seconds, Stopping threads took: 0.0000728 seconds
2017-09-07T16:31:29.960+0600: 1258.440: Total time for which application threads were stopped: 0.0000760 seconds, Stopping threads took: 0.0000200 seconds
2017-09-07T16:31:29.960+0600: 1258.440: Total time for which application threads were stopped: 0.0000625 seconds, Stopping threads took: 0.0000150 seconds
2017-09-07T16:31:29.960+0600: 1258.440: Total time for which application threads were stopped: 0.0000625 seconds, Stopping threads took: 0.0000149 seconds
2017-09-07T16:31:29.960+0600: 1258.440: Total time for which application threads were stopped: 0.0000651 seconds, Stopping threads took: 0.0000209 seconds
2017-09-07T16:31:29.960+0600: 1258.440: Total time for which application threads were stopped: 0.0000564 seconds, Stopping threads took: 0.0000216 seconds
2017-09-07T16:31:29.960+0600: 1258.440: Total time for which application threads were stopped: 0.0000456 seconds, Stopping threads took: 0.0000135 seconds
2017-09-07T16:31:29.960+0600: 1258.440: Total time for which application threads were stopped: 0.0000451 seconds, Stopping threads took: 0.0000141 seconds
2017-09-07T16:31:29.960+0600: 1258.440: Total time for which application threads were stopped: 0.0000431 seconds, Stopping threads took: 0.0000125 seconds
2017-09-07T16:31:29.960+0600: 1258.440: Total time for which application threads were stopped: 0.0000441 seconds, Stopping threads took: 0.0000150 seconds
2017-09-07T16:31:29.960+0600: 1258.440: Total time for which application threads were stopped: 0.0000420 seconds, Stopping threads took: 0.0000132 seconds
2017-09-07T16:31:29.960+0600: 1258.440: Total time for which application threads were stopped: 0.0000426 seconds, Stopping threads took: 0.0000130 seconds
2017-09-07T16:31:29.960+0600: 1258.440: Total time for which application threads were stopped: 0.0000427 seconds, Stopping threads took: 0.0000124 seconds
2017-09-07T16:31:29.961+0600: 1258.440: Total time for which application threads were stopped: 0.0000457 seconds, Stopping threads took: 0.0000128 seconds
2017-09-07T16:31:29.961+0600: 1258.441: Total time for which application threads were stopped: 0.0001003 seconds, Stopping threads took: 0.0000143 seconds
2017-09-07T16:31:29.961+0600: 1258.441: Total time for which application threads were stopped: 0.0000489 seconds, Stopping threads took: 0.0000124 seconds
2017-09-07T16:31:30.961+0600: 1259.441: Total time for which application threads were stopped: 0.0000865 seconds, Stopping threads took: 0.0000163 seconds
2017-09-07T16:32:29.592+0600: 1318.072: Total time for which application threads were stopped: 0.0000793 seconds, Stopping threads took: 0.0000207 seconds
2017-09-07T16:32:29.618+0600: 1318.098: Total time for which application threads were stopped: 0.0000356 seconds, Stopping threads took: 0.0000060 seconds
2017-09-07T16:38:39.647+0600: 1688.127: Total time for which application threads were stopped: 0.0000802 seconds, Stopping threads took: 0.0000273 seconds
2017-09-07T16:39:00.649+0600: 1709.129: Total time for which application threads were stopped: 0.0000942 seconds, Stopping threads took: 0.0000276 seconds
2017-09-07T16:39:02.649+0600: 1711.129: Total time for which application threads were stopped: 0.0000860 seconds, Stopping threads took: 0.0000186 seconds
2017-09-07T16:43:02.668+0600: 1951.148: Total time for which application threads were stopped: 0.0001040 seconds, Stopping threads took: 0.0000382 seconds
2017-09-07T16:55:59.279+0600: 2727.759: Total time for which application threads were stopped: 0.0000818 seconds, Stopping threads took: 0.0000294 seconds
2017-09-07T16:55:59.289+0600: 2727.769: Total time for which application threads were stopped: 0.0003349 seconds, Stopping threads took: 0.0000237 seconds
2017-09-07T16:55:59.348+0600: 2727.827: Total time for which application threads were stopped: 0.0004184 seconds, Stopping threads took: 0.0000462 seconds
2017-09-07T16:55:59.384+0600: 2727.864: Total time for which application threads were stopped: 0.0000808 seconds, Stopping threads took: 0.0000236 seconds
2017-09-07T16:55:59.384+0600: 2727.864: Total time for which application threads were stopped: 0.0000507 seconds, Stopping threads took: 0.0000159 seconds
2017-09-07T16:55:59.385+0600: 2727.865: Total time for which application threads were stopped: 0.0000318 seconds, Stopping threads took: 0.0000075 seconds
2017-09-07T16:55:59.413+0600: 2727.893: Total time for which application threads were stopped: 0.0000689 seconds, Stopping threads took: 0.0000109 seconds
2017-09-07T16:55:59.413+0600: 2727.893: Total time for which application threads were stopped: 0.0000411 seconds, Stopping threads took: 0.0000149 seconds
2017-09-07T16:55:59.420+0600: 2727.900: Total time for which application threads were stopped: 0.0000777 seconds, Stopping threads took: 0.0000226 seconds
2017-09-07T16:55:59.433+0600: 2727.913: Total time for which application threads were stopped: 0.0005647 seconds, Stopping threads took: 0.0000556 seconds
2017-09-07T16:55:59.434+0600: 2727.914: Total time for which application threads were stopped: 0.0003591 seconds, Stopping threads took: 0.0000220 seconds
2017-09-07T16:55:59.445+0600: 2727.925: Total time for which application threads were stopped: 0.0000732 seconds, Stopping threads took: 0.0000144 seconds
2017-09-07T16:55:59.464+0600: 2727.944: Total time for which application threads were stopped: 0.0000719 seconds, Stopping threads took: 0.0000117 seconds
2017-09-07T16:55:59.464+0600: 2727.944: Total time for which application threads were stopped: 0.0000256 seconds, Stopping threads took: 0.0000034 seconds
2017-09-07T16:55:59.464+0600: 2727.944: Total time for which application threads were stopped: 0.0000249 seconds, Stopping threads took: 0.0000034 seconds
2017-09-07T16:55:59.464+0600: 2727.944: Total time for which application threads were stopped: 0.0000234 seconds, Stopping threads took: 0.0000030 seconds
2017-09-07T16:55:59.467+0600: 2727.947: Total time for which application threads were stopped: 0.0000791 seconds, Stopping threads took: 0.0000180 seconds
2017-09-07T16:55:59.473+0600: 2727.953: Total time for which application threads were stopped: 0.0000817 seconds, Stopping threads took: 0.0000154 seconds
2017-09-07T16:55:59.473+0600: 2727.953: Total time for which application threads were stopped: 0.0000402 seconds, Stopping threads took: 0.0000190 seconds
2017-09-07T16:55:59.482+0600: 2727.962: Total time for which application threads were stopped: 0.0000930 seconds, Stopping threads took: 0.0000169 seconds
2017-09-07T16:55:59.944+0600: 2728.424: Total time for which application threads were stopped: 0.0000822 seconds, Stopping threads took: 0.0000188 seconds
2017-09-07T16:55:59.944+0600: 2728.424: Total time for which application threads were stopped: 0.0000301 seconds, Stopping threads took: 0.0000076 seconds
2017-09-07T16:55:59.945+0600: 2728.425: Total time for which application threads were stopped: 0.0000374 seconds, Stopping threads took: 0.0000093 seconds
2017-09-07T16:55:59.945+0600: 2728.425: Total time for which application threads were stopped: 0.0000305 seconds, Stopping threads took: 0.0000078 seconds
2017-09-07T16:55:59.949+0600: 2728.429: Total time for which application threads were stopped: 0.0015058 seconds, Stopping threads took: 0.0014284 seconds
2017-09-07T16:55:59.950+0600: 2728.430: Total time for which application threads were stopped: 0.0000528 seconds, Stopping threads took: 0.0000168 seconds
2017-09-07T16:55:59.951+0600: 2728.431: Total time for which application threads were stopped: 0.0000499 seconds, Stopping threads took: 0.0000050 seconds
2017-09-07T16:55:59.974+0600: 2728.454: Total time for which application threads were stopped: 0.0000886 seconds, Stopping threads took: 0.0000343 seconds
2017-09-07T16:55:59.974+0600: 2728.454: Total time for which application threads were stopped: 0.0000458 seconds, Stopping threads took: 0.0000194 seconds
2017-09-07T16:55:59.975+0600: 2728.454: Total time for which application threads were stopped: 0.0000320 seconds, Stopping threads took: 0.0000059 seconds
2017-09-07T16:55:59.975+0600: 2728.455: Total time for which application threads were stopped: 0.0000420 seconds, Stopping threads took: 0.0000159 seconds
2017-09-07T16:55:59.979+0600: 2728.459: Total time for which application threads were stopped: 0.0001073 seconds, Stopping threads took: 0.0000464 seconds
2017-09-07T16:55:59.979+0600: 2728.459: Total time for which application threads were stopped: 0.0000443 seconds, Stopping threads took: 0.0000157 seconds
2017-09-07T16:55:59.980+0600: 2728.460: Total time for which application threads were stopped: 0.0001273 seconds, Stopping threads took: 0.0000971 seconds
2017-09-07T16:55:59.980+0600: 2728.460: Total time for which application threads were stopped: 0.0000774 seconds, Stopping threads took: 0.0000405 seconds
2017-09-07T16:55:59.984+0600: 2728.463: Total time for which application threads were stopped: 0.0001524 seconds, Stopping threads took: 0.0000735 seconds
2017-09-07T16:55:59.984+0600: 2728.464: Total time for which application threads were stopped: 0.0000655 seconds, Stopping threads took: 0.0000360 seconds
2017-09-07T16:56:00.473+0600: 2728.953: Total time for which application threads were stopped: 0.0001188 seconds, Stopping threads took: 0.0000464 seconds
2017-09-07T16:56:00.474+0600: 2728.954: Total time for which application threads were stopped: 0.0000603 seconds, Stopping threads took: 0.0000296 seconds
2017-09-07T16:56:00.475+0600: 2728.955: Total time for which application threads were stopped: 0.0000439 seconds, Stopping threads took: 0.0000090 seconds
2017-09-07T16:56:00.475+0600: 2728.955: Total time for which application threads were stopped: 0.0000423 seconds, Stopping threads took: 0.0000072 seconds
2017-09-07T16:56:00.475+0600: 2728.955: Total time for which application threads were stopped: 0.0000449 seconds, Stopping threads took: 0.0000170 seconds
2017-09-07T16:56:00.479+0600: 2728.958: Total time for which application threads were stopped: 0.0000958 seconds, Stopping threads took: 0.0000329 seconds
2017-09-07T16:56:00.484+0600: 2728.964: Total time for which application threads were stopped: 0.0000771 seconds, Stopping threads took: 0.0000168 seconds
2017-09-07T16:56:00.485+0600: 2728.964: Total time for which application threads were stopped: 0.0000665 seconds, Stopping threads took: 0.0000349 seconds
2017-09-07T16:56:00.485+0600: 2728.965: Total time for which application threads were stopped: 0.0000257 seconds, Stopping threads took: 0.0000041 seconds
2017-09-07T16:56:00.486+0600: 2728.966: Total time for which application threads were stopped: 0.0000466 seconds, Stopping threads took: 0.0000110 seconds
2017-09-07T16:56:00.487+0600: 2728.967: Total time for which application threads were stopped: 0.0000762 seconds, Stopping threads took: 0.0000297 seconds
2017-09-07T16:56:00.951+0600: 2729.430: Total time for which application threads were stopped: 0.0007936 seconds, Stopping threads took: 0.0007127 seconds
2017-09-07T16:56:00.952+0600: 2729.431: Total time for which application threads were stopped: 0.0001399 seconds, Stopping threads took: 0.0000763 seconds
2017-09-07T16:56:00.952+0600: 2729.432: Total time for which application threads were stopped: 0.0000467 seconds, Stopping threads took: 0.0000205 seconds
2017-09-07T16:56:00.952+0600: 2729.432: Total time for which application threads were stopped: 0.0000313 seconds, Stopping threads took: 0.0000101 seconds
2017-09-07T16:56:00.955+0600: 2729.435: Total time for which application threads were stopped: 0.0001399 seconds, Stopping threads took: 0.0000807 seconds
2017-09-07T16:56:00.960+0600: 2729.440: Total time for which application threads were stopped: 0.0000872 seconds, Stopping threads took: 0.0000169 seconds
2017-09-07T16:56:00.961+0600: 2729.441: Total time for which application threads were stopped: 0.0000482 seconds, Stopping threads took: 0.0000052 seconds
2017-09-07T16:56:00.961+0600: 2729.441: Total time for which application threads were stopped: 0.0000230 seconds, Stopping threads took: 0.0000027 seconds
2017-09-07T16:56:00.963+0600: 2729.443: Total time for which application threads were stopped: 0.0000476 seconds, Stopping threads took: 0.0000092 seconds
2017-09-07T16:56:00.964+0600: 2729.443: Total time for which application threads were stopped: 0.0000992 seconds, Stopping threads took: 0.0000250 seconds
2017-09-07T16:56:01.418+0600: 2729.898: Total time for which application threads were stopped: 0.0000879 seconds, Stopping threads took: 0.0000297 seconds
2017-09-07T16:56:01.420+0600: 2729.900: Total time for which application threads were stopped: 0.0000711 seconds, Stopping threads took: 0.0000240 seconds
2017-09-07T16:56:01.420+0600: 2729.900: Total time for which application threads were stopped: 0.0000429 seconds, Stopping threads took: 0.0000112 seconds
2017-09-07T16:56:01.420+0600: 2729.900: Total time for which application threads were stopped: 0.0000453 seconds, Stopping threads took: 0.0000146 seconds
2017-09-07T16:56:01.424+0600: 2729.904: Total time for which application threads were stopped: 0.0001348 seconds, Stopping threads took: 0.0000821 seconds
2017-09-07T16:56:01.429+0600: 2729.909: Total time for which application threads were stopped: 0.0000721 seconds, Stopping threads took: 0.0000112 seconds
2017-09-07T16:56:01.430+0600: 2729.910: Total time for which application threads were stopped: 0.0000601 seconds, Stopping threads took: 0.0000251 seconds
2017-09-07T16:56:01.430+0600: 2729.910: Total time for which application threads were stopped: 0.0000409 seconds, Stopping threads took: 0.0000194 seconds
2017-09-07T16:56:01.432+0600: 2729.911: Total time for which application threads were stopped: 0.0000468 seconds, Stopping threads took: 0.0000087 seconds
2017-09-07T16:56:01.432+0600: 2729.912: Total time for which application threads were stopped: 0.0000585 seconds, Stopping threads took: 0.0000217 seconds
2017-09-07T16:56:01.904+0600: 2730.384: Total time for which application threads were stopped: 0.0000770 seconds, Stopping threads took: 0.0000248 seconds
2017-09-07T16:56:01.905+0600: 2730.385: Total time for which application threads were stopped: 0.0000737 seconds, Stopping threads took: 0.0000436 seconds
2017-09-07T16:56:01.905+0600: 2730.385: Total time for which application threads were stopped: 0.0000559 seconds, Stopping threads took: 0.0000347 seconds
2017-09-07T16:56:01.905+0600: 2730.385: Total time for which application threads were stopped: 0.0000610 seconds, Stopping threads took: 0.0000253 seconds
2017-09-07T16:56:01.914+0600: 2730.394: Total time for which application threads were stopped: 0.0011541 seconds, Stopping threads took: 0.0010575 seconds
2017-09-07T16:56:01.915+0600: 2730.395: Total time for which application threads were stopped: 0.0000604 seconds, Stopping threads took: 0.0000287 seconds
2017-09-07T16:56:01.915+0600: 2730.395: Total time for which application threads were stopped: 0.0000469 seconds, Stopping threads took: 0.0000162 seconds
2017-09-07T16:56:01.917+0600: 2730.397: Total time for which application threads were stopped: 0.0000428 seconds, Stopping threads took: 0.0000071 seconds
2017-09-07T16:56:01.917+0600: 2730.397: Total time for which application threads were stopped: 0.0000438 seconds, Stopping threads took: 0.0000152 seconds
2017-09-07T16:56:02.366+0600: 2730.846: Total time for which application threads were stopped: 0.0000947 seconds, Stopping threads took: 0.0000283 seconds
2017-09-07T16:56:02.367+0600: 2730.847: Total time for which application threads were stopped: 0.0000812 seconds, Stopping threads took: 0.0000428 seconds
2017-09-07T16:56:02.367+0600: 2730.847: Total time for which application threads were stopped: 0.0001372 seconds, Stopping threads took: 0.0000863 seconds
2017-09-07T16:56:02.368+0600: 2730.847: Total time for which application threads were stopped: 0.0000636 seconds, Stopping threads took: 0.0000238 seconds
2017-09-07T16:56:02.371+0600: 2730.851: Total time for which application threads were stopped: 0.0000713 seconds, Stopping threads took: 0.0000126 seconds
2017-09-07T16:56:02.376+0600: 2730.856: Total time for which application threads were stopped: 0.0000794 seconds, Stopping threads took: 0.0000210 seconds
2017-09-07T16:56:02.377+0600: 2730.857: Total time for which application threads were stopped: 0.0000457 seconds, Stopping threads took: 0.0000132 seconds
2017-09-07T16:56:02.377+0600: 2730.857: Total time for which application threads were stopped: 0.0000538 seconds, Stopping threads took: 0.0000235 seconds
2017-09-07T16:56:02.378+0600: 2730.858: Total time for which application threads were stopped: 0.0001118 seconds, Stopping threads took: 0.0000327 seconds
2017-09-07T16:56:02.379+0600: 2730.859: Total time for which application threads were stopped: 0.0000507 seconds, Stopping threads took: 0.0000132 seconds
2017-09-07T16:56:02.918+0600: 2731.398: Total time for which application threads were stopped: 0.0001639 seconds, Stopping threads took: 0.0000534 seconds
2017-09-07T16:56:02.919+0600: 2731.399: Total time for which application threads were stopped: 0.0000915 seconds, Stopping threads took: 0.0000267 seconds
2017-09-07T16:56:02.920+0600: 2731.400: Total time for which application threads were stopped: 0.0000667 seconds, Stopping threads took: 0.0000278 seconds
2017-09-07T16:56:02.920+0600: 2731.400: Total time for which application threads were stopped: 0.0000644 seconds, Stopping threads took: 0.0000326 seconds
2017-09-07T16:56:02.924+0600: 2731.404: Total time for which application threads were stopped: 0.0001593 seconds, Stopping threads took: 0.0000981 seconds
2017-09-07T16:56:02.929+0600: 2731.409: Total time for which application threads were stopped: 0.0001144 seconds, Stopping threads took: 0.0000393 seconds
2017-09-07T16:56:02.935+0600: 2731.414: Total time for which application threads were stopped: 0.0046315 seconds, Stopping threads took: 0.0045038 seconds
{Heap before GC invocations=14 (full 1):
 par new generation   total 109248K, used 104511K [0x00000000e0000000, 0x00000000e8000000, 0x00000000e8000000)
  eden space 87424K, 100% used [0x00000000e0000000, 0x00000000e5560000, 0x00000000e5560000)
  from space 21824K,  78% used [0x00000000e5560000, 0x00000000e660ffa0, 0x00000000e6ab0000)
  to   space 21824K,   0% used [0x00000000e6ab0000, 0x00000000e6ab0000, 0x00000000e8000000)
 concurrent mark-sweep generation total 393216K, used 8724K [0x00000000e8000000, 0x0000000100000000, 0x0000000100000000)
 Metaspace       used 35113K, capacity 35994K, committed 36300K, reserved 1081344K
  class space    used 4241K, capacity 4501K, committed 4556K, reserved 1048576K
2017-09-07T16:56:02.936+0600: 2731.416: [GC (Allocation Failure) 2017-09-07T16:56:02.936+0600: 2731.416: [ParNew
Desired survivor size 20112992 bytes, new threshold 8 (max 8)
- age   1:    7389832 bytes,    7389832 total
- age   2:      94408 bytes,    7484240 total
- age   3:     135616 bytes,    7619856 total
- age   4:    9048912 bytes,   16668768 total
- age   5:     901592 bytes,   17570360 total
- age   6:    2115784 bytes,   19686144 total
- age   7:      90136 bytes,   19776280 total
- age   8:      89392 bytes,   19865672 total
: 104511K->21824K(109248K), 0.0111230 secs] 113236K->30791K(502464K), 0.0111710 secs] [Times: user=0.04 sys=0.00, real=0.01 secs] 
Heap after GC invocations=15 (full 1):
 par new generation   total 109248K, used 21824K [0x00000000e0000000, 0x00000000e8000000, 0x00000000e8000000)
  eden space 87424K,   0% used [0x00000000e0000000, 0x00000000e0000000, 0x00000000e5560000)
  from space 21824K, 100% used [0x00000000e6ab0000, 0x00000000e8000000, 0x00000000e8000000)
  to   space 21824K,   0% used [0x00000000e5560000, 0x00000000e5560000, 0x00000000e6ab0000)
 concurrent mark-sweep generation total 393216K, used 8967K [0x00000000e8000000, 0x0000000100000000, 0x0000000100000000)
 Metaspace       used 35113K, capacity 35994K, committed 36300K, reserved 1081344K
  class space    used 4241K, capacity 4501K, committed 4556K, reserved 1048576K
}
2017-09-07T16:56:02.947+0600: 2731.427: Total time for which application threads were stopped: 0.0114081 seconds, Stopping threads took: 0.0001087 seconds
2017-09-07T16:56:02.948+0600: 2731.428: Total time for which application threads were stopped: 0.0001778 seconds, Stopping threads took: 0.0001271 seconds
2017-09-07T16:56:02.948+0600: 2731.428: Total time for which application threads were stopped: 0.0000561 seconds, Stopping threads took: 0.0000218 seconds
2017-09-07T16:56:03.404+0600: 2731.884: Total time for which application threads were stopped: 0.0001008 seconds, Stopping threads took: 0.0000388 seconds
2017-09-07T16:56:03.405+0600: 2731.885: Total time for which application threads were stopped: 0.0000714 seconds, Stopping threads took: 0.0000155 seconds
2017-09-07T16:56:03.405+0600: 2731.885: Total time for which application threads were stopped: 0.0000480 seconds, Stopping threads took: 0.0000162 seconds
2017-09-07T16:56:03.406+0600: 2731.885: Total time for which application threads were stopped: 0.0000450 seconds, Stopping threads took: 0.0000140 seconds
2017-09-07T16:56:03.409+0600: 2731.889: Total time for which application threads were stopped: 0.0000701 seconds, Stopping threads took: 0.0000131 seconds
2017-09-07T16:56:03.414+0600: 2731.894: Total time for which application threads were stopped: 0.0000994 seconds, Stopping threads took: 0.0000282 seconds
2017-09-07T16:56:03.415+0600: 2731.895: Total time for which application threads were stopped: 0.0000413 seconds, Stopping threads took: 0.0000062 seconds
2017-09-07T16:56:03.415+0600: 2731.895: Total time for which application threads were stopped: 0.0000362 seconds, Stopping threads took: 0.0000035 seconds
2017-09-07T16:56:03.416+0600: 2731.896: Total time for which application threads were stopped: 0.0000381 seconds, Stopping threads took: 0.0000079 seconds
2017-09-07T16:56:03.417+0600: 2731.897: Total time for which application threads were stopped: 0.0001864 seconds, Stopping threads took: 0.0001488 seconds
2017-09-07T16:56:03.418+0600: 2731.898: Total time for which application threads were stopped: 0.0001314 seconds, Stopping threads took: 0.0000572 seconds
2017-09-07T16:56:03.873+0600: 2732.352: Total time for which application threads were stopped: 0.0001135 seconds, Stopping threads took: 0.0000422 seconds
2017-09-07T16:56:03.874+0600: 2732.354: Total time for which application threads were stopped: 0.0001598 seconds, Stopping threads took: 0.0001253 seconds
2017-09-07T16:56:03.874+0600: 2732.354: Total time for which application threads were stopped: 0.0000988 seconds, Stopping threads took: 0.0000583 seconds
2017-09-07T16:56:03.874+0600: 2732.354: Total time for which application threads were stopped: 0.0001410 seconds, Stopping threads took: 0.0001107 seconds
2017-09-07T16:56:03.883+0600: 2732.363: Total time for which application threads were stopped: 0.0001845 seconds, Stopping threads took: 0.0001062 seconds
2017-09-07T16:56:03.884+0600: 2732.364: Total time for which application threads were stopped: 0.0000527 seconds, Stopping threads took: 0.0000179 seconds
2017-09-07T16:56:03.884+0600: 2732.364: Total time for which application threads were stopped: 0.0000355 seconds, Stopping threads took: 0.0000054 seconds
2017-09-07T16:56:03.885+0600: 2732.365: Total time for which application threads were stopped: 0.0000525 seconds, Stopping threads took: 0.0000188 seconds
2017-09-07T16:56:03.886+0600: 2732.366: Total time for which application threads were stopped: 0.0000755 seconds, Stopping threads took: 0.0000349 seconds
2017-09-07T16:56:04.336+0600: 2732.816: Total time for which application threads were stopped: 0.0001643 seconds, Stopping threads took: 0.0000960 seconds
2017-09-07T16:56:04.339+0600: 2732.819: Total time for which application threads were stopped: 0.0025244 seconds, Stopping threads took: 0.0024534 seconds
2017-09-07T16:56:04.341+0600: 2732.821: Total time for which application threads were stopped: 0.0003057 seconds, Stopping threads took: 0.0002129 seconds
2017-09-07T16:56:04.341+0600: 2732.821: Total time for which application threads were stopped: 0.0000532 seconds, Stopping threads took: 0.0000160 seconds
2017-09-07T16:56:04.342+0600: 2732.822: Total time for which application threads were stopped: 0.0000480 seconds, Stopping threads took: 0.0000178 seconds
2017-09-07T16:56:04.343+0600: 2732.822: Total time for which application threads were stopped: 0.0000446 seconds, Stopping threads took: 0.0000073 seconds
2017-09-07T16:56:04.346+0600: 2732.826: Total time for which application threads were stopped: 0.0003674 seconds, Stopping threads took: 0.0000238 seconds
2017-09-07T16:56:04.348+0600: 2732.828: Total time for which application threads were stopped: 0.0001528 seconds, Stopping threads took: 0.0000873 seconds
2017-09-07T16:56:04.353+0600: 2732.832: Total time for which application threads were stopped: 0.0001881 seconds, Stopping threads took: 0.0000276 seconds
2017-09-07T16:56:04.353+0600: 2732.833: Total time for which application threads were stopped: 0.0000709 seconds, Stopping threads took: 0.0000265 seconds
2017-09-07T16:56:04.353+0600: 2732.833: Total time for which application threads were stopped: 0.0000672 seconds, Stopping threads took: 0.0000359 seconds
2017-09-07T16:56:04.361+0600: 2732.841: Total time for which application threads were stopped: 0.0000776 seconds, Stopping threads took: 0.0000151 seconds
2017-09-07T16:56:04.362+0600: 2732.842: Total time for which application threads were stopped: 0.0000394 seconds, Stopping threads took: 0.0000069 seconds
2017-09-07T16:56:04.362+0600: 2732.842: Total time for which application threads were stopped: 0.0000371 seconds, Stopping threads took: 0.0000133 seconds
2017-09-07T16:56:04.364+0600: 2732.844: Total time for which application threads were stopped: 0.0003116 seconds, Stopping threads took: 0.0000078 seconds
2017-09-07T16:56:04.376+0600: 2732.856: Total time for which application threads were stopped: 0.0001109 seconds, Stopping threads took: 0.0000293 seconds
2017-09-07T16:56:04.376+0600: 2732.856: Total time for which application threads were stopped: 0.0000708 seconds, Stopping threads took: 0.0000282 seconds
2017-09-07T16:56:04.376+0600: 2732.856: Total time for which application threads were stopped: 0.0000544 seconds, Stopping threads took: 0.0000161 seconds
2017-09-07T16:56:04.376+0600: 2732.856: Total time for which application threads were stopped: 0.0000443 seconds, Stopping threads took: 0.0000052 seconds
2017-09-07T16:56:04.376+0600: 2732.856: Total time for which application threads were stopped: 0.0000679 seconds, Stopping threads took: 0.0000313 seconds
2017-09-07T16:56:04.376+0600: 2732.856: Total time for which application threads were stopped: 0.0000533 seconds, Stopping threads took: 0.0000215 seconds
2017-09-07T16:56:04.377+0600: 2732.856: Total time for which application threads were stopped: 0.0000912 seconds, Stopping threads took: 0.0000095 seconds
2017-09-07T16:56:04.377+0600: 2732.856: Total time for which application threads were stopped: 0.0000614 seconds, Stopping threads took: 0.0000257 seconds
2017-09-07T16:56:04.695+0600: 2733.175: Total time for which application threads were stopped: 0.0000750 seconds, Stopping threads took: 0.0000172 seconds
2017-09-07T16:56:04.695+0600: 2733.175: Total time for which application threads were stopped: 0.0000517 seconds, Stopping threads took: 0.0000270 seconds
2017-09-07T16:56:04.696+0600: 2733.175: Total time for which application threads were stopped: 0.0000394 seconds, Stopping threads took: 0.0000148 seconds
2017-09-07T16:56:04.696+0600: 2733.176: Total time for which application threads were stopped: 0.0002106 seconds, Stopping threads took: 0.0001582 seconds
2017-09-07T16:56:04.698+0600: 2733.178: Total time for which application threads were stopped: 0.0021319 seconds, Stopping threads took: 0.0020834 seconds
2017-09-07T16:56:04.699+0600: 2733.179: Total time for which application threads were stopped: 0.0000361 seconds, Stopping threads took: 0.0000090 seconds
2017-09-07T16:56:04.699+0600: 2733.179: Total time for which application threads were stopped: 0.0000622 seconds, Stopping threads took: 0.0000234 seconds
2017-09-07T16:56:04.699+0600: 2733.179: Total time for which application threads were stopped: 0.0000362 seconds, Stopping threads took: 0.0000100 seconds
2017-09-07T16:56:04.699+0600: 2733.179: Total time for which application threads were stopped: 0.0000435 seconds, Stopping threads took: 0.0000180 seconds
2017-09-07T16:56:04.699+0600: 2733.179: Total time for which application threads were stopped: 0.0000349 seconds, Stopping threads took: 0.0000143 seconds
2017-09-07T16:56:04.699+0600: 2733.179: Total time for which application threads were stopped: 0.0000362 seconds, Stopping threads took: 0.0000046 seconds
2017-09-07T16:56:04.699+0600: 2733.179: Total time for which application threads were stopped: 0.0000231 seconds, Stopping threads took: 0.0000044 seconds
2017-09-07T16:56:04.700+0600: 2733.179: Total time for which application threads were stopped: 0.0000323 seconds, Stopping threads took: 0.0000130 seconds
2017-09-07T16:56:04.700+0600: 2733.180: Total time for which application threads were stopped: 0.0000379 seconds, Stopping threads took: 0.0000188 seconds
2017-09-07T16:56:04.723+0600: 2733.203: Total time for which application threads were stopped: 0.0001622 seconds, Stopping threads took: 0.0000974 seconds
2017-09-07T16:56:04.723+0600: 2733.203: Total time for which application threads were stopped: 0.0001251 seconds, Stopping threads took: 0.0000913 seconds
2017-09-07T16:56:04.728+0600: 2733.208: Total time for which application threads were stopped: 0.0000722 seconds, Stopping threads took: 0.0000108 seconds
2017-09-07T16:56:04.729+0600: 2733.209: Total time for which application threads were stopped: 0.0000544 seconds, Stopping threads took: 0.0000132 seconds
2017-09-07T16:56:04.730+0600: 2733.210: Total time for which application threads were stopped: 0.0000469 seconds, Stopping threads took: 0.0000094 seconds
2017-09-07T16:56:04.730+0600: 2733.210: Total time for which application threads were stopped: 0.0000895 seconds, Stopping threads took: 0.0000413 seconds
2017-09-07T16:56:04.730+0600: 2733.210: Total time for which application threads were stopped: 0.0000374 seconds, Stopping threads took: 0.0000142 seconds
2017-09-07T16:56:04.731+0600: 2733.210: Total time for which application threads were stopped: 0.0000352 seconds, Stopping threads took: 0.0000072 seconds
2017-09-07T16:56:05.608+0600: 2734.088: Total time for which application threads were stopped: 0.0000816 seconds, Stopping threads took: 0.0000217 seconds
2017-09-07T16:56:05.608+0600: 2734.088: Total time for which application threads were stopped: 0.0000322 seconds, Stopping threads took: 0.0000092 seconds
2017-09-07T16:56:05.609+0600: 2734.089: Total time for which application threads were stopped: 0.0000574 seconds, Stopping threads took: 0.0000238 seconds
2017-09-07T16:56:05.609+0600: 2734.089: Total time for which application threads were stopped: 0.0000471 seconds, Stopping threads took: 0.0000132 seconds
2017-09-07T16:56:05.609+0600: 2734.089: Total time for which application threads were stopped: 0.0000294 seconds, Stopping threads took: 0.0000082 seconds
2017-09-07T16:56:05.609+0600: 2734.089: Total time for which application threads were stopped: 0.0000323 seconds, Stopping threads took: 0.0000089 seconds
2017-09-07T16:56:05.619+0600: 2734.099: Total time for which application threads were stopped: 0.0014846 seconds, Stopping threads took: 0.0013976 seconds
2017-09-07T16:56:05.625+0600: 2734.105: Total time for which application threads were stopped: 0.0001592 seconds, Stopping threads took: 0.0000521 seconds
2017-09-07T16:56:05.627+0600: 2734.107: Total time for which application threads were stopped: 0.0000871 seconds, Stopping threads took: 0.0000367 seconds
2017-09-07T16:56:06.077+0600: 2734.557: Total time for which application threads were stopped: 0.0000813 seconds, Stopping threads took: 0.0000291 seconds
2017-09-07T16:56:06.078+0600: 2734.557: Total time for which application threads were stopped: 0.0000493 seconds, Stopping threads took: 0.0000093 seconds
2017-09-07T16:56:06.078+0600: 2734.558: Total time for which application threads were stopped: 0.0000479 seconds, Stopping threads took: 0.0000083 seconds
2017-09-07T16:56:06.078+0600: 2734.558: Total time for which application threads were stopped: 0.0000292 seconds, Stopping threads took: 0.0000062 seconds
2017-09-07T16:56:06.078+0600: 2734.558: Total time for which application threads were stopped: 0.0000599 seconds, Stopping threads took: 0.0000373 seconds
2017-09-07T16:56:06.091+0600: 2734.571: Total time for which application threads were stopped: 0.0000972 seconds, Stopping threads took: 0.0000256 seconds
2017-09-07T16:56:06.094+0600: 2734.574: Total time for which application threads were stopped: 0.0000802 seconds, Stopping threads took: 0.0000277 seconds
2017-09-07T16:56:06.437+0600: 2734.917: Total time for which application threads were stopped: 0.0000792 seconds, Stopping threads took: 0.0000185 seconds
2017-09-07T16:56:06.438+0600: 2734.918: Total time for which application threads were stopped: 0.0002395 seconds, Stopping threads took: 0.0001449 seconds
2017-09-07T16:56:06.439+0600: 2734.918: Total time for which application threads were stopped: 0.0000677 seconds, Stopping threads took: 0.0000254 seconds
2017-09-07T16:56:06.439+0600: 2734.919: Total time for which application threads were stopped: 0.0000548 seconds, Stopping threads took: 0.0000299 seconds
2017-09-07T16:56:06.439+0600: 2734.919: Total time for which application threads were stopped: 0.0000378 seconds, Stopping threads took: 0.0000055 seconds
2017-09-07T16:56:06.442+0600: 2734.922: Total time for which application threads were stopped: 0.0000513 seconds, Stopping threads took: 0.0000112 seconds
2017-09-07T16:56:06.443+0600: 2734.923: Total time for which application threads were stopped: 0.0000515 seconds, Stopping threads took: 0.0000090 seconds
2017-09-07T16:56:06.443+0600: 2734.923: Total time for which application threads were stopped: 0.0000922 seconds, Stopping threads took: 0.0000503 seconds
2017-09-07T16:56:06.449+0600: 2734.929: Total time for which application threads were stopped: 0.0001133 seconds, Stopping threads took: 0.0000561 seconds
2017-09-07T16:56:06.451+0600: 2734.931: Total time for which application threads were stopped: 0.0000747 seconds, Stopping threads took: 0.0000166 seconds
2017-09-07T16:56:06.848+0600: 2735.328: Total time for which application threads were stopped: 0.0001612 seconds, Stopping threads took: 0.0000977 seconds
2017-09-07T16:56:06.849+0600: 2735.329: Total time for which application threads were stopped: 0.0000643 seconds, Stopping threads took: 0.0000271 seconds
2017-09-07T16:56:06.849+0600: 2735.329: Total time for which application threads were stopped: 0.0000519 seconds, Stopping threads took: 0.0000180 seconds
2017-09-07T16:56:06.849+0600: 2735.329: Total time for which application threads were stopped: 0.0000396 seconds, Stopping threads took: 0.0000155 seconds
2017-09-07T16:56:06.849+0600: 2735.329: Total time for which application threads were stopped: 0.0000762 seconds, Stopping threads took: 0.0000420 seconds
2017-09-07T16:56:06.856+0600: 2735.336: Total time for which application threads were stopped: 0.0000727 seconds, Stopping threads took: 0.0000147 seconds
2017-09-07T16:56:06.861+0600: 2735.341: Total time for which application threads were stopped: 0.0000993 seconds, Stopping threads took: 0.0000241 seconds
2017-09-07T16:56:06.863+0600: 2735.343: Total time for which application threads were stopped: 0.0000957 seconds, Stopping threads took: 0.0000147 seconds
2017-09-07T16:56:07.317+0600: 2735.796: Total time for which application threads were stopped: 0.0000822 seconds, Stopping threads took: 0.0000294 seconds
2017-09-07T16:56:07.318+0600: 2735.797: Total time for which application threads were stopped: 0.0001409 seconds, Stopping threads took: 0.0000783 seconds
2017-09-07T16:56:07.318+0600: 2735.798: Total time for which application threads were stopped: 0.0000550 seconds, Stopping threads took: 0.0000155 seconds
2017-09-07T16:56:07.319+0600: 2735.799: Total time for which application threads were stopped: 0.0010195 seconds, Stopping threads took: 0.0009867 seconds
2017-09-07T16:56:07.319+0600: 2735.799: Total time for which application threads were stopped: 0.0000597 seconds, Stopping threads took: 0.0000246 seconds
2017-09-07T16:56:07.326+0600: 2735.806: Total time for which application threads were stopped: 0.0000705 seconds, Stopping threads took: 0.0000155 seconds
2017-09-07T16:56:07.330+0600: 2735.810: Total time for which application threads were stopped: 0.0000858 seconds, Stopping threads took: 0.0000341 seconds
2017-09-07T16:56:07.332+0600: 2735.812: Total time for which application threads were stopped: 0.0000976 seconds, Stopping threads took: 0.0000208 seconds
2017-09-07T16:56:07.787+0600: 2736.267: Total time for which application threads were stopped: 0.0001001 seconds, Stopping threads took: 0.0000342 seconds
2017-09-07T16:56:07.788+0600: 2736.267: Total time for which application threads were stopped: 0.0000891 seconds, Stopping threads took: 0.0000298 seconds
2017-09-07T16:56:07.788+0600: 2736.268: Total time for which application threads were stopped: 0.0000644 seconds, Stopping threads took: 0.0000189 seconds
2017-09-07T16:56:07.792+0600: 2736.272: Total time for which application threads were stopped: 0.0042209 seconds, Stopping threads took: 0.0041928 seconds
2017-09-07T16:56:07.792+0600: 2736.272: Total time for which application threads were stopped: 0.0003189 seconds, Stopping threads took: 0.0002924 seconds
2017-09-07T16:56:07.806+0600: 2736.286: Total time for which application threads were stopped: 0.0001395 seconds, Stopping threads took: 0.0000422 seconds
2017-09-07T16:56:07.808+0600: 2736.288: Total time for which application threads were stopped: 0.0000720 seconds, Stopping threads took: 0.0000304 seconds
2017-09-07T16:56:08.255+0600: 2736.735: Total time for which application threads were stopped: 0.0000764 seconds, Stopping threads took: 0.0000184 seconds
2017-09-07T16:56:08.259+0600: 2736.738: Total time for which application threads were stopped: 0.0025021 seconds, Stopping threads took: 0.0024678 seconds
2017-09-07T16:56:08.259+0600: 2736.739: Total time for which application threads were stopped: 0.0000589 seconds, Stopping threads took: 0.0000281 seconds
2017-09-07T16:56:08.261+0600: 2736.741: Total time for which application threads were stopped: 0.0022721 seconds, Stopping threads took: 0.0022383 seconds
2017-09-07T16:56:08.261+0600: 2736.741: Total time for which application threads were stopped: 0.0000539 seconds, Stopping threads took: 0.0000243 seconds
2017-09-07T16:56:08.267+0600: 2736.747: Total time for which application threads were stopped: 0.0000699 seconds, Stopping threads took: 0.0000149 seconds
2017-09-07T16:56:08.272+0600: 2736.752: Total time for which application threads were stopped: 0.0001642 seconds, Stopping threads took: 0.0000894 seconds
2017-09-07T16:56:08.274+0600: 2736.754: Total time for which application threads were stopped: 0.0001448 seconds, Stopping threads took: 0.0000960 seconds
2017-09-07T16:56:08.724+0600: 2737.204: Total time for which application threads were stopped: 0.0001011 seconds, Stopping threads took: 0.0000316 seconds
2017-09-07T16:56:08.725+0600: 2737.205: Total time for which application threads were stopped: 0.0001207 seconds, Stopping threads took: 0.0000168 seconds
2017-09-07T16:56:08.726+0600: 2737.205: Total time for which application threads were stopped: 0.0000998 seconds, Stopping threads took: 0.0000761 seconds
2017-09-07T16:56:08.726+0600: 2737.206: Total time for which application threads were stopped: 0.0000996 seconds, Stopping threads took: 0.0000220 seconds
2017-09-07T16:56:08.726+0600: 2737.206: Total time for which application threads were stopped: 0.0000710 seconds, Stopping threads took: 0.0000475 seconds
2017-09-07T16:56:08.726+0600: 2737.206: Total time for which application threads were stopped: 0.0000554 seconds, Stopping threads took: 0.0000125 seconds
2017-09-07T16:56:08.726+0600: 2737.206: Total time for which application threads were stopped: 0.0000825 seconds, Stopping threads took: 0.0000147 seconds
2017-09-07T16:56:08.733+0600: 2737.213: Total time for which application threads were stopped: 0.0004477 seconds, Stopping threads took: 0.0002461 seconds
2017-09-07T16:56:08.738+0600: 2737.218: Total time for which application threads were stopped: 0.0002771 seconds, Stopping threads took: 0.0001175 seconds
2017-09-07T16:56:08.740+0600: 2737.220: Total time for which application threads were stopped: 0.0001122 seconds, Stopping threads took: 0.0000372 seconds
2017-09-07T16:56:08.774+0600: 2737.254: Total time for which application threads were stopped: 0.0001349 seconds, Stopping threads took: 0.0000478 seconds
2017-09-07T16:56:09.235+0600: 2737.715: Total time for which application threads were stopped: 0.0002867 seconds, Stopping threads took: 0.0001421 seconds
2017-09-07T16:56:09.236+0600: 2737.715: Total time for which application threads were stopped: 0.0001365 seconds, Stopping threads took: 0.0000693 seconds
2017-09-07T16:56:09.236+0600: 2737.716: Total time for which application threads were stopped: 0.0000578 seconds, Stopping threads took: 0.0000297 seconds
2017-09-07T16:56:09.236+0600: 2737.716: Total time for which application threads were stopped: 0.0000579 seconds, Stopping threads took: 0.0000253 seconds
2017-09-07T16:56:09.237+0600: 2737.717: Total time for which application threads were stopped: 0.0000267 seconds, Stopping threads took: 0.0000050 seconds
2017-09-07T16:56:09.237+0600: 2737.717: Total time for which application threads were stopped: 0.0000364 seconds, Stopping threads took: 0.0000164 seconds
2017-09-07T16:56:09.237+0600: 2737.717: Total time for which application threads were stopped: 0.0000696 seconds, Stopping threads took: 0.0000097 seconds
2017-09-07T16:56:09.237+0600: 2737.717: Total time for which application threads were stopped: 0.0000489 seconds, Stopping threads took: 0.0000199 seconds
2017-09-07T16:56:09.238+0600: 2737.717: Total time for which application threads were stopped: 0.0000463 seconds, Stopping threads took: 0.0000168 seconds
2017-09-07T16:56:09.238+0600: 2737.718: Total time for which application threads were stopped: 0.0000370 seconds, Stopping threads took: 0.0000160 seconds
2017-09-07T16:56:09.238+0600: 2737.718: Total time for which application threads were stopped: 0.0000385 seconds, Stopping threads took: 0.0000175 seconds
2017-09-07T16:56:09.238+0600: 2737.718: Total time for which application threads were stopped: 0.0000313 seconds, Stopping threads took: 0.0000110 seconds
2017-09-07T16:56:09.238+0600: 2737.718: Total time for which application threads were stopped: 0.0000353 seconds, Stopping threads took: 0.0000098 seconds
2017-09-07T16:56:09.238+0600: 2737.718: Total time for which application threads were stopped: 0.0000319 seconds, Stopping threads took: 0.0000125 seconds
2017-09-07T16:56:09.238+0600: 2737.718: Total time for which application threads were stopped: 0.0000345 seconds, Stopping threads took: 0.0000117 seconds
2017-09-07T16:56:09.241+0600: 2737.721: Total time for which application threads were stopped: 0.0001046 seconds, Stopping threads took: 0.0000113 seconds
2017-09-07T16:56:09.252+0600: 2737.731: Total time for which application threads were stopped: 0.0000798 seconds, Stopping threads took: 0.0000240 seconds
2017-09-07T16:56:09.253+0600: 2737.733: Total time for which application threads were stopped: 0.0000599 seconds, Stopping threads took: 0.0000201 seconds
2017-09-07T16:56:09.286+0600: 2737.766: Total time for which application threads were stopped: 0.0000693 seconds, Stopping threads took: 0.0000125 seconds
2017-09-07T16:56:09.286+0600: 2737.766: Total time for which application threads were stopped: 0.0000333 seconds, Stopping threads took: 0.0000075 seconds
2017-09-07T16:56:10.241+0600: 2738.721: Total time for which application threads were stopped: 0.0001454 seconds, Stopping threads took: 0.0000785 seconds
2017-09-07T16:56:10.242+0600: 2738.721: Total time for which application threads were stopped: 0.0000502 seconds, Stopping threads took: 0.0000283 seconds
2017-09-07T16:56:10.242+0600: 2738.722: Total time for which application threads were stopped: 0.0000418 seconds, Stopping threads took: 0.0000116 seconds
2017-09-07T16:56:10.242+0600: 2738.722: Total time for which application threads were stopped: 0.0000501 seconds, Stopping threads took: 0.0000267 seconds
2017-09-07T16:56:10.255+0600: 2738.734: Total time for which application threads were stopped: 0.0000795 seconds, Stopping threads took: 0.0000271 seconds
2017-09-07T16:56:10.743+0600: 2739.223: Total time for which application threads were stopped: 0.0001745 seconds, Stopping threads took: 0.0000955 seconds
2017-09-07T16:56:10.745+0600: 2739.225: Total time for which application threads were stopped: 0.0017930 seconds, Stopping threads took: 0.0017568 seconds
2017-09-07T16:56:10.745+0600: 2739.225: Total time for which application threads were stopped: 0.0000695 seconds, Stopping threads took: 0.0000351 seconds
2017-09-07T16:56:10.745+0600: 2739.225: Total time for which application threads were stopped: 0.0000715 seconds, Stopping threads took: 0.0000392 seconds
2017-09-07T16:56:10.767+0600: 2739.247: Total time for which application threads were stopped: 0.0000846 seconds, Stopping threads took: 0.0000179 seconds
2017-09-07T16:56:11.195+0600: 2739.674: Total time for which application threads were stopped: 0.0000985 seconds, Stopping threads took: 0.0000406 seconds
2017-09-07T16:56:11.195+0600: 2739.675: Total time for which application threads were stopped: 0.0000469 seconds, Stopping threads took: 0.0000155 seconds
2017-09-07T16:56:11.195+0600: 2739.675: Total time for which application threads were stopped: 0.0000486 seconds, Stopping threads took: 0.0000180 seconds
2017-09-07T16:56:11.195+0600: 2739.675: Total time for which application threads were stopped: 0.0000540 seconds, Stopping threads took: 0.0000205 seconds
2017-09-07T16:56:11.207+0600: 2739.687: Total time for which application threads were stopped: 0.0000869 seconds, Stopping threads took: 0.0000155 seconds
2017-09-07T16:56:11.548+0600: 2740.028: Total time for which application threads were stopped: 0.0000879 seconds, Stopping threads took: 0.0000246 seconds
2017-09-07T16:56:11.548+0600: 2740.028: Total time for which application threads were stopped: 0.0000657 seconds, Stopping threads took: 0.0000303 seconds
2017-09-07T16:56:11.548+0600: 2740.028: Total time for which application threads were stopped: 0.0000413 seconds, Stopping threads took: 0.0000186 seconds
2017-09-07T16:56:11.548+0600: 2740.028: Total time for which application threads were stopped: 0.0000394 seconds, Stopping threads took: 0.0000130 seconds
2017-09-07T16:56:11.560+0600: 2740.040: Total time for which application threads were stopped: 0.0000928 seconds, Stopping threads took: 0.0000221 seconds
2017-09-07T16:56:12.033+0600: 2740.513: Total time for which application threads were stopped: 0.0000947 seconds, Stopping threads took: 0.0000411 seconds
2017-09-07T16:56:12.033+0600: 2740.513: Total time for which application threads were stopped: 0.0000335 seconds, Stopping threads took: 0.0000116 seconds
2017-09-07T16:56:12.033+0600: 2740.513: Total time for which application threads were stopped: 0.0000291 seconds, Stopping threads took: 0.0000084 seconds
2017-09-07T16:56:12.034+0600: 2740.513: Total time for which application threads were stopped: 0.0000478 seconds, Stopping threads took: 0.0000172 seconds
2017-09-07T16:56:12.047+0600: 2740.527: Total time for which application threads were stopped: 0.0000769 seconds, Stopping threads took: 0.0000178 seconds
2017-09-07T16:56:12.503+0600: 2740.983: Total time for which application threads were stopped: 0.0000842 seconds, Stopping threads took: 0.0000193 seconds
2017-09-07T16:56:12.503+0600: 2740.983: Total time for which application threads were stopped: 0.0000631 seconds, Stopping threads took: 0.0000281 seconds
2017-09-07T16:56:12.503+0600: 2740.983: Total time for which application threads were stopped: 0.0000424 seconds, Stopping threads took: 0.0000108 seconds
2017-09-07T16:56:12.503+0600: 2740.983: Total time for which application threads were stopped: 0.0000471 seconds, Stopping threads took: 0.0000164 seconds
2017-09-07T16:56:12.516+0600: 2740.996: Total time for which application threads were stopped: 0.0001310 seconds, Stopping threads took: 0.0000204 seconds
2017-09-07T16:56:12.863+0600: 2741.343: Total time for which application threads were stopped: 0.0000928 seconds, Stopping threads took: 0.0000315 seconds
2017-09-07T16:56:12.863+0600: 2741.343: Total time for which application threads were stopped: 0.0000582 seconds, Stopping threads took: 0.0000214 seconds
2017-09-07T16:56:12.863+0600: 2741.343: Total time for which application threads were stopped: 0.0000498 seconds, Stopping threads took: 0.0000290 seconds
2017-09-07T16:56:12.863+0600: 2741.343: Total time for which application threads were stopped: 0.0000438 seconds, Stopping threads took: 0.0000097 seconds
2017-09-07T16:56:12.875+0600: 2741.355: Total time for which application threads were stopped: 0.0000857 seconds, Stopping threads took: 0.0000269 seconds
2017-09-07T16:56:13.324+0600: 2741.804: Total time for which application threads were stopped: 0.0000924 seconds, Stopping threads took: 0.0000235 seconds
2017-09-07T16:56:13.324+0600: 2741.804: Total time for which application threads were stopped: 0.0000938 seconds, Stopping threads took: 0.0000451 seconds
2017-09-07T16:56:13.326+0600: 2741.805: Total time for which application threads were stopped: 0.0007114 seconds, Stopping threads took: 0.0006777 seconds
2017-09-07T16:56:13.326+0600: 2741.806: Total time for which application threads were stopped: 0.0000640 seconds, Stopping threads took: 0.0000263 seconds
2017-09-07T16:56:13.328+0600: 2741.808: Total time for which application threads were stopped: 0.0020594 seconds, Stopping threads took: 0.0020367 seconds
2017-09-07T16:56:13.328+0600: 2741.808: Total time for which application threads were stopped: 0.0001311 seconds, Stopping threads took: 0.0000118 seconds
{Heap before GC invocations=15 (full 1):
 par new generation   total 109248K, used 109248K [0x00000000e0000000, 0x00000000e8000000, 0x00000000e8000000)
  eden space 87424K, 100% used [0x00000000e0000000, 0x00000000e5560000, 0x00000000e5560000)
  from space 21824K, 100% used [0x00000000e6ab0000, 0x00000000e8000000, 0x00000000e8000000)
  to   space 21824K,   0% used [0x00000000e5560000, 0x00000000e5560000, 0x00000000e6ab0000)
 concurrent mark-sweep generation total 393216K, used 8967K [0x00000000e8000000, 0x0000000100000000, 0x0000000100000000)
 Metaspace       used 35993K, capacity 36870K, committed 37196K, reserved 1081344K
  class space    used 4302K, capacity 4599K, committed 4684K, reserved 1048576K
2017-09-07T16:56:13.340+0600: 2741.820: [GC (Allocation Failure) 2017-09-07T16:56:13.340+0600: 2741.820: [ParNew
Desired survivor size 20112992 bytes, new threshold 8 (max 8)
- age   1:    1750048 bytes,    1750048 total
- age   2:    5228256 bytes,    6978304 total
- age   3:      79680 bytes,    7057984 total
- age   4:     135376 bytes,    7193360 total
- age   5:    8792736 bytes,   15986096 total
- age   6:     894272 bytes,   16880368 total
- age   7:    2091728 bytes,   18972096 total
- age   8:      89856 bytes,   19061952 total
: 109248K->21824K(109248K), 0.0109143 secs] 118215K->31348K(502464K), 0.0109803 secs] [Times: user=0.04 sys=0.00, real=0.02 secs] 
Heap after GC invocations=16 (full 1):
 par new generation   total 109248K, used 21824K [0x00000000e0000000, 0x00000000e8000000, 0x00000000e8000000)
  eden space 87424K,   0% used [0x00000000e0000000, 0x00000000e0000000, 0x00000000e5560000)
  from space 21824K, 100% used [0x00000000e5560000, 0x00000000e6ab0000, 0x00000000e6ab0000)
  to   space 21824K,   0% used [0x00000000e6ab0000, 0x00000000e6ab0000, 0x00000000e8000000)
 concurrent mark-sweep generation total 393216K, used 9524K [0x00000000e8000000, 0x0000000100000000, 0x0000000100000000)
 Metaspace       used 35993K, capacity 36870K, committed 37196K, reserved 1081344K
  class space    used 4302K, capacity 4599K, committed 4684K, reserved 1048576K
}
2017-09-07T16:56:13.351+0600: 2741.831: Total time for which application threads were stopped: 0.0111927 seconds, Stopping threads took: 0.0000605 seconds
2017-09-07T16:56:13.353+0600: 2741.833: Total time for which application threads were stopped: 0.0019788 seconds, Stopping threads took: 0.0019239 seconds
2017-09-07T16:56:13.353+0600: 2741.833: Total time for which application threads were stopped: 0.0000479 seconds, Stopping threads took: 0.0000142 seconds
2017-09-07T16:56:13.353+0600: 2741.833: Total time for which application threads were stopped: 0.0000264 seconds, Stopping threads took: 0.0000048 seconds
2017-09-07T16:56:13.354+0600: 2741.833: Total time for which application threads were stopped: 0.0000256 seconds, Stopping threads took: 0.0000044 seconds
2017-09-07T16:56:13.354+0600: 2741.833: Total time for which application threads were stopped: 0.0000256 seconds, Stopping threads took: 0.0000044 seconds
2017-09-07T16:56:13.354+0600: 2741.833: Total time for which application threads were stopped: 0.0000270 seconds, Stopping threads took: 0.0000043 seconds
2017-09-07T16:56:13.354+0600: 2741.834: Total time for which application threads were stopped: 0.0000254 seconds, Stopping threads took: 0.0000043 seconds
2017-09-07T16:56:13.354+0600: 2741.834: Total time for which application threads were stopped: 0.0000253 seconds, Stopping threads took: 0.0000044 seconds
2017-09-07T16:56:13.354+0600: 2741.834: Total time for which application threads were stopped: 0.0000257 seconds, Stopping threads took: 0.0000045 seconds
2017-09-07T16:56:13.354+0600: 2741.834: Total time for which application threads were stopped: 0.0000254 seconds, Stopping threads took: 0.0000045 seconds
2017-09-07T16:56:13.354+0600: 2741.834: Total time for which application threads were stopped: 0.0000272 seconds, Stopping threads took: 0.0000045 seconds
2017-09-07T16:56:13.354+0600: 2741.834: Total time for which application threads were stopped: 0.0000252 seconds, Stopping threads took: 0.0000044 seconds
2017-09-07T16:56:13.354+0600: 2741.834: Total time for which application threads were stopped: 0.0000258 seconds, Stopping threads took: 0.0000045 seconds
2017-09-07T16:56:13.354+0600: 2741.834: Total time for which application threads were stopped: 0.0000254 seconds, Stopping threads took: 0.0000045 seconds
2017-09-07T16:56:13.354+0600: 2741.834: Total time for which application threads were stopped: 0.0000255 seconds, Stopping threads took: 0.0000044 seconds
2017-09-07T16:56:13.354+0600: 2741.834: Total time for which application threads were stopped: 0.0000255 seconds, Stopping threads took: 0.0000046 seconds
2017-09-07T16:56:13.354+0600: 2741.834: Total time for which application threads were stopped: 0.0000253 seconds, Stopping threads took: 0.0000045 seconds
2017-09-07T16:56:13.354+0600: 2741.834: Total time for which application threads were stopped: 0.0000257 seconds, Stopping threads took: 0.0000045 seconds
2017-09-07T16:56:13.354+0600: 2741.834: Total time for which application threads were stopped: 0.0000876 seconds, Stopping threads took: 0.0000045 seconds
2017-09-07T16:56:13.382+0600: 2741.862: Total time for which application threads were stopped: 0.0001055 seconds, Stopping threads took: 0.0000166 seconds
2017-09-07T16:56:13.382+0600: 2741.862: Total time for which application threads were stopped: 0.0000688 seconds, Stopping threads took: 0.0000167 seconds
2017-09-07T16:56:13.802+0600: 2742.281: Total time for which application threads were stopped: 0.0001271 seconds, Stopping threads took: 0.0000653 seconds
2017-09-07T16:56:13.802+0600: 2742.282: Total time for which application threads were stopped: 0.0000433 seconds, Stopping threads took: 0.0000116 seconds
2017-09-07T16:56:13.802+0600: 2742.282: Total time for which application threads were stopped: 0.0000478 seconds, Stopping threads took: 0.0000177 seconds
2017-09-07T16:56:13.802+0600: 2742.282: Total time for which application threads were stopped: 0.0000584 seconds, Stopping threads took: 0.0000348 seconds
2017-09-07T16:56:13.802+0600: 2742.282: Total time for which application threads were stopped: 0.0000516 seconds, Stopping threads took: 0.0000068 seconds
2017-09-07T16:56:13.802+0600: 2742.282: Total time for which application threads were stopped: 0.0000460 seconds, Stopping threads took: 0.0000068 seconds
2017-09-07T16:56:13.802+0600: 2742.282: Total time for which application threads were stopped: 0.0000297 seconds, Stopping threads took: 0.0000082 seconds
2017-09-07T16:56:13.802+0600: 2742.282: Total time for which application threads were stopped: 0.0000250 seconds, Stopping threads took: 0.0000054 seconds
2017-09-07T16:56:13.802+0600: 2742.282: Total time for which application threads were stopped: 0.0000376 seconds, Stopping threads took: 0.0000175 seconds
2017-09-07T16:56:13.803+0600: 2742.282: Total time for which application threads were stopped: 0.0000348 seconds, Stopping threads took: 0.0000080 seconds
2017-09-07T16:56:13.803+0600: 2742.282: Total time for which application threads were stopped: 0.0000273 seconds, Stopping threads took: 0.0000079 seconds
2017-09-07T16:56:13.803+0600: 2742.282: Total time for which application threads were stopped: 0.0000241 seconds, Stopping threads took: 0.0000048 seconds
2017-09-07T16:56:13.804+0600: 2742.284: Total time for which application threads were stopped: 0.0000410 seconds, Stopping threads took: 0.0000131 seconds
2017-09-07T16:56:13.817+0600: 2742.297: Total time for which application threads were stopped: 0.0001421 seconds, Stopping threads took: 0.0000767 seconds
2017-09-07T16:56:14.540+0600: 2743.020: Total time for which application threads were stopped: 0.0001249 seconds, Stopping threads took: 0.0000687 seconds
2017-09-07T16:56:14.540+0600: 2743.020: Total time for which application threads were stopped: 0.0000592 seconds, Stopping threads took: 0.0000203 seconds
2017-09-07T16:56:14.540+0600: 2743.020: Total time for which application threads were stopped: 0.0000422 seconds, Stopping threads took: 0.0000084 seconds
2017-09-07T16:56:14.551+0600: 2743.031: Total time for which application threads were stopped: 0.0001589 seconds, Stopping threads took: 0.0000395 seconds
2017-09-07T16:56:15.043+0600: 2743.522: Total time for which application threads were stopped: 0.0001904 seconds, Stopping threads took: 0.0001104 seconds
2017-09-07T16:56:15.043+0600: 2743.523: Total time for which application threads were stopped: 0.0000498 seconds, Stopping threads took: 0.0000224 seconds
2017-09-07T16:56:15.043+0600: 2743.523: Total time for which application threads were stopped: 0.0000459 seconds, Stopping threads took: 0.0000179 seconds
2017-09-07T16:56:15.055+0600: 2743.535: Total time for which application threads were stopped: 0.0001159 seconds, Stopping threads took: 0.0000356 seconds
2017-09-07T16:56:15.503+0600: 2743.983: Total time for which application threads were stopped: 0.0000783 seconds, Stopping threads took: 0.0000250 seconds
2017-09-07T16:56:15.503+0600: 2743.983: Total time for which application threads were stopped: 0.0000431 seconds, Stopping threads took: 0.0000213 seconds
2017-09-07T16:56:15.503+0600: 2743.983: Total time for which application threads were stopped: 0.0000474 seconds, Stopping threads took: 0.0000123 seconds
2017-09-07T16:56:15.516+0600: 2743.996: Total time for which application threads were stopped: 0.0001524 seconds, Stopping threads took: 0.0000905 seconds
2017-09-07T16:56:15.971+0600: 2744.451: Total time for which application threads were stopped: 0.0000985 seconds, Stopping threads took: 0.0000361 seconds
2017-09-07T16:56:15.972+0600: 2744.451: Total time for which application threads were stopped: 0.0000579 seconds, Stopping threads took: 0.0000228 seconds
2017-09-07T16:56:15.972+0600: 2744.452: Total time for which application threads were stopped: 0.0000501 seconds, Stopping threads took: 0.0000137 seconds
2017-09-07T16:56:15.985+0600: 2744.465: Total time for which application threads were stopped: 0.0001115 seconds, Stopping threads took: 0.0000369 seconds
2017-09-07T16:56:16.444+0600: 2744.924: Total time for which application threads were stopped: 0.0001459 seconds, Stopping threads took: 0.0000400 seconds
2017-09-07T16:56:16.444+0600: 2744.924: Total time for which application threads were stopped: 0.0000554 seconds, Stopping threads took: 0.0000197 seconds
2017-09-07T16:56:16.444+0600: 2744.924: Total time for which application threads were stopped: 0.0000519 seconds, Stopping threads took: 0.0000176 seconds
2017-09-07T16:56:16.457+0600: 2744.937: Total time for which application threads were stopped: 0.0003162 seconds, Stopping threads took: 0.0002432 seconds
2017-09-07T16:56:16.910+0600: 2745.390: Total time for which application threads were stopped: 0.0000890 seconds, Stopping threads took: 0.0000229 seconds
2017-09-07T16:56:16.910+0600: 2745.390: Total time for which application threads were stopped: 0.0000522 seconds, Stopping threads took: 0.0000276 seconds
2017-09-07T16:56:16.910+0600: 2745.390: Total time for which application threads were stopped: 0.0000482 seconds, Stopping threads took: 0.0000229 seconds
2017-09-07T16:56:16.923+0600: 2745.403: Total time for which application threads were stopped: 0.0000847 seconds, Stopping threads took: 0.0000225 seconds
2017-09-07T16:56:17.379+0600: 2745.859: Total time for which application threads were stopped: 0.0000950 seconds, Stopping threads took: 0.0000383 seconds
2017-09-07T16:56:17.379+0600: 2745.859: Total time for which application threads were stopped: 0.0000670 seconds, Stopping threads took: 0.0000245 seconds
2017-09-07T16:56:17.379+0600: 2745.859: Total time for which application threads were stopped: 0.0000563 seconds, Stopping threads took: 0.0000332 seconds
2017-09-07T16:56:17.391+0600: 2745.871: Total time for which application threads were stopped: 0.0001258 seconds, Stopping threads took: 0.0000246 seconds
2017-09-07T16:56:17.841+0600: 2746.321: Total time for which application threads were stopped: 0.0017301 seconds, Stopping threads took: 0.0016541 seconds
2017-09-07T16:56:17.841+0600: 2746.321: Total time for which application threads were stopped: 0.0001064 seconds, Stopping threads took: 0.0000172 seconds
2017-09-07T16:56:17.857+0600: 2746.337: Total time for which application threads were stopped: 0.0001071 seconds, Stopping threads took: 0.0000419 seconds
2017-09-07T16:56:17.889+0600: 2746.369: Total time for which application threads were stopped: 0.0000922 seconds, Stopping threads took: 0.0000248 seconds
2017-09-07T16:56:17.889+0600: 2746.369: Total time for which application threads were stopped: 0.0000520 seconds, Stopping threads took: 0.0000177 seconds
2017-09-07T16:56:18.736+0600: 2747.216: Total time for which application threads were stopped: 0.0000981 seconds, Stopping threads took: 0.0000250 seconds
2017-09-07T16:56:18.736+0600: 2747.216: Total time for which application threads were stopped: 0.0000443 seconds, Stopping threads took: 0.0000134 seconds
2017-09-07T16:56:18.736+0600: 2747.216: Total time for which application threads were stopped: 0.0000593 seconds, Stopping threads took: 0.0000222 seconds
2017-09-07T16:56:18.736+0600: 2747.216: Total time for which application threads were stopped: 0.0000373 seconds, Stopping threads took: 0.0000101 seconds
2017-09-07T16:56:18.737+0600: 2747.216: Total time for which application threads were stopped: 0.0000220 seconds, Stopping threads took: 0.0000040 seconds
2017-09-07T16:56:18.737+0600: 2747.216: Total time for which application threads were stopped: 0.0000220 seconds, Stopping threads took: 0.0000043 seconds
2017-09-07T16:56:18.737+0600: 2747.217: Total time for which application threads were stopped: 0.0000612 seconds, Stopping threads took: 0.0000244 seconds
2017-09-07T16:56:18.737+0600: 2747.217: Total time for which application threads were stopped: 0.0000253 seconds, Stopping threads took: 0.0000051 seconds
2017-09-07T16:56:18.737+0600: 2747.217: Total time for which application threads were stopped: 0.0000335 seconds, Stopping threads took: 0.0000113 seconds
2017-09-07T16:56:18.737+0600: 2747.217: Total time for which application threads were stopped: 0.0000349 seconds, Stopping threads took: 0.0000145 seconds
2017-09-07T16:56:18.738+0600: 2747.218: Total time for which application threads were stopped: 0.0000302 seconds, Stopping threads took: 0.0000068 seconds
2017-09-07T16:56:18.738+0600: 2747.218: Total time for which application threads were stopped: 0.0000651 seconds, Stopping threads took: 0.0000332 seconds
2017-09-07T16:56:18.745+0600: 2747.224: Total time for which application threads were stopped: 0.0002291 seconds, Stopping threads took: 0.0000466 seconds
2017-09-07T16:56:19.205+0600: 2747.685: Total time for which application threads were stopped: 0.0001200 seconds, Stopping threads took: 0.0000487 seconds
2017-09-07T16:56:19.206+0600: 2747.685: Total time for which application threads were stopped: 0.0000370 seconds, Stopping threads took: 0.0000151 seconds
2017-09-07T16:56:19.206+0600: 2747.686: Total time for which application threads were stopped: 0.0000986 seconds, Stopping threads took: 0.0000057 seconds
2017-09-07T16:56:19.206+0600: 2747.686: Total time for which application threads were stopped: 0.0006965 seconds, Stopping threads took: 0.0006654 seconds
2017-09-07T16:56:19.674+0600: 2748.154: Total time for which application threads were stopped: 0.0002317 seconds, Stopping threads took: 0.0000825 seconds
2017-09-07T16:56:19.674+0600: 2748.154: Total time for which application threads were stopped: 0.0000850 seconds, Stopping threads took: 0.0000517 seconds
2017-09-07T16:56:19.674+0600: 2748.154: Total time for which application threads were stopped: 0.0000725 seconds, Stopping threads took: 0.0000374 seconds
2017-09-07T16:56:20.085+0600: 2748.565: Total time for which application threads were stopped: 0.0001884 seconds, Stopping threads took: 0.0000378 seconds
2017-09-07T16:56:20.086+0600: 2748.565: Total time for which application threads were stopped: 0.0000626 seconds, Stopping threads took: 0.0000220 seconds
2017-09-07T16:56:20.579+0600: 2749.059: Total time for which application threads were stopped: 0.0000872 seconds, Stopping threads took: 0.0000200 seconds
2017-09-07T16:56:21.040+0600: 2749.520: Total time for which application threads were stopped: 0.0001197 seconds, Stopping threads took: 0.0000619 seconds
2017-09-07T16:56:21.500+0600: 2749.980: Total time for which application threads were stopped: 0.0000970 seconds, Stopping threads took: 0.0000366 seconds
2017-09-07T16:56:21.895+0600: 2750.375: Total time for which application threads were stopped: 0.0000974 seconds, Stopping threads took: 0.0000324 seconds
2017-09-07T16:56:22.248+0600: 2750.728: Total time for which application threads were stopped: 0.0013429 seconds, Stopping threads took: 0.0012675 seconds
2017-09-07T16:56:22.250+0600: 2750.729: Total time for which application threads were stopped: 0.0001043 seconds, Stopping threads took: 0.0000381 seconds
2017-09-07T16:56:22.305+0600: 2750.785: Total time for which application threads were stopped: 0.0001207 seconds, Stopping threads took: 0.0000257 seconds
2017-09-07T16:56:22.305+0600: 2750.785: Total time for which application threads were stopped: 0.0000532 seconds, Stopping threads took: 0.0000186 seconds
2017-09-07T16:56:23.126+0600: 2751.606: Total time for which application threads were stopped: 0.0000979 seconds, Stopping threads took: 0.0000204 seconds
2017-09-07T16:56:23.126+0600: 2751.606: Total time for which application threads were stopped: 0.0000600 seconds, Stopping threads took: 0.0000142 seconds
2017-09-07T16:56:23.126+0600: 2751.606: Total time for which application threads were stopped: 0.0001866 seconds, Stopping threads took: 0.0000126 seconds
2017-09-07T16:56:23.580+0600: 2752.059: Total time for which application threads were stopped: 0.0000934 seconds, Stopping threads took: 0.0000297 seconds
2017-09-07T16:56:23.932+0600: 2752.412: Total time for which application threads were stopped: 0.0001397 seconds, Stopping threads took: 0.0000626 seconds
2017-09-07T16:56:24.359+0600: 2752.839: Total time for which application threads were stopped: 0.0000721 seconds, Stopping threads took: 0.0000126 seconds
2017-09-07T16:56:24.819+0600: 2753.299: Total time for which application threads were stopped: 0.0000710 seconds, Stopping threads took: 0.0000149 seconds
2017-09-07T16:56:25.248+0600: 2753.727: Total time for which application threads were stopped: 0.0001078 seconds, Stopping threads took: 0.0000394 seconds
2017-09-07T16:56:25.708+0600: 2754.188: Total time for which application threads were stopped: 0.0000968 seconds, Stopping threads took: 0.0000352 seconds
{Heap before GC invocations=16 (full 1):
 par new generation   total 109248K, used 109248K [0x00000000e0000000, 0x00000000e8000000, 0x00000000e8000000)
  eden space 87424K, 100% used [0x00000000e0000000, 0x00000000e5560000, 0x00000000e5560000)
  from space 21824K, 100% used [0x00000000e5560000, 0x00000000e6ab0000, 0x00000000e6ab0000)
  to   space 21824K,   0% used [0x00000000e6ab0000, 0x00000000e6ab0000, 0x00000000e8000000)
 concurrent mark-sweep generation total 393216K, used 9524K [0x00000000e8000000, 0x0000000100000000, 0x0000000100000000)
 Metaspace       used 36352K, capacity 37346K, committed 37452K, reserved 1081344K
  class space    used 4304K, capacity 4603K, committed 4684K, reserved 1048576K
2017-09-07T16:56:25.715+0600: 2754.195: [GC (Allocation Failure) 2017-09-07T16:56:25.715+0600: 2754.195: [ParNew
Desired survivor size 20112992 bytes, new threshold 8 (max 8)
- age   1:    1761272 bytes,    1761272 total
- age   2:      79096 bytes,    1840368 total
- age   3:    5219816 bytes,    7060184 total
- age   4:      79680 bytes,    7139864 total
- age   5:     135376 bytes,    7275240 total
- age   6:    8141136 bytes,   15416376 total
- age   7:     893280 bytes,   16309656 total
- age   8:    2090392 bytes,   18400048 total
: 109248K->21824K(109248K), 0.0138834 secs] 118772K->32081K(502464K), 0.0139368 secs] [Times: user=0.03 sys=0.00, real=0.01 secs] 
Heap after GC invocations=17 (full 1):
 par new generation   total 109248K, used 21824K [0x00000000e0000000, 0x00000000e8000000, 0x00000000e8000000)
  eden space 87424K,   0% used [0x00000000e0000000, 0x00000000e0000000, 0x00000000e5560000)
  from space 21824K, 100% used [0x00000000e6ab0000, 0x00000000e8000000, 0x00000000e8000000)
  to   space 21824K,   0% used [0x00000000e5560000, 0x00000000e5560000, 0x00000000e6ab0000)
 concurrent mark-sweep generation total 393216K, used 10257K [0x00000000e8000000, 0x0000000100000000, 0x0000000100000000)
 Metaspace       used 36352K, capacity 37346K, committed 37452K, reserved 1081344K
  class space    used 4304K, capacity 4603K, committed 4684K, reserved 1048576K
}
2017-09-07T16:56:25.729+0600: 2754.209: Total time for which application threads were stopped: 0.0140574 seconds, Stopping threads took: 0.0000122 seconds
2017-09-07T16:56:25.729+0600: 2754.209: Total time for which application threads were stopped: 0.0001253 seconds, Stopping threads took: 0.0000112 seconds
2017-09-07T16:56:26.185+0600: 2754.665: Total time for which application threads were stopped: 0.0000800 seconds, Stopping threads took: 0.0000119 seconds
2017-09-07T16:56:26.646+0600: 2755.126: Total time for which application threads were stopped: 0.0002993 seconds, Stopping threads took: 0.0001509 seconds
2017-09-07T16:56:26.687+0600: 2755.167: Total time for which application threads were stopped: 0.0001032 seconds, Stopping threads took: 0.0000201 seconds
2017-09-07T16:56:27.474+0600: 2755.954: Total time for which application threads were stopped: 0.0001835 seconds, Stopping threads took: 0.0000984 seconds
2017-09-07T16:56:27.935+0600: 2756.415: Total time for which application threads were stopped: 0.0001494 seconds, Stopping threads took: 0.0000646 seconds
2017-09-07T16:56:28.455+0600: 2756.934: Total time for which application threads were stopped: 0.0002287 seconds, Stopping threads took: 0.0001005 seconds
2017-09-07T16:56:29.455+0600: 2757.935: Total time for which application threads were stopped: 0.0000780 seconds, Stopping threads took: 0.0000155 seconds
2017-09-07T16:56:30.455+0600: 2758.935: Total time for which application threads were stopped: 0.0000764 seconds, Stopping threads took: 0.0000155 seconds
2017-09-07T16:56:31.185+0600: 2759.665: Total time for which application threads were stopped: 0.0001010 seconds, Stopping threads took: 0.0000255 seconds
2017-09-07T16:56:31.235+0600: 2759.715: Total time for which application threads were stopped: 0.0001468 seconds, Stopping threads took: 0.0000428 seconds
2017-09-07T16:56:31.236+0600: 2759.716: Total time for which application threads were stopped: 0.0000939 seconds, Stopping threads took: 0.0000332 seconds
2017-09-07T16:56:32.236+0600: 2760.716: Total time for which application threads were stopped: 0.0000776 seconds, Stopping threads took: 0.0000158 seconds
2017-09-07T16:56:33.236+0600: 2761.716: Total time for which application threads were stopped: 0.0000907 seconds, Stopping threads took: 0.0000233 seconds
2017-09-07T16:56:34.236+0600: 2762.716: Total time for which application threads were stopped: 0.0000718 seconds, Stopping threads took: 0.0000147 seconds
2017-09-07T16:56:35.236+0600: 2763.716: Total time for which application threads were stopped: 0.0000701 seconds, Stopping threads took: 0.0000130 seconds
2017-09-07T16:56:35.694+0600: 2764.174: Total time for which application threads were stopped: 0.0033727 seconds, Stopping threads took: 0.0032795 seconds
2017-09-07T16:56:36.695+0600: 2765.174: Total time for which application threads were stopped: 0.0001037 seconds, Stopping threads took: 0.0000164 seconds
{Heap before GC invocations=17 (full 1):
 par new generation   total 109248K, used 109248K [0x00000000e0000000, 0x00000000e8000000, 0x00000000e8000000)
  eden space 87424K, 100% used [0x00000000e0000000, 0x00000000e5560000, 0x00000000e5560000)
  from space 21824K, 100% used [0x00000000e6ab0000, 0x00000000e8000000, 0x00000000e8000000)
  to   space 21824K,   0% used [0x00000000e5560000, 0x00000000e5560000, 0x00000000e6ab0000)
 concurrent mark-sweep generation total 393216K, used 10257K [0x00000000e8000000, 0x0000000100000000, 0x0000000100000000)
 Metaspace       used 36589K, capacity 37478K, committed 37708K, reserved 1083392K
  class space    used 4304K, capacity 4603K, committed 4684K, reserved 1048576K
2017-09-07T16:56:37.548+0600: 2766.028: [GC (Allocation Failure) 2017-09-07T16:56:37.548+0600: 2766.028: [ParNew
Desired survivor size 20112992 bytes, new threshold 8 (max 8)
- age   1:    1237880 bytes,    1237880 total
- age   2:      56896 bytes,    1294776 total
- age   3:      78288 bytes,    1373064 total
- age   4:    7447776 bytes,    8820840 total
- age   5:      79680 bytes,    8900520 total
- age   6:     135376 bytes,    9035896 total
- age   7:    8141136 bytes,   17177032 total
- age   8:     893280 bytes,   18070312 total
: 109248K->21824K(109248K), 0.0135820 secs] 119505K->34178K(502464K), 0.0136270 secs] [Times: user=0.04 sys=0.00, real=0.01 secs] 
Heap after GC invocations=18 (full 1):
 par new generation   total 109248K, used 21824K [0x00000000e0000000, 0x00000000e8000000, 0x00000000e8000000)
  eden space 87424K,   0% used [0x00000000e0000000, 0x00000000e0000000, 0x00000000e5560000)
  from space 21824K, 100% used [0x00000000e5560000, 0x00000000e6ab0000, 0x00000000e6ab0000)
  to   space 21824K,   0% used [0x00000000e6ab0000, 0x00000000e6ab0000, 0x00000000e8000000)
 concurrent mark-sweep generation total 393216K, used 12354K [0x00000000e8000000, 0x0000000100000000, 0x0000000100000000)
 Metaspace       used 36589K, capacity 37478K, committed 37708K, reserved 1083392K
  class space    used 4304K, capacity 4603K, committed 4684K, reserved 1048576K
}
2017-09-07T16:56:37.562+0600: 2766.042: Total time for which application threads were stopped: 0.0138152 seconds, Stopping threads took: 0.0000432 seconds
2017-09-07T16:56:38.562+0600: 2767.042: Total time for which application threads were stopped: 0.0000798 seconds, Stopping threads took: 0.0000162 seconds
2017-09-07T16:56:39.562+0600: 2768.042: Total time for which application threads were stopped: 0.0000830 seconds, Stopping threads took: 0.0000157 seconds
2017-09-07T16:56:40.348+0600: 2768.828: Total time for which application threads were stopped: 0.0001178 seconds, Stopping threads took: 0.0000445 seconds
2017-09-07T16:56:40.399+0600: 2768.879: Total time for which application threads were stopped: 0.0001471 seconds, Stopping threads took: 0.0000215 seconds
2017-09-07T16:56:41.399+0600: 2769.879: Total time for which application threads were stopped: 0.0001062 seconds, Stopping threads took: 0.0000223 seconds
2017-09-07T16:56:42.400+0600: 2770.880: Total time for which application threads were stopped: 0.0000967 seconds, Stopping threads took: 0.0000347 seconds
2017-09-07T16:56:43.400+0600: 2771.880: Total time for which application threads were stopped: 0.0000767 seconds, Stopping threads took: 0.0000142 seconds
2017-09-07T16:56:44.400+0600: 2772.880: Total time for which application threads were stopped: 0.0000799 seconds, Stopping threads took: 0.0000163 seconds
2017-09-07T16:56:45.139+0600: 2773.618: Total time for which application threads were stopped: 0.0000930 seconds, Stopping threads took: 0.0000162 seconds
2017-09-07T16:56:45.152+0600: 2773.632: Total time for which application threads were stopped: 0.0002414 seconds, Stopping threads took: 0.0001615 seconds
2017-09-07T16:56:45.188+0600: 2773.668: Total time for which application threads were stopped: 0.0001052 seconds, Stopping threads took: 0.0000208 seconds
2017-09-07T16:56:46.188+0600: 2774.668: Total time for which application threads were stopped: 0.0000874 seconds, Stopping threads took: 0.0000180 seconds
2017-09-07T16:56:47.188+0600: 2775.668: Total time for which application threads were stopped: 0.0000977 seconds, Stopping threads took: 0.0000156 seconds
2017-09-07T16:56:48.188+0600: 2776.668: Total time for which application threads were stopped: 0.0000711 seconds, Stopping threads took: 0.0000151 seconds
2017-09-07T16:56:49.189+0600: 2777.668: Total time for which application threads were stopped: 0.0000772 seconds, Stopping threads took: 0.0000180 seconds
2017-09-07T16:56:49.602+0600: 2778.082: Total time for which application threads were stopped: 0.0001021 seconds, Stopping threads took: 0.0000231 seconds
{Heap before GC invocations=18 (full 1):
 par new generation   total 109248K, used 108749K [0x00000000e0000000, 0x00000000e8000000, 0x00000000e8000000)
  eden space 87424K,  99% used [0x00000000e0000000, 0x00000000e54e3448, 0x00000000e5560000)
  from space 21824K, 100% used [0x00000000e5560000, 0x00000000e6ab0000, 0x00000000e6ab0000)
  to   space 21824K,   0% used [0x00000000e6ab0000, 0x00000000e6ab0000, 0x00000000e8000000)
 concurrent mark-sweep generation total 393216K, used 12354K [0x00000000e8000000, 0x0000000100000000, 0x0000000100000000)
 Metaspace       used 36800K, capacity 37742K, committed 37964K, reserved 1083392K
  class space    used 4304K, capacity 4603K, committed 4684K, reserved 1048576K
2017-09-07T16:56:49.607+0600: 2778.087: [GC (Allocation Failure) 2017-09-07T16:56:49.607+0600: 2778.087: [ParNew
Desired survivor size 20112992 bytes, new threshold 8 (max 8)
- age   1:    1352024 bytes,    1352024 total
- age   2:      65520 bytes,    1417544 total
- age   3:      52376 bytes,    1469920 total
- age   4:      78256 bytes,    1548176 total
- age   5:    5215424 bytes,    6763600 total
- age   6:      79680 bytes,    6843280 total
- age   7:     135376 bytes,    6978656 total
- age   8:    8138808 bytes,   15117464 total
: 108749K->20542K(109248K), 0.0114045 secs] 121104K->33832K(502464K), 0.0114853 secs] [Times: user=0.04 sys=0.00, real=0.01 secs] 
Heap after GC invocations=19 (full 1):
 par new generation   total 109248K, used 20542K [0x00000000e0000000, 0x00000000e8000000, 0x00000000e8000000)
  eden space 87424K,   0% used [0x00000000e0000000, 0x00000000e0000000, 0x00000000e5560000)
  from space 21824K,  94% used [0x00000000e6ab0000, 0x00000000e7ebf9c0, 0x00000000e8000000)
  to   space 21824K,   0% used [0x00000000e5560000, 0x00000000e5560000, 0x00000000e6ab0000)
 concurrent mark-sweep generation total 393216K, used 13290K [0x00000000e8000000, 0x0000000100000000, 0x0000000100000000)
 Metaspace       used 36800K, capacity 37742K, committed 37964K, reserved 1083392K
  class space    used 4304K, capacity 4603K, committed 4684K, reserved 1048576K
}
2017-09-07T16:56:49.619+0600: 2778.099: Total time for which application threads were stopped: 0.0116633 seconds, Stopping threads took: 0.0000559 seconds
2017-09-07T16:56:49.660+0600: 2778.140: Total time for which application threads were stopped: 0.0000797 seconds, Stopping threads took: 0.0000185 seconds
2017-09-07T16:56:49.661+0600: 2778.141: Total time for which application threads were stopped: 0.0000324 seconds, Stopping threads took: 0.0000079 seconds
2017-09-07T16:56:50.661+0600: 2779.141: Total time for which application threads were stopped: 0.0000763 seconds, Stopping threads took: 0.0000152 seconds
2017-09-07T16:56:51.661+0600: 2780.141: Total time for which application threads were stopped: 0.0000770 seconds, Stopping threads took: 0.0000153 seconds
2017-09-07T16:56:52.661+0600: 2781.141: Total time for which application threads were stopped: 0.0000818 seconds, Stopping threads took: 0.0000162 seconds
2017-09-07T16:56:53.661+0600: 2782.141: Total time for which application threads were stopped: 0.0000843 seconds, Stopping threads took: 0.0000153 seconds
2017-09-07T16:56:54.287+0600: 2782.767: Total time for which application threads were stopped: 0.0024091 seconds, Stopping threads took: 0.0023182 seconds
2017-09-07T16:56:54.334+0600: 2782.814: Total time for which application threads were stopped: 0.0000949 seconds, Stopping threads took: 0.0000277 seconds
2017-09-07T16:56:54.334+0600: 2782.814: Total time for which application threads were stopped: 0.0000340 seconds, Stopping threads took: 0.0000077 seconds
2017-09-07T16:56:55.334+0600: 2783.814: Total time for which application threads were stopped: 0.0000772 seconds, Stopping threads took: 0.0000152 seconds
2017-09-07T16:56:56.335+0600: 2784.815: Total time for which application threads were stopped: 0.0001188 seconds, Stopping threads took: 0.0000185 seconds
2017-09-07T16:56:57.335+0600: 2785.815: Total time for which application threads were stopped: 0.0000811 seconds, Stopping threads took: 0.0000164 seconds
2017-09-07T16:56:58.335+0600: 2786.815: Total time for which application threads were stopped: 0.0000772 seconds, Stopping threads took: 0.0000158 seconds
2017-09-07T16:56:58.891+0600: 2787.371: Total time for which application threads were stopped: 0.0005150 seconds, Stopping threads took: 0.0003992 seconds
2017-09-07T16:56:58.900+0600: 2787.380: Total time for which application threads were stopped: 0.0001304 seconds, Stopping threads took: 0.0000226 seconds
2017-09-07T16:56:58.941+0600: 2787.421: Total time for which application threads were stopped: 0.0001325 seconds, Stopping threads took: 0.0000563 seconds
2017-09-07T16:56:59.402+0600: 2787.882: Total time for which application threads were stopped: 0.0000996 seconds, Stopping threads took: 0.0000247 seconds
2017-09-07T16:56:59.402+0600: 2787.882: Total time for which application threads were stopped: 0.0000575 seconds, Stopping threads took: 0.0000180 seconds
2017-09-07T16:56:59.402+0600: 2787.882: Total time for which application threads were stopped: 0.0000497 seconds, Stopping threads took: 0.0000072 seconds
2017-09-07T16:57:01.403+0600: 2789.883: Total time for which application threads were stopped: 0.0000898 seconds, Stopping threads took: 0.0000160 seconds
{Heap before GC invocations=19 (full 1):
 par new generation   total 109248K, used 107966K [0x00000000e0000000, 0x00000000e8000000, 0x00000000e8000000)
  eden space 87424K, 100% used [0x00000000e0000000, 0x00000000e5560000, 0x00000000e5560000)
  from space 21824K,  94% used [0x00000000e6ab0000, 0x00000000e7ebf9c0, 0x00000000e8000000)
  to   space 21824K,   0% used [0x00000000e5560000, 0x00000000e5560000, 0x00000000e6ab0000)
 concurrent mark-sweep generation total 393216K, used 13290K [0x00000000e8000000, 0x0000000100000000, 0x0000000100000000)
 Metaspace       used 36939K, capacity 37934K, committed 38220K, reserved 1083392K
  class space    used 4304K, capacity 4603K, committed 4684K, reserved 1048576K
2017-09-07T16:57:01.738+0600: 2790.218: [GC (Allocation Failure) 2017-09-07T16:57:01.738+0600: 2790.218: [ParNew
Desired survivor size 20112992 bytes, new threshold 8 (max 8)
- age   1:    1322080 bytes,    1322080 total
- age   2:      42352 bytes,    1364432 total
- age   3:      61960 bytes,    1426392 total
- age   4:      50792 bytes,    1477184 total
- age   5:      78256 bytes,    1555440 total
- age   6:    7442896 bytes,    8998336 total
- age   7:      79680 bytes,    9078016 total
- age   8:     135376 bytes,    9213392 total
: 107966K->14482K(109248K), 0.0128738 secs] 121256K->35841K(502464K), 0.0129205 secs] [Times: user=0.04 sys=0.00, real=0.02 secs] 
Heap after GC invocations=20 (full 1):
 par new generation   total 109248K, used 14482K [0x00000000e0000000, 0x00000000e8000000, 0x00000000e8000000)
  eden space 87424K,   0% used [0x00000000e0000000, 0x00000000e0000000, 0x00000000e5560000)
  from space 21824K,  66% used [0x00000000e5560000, 0x00000000e6384820, 0x00000000e6ab0000)
  to   space 21824K,   0% used [0x00000000e6ab0000, 0x00000000e6ab0000, 0x00000000e8000000)
 concurrent mark-sweep generation total 393216K, used 21359K [0x00000000e8000000, 0x0000000100000000, 0x0000000100000000)
 Metaspace       used 36939K, capacity 37934K, committed 38220K, reserved 1083392K
  class space    used 4304K, capacity 4603K, committed 4684K, reserved 1048576K
}
2017-09-07T16:57:01.751+0600: 2790.231: Total time for which application threads were stopped: 0.0130773 seconds, Stopping threads took: 0.0000162 seconds
2017-09-07T16:57:02.751+0600: 2791.231: Total time for which application threads were stopped: 0.0000845 seconds, Stopping threads took: 0.0000167 seconds
2017-09-07T16:57:03.593+0600: 2792.072: Total time for which application threads were stopped: 0.0009225 seconds, Stopping threads took: 0.0008162 seconds
2017-09-07T16:57:03.639+0600: 2792.119: Total time for which application threads were stopped: 0.0000953 seconds, Stopping threads took: 0.0000266 seconds
2017-09-07T16:57:03.639+0600: 2792.119: Total time for which application threads were stopped: 0.0000488 seconds, Stopping threads took: 0.0000037 seconds
2017-09-07T16:57:04.640+0600: 2793.120: Total time for which application threads were stopped: 0.0000820 seconds, Stopping threads took: 0.0000152 seconds
2017-09-07T16:57:07.640+0600: 2796.120: Total time for which application threads were stopped: 0.0000799 seconds, Stopping threads took: 0.0000165 seconds
2017-09-07T16:57:08.056+0600: 2796.536: Total time for which application threads were stopped: 0.0022283 seconds, Stopping threads took: 0.0021440 seconds
2017-09-07T16:57:08.095+0600: 2796.575: Total time for which application threads were stopped: 0.0000917 seconds, Stopping threads took: 0.0000267 seconds
2017-09-07T16:57:09.095+0600: 2797.575: Total time for which application threads were stopped: 0.0000784 seconds, Stopping threads took: 0.0000156 seconds
2017-09-07T16:57:10.095+0600: 2798.575: Total time for which application threads were stopped: 0.0000817 seconds, Stopping threads took: 0.0000157 seconds
2017-09-07T16:57:11.096+0600: 2799.575: Total time for which application threads were stopped: 0.0000932 seconds, Stopping threads took: 0.0000177 seconds
2017-09-07T16:57:12.096+0600: 2800.576: Total time for which application threads were stopped: 0.0000860 seconds, Stopping threads took: 0.0000155 seconds
2017-09-07T16:57:12.520+0600: 2801.000: Total time for which application threads were stopped: 0.0013244 seconds, Stopping threads took: 0.0012415 seconds
{Heap before GC invocations=20 (full 1):
 par new generation   total 109248K, used 101893K [0x00000000e0000000, 0x00000000e8000000, 0x00000000e8000000)
  eden space 87424K,  99% used [0x00000000e0000000, 0x00000000e555cc70, 0x00000000e5560000)
  from space 21824K,  66% used [0x00000000e5560000, 0x00000000e6384820, 0x00000000e6ab0000)
  to   space 21824K,   0% used [0x00000000e6ab0000, 0x00000000e6ab0000, 0x00000000e8000000)
 concurrent mark-sweep generation total 393216K, used 21359K [0x00000000e8000000, 0x0000000100000000, 0x0000000100000000)
 Metaspace       used 37062K, capacity 38006K, committed 38220K, reserved 1083392K
  class space    used 4306K, capacity 4603K, committed 4684K, reserved 1048576K
2017-09-07T16:57:12.569+0600: 2801.049: [GC (Allocation Failure) 2017-09-07T16:57:12.569+0600: 2801.049: [ParNew
Desired survivor size 20112992 bytes, new threshold 8 (max 8)
- age   1:    1477672 bytes,    1477672 total
- age   2:      34328 bytes,    1512000 total
- age   3:      33184 bytes,    1545184 total
- age   4:      59392 bytes,    1604576 total
- age   5:      49888 bytes,    1654464 total
- age   6:      78256 bytes,    1732720 total
- age   7:    5214032 bytes,    6946752 total
- age   8:      79680 bytes,    7026432 total
: 101893K->8226K(109248K), 0.0082997 secs] 123252K->29719K(502464K), 0.0083559 secs] [Times: user=0.03 sys=0.00, real=0.01 secs] 
Heap after GC invocations=21 (full 1):
 par new generation   total 109248K, used 8226K [0x00000000e0000000, 0x00000000e8000000, 0x00000000e8000000)
  eden space 87424K,   0% used [0x00000000e0000000, 0x00000000e0000000, 0x00000000e5560000)
  from space 21824K,  37% used [0x00000000e6ab0000, 0x00000000e72b8820, 0x00000000e8000000)
  to   space 21824K,   0% used [0x00000000e5560000, 0x00000000e5560000, 0x00000000e6ab0000)
 concurrent mark-sweep generation total 393216K, used 21493K [0x00000000e8000000, 0x0000000100000000, 0x0000000100000000)
 Metaspace       used 37062K, capacity 38006K, committed 38220K, reserved 1083392K
  class space    used 4306K, capacity 4603K, committed 4684K, reserved 1048576K
}
2017-09-07T16:57:12.577+0600: 2801.057: Total time for which application threads were stopped: 0.0085164 seconds, Stopping threads took: 0.0000189 seconds
2017-09-07T16:57:12.577+0600: 2801.057: Total time for which application threads were stopped: 0.0001578 seconds, Stopping threads took: 0.0000190 seconds
2017-09-07T16:57:12.578+0600: 2801.057: Total time for which application threads were stopped: 0.0000433 seconds, Stopping threads took: 0.0000080 seconds
2017-09-07T16:57:13.578+0600: 2802.058: Total time for which application threads were stopped: 0.0000822 seconds, Stopping threads took: 0.0000161 seconds
2017-09-07T16:57:15.578+0600: 2804.058: Total time for which application threads were stopped: 0.0000833 seconds, Stopping threads took: 0.0000159 seconds
2017-09-07T16:57:16.578+0600: 2805.058: Total time for which application threads were stopped: 0.0000832 seconds, Stopping threads took: 0.0000225 seconds
2017-09-07T16:57:16.975+0600: 2805.455: Total time for which application threads were stopped: 0.0001145 seconds, Stopping threads took: 0.0000322 seconds
2017-09-07T16:57:17.477+0600: 2805.957: Total time for which application threads were stopped: 0.0001219 seconds, Stopping threads took: 0.0000196 seconds
2017-09-07T16:57:17.477+0600: 2805.957: Total time for which application threads were stopped: 0.0000723 seconds, Stopping threads took: 0.0000165 seconds
2017-09-07T16:57:18.478+0600: 2806.958: Total time for which application threads were stopped: 0.0000767 seconds, Stopping threads took: 0.0000146 seconds
2017-09-07T16:57:19.478+0600: 2807.958: Total time for which application threads were stopped: 0.0000786 seconds, Stopping threads took: 0.0000150 seconds
2017-09-07T16:57:20.478+0600: 2808.958: Total time for which application threads were stopped: 0.0000828 seconds, Stopping threads took: 0.0000161 seconds
2017-09-07T16:57:21.478+0600: 2809.958: Total time for which application threads were stopped: 0.0000908 seconds, Stopping threads took: 0.0000152 seconds
2017-09-07T16:57:21.615+0600: 2810.095: Total time for which application threads were stopped: 0.0010632 seconds, Stopping threads took: 0.0009300 seconds
2017-09-07T16:57:21.634+0600: 2810.114: Total time for which application threads were stopped: 0.0001511 seconds, Stopping threads took: 0.0000275 seconds
2017-09-07T16:57:21.672+0600: 2810.152: Total time for which application threads were stopped: 0.0000878 seconds, Stopping threads took: 0.0000246 seconds
2017-09-07T16:57:21.672+0600: 2810.152: Total time for which application threads were stopped: 0.0000318 seconds, Stopping threads took: 0.0000093 seconds
2017-09-07T16:57:22.673+0600: 2811.152: Total time for which application threads were stopped: 0.0000798 seconds, Stopping threads took: 0.0000153 seconds
2017-09-07T16:57:23.673+0600: 2812.153: Total time for which application threads were stopped: 0.0000870 seconds, Stopping threads took: 0.0000171 seconds
2017-09-07T16:57:24.673+0600: 2813.153: Total time for which application threads were stopped: 0.0000840 seconds, Stopping threads took: 0.0000161 seconds
{Heap before GC invocations=21 (full 1):
 par new generation   total 109248K, used 95650K [0x00000000e0000000, 0x00000000e8000000, 0x00000000e8000000)
  eden space 87424K, 100% used [0x00000000e0000000, 0x00000000e5560000, 0x00000000e5560000)
  from space 21824K,  37% used [0x00000000e6ab0000, 0x00000000e72b8820, 0x00000000e8000000)
  to   space 21824K,   0% used [0x00000000e5560000, 0x00000000e5560000, 0x00000000e6ab0000)
 concurrent mark-sweep generation total 393216K, used 21493K [0x00000000e8000000, 0x0000000100000000, 0x0000000100000000)
 Metaspace       used 37167K, capacity 38146K, committed 38476K, reserved 1083392K
  class space    used 4306K, capacity 4603K, committed 4684K, reserved 1048576K
2017-09-07T16:57:25.240+0600: 2813.720: [GC (Allocation Failure) 2017-09-07T16:57:25.240+0600: 2813.720: [ParNew
Desired survivor size 20112992 bytes, new threshold 8 (max 8)
- age   1:    1294224 bytes,    1294224 total
- age   2:      33968 bytes,    1328192 total
- age   3:      28184 bytes,    1356376 total
- age   4:      33184 bytes,    1389560 total
- age   5:      57840 bytes,    1447400 total
- age   6:      47560 bytes,    1494960 total
- age   7:      78256 bytes,    1573216 total
- age   8:    5213240 bytes,    6786456 total
: 95650K->7735K(109248K), 0.0088913 secs] 117143K->29309K(502464K), 0.0089349 secs] [Times: user=0.03 sys=0.00, real=0.01 secs] 
Heap after GC invocations=22 (full 1):
 par new generation   total 109248K, used 7735K [0x00000000e0000000, 0x00000000e8000000, 0x00000000e8000000)
  eden space 87424K,   0% used [0x00000000e0000000, 0x00000000e0000000, 0x00000000e5560000)
  from space 21824K,  35% used [0x00000000e5560000, 0x00000000e5cedce8, 0x00000000e6ab0000)
  to   space 21824K,   0% used [0x00000000e6ab0000, 0x00000000e6ab0000, 0x00000000e8000000)
 concurrent mark-sweep generation total 393216K, used 21573K [0x00000000e8000000, 0x0000000100000000, 0x0000000100000000)
 Metaspace       used 37167K, capacity 38146K, committed 38476K, reserved 1083392K
  class space    used 4306K, capacity 4603K, committed 4684K, reserved 1048576K
}
2017-09-07T16:57:25.249+0600: 2813.729: Total time for which application threads were stopped: 0.0090887 seconds, Stopping threads took: 0.0000190 seconds
2017-09-07T16:57:26.171+0600: 2814.651: Total time for which application threads were stopped: 0.0001380 seconds, Stopping threads took: 0.0000403 seconds
2017-09-07T16:57:26.184+0600: 2814.664: Total time for which application threads were stopped: 0.0000843 seconds, Stopping threads took: 0.0000169 seconds
2017-09-07T16:57:26.262+0600: 2814.742: Total time for which application threads were stopped: 0.0000958 seconds, Stopping threads took: 0.0000162 seconds
2017-09-07T16:57:26.263+0600: 2814.743: Total time for which application threads were stopped: 0.0000446 seconds, Stopping threads took: 0.0000056 seconds
2017-09-07T16:57:26.263+0600: 2814.743: Total time for which application threads were stopped: 0.0000526 seconds, Stopping threads took: 0.0000035 seconds
2017-09-07T16:57:27.263+0600: 2815.743: Total time for which application threads were stopped: 0.0000945 seconds, Stopping threads took: 0.0000145 seconds
2017-09-07T16:57:28.263+0600: 2816.743: Total time for which application threads were stopped: 0.0000815 seconds, Stopping threads took: 0.0000146 seconds
2017-09-07T16:57:30.264+0600: 2818.743: Total time for which application threads were stopped: 0.0000801 seconds, Stopping threads took: 0.0000143 seconds
2017-09-07T16:57:30.789+0600: 2819.269: Total time for which application threads were stopped: 0.0043992 seconds, Stopping threads took: 0.0042486 seconds
2017-09-07T16:57:30.805+0600: 2819.285: Total time for which application threads were stopped: 0.0000875 seconds, Stopping threads took: 0.0000159 seconds
2017-09-07T16:57:30.835+0600: 2819.315: Total time for which application threads were stopped: 0.0000895 seconds, Stopping threads took: 0.0000209 seconds
2017-09-07T16:57:32.835+0600: 2821.315: Total time for which application threads were stopped: 0.0000830 seconds, Stopping threads took: 0.0000160 seconds
2017-09-07T16:57:33.837+0600: 2822.317: Total time for which application threads were stopped: 0.0015846 seconds, Stopping threads took: 0.0015174 seconds
2017-09-07T16:57:34.837+0600: 2823.317: Total time for which application threads were stopped: 0.0000921 seconds, Stopping threads took: 0.0000157 seconds
2017-09-07T16:57:35.117+0600: 2823.597: Total time for which application threads were stopped: 0.0001427 seconds, Stopping threads took: 0.0000326 seconds
2017-09-07T16:57:35.133+0600: 2823.613: Total time for which application threads were stopped: 0.0001002 seconds, Stopping threads took: 0.0000146 seconds
2017-09-07T16:57:35.167+0600: 2823.647: Total time for which application threads were stopped: 0.0000928 seconds, Stopping threads took: 0.0000251 seconds
2017-09-07T16:57:36.167+0600: 2824.647: Total time for which application threads were stopped: 0.0000905 seconds, Stopping threads took: 0.0000165 seconds
{Heap before GC invocations=22 (full 1):
 par new generation   total 109248K, used 95159K [0x00000000e0000000, 0x00000000e8000000, 0x00000000e8000000)
  eden space 87424K, 100% used [0x00000000e0000000, 0x00000000e5560000, 0x00000000e5560000)
  from space 21824K,  35% used [0x00000000e5560000, 0x00000000e5cedce8, 0x00000000e6ab0000)
  to   space 21824K,   0% used [0x00000000e6ab0000, 0x00000000e6ab0000, 0x00000000e8000000)
 concurrent mark-sweep generation total 393216K, used 21573K [0x00000000e8000000, 0x0000000100000000, 0x0000000100000000)
 Metaspace       used 37352K, capacity 38338K, committed 38476K, reserved 1083392K
  class space    used 4306K, capacity 4603K, committed 4684K, reserved 1048576K
2017-09-07T16:57:36.459+0600: 2824.938: [GC (Allocation Failure) 2017-09-07T16:57:36.459+0600: 2824.938: [ParNew
Desired survivor size 20112992 bytes, new threshold 8 (max 8)
- age   1:    1247688 bytes,    1247688 total
- age   2:      42336 bytes,    1290024 total
- age   3:      30256 bytes,    1320280 total
- age   4:      27448 bytes,    1347728 total
- age   5:      33184 bytes,    1380912 total
- age   6:      57776 bytes,    1438688 total
- age   7:      47560 bytes,    1486248 total
- age   8:      78256 bytes,    1564504 total
: 95159K->3790K(109248K), 0.0100390 secs] 116733K->30809K(502464K), 0.0100838 secs] [Times: user=0.02 sys=0.00, real=0.01 secs] 
Heap after GC invocations=23 (full 1):
 par new generation   total 109248K, used 3790K [0x00000000e0000000, 0x00000000e8000000, 0x00000000e8000000)
  eden space 87424K,   0% used [0x00000000e0000000, 0x00000000e0000000, 0x00000000e5560000)
  from space 21824K,  17% used [0x00000000e6ab0000, 0x00000000e6e63b80, 0x00000000e8000000)
  to   space 21824K,   0% used [0x00000000e5560000, 0x00000000e5560000, 0x00000000e6ab0000)
 concurrent mark-sweep generation total 393216K, used 27018K [0x00000000e8000000, 0x0000000100000000, 0x0000000100000000)
 Metaspace       used 37352K, capacity 38338K, committed 38476K, reserved 1083392K
  class space    used 4306K, capacity 4603K, committed 4684K, reserved 1048576K
}
2017-09-07T16:57:36.469+0600: 2824.949: Total time for which application threads were stopped: 0.0102669 seconds, Stopping threads took: 0.0000272 seconds
2017-09-07T16:57:37.469+0600: 2825.949: Total time for which application threads were stopped: 0.0000848 seconds, Stopping threads took: 0.0000159 seconds
2017-09-07T16:57:38.469+0600: 2826.949: Total time for which application threads were stopped: 0.0001233 seconds, Stopping threads took: 0.0000205 seconds
2017-09-07T16:57:39.470+0600: 2827.950: Total time for which application threads were stopped: 0.0000958 seconds, Stopping threads took: 0.0000165 seconds
2017-09-07T16:57:39.673+0600: 2828.153: Total time for which application threads were stopped: 0.0001516 seconds, Stopping threads took: 0.0000474 seconds
2017-09-07T16:57:39.680+0600: 2828.160: Total time for which application threads were stopped: 0.0001330 seconds, Stopping threads took: 0.0000482 seconds
2017-09-07T16:57:40.139+0600: 2828.619: Total time for which application threads were stopped: 0.0000996 seconds, Stopping threads took: 0.0000175 seconds
2017-09-07T16:57:40.175+0600: 2828.655: Total time for which application threads were stopped: 0.0001157 seconds, Stopping threads took: 0.0000268 seconds
2017-09-07T16:57:40.175+0600: 2828.655: Total time for which application threads were stopped: 0.0000405 seconds, Stopping threads took: 0.0000109 seconds
2017-09-07T16:57:41.175+0600: 2829.655: Total time for which application threads were stopped: 0.0000880 seconds, Stopping threads took: 0.0000163 seconds
2017-09-07T16:57:42.175+0600: 2830.655: Total time for which application threads were stopped: 0.0000977 seconds, Stopping threads took: 0.0000156 seconds
2017-09-07T16:57:43.175+0600: 2831.655: Total time for which application threads were stopped: 0.0000877 seconds, Stopping threads took: 0.0000160 seconds
2017-09-07T16:57:44.176+0600: 2832.655: Total time for which application threads were stopped: 0.0000879 seconds, Stopping threads took: 0.0000156 seconds
2017-09-07T16:57:44.342+0600: 2832.822: Total time for which application threads were stopped: 0.0001868 seconds, Stopping threads took: 0.0000784 seconds
2017-09-07T16:57:44.805+0600: 2833.285: Total time for which application threads were stopped: 0.0001850 seconds, Stopping threads took: 0.0000251 seconds
2017-09-07T16:57:44.844+0600: 2833.324: Total time for which application threads were stopped: 0.0001002 seconds, Stopping threads took: 0.0000258 seconds
2017-09-07T16:57:47.844+0600: 2836.324: Total time for which application threads were stopped: 0.0000873 seconds, Stopping threads took: 0.0000164 seconds
2017-09-07T16:57:48.844+0600: 2837.324: Total time for which application threads were stopped: 0.0000810 seconds, Stopping threads took: 0.0000141 seconds
2017-09-07T16:57:48.932+0600: 2837.412: Total time for which application threads were stopped: 0.0001662 seconds, Stopping threads took: 0.0000584 seconds
{Heap before GC invocations=23 (full 1):
 par new generation   total 109248K, used 91205K [0x00000000e0000000, 0x00000000e8000000, 0x00000000e8000000)
  eden space 87424K,  99% used [0x00000000e0000000, 0x00000000e555d9f8, 0x00000000e5560000)
  from space 21824K,  17% used [0x00000000e6ab0000, 0x00000000e6e63b80, 0x00000000e8000000)
  to   space 21824K,   0% used [0x00000000e5560000, 0x00000000e5560000, 0x00000000e6ab0000)
 concurrent mark-sweep generation total 393216K, used 27018K [0x00000000e8000000, 0x0000000100000000, 0x0000000100000000)
 Metaspace       used 37402K, capacity 38410K, committed 38732K, reserved 1083392K
  class space    used 4306K, capacity 4603K, committed 4684K, reserved 1048576K
2017-09-07T16:57:48.933+0600: 2837.413: [GC (Allocation Failure) 2017-09-07T16:57:48.933+0600: 2837.413: [ParNew
Desired survivor size 20112992 bytes, new threshold 8 (max 8)
- age   1:    1363072 bytes,    1363072 total
- age   2:      31344 bytes,    1394416 total
- age   3:      36712 bytes,    1431128 total
- age   4:      29480 bytes,    1460608 total
- age   5:      27448 bytes,    1488056 total
- age   6:      32784 bytes,    1520840 total
- age   7:      57776 bytes,    1578616 total
- age   8:      47560 bytes,    1626176 total
: 91205K->2213K(109248K), 0.0082668 secs] 118223K->29308K(502464K), 0.0083168 secs] [Times: user=0.02 sys=0.00, real=0.00 secs] 
Heap after GC invocations=24 (full 1):
 par new generation   total 109248K, used 2213K [0x00000000e0000000, 0x00000000e8000000, 0x00000000e8000000)
  eden space 87424K,   0% used [0x00000000e0000000, 0x00000000e0000000, 0x00000000e5560000)
  from space 21824K,  10% used [0x00000000e5560000, 0x00000000e57895b0, 0x00000000e6ab0000)
  to   space 21824K,   0% used [0x00000000e6ab0000, 0x00000000e6ab0000, 0x00000000e8000000)
 concurrent mark-sweep generation total 393216K, used 27095K [0x00000000e8000000, 0x0000000100000000, 0x0000000100000000)
 Metaspace       used 37402K, capacity 38410K, committed 38732K, reserved 1083392K
  class space    used 4306K, capacity 4603K, committed 4684K, reserved 1048576K
}
2017-09-07T16:57:48.942+0600: 2837.422: Total time for which application threads were stopped: 0.0084833 seconds, Stopping threads took: 0.0000167 seconds
2017-09-07T16:57:49.406+0600: 2837.886: Total time for which application threads were stopped: 0.0000897 seconds, Stopping threads took: 0.0000144 seconds
2017-09-07T16:57:49.441+0600: 2837.921: Total time for which application threads were stopped: 0.0000868 seconds, Stopping threads took: 0.0000138 seconds
2017-09-07T16:57:49.442+0600: 2837.921: Total time for which application threads were stopped: 0.0000568 seconds, Stopping threads took: 0.0000188 seconds
2017-09-07T16:57:53.355+0600: 2841.834: Total time for which application threads were stopped: 0.0000809 seconds, Stopping threads took: 0.0000171 seconds
2017-09-07T16:57:53.365+0600: 2841.845: Total time for which application threads were stopped: 0.0000845 seconds, Stopping threads took: 0.0000171 seconds
2017-09-07T16:57:53.368+0600: 2841.848: Total time for which application threads were stopped: 0.0001054 seconds, Stopping threads took: 0.0000408 seconds
2017-09-07T16:57:54.368+0600: 2842.848: Total time for which application threads were stopped: 0.0000970 seconds, Stopping threads took: 0.0000161 seconds
2017-09-07T16:57:55.368+0600: 2843.848: Total time for which application threads were stopped: 0.0000996 seconds, Stopping threads took: 0.0000190 seconds
2017-09-07T16:57:56.369+0600: 2844.848: Total time for which application threads were stopped: 0.0001088 seconds, Stopping threads took: 0.0000188 seconds
2017-09-07T16:57:57.369+0600: 2845.849: Total time for which application threads were stopped: 0.0000927 seconds, Stopping threads took: 0.0000141 seconds
2017-09-07T16:57:57.936+0600: 2846.416: Total time for which application threads were stopped: 0.0002538 seconds, Stopping threads took: 0.0001419 seconds
2017-09-07T16:57:57.977+0600: 2846.457: Total time for which application threads were stopped: 0.0001066 seconds, Stopping threads took: 0.0000274 seconds
2017-09-07T16:57:57.978+0600: 2846.457: Total time for which application threads were stopped: 0.0000487 seconds, Stopping threads took: 0.0000079 seconds
2017-09-07T16:57:58.978+0600: 2847.458: Total time for which application threads were stopped: 0.0000849 seconds, Stopping threads took: 0.0000146 seconds
{Heap before GC invocations=24 (full 1):
 par new generation   total 109248K, used 89637K [0x00000000e0000000, 0x00000000e8000000, 0x00000000e8000000)
  eden space 87424K, 100% used [0x00000000e0000000, 0x00000000e5560000, 0x00000000e5560000)
  from space 21824K,  10% used [0x00000000e5560000, 0x00000000e57895b0, 0x00000000e6ab0000)
  to   space 21824K,   0% used [0x00000000e6ab0000, 0x00000000e6ab0000, 0x00000000e8000000)
 concurrent mark-sweep generation total 393216K, used 27095K [0x00000000e8000000, 0x0000000100000000, 0x0000000100000000)
 Metaspace       used 37488K, capacity 38474K, committed 38732K, reserved 1083392K
  class space    used 4307K, capacity 4603K, committed 4684K, reserved 1048576K
2017-09-07T16:57:59.729+0600: 2848.209: [GC (Allocation Failure) 2017-09-07T16:57:59.729+0600: 2848.209: [ParNew
Desired survivor size 20112992 bytes, new threshold 8 (max 8)
- age   1:    1336624 bytes,    1336624 total
- age   2:      38968 bytes,    1375592 total
- age   3:      27496 bytes,    1403088 total
- age   4:      34384 bytes,    1437472 total
- age   5:      27928 bytes,    1465400 total
- age   6:      27448 bytes,    1492848 total
- age   7:      32784 bytes,    1525632 total
- age   8:      57776 bytes,    1583408 total
: 89637K->1879K(109248K), 0.0050199 secs] 116732K->29020K(502464K), 0.0050986 secs] [Times: user=0.01 sys=0.00, real=0.01 secs] 
Heap after GC invocations=25 (full 1):
 par new generation   total 109248K, used 1879K [0x00000000e0000000, 0x00000000e8000000, 0x00000000e8000000)
  eden space 87424K,   0% used [0x00000000e0000000, 0x00000000e0000000, 0x00000000e5560000)
  from space 21824K,   8% used [0x00000000e6ab0000, 0x00000000e6c85d88, 0x00000000e8000000)
  to   space 21824K,   0% used [0x00000000e5560000, 0x00000000e5560000, 0x00000000e6ab0000)
 concurrent mark-sweep generation total 393216K, used 27141K [0x00000000e8000000, 0x0000000100000000, 0x0000000100000000)
 Metaspace       used 37488K, capacity 38474K, committed 38732K, reserved 1083392K
  class space    used 4307K, capacity 4603K, committed 4684K, reserved 1048576K
}
2017-09-07T16:57:59.734+0600: 2848.214: Total time for which application threads were stopped: 0.0052749 seconds, Stopping threads took: 0.0000316 seconds
2017-09-07T16:58:00.734+0600: 2849.214: Total time for which application threads were stopped: 0.0000884 seconds, Stopping threads took: 0.0000148 seconds
2017-09-07T16:58:01.735+0600: 2850.214: Total time for which application threads were stopped: 0.0001138 seconds, Stopping threads took: 0.0000225 seconds
2017-09-07T16:58:02.442+0600: 2850.922: Total time for which application threads were stopped: 0.0001377 seconds, Stopping threads took: 0.0000287 seconds
2017-09-07T16:58:02.459+0600: 2850.938: Total time for which application threads were stopped: 0.0001117 seconds, Stopping threads took: 0.0000327 seconds
2017-09-07T16:58:02.492+0600: 2850.972: Total time for which application threads were stopped: 0.0000848 seconds, Stopping threads took: 0.0000170 seconds
2017-09-07T16:58:04.492+0600: 2852.972: Total time for which application threads were stopped: 0.0000855 seconds, Stopping threads took: 0.0000156 seconds
2017-09-07T16:58:06.493+0600: 2854.972: Total time for which application threads were stopped: 0.0000872 seconds, Stopping threads took: 0.0000162 seconds
2017-09-07T16:58:06.917+0600: 2855.397: Total time for which application threads were stopped: 0.0001380 seconds, Stopping threads took: 0.0000310 seconds
2017-09-07T16:58:06.930+0600: 2855.410: Total time for which application threads were stopped: 0.0002447 seconds, Stopping threads took: 0.0001388 seconds
2017-09-07T16:58:07.930+0600: 2856.410: Total time for which application threads were stopped: 0.0001497 seconds, Stopping threads took: 0.0000306 seconds
2017-09-07T16:58:08.930+0600: 2857.410: Total time for which application threads were stopped: 0.0000926 seconds, Stopping threads took: 0.0000151 seconds
2017-09-07T16:58:09.931+0600: 2858.410: Total time for which application threads were stopped: 0.0001775 seconds, Stopping threads took: 0.0000558 seconds
2017-09-07T16:58:11.522+0600: 2860.002: Total time for which application threads were stopped: 0.0001199 seconds, Stopping threads took: 0.0000357 seconds
{Heap before GC invocations=25 (full 1):
 par new generation   total 109248K, used 89303K [0x00000000e0000000, 0x00000000e8000000, 0x00000000e8000000)
  eden space 87424K, 100% used [0x00000000e0000000, 0x00000000e5560000, 0x00000000e5560000)
  from space 21824K,   8% used [0x00000000e6ab0000, 0x00000000e6c85d88, 0x00000000e8000000)
  to   space 21824K,   0% used [0x00000000e5560000, 0x00000000e5560000, 0x00000000e6ab0000)
 concurrent mark-sweep generation total 393216K, used 27141K [0x00000000e8000000, 0x0000000100000000, 0x0000000100000000)
 Metaspace       used 37760K, capacity 38730K, committed 38988K, reserved 1083392K
  class space    used 4307K, capacity 4603K, committed 4684K, reserved 1048576K
2017-09-07T16:58:11.525+0600: 2860.005: [GC (Allocation Failure) 2017-09-07T16:58:11.526+0600: 2860.005: [ParNew
Desired survivor size 20112992 bytes, new threshold 8 (max 8)
- age   1:    2041528 bytes,    2041528 total
- age   2:      26048 bytes,    2067576 total
- age   3:      35088 bytes,    2102664 total
- age   4:      25872 bytes,    2128536 total
- age   5:      31928 bytes,    2160464 total
- age   6:      26344 bytes,    2186808 total
- age   7:      27416 bytes,    2214224 total
- age   8:      32784 bytes,    2247008 total
: 89303K->2469K(109248K), 0.0086801 secs] 116444K->29667K(502464K), 0.0087476 secs] [Times: user=0.00 sys=0.00, real=0.01 secs] 
Heap after GC invocations=26 (full 1):
 par new generation   total 109248K, used 2469K [0x00000000e0000000, 0x00000000e8000000, 0x00000000e8000000)
  eden space 87424K,   0% used [0x00000000e0000000, 0x00000000e0000000, 0x00000000e5560000)
  from space 21824K,  11% used [0x00000000e5560000, 0x00000000e57c9600, 0x00000000e6ab0000)
  to   space 21824K,   0% used [0x00000000e6ab0000, 0x00000000e6ab0000, 0x00000000e8000000)
 concurrent mark-sweep generation total 393216K, used 27197K [0x00000000e8000000, 0x0000000100000000, 0x0000000100000000)
 Metaspace       used 37760K, capacity 38730K, committed 38988K, reserved 1083392K
  class space    used 4307K, capacity 4603K, committed 4684K, reserved 1048576K
}
2017-09-07T16:58:11.534+0600: 2860.014: Total time for which application threads were stopped: 0.0090185 seconds, Stopping threads took: 0.0001231 seconds
2017-09-07T16:58:11.535+0600: 2860.015: Total time for which application threads were stopped: 0.0004755 seconds, Stopping threads took: 0.0002921 seconds
2017-09-07T16:58:11.580+0600: 2860.060: Total time for which application threads were stopped: 0.0001102 seconds, Stopping threads took: 0.0000333 seconds
2017-09-07T16:58:11.580+0600: 2860.060: Total time for which application threads were stopped: 0.0000616 seconds, Stopping threads took: 0.0000133 seconds
2017-09-07T16:58:12.580+0600: 2861.060: Total time for which application threads were stopped: 0.0000843 seconds, Stopping threads took: 0.0000157 seconds
2017-09-07T16:58:13.580+0600: 2862.060: Total time for which application threads were stopped: 0.0001374 seconds, Stopping threads took: 0.0000221 seconds
2017-09-07T16:58:14.581+0600: 2863.061: Total time for which application threads were stopped: 0.0001590 seconds, Stopping threads took: 0.0000261 seconds
2017-09-07T16:58:15.581+0600: 2864.061: Total time for which application threads were stopped: 0.0001027 seconds, Stopping threads took: 0.0000174 seconds
2017-09-07T16:58:16.145+0600: 2864.625: Total time for which application threads were stopped: 0.0001535 seconds, Stopping threads took: 0.0000407 seconds
2017-09-07T16:58:16.160+0600: 2864.640: Total time for which application threads were stopped: 0.0001283 seconds, Stopping threads took: 0.0000169 seconds
2017-09-07T16:58:16.195+0600: 2864.675: Total time for which application threads were stopped: 0.0000992 seconds, Stopping threads took: 0.0000268 seconds
2017-09-07T16:58:17.196+0600: 2865.675: Total time for which application threads were stopped: 0.0001009 seconds, Stopping threads took: 0.0000173 seconds
2017-09-07T16:58:18.196+0600: 2866.676: Total time for which application threads were stopped: 0.0001463 seconds, Stopping threads took: 0.0000406 seconds
2017-09-07T16:58:19.196+0600: 2867.676: Total time for which application threads were stopped: 0.0001436 seconds, Stopping threads took: 0.0000221 seconds
2017-09-07T16:58:20.196+0600: 2868.676: Total time for which application threads were stopped: 0.0000904 seconds, Stopping threads took: 0.0000161 seconds
2017-09-07T16:58:20.776+0600: 2869.256: Total time for which application threads were stopped: 0.0001127 seconds, Stopping threads took: 0.0000232 seconds
2017-09-07T16:58:20.786+0600: 2869.266: Total time for which application threads were stopped: 0.0001270 seconds, Stopping threads took: 0.0000363 seconds
{Heap before GC invocations=26 (full 1):
 par new generation   total 109248K, used 89856K [0x00000000e0000000, 0x00000000e8000000, 0x00000000e8000000)
  eden space 87424K,  99% used [0x00000000e0000000, 0x00000000e5556b38, 0x00000000e5560000)
  from space 21824K,  11% used [0x00000000e5560000, 0x00000000e57c9600, 0x00000000e6ab0000)
  to   space 21824K,   0% used [0x00000000e6ab0000, 0x00000000e6ab0000, 0x00000000e8000000)
 concurrent mark-sweep generation total 393216K, used 27197K [0x00000000e8000000, 0x0000000100000000, 0x0000000100000000)
 Metaspace       used 37779K, capacity 38794K, committed 38988K, reserved 1083392K
  class space    used 4308K, capacity 4603K, committed 4684K, reserved 1048576K
2017-09-07T16:58:23.057+0600: 2871.537: [GC (Allocation Failure) 2017-09-07T16:58:23.057+0600: 2871.537: [ParNew
Desired survivor size 20112992 bytes, new threshold 8 (max 8)
- age   1:    1754744 bytes,    1754744 total
- age   2:      43152 bytes,    1797896 total
- age   3:      24632 bytes,    1822528 total
- age   4:      35088 bytes,    1857616 total
- age   5:      25872 bytes,    1883488 total
- age   6:      31928 bytes,    1915416 total
- age   7:      26344 bytes,    1941760 total
- age   8:      27416 bytes,    1969176 total
: 89856K->2940K(109248K), 0.0051073 secs] 117053K->30170K(502464K), 0.0051704 secs] [Times: user=0.01 sys=0.00, real=0.01 secs] 
Heap after GC invocations=27 (full 1):
 par new generation   total 109248K, used 2940K [0x00000000e0000000, 0x00000000e8000000, 0x00000000e8000000)
  eden space 87424K,   0% used [0x00000000e0000000, 0x00000000e0000000, 0x00000000e5560000)
  from space 21824K,  13% used [0x00000000e6ab0000, 0x00000000e6d8f3c0, 0x00000000e8000000)
  to   space 21824K,   0% used [0x00000000e5560000, 0x00000000e5560000, 0x00000000e6ab0000)
 concurrent mark-sweep generation total 393216K, used 27229K [0x00000000e8000000, 0x0000000100000000, 0x0000000100000000)
 Metaspace       used 37779K, capacity 38794K, committed 38988K, reserved 1083392K
  class space    used 4308K, capacity 4603K, committed 4684K, reserved 1048576K
}
2017-09-07T16:58:23.062+0600: 2871.542: Total time for which application threads were stopped: 0.0053276 seconds, Stopping threads took: 0.0000357 seconds
2017-09-07T16:58:25.063+0600: 2873.543: Total time for which application threads were stopped: 0.0000855 seconds, Stopping threads took: 0.0000152 seconds
2017-09-07T16:58:25.266+0600: 2873.746: Total time for which application threads were stopped: 0.0004088 seconds, Stopping threads took: 0.0000864 seconds
2017-09-07T16:58:25.309+0600: 2873.788: Total time for which application threads were stopped: 0.0000960 seconds, Stopping threads took: 0.0000201 seconds
2017-09-07T16:58:26.309+0600: 2874.789: Total time for which application threads were stopped: 0.0000862 seconds, Stopping threads took: 0.0000157 seconds
2017-09-07T16:58:27.309+0600: 2875.789: Total time for which application threads were stopped: 0.0001003 seconds, Stopping threads took: 0.0000167 seconds
2017-09-07T16:58:28.309+0600: 2876.789: Total time for which application threads were stopped: 0.0000865 seconds, Stopping threads took: 0.0000149 seconds
2017-09-07T16:58:29.309+0600: 2877.789: Total time for which application threads were stopped: 0.0000890 seconds, Stopping threads took: 0.0000159 seconds
2017-09-07T16:58:29.706+0600: 2878.186: Total time for which application threads were stopped: 0.0001284 seconds, Stopping threads took: 0.0000366 seconds
2017-09-07T16:58:29.739+0600: 2878.219: Total time for which application threads were stopped: 0.0001018 seconds, Stopping threads took: 0.0000200 seconds
2017-09-07T16:58:29.739+0600: 2878.219: Total time for which application threads were stopped: 0.0000321 seconds, Stopping threads took: 0.0000077 seconds
2017-09-07T16:58:30.740+0600: 2879.219: Total time for which application threads were stopped: 0.0000909 seconds, Stopping threads took: 0.0000159 seconds
2017-09-07T16:58:31.740+0600: 2880.220: Total time for which application threads were stopped: 0.0000827 seconds, Stopping threads took: 0.0000140 seconds
2017-09-07T16:58:32.740+0600: 2881.220: Total time for which application threads were stopped: 0.0000863 seconds, Stopping threads took: 0.0000153 seconds
2017-09-07T16:58:33.740+0600: 2882.220: Total time for which application threads were stopped: 0.0000855 seconds, Stopping threads took: 0.0000144 seconds
2017-09-07T16:58:34.045+0600: 2882.525: Total time for which application threads were stopped: 0.0001275 seconds, Stopping threads took: 0.0000364 seconds
{Heap before GC invocations=27 (full 1):
 par new generation   total 109248K, used 90364K [0x00000000e0000000, 0x00000000e8000000, 0x00000000e8000000)
  eden space 87424K, 100% used [0x00000000e0000000, 0x00000000e5560000, 0x00000000e5560000)
  from space 21824K,  13% used [0x00000000e6ab0000, 0x00000000e6d8f3c0, 0x00000000e8000000)
  to   space 21824K,   0% used [0x00000000e5560000, 0x00000000e5560000, 0x00000000e6ab0000)
 concurrent mark-sweep generation total 393216K, used 27229K [0x00000000e8000000, 0x0000000100000000, 0x0000000100000000)
 Metaspace       used 37787K, capacity 38794K, committed 38988K, reserved 1083392K
  class space    used 4308K, capacity 4603K, committed 4684K, reserved 1048576K
2017-09-07T16:58:34.051+0600: 2882.530: [GC (Allocation Failure) 2017-09-07T16:58:34.051+0600: 2882.531: [ParNew
Desired survivor size 20112992 bytes, new threshold 8 (max 8)
- age   1:    2256176 bytes,    2256176 total
- age   2:      25592 bytes,    2281768 total
- age   3:      36816 bytes,    2318584 total
- age   4:      24632 bytes,    2343216 total
- age   5:      33296 bytes,    2376512 total
- age   6:      25840 bytes,    2402352 total
- age   7:      31928 bytes,    2434280 total
- age   8:      26344 bytes,    2460624 total
: 90364K->2713K(109248K), 0.0047258 secs] 117594K->29970K(502464K), 0.0047997 secs] [Times: user=0.00 sys=0.00, real=0.00 secs] 
Heap after GC invocations=28 (full 1):
 par new generation   total 109248K, used 2713K [0x00000000e0000000, 0x00000000e8000000, 0x00000000e8000000)
  eden space 87424K,   0% used [0x00000000e0000000, 0x00000000e0000000, 0x00000000e5560000)
  from space 21824K,  12% used [0x00000000e5560000, 0x00000000e5806720, 0x00000000e6ab0000)
  to   space 21824K,   0% used [0x00000000e6ab0000, 0x00000000e6ab0000, 0x00000000e8000000)
 concurrent mark-sweep generation total 393216K, used 27256K [0x00000000e8000000, 0x0000000100000000, 0x0000000100000000)
 Metaspace       used 37787K, capacity 38794K, committed 38988K, reserved 1083392K
  class space    used 4308K, capacity 4603K, committed 4684K, reserved 1048576K
}
2017-09-07T16:58:34.055+0600: 2882.535: Total time for which application threads were stopped: 0.0060466 seconds, Stopping threads took: 0.0010844 seconds
2017-09-07T16:58:34.523+0600: 2883.003: Total time for which application threads were stopped: 0.0001065 seconds, Stopping threads took: 0.0000271 seconds
2017-09-07T16:58:34.524+0600: 2883.004: Total time for which application threads were stopped: 0.0000638 seconds, Stopping threads took: 0.0000187 seconds
2017-09-07T16:58:37.524+0600: 2886.004: Total time for which application threads were stopped: 0.0000901 seconds, Stopping threads took: 0.0000165 seconds
2017-09-07T16:58:38.524+0600: 2887.004: Total time for which application threads were stopped: 0.0000864 seconds, Stopping threads took: 0.0000156 seconds
2017-09-07T16:58:38.592+0600: 2887.072: Total time for which application threads were stopped: 0.0060961 seconds, Stopping threads took: 0.0060120 seconds
2017-09-07T16:58:38.652+0600: 2887.132: Total time for which application threads were stopped: 0.0000911 seconds, Stopping threads took: 0.0000149 seconds
2017-09-07T16:58:39.652+0600: 2888.132: Total time for which application threads were stopped: 0.0000983 seconds, Stopping threads took: 0.0000170 seconds
2017-09-07T16:58:40.652+0600: 2889.132: Total time for which application threads were stopped: 0.0000884 seconds, Stopping threads took: 0.0000163 seconds
2017-09-07T16:58:41.653+0600: 2890.132: Total time for which application threads were stopped: 0.0000898 seconds, Stopping threads took: 0.0000159 seconds
2017-09-07T16:58:43.070+0600: 2891.550: Total time for which application threads were stopped: 0.0033337 seconds, Stopping threads took: 0.0032223 seconds
2017-09-07T16:58:43.108+0600: 2891.588: Total time for which application threads were stopped: 0.0000951 seconds, Stopping threads took: 0.0000182 seconds
{Heap before GC invocations=28 (full 1):
 par new generation   total 109248K, used 90137K [0x00000000e0000000, 0x00000000e8000000, 0x00000000e8000000)
  eden space 87424K, 100% used [0x00000000e0000000, 0x00000000e5560000, 0x00000000e5560000)
  from space 21824K,  12% used [0x00000000e5560000, 0x00000000e5806720, 0x00000000e6ab0000)
  to   space 21824K,   0% used [0x00000000e6ab0000, 0x00000000e6ab0000, 0x00000000e8000000)
 concurrent mark-sweep generation total 393216K, used 27256K [0x00000000e8000000, 0x0000000100000000, 0x0000000100000000)
 Metaspace       used 37826K, capacity 38794K, committed 38988K, reserved 1083392K
  class space    used 4309K, capacity 4603K, committed 4684K, reserved 1048576K
2017-09-07T16:58:45.355+0600: 2893.835: [GC (Allocation Failure) 2017-09-07T16:58:45.355+0600: 2893.835: [ParNew
Desired survivor size 20112992 bytes, new threshold 8 (max 8)
- age   1:    1343528 bytes,    1343528 total
- age   2:      36040 bytes,    1379568 total
- age   3:      23400 bytes,    1402968 total
- age   4:      35264 bytes,    1438232 total
- age   5:      24632 bytes,    1462864 total
- age   6:      33296 bytes,    1496160 total
- age   7:      25840 bytes,    1522000 total
- age   8:      31864 bytes,    1553864 total
: 90137K->2527K(109248K), 0.0054220 secs] 117394K->29809K(502464K), 0.0054863 secs] [Times: user=0.02 sys=0.00, real=0.00 secs] 
Heap after GC invocations=29 (full 1):
 par new generation   total 109248K, used 2527K [0x00000000e0000000, 0x00000000e8000000, 0x00000000e8000000)
  eden space 87424K,   0% used [0x00000000e0000000, 0x00000000e0000000, 0x00000000e5560000)
  from space 21824K,  11% used [0x00000000e6ab0000, 0x00000000e6d27fb0, 0x00000000e8000000)
  to   space 21824K,   0% used [0x00000000e5560000, 0x00000000e5560000, 0x00000000e6ab0000)
 concurrent mark-sweep generation total 393216K, used 27282K [0x00000000e8000000, 0x0000000100000000, 0x0000000100000000)
 Metaspace       used 37826K, capacity 38794K, committed 38988K, reserved 1083392K
  class space    used 4309K, capacity 4603K, committed 4684K, reserved 1048576K
}
2017-09-07T16:58:45.361+0600: 2893.841: Total time for which application threads were stopped: 0.0056345 seconds, Stopping threads took: 0.0000111 seconds
2017-09-07T16:58:47.361+0600: 2895.841: Total time for which application threads were stopped: 0.0000879 seconds, Stopping threads took: 0.0000147 seconds
2017-09-07T16:58:47.590+0600: 2896.070: Total time for which application threads were stopped: 0.0001871 seconds, Stopping threads took: 0.0000859 seconds
2017-09-07T16:58:47.606+0600: 2896.086: Total time for which application threads were stopped: 0.0001016 seconds, Stopping threads took: 0.0000215 seconds
2017-09-07T16:58:47.632+0600: 2896.112: Total time for which application threads were stopped: 0.0001154 seconds, Stopping threads took: 0.0000265 seconds
2017-09-07T16:58:48.632+0600: 2897.112: Total time for which application threads were stopped: 0.0001512 seconds, Stopping threads took: 0.0000310 seconds
2017-09-07T16:58:50.632+0600: 2899.112: Total time for which application threads were stopped: 0.0001893 seconds, Stopping threads took: 0.0000290 seconds
2017-09-07T16:58:51.632+0600: 2900.112: Total time for which application threads were stopped: 0.0001038 seconds, Stopping threads took: 0.0000153 seconds
2017-09-07T16:58:52.230+0600: 2900.710: Total time for which application threads were stopped: 0.0009400 seconds, Stopping threads took: 0.0008031 seconds
2017-09-07T16:58:52.240+0600: 2900.720: Total time for which application threads were stopped: 0.0001375 seconds, Stopping threads took: 0.0000229 seconds
2017-09-07T16:58:52.271+0600: 2900.751: Total time for which application threads were stopped: 0.0000934 seconds, Stopping threads took: 0.0000260 seconds
2017-09-07T16:58:53.271+0600: 2901.751: Total time for which application threads were stopped: 0.0000876 seconds, Stopping threads took: 0.0000154 seconds
2017-09-07T16:58:54.271+0600: 2902.751: Total time for which application threads were stopped: 0.0000918 seconds, Stopping threads took: 0.0000151 seconds
2017-09-07T16:58:56.703+0600: 2905.183: Total time for which application threads were stopped: 0.0000756 seconds, Stopping threads took: 0.0000163 seconds
{Heap before GC invocations=29 (full 1):
 par new generation   total 109248K, used 89951K [0x00000000e0000000, 0x00000000e8000000, 0x00000000e8000000)
  eden space 87424K, 100% used [0x00000000e0000000, 0x00000000e5560000, 0x00000000e5560000)
  from space 21824K,  11% used [0x00000000e6ab0000, 0x00000000e6d27fb0, 0x00000000e8000000)
  to   space 21824K,   0% used [0x00000000e5560000, 0x00000000e5560000, 0x00000000e6ab0000)
 concurrent mark-sweep generation total 393216K, used 27282K [0x00000000e8000000, 0x0000000100000000, 0x0000000100000000)
 Metaspace       used 37868K, capacity 38858K, committed 38988K, reserved 1083392K
  class space    used 4309K, capacity 4603K, committed 4684K, reserved 1048576K
2017-09-07T16:58:56.708+0600: 2905.188: [GC (Allocation Failure) 2017-09-07T16:58:56.708+0600: 2905.188: [ParNew
Desired survivor size 20112992 bytes, new threshold 8 (max 8)
- age   1:    2346248 bytes,    2346248 total
- age   2:      29496 bytes,    2375744 total
- age   3:      28024 bytes,    2403768 total
- age   4:      23400 bytes,    2427168 total
- age   5:      35136 bytes,    2462304 total
- age   6:      24632 bytes,    2486936 total
- age   7:      33296 bytes,    2520232 total
- age   8:      25840 bytes,    2546072 total
: 89951K->2650K(109248K), 0.0100089 secs] 117233K->29963K(502464K), 0.0100814 secs] [Times: user=0.02 sys=0.00, real=0.01 secs] 
Heap after GC invocations=30 (full 1):
 par new generation   total 109248K, used 2650K [0x00000000e0000000, 0x00000000e8000000, 0x00000000e8000000)
  eden space 87424K,   0% used [0x00000000e0000000, 0x00000000e0000000, 0x00000000e5560000)
  from space 21824K,  12% used [0x00000000e5560000, 0x00000000e57f6a80, 0x00000000e6ab0000)
  to   space 21824K,   0% used [0x00000000e6ab0000, 0x00000000e6ab0000, 0x00000000e8000000)
 concurrent mark-sweep generation total 393216K, used 27313K [0x00000000e8000000, 0x0000000100000000, 0x0000000100000000)
 Metaspace       used 37868K, capacity 38858K, committed 38988K, reserved 1083392K
  class space    used 4309K, capacity 4603K, committed 4684K, reserved 1048576K
}
2017-09-07T16:58:56.718+0600: 2905.198: Total time for which application threads were stopped: 0.0102487 seconds, Stopping threads took: 0.0000207 seconds
2017-09-07T16:58:56.752+0600: 2905.232: Total time for which application threads were stopped: 0.0001140 seconds, Stopping threads took: 0.0000292 seconds
2017-09-07T16:58:57.173+0600: 2905.653: Total time for which application threads were stopped: 0.0001055 seconds, Stopping threads took: 0.0000229 seconds
2017-09-07T16:58:57.205+0600: 2905.685: Total time for which application threads were stopped: 0.0000899 seconds, Stopping threads took: 0.0000186 seconds
2017-09-07T16:58:57.205+0600: 2905.685: Total time for which application threads were stopped: 0.0001197 seconds, Stopping threads took: 0.0000072 seconds
2017-09-07T16:58:59.206+0600: 2907.685: Total time for which application threads were stopped: 0.0000910 seconds, Stopping threads took: 0.0000153 seconds
2017-09-07T16:59:00.206+0600: 2908.686: Total time for which application threads were stopped: 0.0001571 seconds, Stopping threads took: 0.0000210 seconds
2017-09-07T16:59:01.317+0600: 2909.797: Total time for which application threads were stopped: 0.0001246 seconds, Stopping threads took: 0.0000266 seconds
2017-09-07T16:59:01.359+0600: 2909.839: Total time for which application threads were stopped: 0.0000975 seconds, Stopping threads took: 0.0000272 seconds
2017-09-07T16:59:01.359+0600: 2909.839: Total time for which application threads were stopped: 0.0000368 seconds, Stopping threads took: 0.0000076 seconds
2017-09-07T16:59:02.359+0600: 2910.839: Total time for which application threads were stopped: 0.0000943 seconds, Stopping threads took: 0.0000168 seconds
2017-09-07T16:59:03.359+0600: 2911.839: Total time for which application threads were stopped: 0.0000914 seconds, Stopping threads took: 0.0000146 seconds
2017-09-07T16:59:04.360+0600: 2912.839: Total time for which application threads were stopped: 0.0001089 seconds, Stopping threads took: 0.0000158 seconds
2017-09-07T16:59:05.360+0600: 2913.840: Total time for which application threads were stopped: 0.0000966 seconds, Stopping threads took: 0.0000173 seconds
2017-09-07T16:59:06.048+0600: 2914.528: Total time for which application threads were stopped: 0.0001340 seconds, Stopping threads took: 0.0000199 seconds
2017-09-07T16:59:06.551+0600: 2915.031: Total time for which application threads were stopped: 0.0001085 seconds, Stopping threads took: 0.0000211 seconds
{Heap before GC invocations=30 (full 1):
 par new generation   total 109248K, used 90074K [0x00000000e0000000, 0x00000000e8000000, 0x00000000e8000000)
  eden space 87424K, 100% used [0x00000000e0000000, 0x00000000e5560000, 0x00000000e5560000)
  from space 21824K,  12% used [0x00000000e5560000, 0x00000000e57f6a80, 0x00000000e6ab0000)
  to   space 21824K,   0% used [0x00000000e6ab0000, 0x00000000e6ab0000, 0x00000000e8000000)
 concurrent mark-sweep generation total 393216K, used 27313K [0x00000000e8000000, 0x0000000100000000, 0x0000000100000000)
 Metaspace       used 37885K, capacity 38858K, committed 38988K, reserved 1083392K
  class space    used 4309K, capacity 4603K, committed 4684K, reserved 1048576K
2017-09-07T16:59:07.397+0600: 2915.877: [GC (Allocation Failure) 2017-09-07T16:59:07.397+0600: 2915.877: [ParNew
Desired survivor size 20112992 bytes, new threshold 8 (max 8)
- age   1:    1253832 bytes,    1253832 total
- age   2:      36104 bytes,    1289936 total
- age   3:      27304 bytes,    1317240 total
- age   4:      26400 bytes,    1343640 total
- age   5:      22624 bytes,    1366264 total
- age   6:      34200 bytes,    1400464 total
- age   7:      24632 bytes,    1425096 total
- age   8:      30680 bytes,    1455776 total
: 90074K->2472K(109248K), 0.0091897 secs] 117387K->29810K(502464K), 0.0092528 secs] [Times: user=0.02 sys=0.00, real=0.01 secs] 
Heap after GC invocations=31 (full 1):
 par new generation   total 109248K, used 2472K [0x00000000e0000000, 0x00000000e8000000, 0x00000000e8000000)
  eden space 87424K,   0% used [0x00000000e0000000, 0x00000000e0000000, 0x00000000e5560000)
  from space 21824K,  11% used [0x00000000e6ab0000, 0x00000000e6d1a0f0, 0x00000000e8000000)
  to   space 21824K,   0% used [0x00000000e5560000, 0x00000000e5560000, 0x00000000e6ab0000)
 concurrent mark-sweep generation total 393216K, used 27338K [0x00000000e8000000, 0x0000000100000000, 0x0000000100000000)
 Metaspace       used 37885K, capacity 38858K, committed 38988K, reserved 1083392K
  class space    used 4309K, capacity 4603K, committed 4684K, reserved 1048576K
}
2017-09-07T16:59:07.406+0600: 2915.886: Total time for which application threads were stopped: 0.0094464 seconds, Stopping threads took: 0.0000330 seconds
2017-09-07T16:59:09.407+0600: 2917.886: Total time for which application threads were stopped: 0.0000959 seconds, Stopping threads took: 0.0000146 seconds
2017-09-07T16:59:10.407+0600: 2918.887: Total time for which application threads were stopped: 0.0000890 seconds, Stopping threads took: 0.0000142 seconds
2017-09-07T16:59:10.564+0600: 2919.044: Total time for which application threads were stopped: 0.0001738 seconds, Stopping threads took: 0.0000464 seconds
2017-09-07T16:59:10.573+0600: 2919.053: Total time for which application threads were stopped: 0.0003163 seconds, Stopping threads took: 0.0001959 seconds
2017-09-07T16:59:11.058+0600: 2919.538: Total time for which application threads were stopped: 0.0001570 seconds, Stopping threads took: 0.0000634 seconds
2017-09-07T16:59:11.091+0600: 2919.571: Total time for which application threads were stopped: 0.0001647 seconds, Stopping threads took: 0.0000323 seconds
2017-09-07T16:59:12.091+0600: 2920.571: Total time for which application threads were stopped: 0.0001516 seconds, Stopping threads took: 0.0000193 seconds
2017-09-07T16:59:13.091+0600: 2921.571: Total time for which application threads were stopped: 0.0000990 seconds, Stopping threads took: 0.0000166 seconds
2017-09-07T16:59:14.091+0600: 2922.571: Total time for which application threads were stopped: 0.0001005 seconds, Stopping threads took: 0.0000164 seconds
2017-09-07T16:59:15.137+0600: 2923.617: Total time for which application threads were stopped: 0.0011645 seconds, Stopping threads took: 0.0010537 seconds
2017-09-07T16:59:15.178+0600: 2923.657: Total time for which application threads were stopped: 0.0001306 seconds, Stopping threads took: 0.0000317 seconds
2017-09-07T16:59:15.178+0600: 2923.658: Total time for which application threads were stopped: 0.0000757 seconds, Stopping threads took: 0.0000182 seconds
2017-09-07T16:59:15.638+0600: 2924.118: Total time for which application threads were stopped: 0.0000958 seconds, Stopping threads took: 0.0000145 seconds
2017-09-07T16:59:15.638+0600: 2924.118: Total time for which application threads were stopped: 0.0000284 seconds, Stopping threads took: 0.0000034 seconds
2017-09-07T16:59:15.638+0600: 2924.118: Total time for which application threads were stopped: 0.0000625 seconds, Stopping threads took: 0.0000162 seconds
2017-09-07T16:59:15.638+0600: 2924.118: Total time for which application threads were stopped: 0.0000622 seconds, Stopping threads took: 0.0000171 seconds
2017-09-07T16:59:16.638+0600: 2925.118: Total time for which application threads were stopped: 0.0001044 seconds, Stopping threads took: 0.0000156 seconds
2017-09-07T16:59:18.639+0600: 2927.118: Total time for which application threads were stopped: 0.0000902 seconds, Stopping threads took: 0.0000144 seconds
{Heap before GC invocations=31 (full 1):
 par new generation   total 109248K, used 89896K [0x00000000e0000000, 0x00000000e8000000, 0x00000000e8000000)
  eden space 87424K, 100% used [0x00000000e0000000, 0x00000000e5560000, 0x00000000e5560000)
  from space 21824K,  11% used [0x00000000e6ab0000, 0x00000000e6d1a0f0, 0x00000000e8000000)
  to   space 21824K,   0% used [0x00000000e5560000, 0x00000000e5560000, 0x00000000e6ab0000)
 concurrent mark-sweep generation total 393216K, used 27338K [0x00000000e8000000, 0x0000000100000000, 0x0000000100000000)
 Metaspace       used 37968K, capacity 38922K, committed 39244K, reserved 1083392K
  class space    used 4309K, capacity 4603K, committed 4684K, reserved 1048576K
2017-09-07T16:59:19.220+0600: 2927.700: [GC (Allocation Failure) 2017-09-07T16:59:19.220+0600: 2927.700: [ParNew
Desired survivor size 20112992 bytes, new threshold 8 (max 8)
- age   1:    1505128 bytes,    1505128 total
- age   2:      28432 bytes,    1533560 total
- age   3:      29048 bytes,    1562608 total
- age   4:      27272 bytes,    1589880 total
- age   5:      26288 bytes,    1616168 total
- age   6:      21848 bytes,    1638016 total
- age   7:      34200 bytes,    1672216 total
- age   8:      24632 bytes,    1696848 total
: 89896K->2164K(109248K), 0.0054929 secs] 117234K->29531K(502464K), 0.0055422 secs] [Times: user=0.01 sys=0.00, real=0.01 secs] 
Heap after GC invocations=32 (full 1):
 par new generation   total 109248K, used 2164K [0x00000000e0000000, 0x00000000e8000000, 0x00000000e8000000)
  eden space 87424K,   0% used [0x00000000e0000000, 0x00000000e0000000, 0x00000000e5560000)
  from space 21824K,   9% used [0x00000000e5560000, 0x00000000e577d0e0, 0x00000000e6ab0000)
  to   space 21824K,   0% used [0x00000000e6ab0000, 0x00000000e6ab0000, 0x00000000e8000000)
 concurrent mark-sweep generation total 393216K, used 27367K [0x00000000e8000000, 0x0000000100000000, 0x0000000100000000)
 Metaspace       used 37968K, capacity 38922K, committed 39244K, reserved 1083392K
  class space    used 4309K, capacity 4603K, committed 4684K, reserved 1048576K
}
2017-09-07T16:59:19.226+0600: 2927.706: Total time for which application threads were stopped: 0.0057094 seconds, Stopping threads took: 0.0000239 seconds
2017-09-07T16:59:19.227+0600: 2927.707: Total time for which application threads were stopped: 0.0002021 seconds, Stopping threads took: 0.0000186 seconds
2017-09-07T16:59:19.688+0600: 2928.168: Total time for which application threads were stopped: 0.0042054 seconds, Stopping threads took: 0.0041065 seconds
2017-09-07T16:59:19.699+0600: 2928.179: Total time for which application threads were stopped: 0.0000991 seconds, Stopping threads took: 0.0000129 seconds
2017-09-07T16:59:20.699+0600: 2929.179: Total time for which application threads were stopped: 0.0001654 seconds, Stopping threads took: 0.0000263 seconds
2017-09-07T16:59:21.699+0600: 2930.179: Total time for which application threads were stopped: 0.0001713 seconds, Stopping threads took: 0.0000378 seconds
2017-09-07T16:59:23.700+0600: 2932.179: Total time for which application threads were stopped: 0.0001523 seconds, Stopping threads took: 0.0000263 seconds
2017-09-07T16:59:24.117+0600: 2932.597: Total time for which application threads were stopped: 0.0001812 seconds, Stopping threads took: 0.0000315 seconds
2017-09-07T16:59:24.165+0600: 2932.645: Total time for which application threads were stopped: 0.0000982 seconds, Stopping threads took: 0.0000205 seconds
2017-09-07T16:59:27.166+0600: 2935.646: Total time for which application threads were stopped: 0.0001736 seconds, Stopping threads took: 0.0000239 seconds
2017-09-07T16:59:28.605+0600: 2937.085: Total time for which application threads were stopped: 0.0001733 seconds, Stopping threads took: 0.0000639 seconds
{Heap before GC invocations=32 (full 1):
 par new generation   total 109248K, used 89588K [0x00000000e0000000, 0x00000000e8000000, 0x00000000e8000000)
  eden space 87424K, 100% used [0x00000000e0000000, 0x00000000e5560000, 0x00000000e5560000)
  from space 21824K,   9% used [0x00000000e5560000, 0x00000000e577d0e0, 0x00000000e6ab0000)
  to   space 21824K,   0% used [0x00000000e6ab0000, 0x00000000e6ab0000, 0x00000000e8000000)
 concurrent mark-sweep generation total 393216K, used 27367K [0x00000000e8000000, 0x0000000100000000, 0x0000000100000000)
 Metaspace       used 37973K, capacity 38922K, committed 39244K, reserved 1083392K
  class space    used 4309K, capacity 4603K, committed 4684K, reserved 1048576K
2017-09-07T16:59:28.615+0600: 2937.095: [GC (Allocation Failure) 2017-09-07T16:59:28.615+0600: 2937.095: [ParNew
Desired survivor size 20112992 bytes, new threshold 8 (max 8)
- age   1:    1952464 bytes,    1952464 total
- age   2:      41048 bytes,    1993512 total
- age   3:      25408 bytes,    2018920 total
- age   4:      28920 bytes,    2047840 total
- age   5:      27272 bytes,    2075112 total
- age   6:      26288 bytes,    2101400 total
- age   7:      21848 bytes,    2123248 total
- age   8:      33424 bytes,    2156672 total
: 89588K->2249K(109248K), 0.0075290 secs] 116955K->29641K(502464K), 0.0075954 secs] [Times: user=0.02 sys=0.00, real=0.01 secs] 
Heap after GC invocations=33 (full 1):
 par new generation   total 109248K, used 2249K [0x00000000e0000000, 0x00000000e8000000, 0x00000000e8000000)
  eden space 87424K,   0% used [0x00000000e0000000, 0x00000000e0000000, 0x00000000e5560000)
  from space 21824K,  10% used [0x00000000e6ab0000, 0x00000000e6ce27b0, 0x00000000e8000000)
  to   space 21824K,   0% used [0x00000000e5560000, 0x00000000e5560000, 0x00000000e6ab0000)
 concurrent mark-sweep generation total 393216K, used 27391K [0x00000000e8000000, 0x0000000100000000, 0x0000000100000000)
 Metaspace       used 37973K, capacity 38922K, committed 39244K, reserved 1083392K
  class space    used 4309K, capacity 4603K, committed 4684K, reserved 1048576K
}
2017-09-07T16:59:28.623+0600: 2937.102: Total time for which application threads were stopped: 0.0077772 seconds, Stopping threads took: 0.0000342 seconds
2017-09-07T16:59:29.050+0600: 2937.529: Total time for which application threads were stopped: 0.0001406 seconds, Stopping threads took: 0.0000301 seconds
2017-09-07T16:59:29.050+0600: 2937.530: Total time for which application threads were stopped: 0.0000575 seconds, Stopping threads took: 0.0000184 seconds
2017-09-07T16:59:30.050+0600: 2938.530: Total time for which application threads were stopped: 0.0000918 seconds, Stopping threads took: 0.0000159 seconds
2017-09-07T16:59:33.062+0600: 2941.542: Total time for which application threads were stopped: 0.0001200 seconds, Stopping threads took: 0.0000230 seconds
2017-09-07T16:59:33.073+0600: 2941.553: Total time for which application threads were stopped: 0.0001599 seconds, Stopping threads took: 0.0000243 seconds
2017-09-07T16:59:33.528+0600: 2942.008: Total time for which application threads were stopped: 0.0000836 seconds, Stopping threads took: 0.0000172 seconds
2017-09-07T16:59:33.564+0600: 2942.044: Total time for which application threads were stopped: 0.0000852 seconds, Stopping threads took: 0.0000145 seconds
2017-09-07T16:59:35.564+0600: 2944.044: Total time for which application threads were stopped: 0.0000931 seconds, Stopping threads took: 0.0000160 seconds
2017-09-07T16:59:37.509+0600: 2945.989: Total time for which application threads were stopped: 0.0001266 seconds, Stopping threads took: 0.0000250 seconds
2017-09-07T16:59:37.551+0600: 2946.031: Total time for which application threads were stopped: 0.0001929 seconds, Stopping threads took: 0.0000927 seconds
2017-09-07T16:59:38.551+0600: 2947.031: Total time for which application threads were stopped: 0.0000887 seconds, Stopping threads took: 0.0000154 seconds
2017-09-07T16:59:39.552+0600: 2948.031: Total time for which application threads were stopped: 0.0000960 seconds, Stopping threads took: 0.0000154 seconds
{Heap before GC invocations=33 (full 1):
 par new generation   total 109248K, used 89673K [0x00000000e0000000, 0x00000000e8000000, 0x00000000e8000000)
  eden space 87424K, 100% used [0x00000000e0000000, 0x00000000e5560000, 0x00000000e5560000)
  from space 21824K,  10% used [0x00000000e6ab0000, 0x00000000e6ce27b0, 0x00000000e8000000)
  to   space 21824K,   0% used [0x00000000e5560000, 0x00000000e5560000, 0x00000000e6ab0000)
 concurrent mark-sweep generation total 393216K, used 27391K [0x00000000e8000000, 0x0000000100000000, 0x0000000100000000)
 Metaspace       used 37974K, capacity 38922K, committed 39244K, reserved 1083392K
  class space    used 4310K, capacity 4603K, committed 4684K, reserved 1048576K
2017-09-07T16:59:39.737+0600: 2948.217: [GC (Allocation Failure) 2017-09-07T16:59:39.737+0600: 2948.217: [ParNew
Desired survivor size 20112992 bytes, new threshold 8 (max 8)
- age   1:    1380784 bytes,    1380784 total
- age   2:      23752 bytes,    1404536 total
- age   3:      31200 bytes,    1435736 total
- age   4:      22232 bytes,    1457968 total
- age   5:      28144 bytes,    1486112 total
- age   6:      26528 bytes,    1512640 total
- age   7:      26256 bytes,    1538896 total
- age   8:      21848 bytes,    1560744 total
: 89673K->2212K(109248K), 0.0046106 secs] 117065K->29636K(502464K), 0.0046607 secs] [Times: user=0.01 sys=0.00, real=0.00 secs] 
Heap after GC invocations=34 (full 1):
 par new generation   total 109248K, used 2212K [0x00000000e0000000, 0x00000000e8000000, 0x00000000e8000000)
  eden space 87424K,   0% used [0x00000000e0000000, 0x00000000e0000000, 0x00000000e5560000)
  from space 21824K,  10% used [0x00000000e5560000, 0x00000000e5789030, 0x00000000e6ab0000)
  to   space 21824K,   0% used [0x00000000e6ab0000, 0x00000000e6ab0000, 0x00000000e8000000)
 concurrent mark-sweep generation total 393216K, used 27424K [0x00000000e8000000, 0x0000000100000000, 0x0000000100000000)
 Metaspace       used 37974K, capacity 38922K, committed 39244K, reserved 1083392K
  class space    used 4310K, capacity 4603K, committed 4684K, reserved 1048576K
}
2017-09-07T16:59:39.742+0600: 2948.222: Total time for which application threads were stopped: 0.0048090 seconds, Stopping threads took: 0.0000205 seconds
2017-09-07T16:59:41.978+0600: 2950.458: Total time for which application threads were stopped: 0.0031367 seconds, Stopping threads took: 0.0030356 seconds
2017-09-07T16:59:41.987+0600: 2950.467: Total time for which application threads were stopped: 0.0001267 seconds, Stopping threads took: 0.0000201 seconds
2017-09-07T16:59:42.468+0600: 2950.948: Total time for which application threads were stopped: 0.0000887 seconds, Stopping threads took: 0.0000139 seconds
2017-09-07T16:59:42.469+0600: 2950.948: Total time for which application threads were stopped: 0.0000296 seconds, Stopping threads took: 0.0000039 seconds
2017-09-07T16:59:44.469+0600: 2952.949: Total time for which application threads were stopped: 0.0001360 seconds, Stopping threads took: 0.0000211 seconds
2017-09-07T16:59:45.469+0600: 2953.949: Total time for which application threads were stopped: 0.0001252 seconds, Stopping threads took: 0.0000243 seconds
2017-09-07T16:59:46.469+0600: 2954.949: Total time for which application threads were stopped: 0.0000990 seconds, Stopping threads took: 0.0000177 seconds
2017-09-07T16:59:46.498+0600: 2954.977: Total time for which application threads were stopped: 0.0001381 seconds, Stopping threads took: 0.0000242 seconds
2017-09-07T16:59:46.539+0600: 2955.019: Total time for which application threads were stopped: 0.0001242 seconds, Stopping threads took: 0.0000383 seconds
2017-09-07T16:59:46.999+0600: 2955.479: Total time for which application threads were stopped: 0.0001380 seconds, Stopping threads took: 0.0000172 seconds
2017-09-07T16:59:48.999+0600: 2957.479: Total time for which application threads were stopped: 0.0000914 seconds, Stopping threads took: 0.0000151 seconds
2017-09-07T16:59:50.928+0600: 2959.408: Total time for which application threads were stopped: 0.0001147 seconds, Stopping threads took: 0.0000135 seconds
{Heap before GC invocations=34 (full 1):
 par new generation   total 109248K, used 89625K [0x00000000e0000000, 0x00000000e8000000, 0x00000000e8000000)
  eden space 87424K,  99% used [0x00000000e0000000, 0x00000000e555d4e0, 0x00000000e5560000)
  from space 21824K,  10% used [0x00000000e5560000, 0x00000000e5789030, 0x00000000e6ab0000)
  to   space 21824K,   0% used [0x00000000e6ab0000, 0x00000000e6ab0000, 0x00000000e8000000)
 concurrent mark-sweep generation total 393216K, used 27424K [0x00000000e8000000, 0x0000000100000000, 0x0000000100000000)
 Metaspace       used 38019K, capacity 38922K, committed 39244K, reserved 1083392K
  class space    used 4310K, capacity 4603K, committed 4684K, reserved 1048576K
2017-09-07T16:59:50.931+0600: 2959.411: [GC (Allocation Failure) 2017-09-07T16:59:50.931+0600: 2959.411: [ParNew
Desired survivor size 20112992 bytes, new threshold 8 (max 8)
- age   1:    1720688 bytes,    1720688 total
- age   2:      30208 bytes,    1750896 total
- age   3:      21352 bytes,    1772248 total
- age   4:      24992 bytes,    1797240 total
- age   5:      22232 bytes,    1819472 total
- age   6:      26592 bytes,    1846064 total
- age   7:      25040 bytes,    1871104 total
- age   8:      24736 bytes,    1895840 total
: 89625K->2319K(109248K), 0.0076598 secs] 117049K->29764K(502464K), 0.0077158 secs] [Times: user=0.02 sys=0.00, real=0.00 secs] 
Heap after GC invocations=35 (full 1):
 par new generation   total 109248K, used 2319K [0x00000000e0000000, 0x00000000e8000000, 0x00000000e8000000)
  eden space 87424K,   0% used [0x00000000e0000000, 0x00000000e0000000, 0x00000000e5560000)
  from space 21824K,  10% used [0x00000000e6ab0000, 0x00000000e6cf3ca0, 0x00000000e8000000)
  to   space 21824K,   0% used [0x00000000e5560000, 0x00000000e5560000, 0x00000000e6ab0000)
 concurrent mark-sweep generation total 393216K, used 27445K [0x00000000e8000000, 0x0000000100000000, 0x0000000100000000)
 Metaspace       used 38019K, capacity 38922K, committed 39244K, reserved 1083392K
  class space    used 4310K, capacity 4603K, committed 4684K, reserved 1048576K
}
2017-09-07T16:59:50.939+0600: 2959.418: Total time for which application threads were stopped: 0.0078417 seconds, Stopping threads took: 0.0000214 seconds
2017-09-07T16:59:50.979+0600: 2959.458: Total time for which application threads were stopped: 0.0000880 seconds, Stopping threads took: 0.0000126 seconds
2017-09-07T16:59:51.979+0600: 2960.459: Total time for which application threads were stopped: 0.0000992 seconds, Stopping threads took: 0.0000164 seconds
2017-09-07T16:59:52.979+0600: 2961.459: Total time for which application threads were stopped: 0.0000961 seconds, Stopping threads took: 0.0000153 seconds
2017-09-07T16:59:54.979+0600: 2963.459: Total time for which application threads were stopped: 0.0001007 seconds, Stopping threads took: 0.0000153 seconds
2017-09-07T16:59:55.353+0600: 2963.833: Total time for which application threads were stopped: 0.0001645 seconds, Stopping threads took: 0.0000311 seconds
2017-09-07T16:59:55.821+0600: 2964.301: Total time for which application threads were stopped: 0.0001625 seconds, Stopping threads took: 0.0000516 seconds
2017-09-07T16:59:55.854+0600: 2964.334: Total time for which application threads were stopped: 0.0001124 seconds, Stopping threads took: 0.0000321 seconds
2017-09-07T16:59:55.855+0600: 2964.334: Total time for which application threads were stopped: 0.0000520 seconds, Stopping threads took: 0.0000204 seconds
2017-09-07T16:59:57.855+0600: 2966.335: Total time for which application threads were stopped: 0.0000895 seconds, Stopping threads took: 0.0000147 seconds
2017-09-07T16:59:59.729+0600: 2968.208: Total time for which application threads were stopped: 0.0039423 seconds, Stopping threads took: 0.0037496 seconds
{Heap before GC invocations=35 (full 1):
 par new generation   total 109248K, used 89743K [0x00000000e0000000, 0x00000000e8000000, 0x00000000e8000000)
  eden space 87424K, 100% used [0x00000000e0000000, 0x00000000e5560000, 0x00000000e5560000)
  from space 21824K,  10% used [0x00000000e6ab0000, 0x00000000e6cf3ca0, 0x00000000e8000000)
  to   space 21824K,   0% used [0x00000000e5560000, 0x00000000e5560000, 0x00000000e6ab0000)
 concurrent mark-sweep generation total 393216K, used 27445K [0x00000000e8000000, 0x0000000100000000, 0x0000000100000000)
 Metaspace       used 38040K, capacity 38986K, committed 39244K, reserved 1083392K
  class space    used 4310K, capacity 4603K, committed 4684K, reserved 1048576K
2017-09-07T16:59:59.746+0600: 2968.226: [GC (Allocation Failure) 2017-09-07T16:59:59.746+0600: 2968.226: [ParNew
Desired survivor size 20112992 bytes, new threshold 8 (max 8)
- age   1:    2441424 bytes,    2441424 total
- age   2:      37264 bytes,    2478688 total
- age   3:      27040 bytes,    2505728 total
- age   4:      20464 bytes,    2526192 total
- age   5:      24992 bytes,    2551184 total
- age   6:      22232 bytes,    2573416 total
- age   7:      23488 bytes,    2596904 total
- age   8:      25008 bytes,    2621912 total
: 89743K->2616K(109248K), 0.0122485 secs] 117188K->30086K(502464K), 0.0123633 secs] [Times: user=0.02 sys=0.00, real=0.01 secs] 
Heap after GC invocations=36 (full 1):
 par new generation   total 109248K, used 2616K [0x00000000e0000000, 0x00000000e8000000, 0x00000000e8000000)
  eden space 87424K,   0% used [0x00000000e0000000, 0x00000000e0000000, 0x00000000e5560000)
  from space 21824K,  11% used [0x00000000e5560000, 0x00000000e57ee110, 0x00000000e6ab0000)
  to   space 21824K,   0% used [0x00000000e6ab0000, 0x00000000e6ab0000, 0x00000000e8000000)
 concurrent mark-sweep generation total 393216K, used 27469K [0x00000000e8000000, 0x0000000100000000, 0x0000000100000000)
 Metaspace       used 38040K, capacity 38986K, committed 39244K, reserved 1083392K
  class space    used 4310K, capacity 4603K, committed 4684K, reserved 1048576K
}
2017-09-07T16:59:59.758+0600: 2968.238: Total time for which application threads were stopped: 0.0126183 seconds, Stopping threads took: 0.0000201 seconds
2017-09-07T16:59:59.759+0600: 2968.239: Total time for which application threads were stopped: 0.0002632 seconds, Stopping threads took: 0.0000720 seconds
2017-09-07T16:59:59.792+0600: 2968.271: Total time for which application threads were stopped: 0.0001845 seconds, Stopping threads took: 0.0000251 seconds
2017-09-07T16:59:59.792+0600: 2968.272: Total time for which application threads were stopped: 0.0000787 seconds, Stopping threads took: 0.0000109 seconds
2017-09-07T17:00:01.792+0600: 2970.272: Total time for which application threads were stopped: 0.0000940 seconds, Stopping threads took: 0.0000153 seconds
2017-09-07T17:00:04.457+0600: 2972.937: Total time for which application threads were stopped: 0.0001343 seconds, Stopping threads took: 0.0000256 seconds
2017-09-07T17:00:04.499+0600: 2972.978: Total time for which application threads were stopped: 0.0001096 seconds, Stopping threads took: 0.0000224 seconds
2017-09-07T17:00:04.923+0600: 2973.403: Total time for which application threads were stopped: 0.0001653 seconds, Stopping threads took: 0.0000140 seconds
2017-09-07T17:00:06.923+0600: 2975.403: Total time for which application threads were stopped: 0.0000962 seconds, Stopping threads took: 0.0000159 seconds
2017-09-07T17:00:08.821+0600: 2977.301: Total time for which application threads were stopped: 0.0001315 seconds, Stopping threads took: 0.0000257 seconds
2017-09-07T17:00:09.356+0600: 2977.836: Total time for which application threads were stopped: 0.0000969 seconds, Stopping threads took: 0.0000178 seconds
2017-09-07T17:00:09.357+0600: 2977.837: Total time for which application threads were stopped: 0.0000431 seconds, Stopping threads took: 0.0000064 seconds
2017-09-07T17:00:09.357+0600: 2977.837: Total time for which application threads were stopped: 0.0000386 seconds, Stopping threads took: 0.0000062 seconds
2017-09-07T17:00:09.357+0600: 2977.837: Total time for which application threads were stopped: 0.0000351 seconds, Stopping threads took: 0.0000063 seconds
{Heap before GC invocations=36 (full 1):
 par new generation   total 109248K, used 90040K [0x00000000e0000000, 0x00000000e8000000, 0x00000000e8000000)
  eden space 87424K, 100% used [0x00000000e0000000, 0x00000000e5560000, 0x00000000e5560000)
  from space 21824K,  11% used [0x00000000e5560000, 0x00000000e57ee110, 0x00000000e6ab0000)
  to   space 21824K,   0% used [0x00000000e6ab0000, 0x00000000e6ab0000, 0x00000000e8000000)
 concurrent mark-sweep generation total 393216K, used 27469K [0x00000000e8000000, 0x0000000100000000, 0x0000000100000000)
 Metaspace       used 38041K, capacity 38986K, committed 39244K, reserved 1083392K
  class space    used 4310K, capacity 4603K, committed 4684K, reserved 1048576K
2017-09-07T17:00:11.174+0600: 2979.654: [GC (Allocation Failure) 2017-09-07T17:00:11.174+0600: 2979.654: [ParNew
Desired survivor size 20112992 bytes, new threshold 8 (max 8)
- age   1:    1609016 bytes,    1609016 total
- age   2:      23784 bytes,    1632800 total
- age   3:      32064 bytes,    1664864 total
- age   4:      25416 bytes,    1690280 total
- age   5:      20464 bytes,    1710744 total
- age   6:      24848 bytes,    1735592 total
- age   7:      21912 bytes,    1757504 total
- age   8:      23488 bytes,    1780992 total
: 90040K->2990K(109248K), 0.0047121 secs] 117510K->30484K(502464K), 0.0047811 secs] [Times: user=0.01 sys=0.00, real=0.00 secs] 
Heap after GC invocations=37 (full 1):
 par new generation   total 109248K, used 2990K [0x00000000e0000000, 0x00000000e8000000, 0x00000000e8000000)
  eden space 87424K,   0% used [0x00000000e0000000, 0x00000000e0000000, 0x00000000e5560000)
  from space 21824K,  13% used [0x00000000e6ab0000, 0x00000000e6d9b870, 0x00000000e8000000)
  to   space 21824K,   0% used [0x00000000e5560000, 0x00000000e5560000, 0x00000000e6ab0000)
 concurrent mark-sweep generation total 393216K, used 27494K [0x00000000e8000000, 0x0000000100000000, 0x0000000100000000)
 Metaspace       used 38041K, capacity 38986K, committed 39244K, reserved 1083392K
  class space    used 4310K, capacity 4603K, committed 4684K, reserved 1048576K
}
2017-09-07T17:00:11.179+0600: 2979.659: Total time for which application threads were stopped: 0.0049338 seconds, Stopping threads took: 0.0000253 seconds
2017-09-07T17:00:12.179+0600: 2980.659: Total time for which application threads were stopped: 0.0000967 seconds, Stopping threads took: 0.0000151 seconds
2017-09-07T17:00:13.179+0600: 2981.659: Total time for which application threads were stopped: 0.0000942 seconds, Stopping threads took: 0.0000156 seconds
2017-09-07T17:00:13.413+0600: 2981.893: Total time for which application threads were stopped: 0.0015386 seconds, Stopping threads took: 0.0014437 seconds
2017-09-07T17:00:13.453+0600: 2981.933: Total time for which application threads were stopped: 0.0001156 seconds, Stopping threads took: 0.0000278 seconds
2017-09-07T17:00:13.855+0600: 2982.335: Total time for which application threads were stopped: 0.0000920 seconds, Stopping threads took: 0.0000145 seconds
2017-09-07T17:00:13.855+0600: 2982.335: Total time for which application threads were stopped: 0.0000625 seconds, Stopping threads took: 0.0000183 seconds
2017-09-07T17:00:13.856+0600: 2982.335: Total time for which application threads were stopped: 0.0000364 seconds, Stopping threads took: 0.0000074 seconds
2017-09-07T17:00:13.856+0600: 2982.336: Total time for which application threads were stopped: 0.0000388 seconds, Stopping threads took: 0.0000064 seconds
2017-09-07T17:00:15.856+0600: 2984.336: Total time for which application threads were stopped: 0.0001087 seconds, Stopping threads took: 0.0000166 seconds
2017-09-07T17:00:17.856+0600: 2986.336: Total time for which application threads were stopped: 0.0001011 seconds, Stopping threads took: 0.0000157 seconds
2017-09-07T17:00:17.984+0600: 2986.464: Total time for which application threads were stopped: 0.0001475 seconds, Stopping threads took: 0.0000500 seconds
2017-09-07T17:00:18.026+0600: 2986.506: Total time for which application threads were stopped: 0.0000863 seconds, Stopping threads took: 0.0000148 seconds
2017-09-07T17:00:21.026+0600: 2989.506: Total time for which application threads were stopped: 0.0000929 seconds, Stopping threads took: 0.0000148 seconds
{Heap before GC invocations=37 (full 1):
 par new generation   total 109248K, used 90414K [0x00000000e0000000, 0x00000000e8000000, 0x00000000e8000000)
  eden space 87424K, 100% used [0x00000000e0000000, 0x00000000e5560000, 0x00000000e5560000)
  from space 21824K,  13% used [0x00000000e6ab0000, 0x00000000e6d9b870, 0x00000000e8000000)
  to   space 21824K,   0% used [0x00000000e5560000, 0x00000000e5560000, 0x00000000e6ab0000)
 concurrent mark-sweep generation total 393216K, used 27494K [0x00000000e8000000, 0x0000000100000000, 0x0000000100000000)
 Metaspace       used 38206K, capacity 39114K, committed 39244K, reserved 1083392K
  class space    used 4310K, capacity 4603K, committed 4684K, reserved 1048576K
2017-09-07T17:00:22.088+0600: 2990.568: [GC (Allocation Failure) 2017-09-07T17:00:22.088+0600: 2990.568: [ParNew
Desired survivor size 20112992 bytes, new threshold 8 (max 8)
- age   1:    1595088 bytes,    1595088 total
- age   2:      28232 bytes,    1623320 total
- age   3:      21520 bytes,    1644840 total
- age   4:      28216 bytes,    1673056 total
- age   5:      23864 bytes,    1696920 total
- age   6:      20464 bytes,    1717384 total
- age   7:      24848 bytes,    1742232 total
- age   8:      21912 bytes,    1764144 total
: 90414K->2346K(109248K), 0.0049817 secs] 117908K->29863K(502464K), 0.0050421 secs] [Times: user=0.01 sys=0.00, real=0.01 secs] 
Heap after GC invocations=38 (full 1):
 par new generation   total 109248K, used 2346K [0x00000000e0000000, 0x00000000e8000000, 0x00000000e8000000)
  eden space 87424K,   0% used [0x00000000e0000000, 0x00000000e0000000, 0x00000000e5560000)
  from space 21824K,  10% used [0x00000000e5560000, 0x00000000e57aa8b0, 0x00000000e6ab0000)
  to   space 21824K,   0% used [0x00000000e6ab0000, 0x00000000e6ab0000, 0x00000000e8000000)
 concurrent mark-sweep generation total 393216K, used 27517K [0x00000000e8000000, 0x0000000100000000, 0x0000000100000000)
 Metaspace       used 38206K, capacity 39114K, committed 39244K, reserved 1083392K
  class space    used 4310K, capacity 4603K, committed 4684K, reserved 1048576K
}
2017-09-07T17:00:22.094+0600: 2990.573: Total time for which application threads were stopped: 0.0052029 seconds, Stopping threads took: 0.0000274 seconds
2017-09-07T17:00:22.094+0600: 2990.574: Total time for which application threads were stopped: 0.0001664 seconds, Stopping threads took: 0.0000099 seconds
2017-09-07T17:00:22.507+0600: 2990.987: Total time for which application threads were stopped: 0.0001343 seconds, Stopping threads took: 0.0000275 seconds
2017-09-07T17:00:22.549+0600: 2991.029: Total time for which application threads were stopped: 0.0001574 seconds, Stopping threads took: 0.0000269 seconds
2017-09-07T17:00:22.966+0600: 2991.446: Total time for which application threads were stopped: 0.0000815 seconds, Stopping threads took: 0.0000135 seconds
2017-09-07T17:00:22.968+0600: 2991.448: Total time for which application threads were stopped: 0.0000784 seconds, Stopping threads took: 0.0000188 seconds
2017-09-07T17:00:23.002+0600: 2991.482: Total time for which application threads were stopped: 0.0000968 seconds, Stopping threads took: 0.0000142 seconds
2017-09-07T17:00:23.002+0600: 2991.482: Total time for which application threads were stopped: 0.0000492 seconds, Stopping threads took: 0.0000077 seconds
2017-09-07T17:00:27.069+0600: 2995.548: Total time for which application threads were stopped: 0.0029992 seconds, Stopping threads took: 0.0028442 seconds
2017-09-07T17:00:27.122+0600: 2995.602: Total time for which application threads were stopped: 0.0002080 seconds, Stopping threads took: 0.0000806 seconds
2017-09-07T17:00:27.123+0600: 2995.603: Total time for which application threads were stopped: 0.0000580 seconds, Stopping threads took: 0.0000123 seconds
2017-09-07T17:00:27.566+0600: 2996.046: Total time for which application threads were stopped: 0.0001475 seconds, Stopping threads took: 0.0000306 seconds
2017-09-07T17:00:27.567+0600: 2996.047: Total time for which application threads were stopped: 0.0000821 seconds, Stopping threads took: 0.0000087 seconds
2017-09-07T17:00:30.567+0600: 2999.047: Total time for which application threads were stopped: 0.0000934 seconds, Stopping threads took: 0.0000150 seconds
2017-09-07T17:00:31.509+0600: 2999.989: Total time for which application threads were stopped: 0.0054863 seconds, Stopping threads took: 0.0053688 seconds
{Heap before GC invocations=38 (full 1):
 par new generation   total 109248K, used 89770K [0x00000000e0000000, 0x00000000e8000000, 0x00000000e8000000)
  eden space 87424K, 100% used [0x00000000e0000000, 0x00000000e5560000, 0x00000000e5560000)
  from space 21824K,  10% used [0x00000000e5560000, 0x00000000e57aa8b0, 0x00000000e6ab0000)
  to   space 21824K,   0% used [0x00000000e6ab0000, 0x00000000e6ab0000, 0x00000000e8000000)
 concurrent mark-sweep generation total 393216K, used 27517K [0x00000000e8000000, 0x0000000100000000, 0x0000000100000000)
 Metaspace       used 38208K, capacity 39114K, committed 39244K, reserved 1083392K
  class space    used 4310K, capacity 4603K, committed 4684K, reserved 1048576K
2017-09-07T17:00:31.519+0600: 2999.999: [GC (Allocation Failure) 2017-09-07T17:00:31.519+0600: 2999.999: [ParNew
Desired survivor size 20112992 bytes, new threshold 8 (max 8)
- age   1:    2062384 bytes,    2062384 total
- age   2:      32584 bytes,    2094968 total
- age   3:      22864 bytes,    2117832 total
- age   4:      18416 bytes,    2136248 total
- age   5:      27440 bytes,    2163688 total
- age   6:      22312 bytes,    2186000 total
- age   7:      20464 bytes,    2206464 total
- age   8:      24848 bytes,    2231312 total
: 89770K->2515K(109248K), 0.0044709 secs] 117287K->30054K(502464K), 0.0045256 secs] [Times: user=0.01 sys=0.00, real=0.01 secs] 
Heap after GC invocations=39 (full 1):
 par new generation   total 109248K, used 2515K [0x00000000e0000000, 0x00000000e8000000, 0x00000000e8000000)
  eden space 87424K,   0% used [0x00000000e0000000, 0x00000000e0000000, 0x00000000e5560000)
  from space 21824K,  11% used [0x00000000e6ab0000, 0x00000000e6d24de0, 0x00000000e8000000)
  to   space 21824K,   0% used [0x00000000e5560000, 0x00000000e5560000, 0x00000000e6ab0000)
 concurrent mark-sweep generation total 393216K, used 27538K [0x00000000e8000000, 0x0000000100000000, 0x0000000100000000)
 Metaspace       used 38208K, capacity 39114K, committed 39244K, reserved 1083392K
  class space    used 4310K, capacity 4603K, committed 4684K, reserved 1048576K
}
2017-09-07T17:00:31.523+0600: 3000.003: Total time for which application threads were stopped: 0.0055427 seconds, Stopping threads took: 0.0008633 seconds
2017-09-07T17:00:32.005+0600: 3000.485: Total time for which application threads were stopped: 0.0001070 seconds, Stopping threads took: 0.0000258 seconds
2017-09-07T17:00:32.040+0600: 3000.520: Total time for which application threads were stopped: 0.0000929 seconds, Stopping threads took: 0.0000148 seconds
2017-09-07T17:00:32.040+0600: 3000.520: Total time for which application threads were stopped: 0.0000662 seconds, Stopping threads took: 0.0000184 seconds
2017-09-07T17:00:35.041+0600: 3003.520: Total time for which application threads were stopped: 0.0000969 seconds, Stopping threads took: 0.0000148 seconds
2017-09-07T17:00:36.161+0600: 3004.640: Total time for which application threads were stopped: 0.0001357 seconds, Stopping threads took: 0.0000266 seconds
2017-09-07T17:00:36.211+0600: 3004.691: Total time for which application threads were stopped: 0.0001134 seconds, Stopping threads took: 0.0000186 seconds
2017-09-07T17:00:36.211+0600: 3004.691: Total time for which application threads were stopped: 0.0000469 seconds, Stopping threads took: 0.0000055 seconds
2017-09-07T17:00:37.211+0600: 3005.691: Total time for which application threads were stopped: 0.0000941 seconds, Stopping threads took: 0.0000154 seconds
2017-09-07T17:00:40.728+0600: 3009.208: Total time for which application threads were stopped: 0.0001274 seconds, Stopping threads took: 0.0000233 seconds
2017-09-07T17:00:40.778+0600: 3009.258: Total time for which application threads were stopped: 0.0001062 seconds, Stopping threads took: 0.0000298 seconds
{Heap before GC invocations=39 (full 1):
 par new generation   total 109248K, used 89939K [0x00000000e0000000, 0x00000000e8000000, 0x00000000e8000000)
  eden space 87424K, 100% used [0x00000000e0000000, 0x00000000e5560000, 0x00000000e5560000)
  from space 21824K,  11% used [0x00000000e6ab0000, 0x00000000e6d24de0, 0x00000000e8000000)
  to   space 21824K,   0% used [0x00000000e5560000, 0x00000000e5560000, 0x00000000e6ab0000)
 concurrent mark-sweep generation total 393216K, used 27538K [0x00000000e8000000, 0x0000000100000000, 0x0000000100000000)
 Metaspace       used 38210K, capacity 39114K, committed 39244K, reserved 1083392K
  class space    used 4310K, capacity 4603K, committed 4684K, reserved 1048576K
2017-09-07T17:00:42.504+0600: 3010.984: [GC (Allocation Failure) 2017-09-07T17:00:42.504+0600: 3010.984: [ParNew
Desired survivor size 20112992 bytes, new threshold 8 (max 8)
- age   1:    1353456 bytes,    1353456 total
- age   2:      33672 bytes,    1387128 total
- age   3:      29000 bytes,    1416128 total
- age   4:      21240 bytes,    1437368 total
- age   5:      18416 bytes,    1455784 total
- age   6:      26664 bytes,    1482448 total
- age   7:      22280 bytes,    1504728 total
- age   8:      20464 bytes,    1525192 total
: 89939K->2220K(109248K), 0.0041839 secs] 117478K->29783K(502464K), 0.0042402 secs] [Times: user=0.02 sys=0.00, real=0.00 secs] 
Heap after GC invocations=40 (full 1):
 par new generation   total 109248K, used 2220K [0x00000000e0000000, 0x00000000e8000000, 0x00000000e8000000)
  eden space 87424K,   0% used [0x00000000e0000000, 0x00000000e0000000, 0x00000000e5560000)
  from space 21824K,  10% used [0x00000000e5560000, 0x00000000e578b2f8, 0x00000000e6ab0000)
  to   space 21824K,   0% used [0x00000000e6ab0000, 0x00000000e6ab0000, 0x00000000e8000000)
 concurrent mark-sweep generation total 393216K, used 27562K [0x00000000e8000000, 0x0000000100000000, 0x0000000100000000)
 Metaspace       used 38210K, capacity 39114K, committed 39244K, reserved 1083392K
  class space    used 4310K, capacity 4603K, committed 4684K, reserved 1048576K
}
2017-09-07T17:00:42.509+0600: 3010.989: Total time for which application threads were stopped: 0.0043912 seconds, Stopping threads took: 0.0000260 seconds
2017-09-07T17:00:43.509+0600: 3011.989: Total time for which application threads were stopped: 0.0000993 seconds, Stopping threads took: 0.0000139 seconds
2017-09-07T17:00:45.247+0600: 3013.726: Total time for which application threads were stopped: 0.0027974 seconds, Stopping threads took: 0.0026950 seconds
2017-09-07T17:00:45.294+0600: 3013.774: Total time for which application threads were stopped: 0.0000936 seconds, Stopping threads took: 0.0000143 seconds
2017-09-07T17:00:45.294+0600: 3013.774: Total time for which application threads were stopped: 0.0000307 seconds, Stopping threads took: 0.0000038 seconds
2017-09-07T17:00:49.295+0600: 3017.774: Total time for which application threads were stopped: 0.0000993 seconds, Stopping threads took: 0.0000144 seconds
2017-09-07T17:00:49.726+0600: 3018.206: Total time for which application threads were stopped: 0.0011456 seconds, Stopping threads took: 0.0010407 seconds
2017-09-07T17:00:49.758+0600: 3018.238: Total time for which application threads were stopped: 0.0001756 seconds, Stopping threads took: 0.0000321 seconds
2017-09-07T17:00:49.758+0600: 3018.238: Total time for which application threads were stopped: 0.0000680 seconds, Stopping threads took: 0.0000208 seconds
2017-09-07T17:00:50.160+0600: 3018.640: Total time for which application threads were stopped: 0.0001061 seconds, Stopping threads took: 0.0000273 seconds
{Heap before GC invocations=40 (full 1):
 par new generation   total 109248K, used 89637K [0x00000000e0000000, 0x00000000e8000000, 0x00000000e8000000)
  eden space 87424K,  99% used [0x00000000e0000000, 0x00000000e555e228, 0x00000000e5560000)
  from space 21824K,  10% used [0x00000000e5560000, 0x00000000e578b2f8, 0x00000000e6ab0000)
  to   space 21824K,   0% used [0x00000000e6ab0000, 0x00000000e6ab0000, 0x00000000e8000000)
 concurrent mark-sweep generation total 393216K, used 27562K [0x00000000e8000000, 0x0000000100000000, 0x0000000100000000)
 Metaspace       used 38213K, capacity 39114K, committed 39244K, reserved 1083392K
  class space    used 4310K, capacity 4603K, committed 4684K, reserved 1048576K
2017-09-07T17:00:52.966+0600: 3021.446: [GC (Allocation Failure) 2017-09-07T17:00:52.966+0600: 3021.446: [ParNew
Desired survivor size 20112992 bytes, new threshold 8 (max 8)
- age   1:    1576440 bytes,    1576440 total
- age   2:      31800 bytes,    1608240 total
- age   3:      26616 bytes,    1634856 total
- age   4:      26576 bytes,    1661432 total
- age   5:      21240 bytes,    1682672 total
- age   6:      17640 bytes,    1700312 total
- age   7:      26664 bytes,    1726976 total
- age   8:      22280 bytes,    1749256 total
: 89637K->2066K(109248K), 0.0062518 secs] 117200K->29649K(502464K), 0.0063112 secs] [Times: user=0.01 sys=0.00, real=0.01 secs] 
Heap after GC invocations=41 (full 1):
 par new generation   total 109248K, used 2066K [0x00000000e0000000, 0x00000000e8000000, 0x00000000e8000000)
  eden space 87424K,   0% used [0x00000000e0000000, 0x00000000e0000000, 0x00000000e5560000)
  from space 21824K,   9% used [0x00000000e6ab0000, 0x00000000e6cb48c0, 0x00000000e8000000)
  to   space 21824K,   0% used [0x00000000e5560000, 0x00000000e5560000, 0x00000000e6ab0000)
 concurrent mark-sweep generation total 393216K, used 27582K [0x00000000e8000000, 0x0000000100000000, 0x0000000100000000)
 Metaspace       used 38213K, capacity 39114K, committed 39244K, reserved 1083392K
  class space    used 4310K, capacity 4603K, committed 4684K, reserved 1048576K
}
2017-09-07T17:00:52.972+0600: 3021.452: Total time for which application threads were stopped: 0.0064869 seconds, Stopping threads took: 0.0000209 seconds
2017-09-07T17:00:54.341+0600: 3022.821: Total time for which application threads were stopped: 0.0012941 seconds, Stopping threads took: 0.0011921 seconds
2017-09-07T17:00:54.399+0600: 3022.879: Total time for which application threads were stopped: 0.0001168 seconds, Stopping threads took: 0.0000167 seconds
2017-09-07T17:00:57.399+0600: 3025.879: Total time for which application threads were stopped: 0.0001634 seconds, Stopping threads took: 0.0000360 seconds
2017-09-07T17:00:58.688+0600: 3027.168: Total time for which application threads were stopped: 0.0001294 seconds, Stopping threads took: 0.0000201 seconds
2017-09-07T17:00:58.729+0600: 3027.209: Total time for which application threads were stopped: 0.0001154 seconds, Stopping threads took: 0.0000256 seconds
2017-09-07T17:00:59.140+0600: 3027.620: Total time for which application threads were stopped: 0.0001024 seconds, Stopping threads took: 0.0000285 seconds
2017-09-07T17:01:03.060+0600: 3031.540: Total time for which application threads were stopped: 0.0001417 seconds, Stopping threads took: 0.0000363 seconds
{Heap before GC invocations=41 (full 1):
 par new generation   total 109248K, used 89490K [0x00000000e0000000, 0x00000000e8000000, 0x00000000e8000000)
  eden space 87424K, 100% used [0x00000000e0000000, 0x00000000e5560000, 0x00000000e5560000)
  from space 21824K,   9% used [0x00000000e6ab0000, 0x00000000e6cb48c0, 0x00000000e8000000)
  to   space 21824K,   0% used [0x00000000e5560000, 0x00000000e5560000, 0x00000000e6ab0000)
 concurrent mark-sweep generation total 393216K, used 27582K [0x00000000e8000000, 0x0000000100000000, 0x0000000100000000)
 Metaspace       used 38215K, capacity 39114K, committed 39244K, reserved 1083392K
  class space    used 4310K, capacity 4603K, committed 4684K, reserved 1048576K
2017-09-07T17:01:03.065+0600: 3031.545: [GC (Allocation Failure) 2017-09-07T17:01:03.065+0600: 3031.545: [ParNew
Desired survivor size 20112992 bytes, new threshold 8 (max 8)
- age   1:    2521464 bytes,    2521464 total
- age   2:      35360 bytes,    2556824 total
- age   3:      26760 bytes,    2583584 total
- age   4:      25840 bytes,    2609424 total
- age   5:      26576 bytes,    2636000 total
- age   6:      20320 bytes,    2656320 total
- age   7:      17640 bytes,    2673960 total
- age   8:      23560 bytes,    2697520 total
: 89490K->3009K(109248K), 0.0047609 secs] 117073K->30613K(502464K), 0.0048389 secs] [Times: user=0.01 sys=0.00, real=0.00 secs] 
Heap after GC invocations=42 (full 1):
 par new generation   total 109248K, used 3009K [0x00000000e0000000, 0x00000000e8000000, 0x00000000e8000000)
  eden space 87424K,   0% used [0x00000000e0000000, 0x00000000e0000000, 0x00000000e5560000)
  from space 21824K,  13% used [0x00000000e5560000, 0x00000000e5850570, 0x00000000e6ab0000)
  to   space 21824K,   0% used [0x00000000e6ab0000, 0x00000000e6ab0000, 0x00000000e8000000)
 concurrent mark-sweep generation total 393216K, used 27604K [0x00000000e8000000, 0x0000000100000000, 0x0000000100000000)
 Metaspace       used 38215K, capacity 39114K, committed 39244K, reserved 1083392K
  class space    used 4310K, capacity 4603K, committed 4684K, reserved 1048576K
}
2017-09-07T17:01:03.070+0600: 3031.550: Total time for which application threads were stopped: 0.0050277 seconds, Stopping threads took: 0.0000226 seconds
2017-09-07T17:01:03.529+0600: 3032.009: Total time for which application threads were stopped: 0.0001021 seconds, Stopping threads took: 0.0000256 seconds
2017-09-07T17:01:03.555+0600: 3032.035: Total time for which application threads were stopped: 0.0000928 seconds, Stopping threads took: 0.0000147 seconds
2017-09-07T17:01:04.555+0600: 3033.035: Total time for which application threads were stopped: 0.0000963 seconds, Stopping threads took: 0.0000145 seconds
2017-09-07T17:01:07.468+0600: 3035.948: Total time for which application threads were stopped: 0.0001826 seconds, Stopping threads took: 0.0000243 seconds
2017-09-07T17:01:07.509+0600: 3035.989: Total time for which application threads were stopped: 0.0001437 seconds, Stopping threads took: 0.0000250 seconds
2017-09-07T17:01:07.969+0600: 3036.449: Total time for which application threads were stopped: 0.0000950 seconds, Stopping threads took: 0.0000199 seconds
2017-09-07T17:01:07.970+0600: 3036.450: Total time for which application threads were stopped: 0.0000374 seconds, Stopping threads took: 0.0000084 seconds
2017-09-07T17:01:11.890+0600: 3040.370: Total time for which application threads were stopped: 0.0001445 seconds, Stopping threads took: 0.0000315 seconds
{Heap before GC invocations=42 (full 1):
 par new generation   total 109248K, used 90013K [0x00000000e0000000, 0x00000000e8000000, 0x00000000e8000000)
  eden space 87424K,  99% used [0x00000000e0000000, 0x00000000e54f6ff0, 0x00000000e5560000)
  from space 21824K,  13% used [0x00000000e5560000, 0x00000000e5850570, 0x00000000e6ab0000)
  to   space 21824K,   0% used [0x00000000e6ab0000, 0x00000000e6ab0000, 0x00000000e8000000)
 concurrent mark-sweep generation total 393216K, used 27604K [0x00000000e8000000, 0x0000000100000000, 0x0000000100000000)
 Metaspace       used 38215K, capacity 39114K, committed 39244K, reserved 1083392K
  class space    used 4310K, capacity 4603K, committed 4684K, reserved 1048576K
2017-09-07T17:01:11.901+0600: 3040.381: [GC (Allocation Failure) 2017-09-07T17:01:11.901+0600: 3040.381: [ParNew
Desired survivor size 20112992 bytes, new threshold 8 (max 8)
- age   1:    2160624 bytes,    2160624 total
- age   2:      34360 bytes,    2194984 total
- age   3:      31400 bytes,    2226384 total
- age   4:      23696 bytes,    2250080 total
- age   5:      23512 bytes,    2273592 total
- age   6:      25800 bytes,    2299392 total
- age   7:      20320 bytes,    2319712 total
- age   8:      16864 bytes,    2336576 total
: 90013K->3587K(109248K), 0.0043351 secs] 117617K->31214K(502464K), 0.0043948 secs] [Times: user=0.01 sys=0.00, real=0.01 secs] 
Heap after GC invocations=43 (full 1):
 par new generation   total 109248K, used 3587K [0x00000000e0000000, 0x00000000e8000000, 0x00000000e8000000)
  eden space 87424K,   0% used [0x00000000e0000000, 0x00000000e0000000, 0x00000000e5560000)
  from space 21824K,  16% used [0x00000000e6ab0000, 0x00000000e6e30c20, 0x00000000e8000000)
  to   space 21824K,   0% used [0x00000000e5560000, 0x00000000e5560000, 0x00000000e6ab0000)
 concurrent mark-sweep generation total 393216K, used 27627K [0x00000000e8000000, 0x0000000100000000, 0x0000000100000000)
 Metaspace       used 38215K, capacity 39114K, committed 39244K, reserved 1083392K
  class space    used 4310K, capacity 4603K, committed 4684K, reserved 1048576K
}
2017-09-07T17:01:11.905+0600: 3040.385: Total time for which application threads were stopped: 0.0046039 seconds, Stopping threads took: 0.0000381 seconds
2017-09-07T17:01:12.385+0600: 3040.865: Total time for which application threads were stopped: 0.0001930 seconds, Stopping threads took: 0.0000169 seconds
2017-09-07T17:01:14.385+0600: 3042.865: Total time for which application threads were stopped: 0.0001270 seconds, Stopping threads took: 0.0000200 seconds
2017-09-07T17:01:16.385+0600: 3044.865: Total time for which application threads were stopped: 0.0001038 seconds, Stopping threads took: 0.0000154 seconds
2017-09-07T17:01:16.464+0600: 3044.944: Total time for which application threads were stopped: 0.0002907 seconds, Stopping threads took: 0.0000709 seconds
2017-09-07T17:01:17.065+0600: 3045.545: Total time for which application threads were stopped: 0.0001036 seconds, Stopping threads took: 0.0000265 seconds
2017-09-07T17:01:17.066+0600: 3045.545: Total time for which application threads were stopped: 0.0000417 seconds, Stopping threads took: 0.0000083 seconds
2017-09-07T17:01:17.066+0600: 3045.546: Total time for which application threads were stopped: 0.0000503 seconds, Stopping threads took: 0.0000088 seconds
2017-09-07T17:01:19.066+0600: 3047.546: Total time for which application threads were stopped: 0.0000896 seconds, Stopping threads took: 0.0000164 seconds
2017-09-07T17:02:39.035+0600: 3127.515: Total time for which application threads were stopped: 0.0001018 seconds, Stopping threads took: 0.0000130 seconds
2017-09-07T17:02:39.035+0600: 3127.515: Total time for which application threads were stopped: 0.0000596 seconds, Stopping threads took: 0.0000153 seconds
2017-09-07T17:02:39.036+0600: 3127.516: Total time for which application threads were stopped: 0.0000952 seconds, Stopping threads took: 0.0000329 seconds
2017-09-07T17:02:39.037+0600: 3127.517: Total time for which application threads were stopped: 0.0000573 seconds, Stopping threads took: 0.0000134 seconds
2017-09-07T17:02:40.037+0600: 3128.517: Total time for which application threads were stopped: 0.0001650 seconds, Stopping threads took: 0.0000271 seconds
2017-09-07T17:02:51.089+0600: 3139.569: Total time for which application threads were stopped: 0.0001164 seconds, Stopping threads took: 0.0000296 seconds
2017-09-07T17:02:51.090+0600: 3139.570: Total time for which application threads were stopped: 0.0000472 seconds, Stopping threads took: 0.0000196 seconds
2017-09-07T17:02:51.090+0600: 3139.570: Total time for which application threads were stopped: 0.0000531 seconds, Stopping threads took: 0.0000283 seconds
2017-09-07T17:02:51.090+0600: 3139.570: Total time for which application threads were stopped: 0.0000387 seconds, Stopping threads took: 0.0000046 seconds
2017-09-07T17:02:51.090+0600: 3139.570: Total time for which application threads were stopped: 0.0001188 seconds, Stopping threads took: 0.0000052 seconds
2017-09-07T17:02:51.092+0600: 3139.572: Total time for which application threads were stopped: 0.0000739 seconds, Stopping threads took: 0.0000073 seconds
2017-09-07T17:02:51.092+0600: 3139.572: Total time for which application threads were stopped: 0.0000680 seconds, Stopping threads took: 0.0000168 seconds
2017-09-07T17:02:51.093+0600: 3139.573: Total time for which application threads were stopped: 0.0000536 seconds, Stopping threads took: 0.0000067 seconds
2017-09-07T17:02:51.098+0600: 3139.578: Total time for which application threads were stopped: 0.0044539 seconds, Stopping threads took: 0.0043696 seconds
2017-09-07T17:02:51.112+0600: 3139.592: Total time for which application threads were stopped: 0.0001080 seconds, Stopping threads took: 0.0000275 seconds
2017-09-07T17:02:51.113+0600: 3139.593: Total time for which application threads were stopped: 0.0000511 seconds, Stopping threads took: 0.0000174 seconds
2017-09-07T17:02:51.113+0600: 3139.593: Total time for which application threads were stopped: 0.0000335 seconds, Stopping threads took: 0.0000111 seconds
2017-09-07T17:02:51.113+0600: 3139.593: Total time for which application threads were stopped: 0.0000244 seconds, Stopping threads took: 0.0000034 seconds
2017-09-07T17:02:51.113+0600: 3139.593: Total time for which application threads were stopped: 0.0000222 seconds, Stopping threads took: 0.0000026 seconds
2017-09-07T17:02:51.113+0600: 3139.593: Total time for which application threads were stopped: 0.0000214 seconds, Stopping threads took: 0.0000023 seconds
2017-09-07T17:02:51.113+0600: 3139.593: Total time for which application threads were stopped: 0.0000222 seconds, Stopping threads took: 0.0000023 seconds
2017-09-07T17:02:51.113+0600: 3139.593: Total time for which application threads were stopped: 0.0000597 seconds, Stopping threads took: 0.0000370 seconds
2017-09-07T17:02:51.113+0600: 3139.593: Total time for which application threads were stopped: 0.0000234 seconds, Stopping threads took: 0.0000039 seconds
2017-09-07T17:02:51.114+0600: 3139.593: Total time for which application threads were stopped: 0.0000391 seconds, Stopping threads took: 0.0000150 seconds
2017-09-07T17:02:51.114+0600: 3139.593: Total time for which application threads were stopped: 0.0000287 seconds, Stopping threads took: 0.0000082 seconds
2017-09-07T17:02:51.114+0600: 3139.593: Total time for which application threads were stopped: 0.0000309 seconds, Stopping threads took: 0.0000104 seconds
2017-09-07T17:02:51.114+0600: 3139.594: Total time for which application threads were stopped: 0.0000243 seconds, Stopping threads took: 0.0000044 seconds
2017-09-07T17:02:51.115+0600: 3139.594: Total time for which application threads were stopped: 0.0001668 seconds, Stopping threads took: 0.0001132 seconds
2017-09-07T17:02:52.115+0600: 3140.595: Total time for which application threads were stopped: 0.0000733 seconds, Stopping threads took: 0.0000161 seconds
2017-09-07T17:03:05.092+0600: 3153.572: Total time for which application threads were stopped: 0.0001149 seconds, Stopping threads took: 0.0000155 seconds
2017-09-07T17:03:05.093+0600: 3153.573: Total time for which application threads were stopped: 0.0000932 seconds, Stopping threads took: 0.0000241 seconds
2017-09-07T17:03:05.093+0600: 3153.573: Total time for which application threads were stopped: 0.0000675 seconds, Stopping threads took: 0.0000119 seconds
2017-09-07T17:03:05.093+0600: 3153.573: Total time for which application threads were stopped: 0.0000448 seconds, Stopping threads took: 0.0000040 seconds
2017-09-07T17:03:05.093+0600: 3153.573: Total time for which application threads were stopped: 0.0000396 seconds, Stopping threads took: 0.0000040 seconds
2017-09-07T17:03:05.093+0600: 3153.573: Total time for which application threads were stopped: 0.0000372 seconds, Stopping threads took: 0.0000036 seconds
2017-09-07T17:03:05.093+0600: 3153.573: Total time for which application threads were stopped: 0.0000335 seconds, Stopping threads took: 0.0000036 seconds
2017-09-07T17:03:05.093+0600: 3153.573: Total time for which application threads were stopped: 0.0000339 seconds, Stopping threads took: 0.0000033 seconds
2017-09-07T17:03:05.093+0600: 3153.573: Total time for which application threads were stopped: 0.0000321 seconds, Stopping threads took: 0.0000032 seconds
2017-09-07T17:03:05.094+0600: 3153.574: Total time for which application threads were stopped: 0.0000448 seconds, Stopping threads took: 0.0000060 seconds
2017-09-07T17:03:05.094+0600: 3153.574: Total time for which application threads were stopped: 0.0000340 seconds, Stopping threads took: 0.0000036 seconds
2017-09-07T17:03:05.103+0600: 3153.583: Total time for which application threads were stopped: 0.0001045 seconds, Stopping threads took: 0.0000230 seconds
2017-09-07T17:03:05.103+0600: 3153.583: Total time for which application threads were stopped: 0.0000556 seconds, Stopping threads took: 0.0000118 seconds
2017-09-07T17:03:05.151+0600: 3153.631: Total time for which application threads were stopped: 0.0001766 seconds, Stopping threads took: 0.0000624 seconds
2017-09-07T17:03:05.153+0600: 3153.633: Total time for which application threads were stopped: 0.0011400 seconds, Stopping threads took: 0.0010295 seconds
2017-09-07T17:03:05.154+0600: 3153.634: Total time for which application threads were stopped: 0.0004439 seconds, Stopping threads took: 0.0003365 seconds
2017-09-07T17:03:05.154+0600: 3153.634: Total time for which application threads were stopped: 0.0000897 seconds, Stopping threads took: 0.0000248 seconds
{Heap before GC invocations=43 (full 1):
 par new generation   total 109248K, used 91011K [0x00000000e0000000, 0x00000000e8000000, 0x00000000e8000000)
  eden space 87424K, 100% used [0x00000000e0000000, 0x00000000e5560000, 0x00000000e5560000)
  from space 21824K,  16% used [0x00000000e6ab0000, 0x00000000e6e30c20, 0x00000000e8000000)
  to   space 21824K,   0% used [0x00000000e5560000, 0x00000000e5560000, 0x00000000e6ab0000)
 concurrent mark-sweep generation total 393216K, used 27627K [0x00000000e8000000, 0x0000000100000000, 0x0000000100000000)
 Metaspace       used 38235K, capacity 39114K, committed 39244K, reserved 1083392K
  class space    used 4310K, capacity 4603K, committed 4684K, reserved 1048576K
2017-09-07T17:03:05.227+0600: 3153.707: [GC (Allocation Failure) 2017-09-07T17:03:05.228+0600: 3153.707: [ParNew
Desired survivor size 20112992 bytes, new threshold 8 (max 8)
- age   1:    2838600 bytes,    2838600 total
- age   2:      30160 bytes,    2868760 total
- age   3:      31384 bytes,    2900144 total
- age   4:      29848 bytes,    2929992 total
- age   5:      23664 bytes,    2953656 total
- age   6:      23512 bytes,    2977168 total
- age   7:      25024 bytes,    3002192 total
- age   8:      19936 bytes,    3022128 total
: 91011K->3291K(109248K), 0.0231946 secs] 118638K->30935K(502464K), 0.0232612 secs] [Times: user=0.02 sys=0.00, real=0.03 secs] 
Heap after GC invocations=44 (full 1):
 par new generation   total 109248K, used 3291K [0x00000000e0000000, 0x00000000e8000000, 0x00000000e8000000)
  eden space 87424K,   0% used [0x00000000e0000000, 0x00000000e0000000, 0x00000000e5560000)
  from space 21824K,  15% used [0x00000000e5560000, 0x00000000e5896d00, 0x00000000e6ab0000)
  to   space 21824K,   0% used [0x00000000e6ab0000, 0x00000000e6ab0000, 0x00000000e8000000)
 concurrent mark-sweep generation total 393216K, used 27644K [0x00000000e8000000, 0x0000000100000000, 0x0000000100000000)
 Metaspace       used 38235K, capacity 39114K, committed 39244K, reserved 1083392K
  class space    used 4310K, capacity 4603K, committed 4684K, reserved 1048576K
}
2017-09-07T17:03:05.251+0600: 3153.731: Total time for which application threads were stopped: 0.0234873 seconds, Stopping threads took: 0.0000215 seconds
2017-09-07T17:03:05.251+0600: 3153.731: Total time for which application threads were stopped: 0.0002346 seconds, Stopping threads took: 0.0001249 seconds
{Heap before GC invocations=44 (full 1):
 par new generation   total 109248K, used 90715K [0x00000000e0000000, 0x00000000e8000000, 0x00000000e8000000)
  eden space 87424K, 100% used [0x00000000e0000000, 0x00000000e5560000, 0x00000000e5560000)
  from space 21824K,  15% used [0x00000000e5560000, 0x00000000e5896d00, 0x00000000e6ab0000)
  to   space 21824K,   0% used [0x00000000e6ab0000, 0x00000000e6ab0000, 0x00000000e8000000)
 concurrent mark-sweep generation total 393216K, used 27644K [0x00000000e8000000, 0x0000000100000000, 0x0000000100000000)
 Metaspace       used 38260K, capacity 39202K, committed 39368K, reserved 1083392K
  class space    used 4312K, capacity 4607K, committed 4684K, reserved 1048576K
2017-09-07T17:03:05.319+0600: 3153.798: [GC (Allocation Failure) 2017-09-07T17:03:05.319+0600: 3153.798: [ParNew
Desired survivor size 20112992 bytes, new threshold 8 (max 8)
- age   1:     475544 bytes,     475544 total
- age   2:    2561360 bytes,    3036904 total
- age   3:      29184 bytes,    3066088 total
- age   4:      31384 bytes,    3097472 total
- age   5:      29848 bytes,    3127320 total
- age   6:      23664 bytes,    3150984 total
- age   7:      23512 bytes,    3174496 total
- age   8:      25024 bytes,    3199520 total
: 90715K->3924K(109248K), 0.0294392 secs] 118359K->31587K(502464K), 0.0295042 secs] [Times: user=0.03 sys=0.00, real=0.03 secs] 
Heap after GC invocations=45 (full 1):
 par new generation   total 109248K, used 3924K [0x00000000e0000000, 0x00000000e8000000, 0x00000000e8000000)
  eden space 87424K,   0% used [0x00000000e0000000, 0x00000000e0000000, 0x00000000e5560000)
  from space 21824K,  17% used [0x00000000e6ab0000, 0x00000000e6e85120, 0x00000000e8000000)
  to   space 21824K,   0% used [0x00000000e5560000, 0x00000000e5560000, 0x00000000e6ab0000)
 concurrent mark-sweep generation total 393216K, used 27663K [0x00000000e8000000, 0x0000000100000000, 0x0000000100000000)
 Metaspace       used 38260K, capacity 39202K, committed 39368K, reserved 1083392K
  class space    used 4312K, capacity 4607K, committed 4684K, reserved 1048576K
}
2017-09-07T17:03:05.348+0600: 3153.828: Total time for which application threads were stopped: 0.0296869 seconds, Stopping threads took: 0.0000184 seconds
2017-09-07T17:03:05.348+0600: 3153.828: Total time for which application threads were stopped: 0.0001500 seconds, Stopping threads took: 0.0000286 seconds
{Heap before GC invocations=45 (full 1):
 par new generation   total 109248K, used 91348K [0x00000000e0000000, 0x00000000e8000000, 0x00000000e8000000)
  eden space 87424K, 100% used [0x00000000e0000000, 0x00000000e5560000, 0x00000000e5560000)
  from space 21824K,  17% used [0x00000000e6ab0000, 0x00000000e6e85120, 0x00000000e8000000)
  to   space 21824K,   0% used [0x00000000e5560000, 0x00000000e5560000, 0x00000000e6ab0000)
 concurrent mark-sweep generation total 393216K, used 27663K [0x00000000e8000000, 0x0000000100000000, 0x0000000100000000)
 Metaspace       used 38281K, capacity 39266K, committed 39368K, reserved 1083392K
  class space    used 4313K, capacity 4607K, committed 4684K, reserved 1048576K
2017-09-07T17:03:05.457+0600: 3153.937: [GC (Allocation Failure) 2017-09-07T17:03:05.457+0600: 3153.937: [ParNew
Desired survivor size 20112992 bytes, new threshold 8 (max 8)
- age   1:     605696 bytes,     605696 total
- age   2:      67408 bytes,     673104 total
- age   3:    2086424 bytes,    2759528 total
- age   4:      29184 bytes,    2788712 total
- age   5:      31384 bytes,    2820096 total
- age   6:      29848 bytes,    2849944 total
- age   7:      23664 bytes,    2873608 total
- age   8:      23512 bytes,    2897120 total
: 91348K->3344K(109248K), 0.0343780 secs] 119011K->31032K(502464K), 0.0345180 secs] [Times: user=0.03 sys=0.00, real=0.04 secs] 
Heap after GC invocations=46 (full 1):
 par new generation   total 109248K, used 3344K [0x00000000e0000000, 0x00000000e8000000, 0x00000000e8000000)
  eden space 87424K,   0% used [0x00000000e0000000, 0x00000000e0000000, 0x00000000e5560000)
  from space 21824K,  15% used [0x00000000e5560000, 0x00000000e58a4108, 0x00000000e6ab0000)
  to   space 21824K,   0% used [0x00000000e6ab0000, 0x00000000e6ab0000, 0x00000000e8000000)
 concurrent mark-sweep generation total 393216K, used 27687K [0x00000000e8000000, 0x0000000100000000, 0x0000000100000000)
 Metaspace       used 38281K, capacity 39266K, committed 39368K, reserved 1083392K
  class space    used 4313K, capacity 4607K, committed 4684K, reserved 1048576K
}
2017-09-07T17:03:05.491+0600: 3153.971: Total time for which application threads were stopped: 0.0368917 seconds, Stopping threads took: 0.0021355 seconds
2017-09-07T17:03:05.548+0600: 3154.028: Total time for which application threads were stopped: 0.0002077 seconds, Stopping threads took: 0.0001012 seconds
2017-09-07T17:03:05.566+0600: 3154.046: Total time for which application threads were stopped: 0.0001617 seconds, Stopping threads took: 0.0000276 seconds
2017-09-07T17:03:05.575+0600: 3154.055: Total time for which application threads were stopped: 0.0050467 seconds, Stopping threads took: 0.0049232 seconds
2017-09-07T17:03:05.577+0600: 3154.057: Total time for which application threads were stopped: 0.0000976 seconds, Stopping threads took: 0.0000128 seconds
2017-09-07T17:03:05.578+0600: 3154.058: Total time for which application threads were stopped: 0.0014933 seconds, Stopping threads took: 0.0014098 seconds
2017-09-07T17:03:05.579+0600: 3154.059: Total time for which application threads were stopped: 0.0000542 seconds, Stopping threads took: 0.0000085 seconds
2017-09-07T17:03:05.579+0600: 3154.059: Total time for which application threads were stopped: 0.0000284 seconds, Stopping threads took: 0.0000036 seconds
2017-09-07T17:03:05.579+0600: 3154.059: Total time for which application threads were stopped: 0.0000280 seconds, Stopping threads took: 0.0000062 seconds
2017-09-07T17:03:05.579+0600: 3154.059: Total time for which application threads were stopped: 0.0000236 seconds, Stopping threads took: 0.0000027 seconds
2017-09-07T17:03:05.579+0600: 3154.059: Total time for which application threads were stopped: 0.0001024 seconds, Stopping threads took: 0.0000026 seconds
2017-09-07T17:03:05.579+0600: 3154.059: Total time for which application threads were stopped: 0.0000516 seconds, Stopping threads took: 0.0000238 seconds
2017-09-07T17:03:06.579+0600: 3155.059: Total time for which application threads were stopped: 0.0000809 seconds, Stopping threads took: 0.0000175 seconds
2017-09-07T17:03:20.580+0600: 3169.060: Total time for which application threads were stopped: 0.0000723 seconds, Stopping threads took: 0.0000145 seconds
2017-09-07T17:03:41.533+0600: 3190.013: Total time for which application threads were stopped: 0.0006212 seconds, Stopping threads took: 0.0000214 seconds
2017-09-07T17:03:41.534+0600: 3190.013: Total time for which application threads were stopped: 0.0000780 seconds, Stopping threads took: 0.0000142 seconds
2017-09-07T17:03:41.535+0600: 3190.014: Total time for which application threads were stopped: 0.0007617 seconds, Stopping threads took: 0.0000056 seconds
2017-09-07T17:03:41.536+0600: 3190.015: Total time for which application threads were stopped: 0.0000855 seconds, Stopping threads took: 0.0000078 seconds
2017-09-07T17:03:41.537+0600: 3190.017: Total time for which application threads were stopped: 0.0000580 seconds, Stopping threads took: 0.0000116 seconds
2017-09-07T17:03:41.537+0600: 3190.017: Total time for which application threads were stopped: 0.0000585 seconds, Stopping threads took: 0.0000185 seconds
2017-09-07T17:03:41.537+0600: 3190.017: Total time for which application threads were stopped: 0.0000314 seconds, Stopping threads took: 0.0000092 seconds
2017-09-07T17:03:41.544+0600: 3190.024: Total time for which application threads were stopped: 0.0053365 seconds, Stopping threads took: 0.0052582 seconds
2017-09-07T17:03:41.546+0600: 3190.026: Total time for which application threads were stopped: 0.0026101 seconds, Stopping threads took: 0.0025494 seconds
2017-09-07T17:03:41.547+0600: 3190.027: Total time for which application threads were stopped: 0.0000383 seconds, Stopping threads took: 0.0000092 seconds
2017-09-07T17:03:41.547+0600: 3190.027: Total time for which application threads were stopped: 0.0000310 seconds, Stopping threads took: 0.0000069 seconds
2017-09-07T17:03:41.547+0600: 3190.027: Total time for which application threads were stopped: 0.0000392 seconds, Stopping threads took: 0.0000062 seconds
2017-09-07T17:03:41.547+0600: 3190.027: Total time for which application threads were stopped: 0.0000311 seconds, Stopping threads took: 0.0000060 seconds
2017-09-07T17:03:41.547+0600: 3190.027: Total time for which application threads were stopped: 0.0000305 seconds, Stopping threads took: 0.0000060 seconds
2017-09-07T17:03:41.547+0600: 3190.027: Total time for which application threads were stopped: 0.0000299 seconds, Stopping threads took: 0.0000059 seconds
2017-09-07T17:03:41.547+0600: 3190.027: Total time for which application threads were stopped: 0.0000314 seconds, Stopping threads took: 0.0000062 seconds
2017-09-07T17:03:41.547+0600: 3190.027: Total time for which application threads were stopped: 0.0000432 seconds, Stopping threads took: 0.0000058 seconds
2017-09-07T17:03:41.547+0600: 3190.027: Total time for which application threads were stopped: 0.0000316 seconds, Stopping threads took: 0.0000059 seconds
2017-09-07T17:03:41.551+0600: 3190.030: Total time for which application threads were stopped: 0.0015015 seconds, Stopping threads took: 0.0013977 seconds
2017-09-07T17:03:41.551+0600: 3190.031: Total time for which application threads were stopped: 0.0000647 seconds, Stopping threads took: 0.0000196 seconds
2017-09-07T17:03:41.553+0600: 3190.033: Total time for which application threads were stopped: 0.0002452 seconds, Stopping threads took: 0.0001841 seconds
2017-09-07T17:03:41.554+0600: 3190.034: Total time for which application threads were stopped: 0.0001768 seconds, Stopping threads took: 0.0001315 seconds
2017-09-07T17:03:41.554+0600: 3190.034: Total time for which application threads were stopped: 0.0000523 seconds, Stopping threads took: 0.0000254 seconds
2017-09-07T17:03:41.554+0600: 3190.034: Total time for which application threads were stopped: 0.0000554 seconds, Stopping threads took: 0.0000190 seconds
2017-09-07T17:03:41.557+0600: 3190.037: Total time for which application threads were stopped: 0.0001143 seconds, Stopping threads took: 0.0000236 seconds
2017-09-07T17:03:41.557+0600: 3190.037: Total time for which application threads were stopped: 0.0000486 seconds, Stopping threads took: 0.0000278 seconds
2017-09-07T17:03:41.557+0600: 3190.037: Total time for which application threads were stopped: 0.0000380 seconds, Stopping threads took: 0.0000062 seconds
2017-09-07T17:03:41.557+0600: 3190.037: Total time for which application threads were stopped: 0.0000259 seconds, Stopping threads took: 0.0000051 seconds
2017-09-07T17:03:41.557+0600: 3190.037: Total time for which application threads were stopped: 0.0000205 seconds, Stopping threads took: 0.0000038 seconds
2017-09-07T17:03:41.557+0600: 3190.037: Total time for which application threads were stopped: 0.0000200 seconds, Stopping threads took: 0.0000039 seconds
2017-09-07T17:03:41.557+0600: 3190.037: Total time for which application threads were stopped: 0.0000195 seconds, Stopping threads took: 0.0000036 seconds
2017-09-07T17:03:41.557+0600: 3190.037: Total time for which application threads were stopped: 0.0000194 seconds, Stopping threads took: 0.0000036 seconds
2017-09-07T17:03:41.557+0600: 3190.037: Total time for which application threads were stopped: 0.0000201 seconds, Stopping threads took: 0.0000044 seconds
2017-09-07T17:03:41.557+0600: 3190.037: Total time for which application threads were stopped: 0.0000193 seconds, Stopping threads took: 0.0000038 seconds
2017-09-07T17:03:41.557+0600: 3190.037: Total time for which application threads were stopped: 0.0000201 seconds, Stopping threads took: 0.0000044 seconds
2017-09-07T17:03:41.557+0600: 3190.037: Total time for which application threads were stopped: 0.0000214 seconds, Stopping threads took: 0.0000046 seconds
2017-09-07T17:03:41.557+0600: 3190.037: Total time for which application threads were stopped: 0.0000202 seconds, Stopping threads took: 0.0000045 seconds
2017-09-07T17:03:41.557+0600: 3190.037: Total time for which application threads were stopped: 0.0000201 seconds, Stopping threads took: 0.0000044 seconds
2017-09-07T17:03:41.557+0600: 3190.037: Total time for which application threads were stopped: 0.0000195 seconds, Stopping threads took: 0.0000034 seconds
2017-09-07T17:03:41.557+0600: 3190.037: Total time for which application threads were stopped: 0.0000195 seconds, Stopping threads took: 0.0000033 seconds
2017-09-07T17:03:41.558+0600: 3190.037: Total time for which application threads were stopped: 0.0000718 seconds, Stopping threads took: 0.0000034 seconds
2017-09-07T17:03:41.558+0600: 3190.038: Total time for which application threads were stopped: 0.0000474 seconds, Stopping threads took: 0.0000172 seconds
2017-09-07T17:03:41.560+0600: 3190.040: Total time for which application threads were stopped: 0.0011544 seconds, Stopping threads took: 0.0006070 seconds
2017-09-07T17:03:41.560+0600: 3190.040: Total time for which application threads were stopped: 0.0000485 seconds, Stopping threads took: 0.0000223 seconds
2017-09-07T17:03:41.560+0600: 3190.040: Total time for which application threads were stopped: 0.0000377 seconds, Stopping threads took: 0.0000169 seconds
2017-09-07T17:03:41.560+0600: 3190.040: Total time for which application threads were stopped: 0.0000360 seconds, Stopping threads took: 0.0000158 seconds
2017-09-07T17:03:41.561+0600: 3190.040: Total time for which application threads were stopped: 0.0000274 seconds, Stopping threads took: 0.0000094 seconds
2017-09-07T17:03:41.561+0600: 3190.040: Total time for which application threads were stopped: 0.0000280 seconds, Stopping threads took: 0.0000097 seconds
2017-09-07T17:03:41.561+0600: 3190.040: Total time for which application threads were stopped: 0.0000276 seconds, Stopping threads took: 0.0000093 seconds
2017-09-07T17:03:41.561+0600: 3190.041: Total time for which application threads were stopped: 0.0000273 seconds, Stopping threads took: 0.0000089 seconds
2017-09-07T17:03:41.561+0600: 3190.041: Total time for which application threads were stopped: 0.0000298 seconds, Stopping threads took: 0.0000116 seconds
2017-09-07T17:03:41.561+0600: 3190.041: Total time for which application threads were stopped: 0.0000297 seconds, Stopping threads took: 0.0000117 seconds
2017-09-07T17:03:41.561+0600: 3190.041: Total time for which application threads were stopped: 0.0000289 seconds, Stopping threads took: 0.0000106 seconds
2017-09-07T17:03:41.561+0600: 3190.041: Total time for which application threads were stopped: 0.0000300 seconds, Stopping threads took: 0.0000116 seconds
2017-09-07T17:03:41.561+0600: 3190.041: Total time for which application threads were stopped: 0.0000345 seconds, Stopping threads took: 0.0000162 seconds
2017-09-07T17:03:41.561+0600: 3190.041: Total time for which application threads were stopped: 0.0000300 seconds, Stopping threads took: 0.0000118 seconds
2017-09-07T17:03:41.561+0600: 3190.041: Total time for which application threads were stopped: 0.0000301 seconds, Stopping threads took: 0.0000122 seconds
2017-09-07T17:03:41.561+0600: 3190.041: Total time for which application threads were stopped: 0.0000284 seconds, Stopping threads took: 0.0000104 seconds
2017-09-07T17:03:41.561+0600: 3190.041: Total time for which application threads were stopped: 0.0000272 seconds, Stopping threads took: 0.0000089 seconds
2017-09-07T17:03:41.561+0600: 3190.041: Total time for which application threads were stopped: 0.0000329 seconds, Stopping threads took: 0.0000145 seconds
2017-09-07T17:03:41.561+0600: 3190.041: Total time for which application threads were stopped: 0.0000259 seconds, Stopping threads took: 0.0000077 seconds
2017-09-07T17:03:41.561+0600: 3190.041: Total time for which application threads were stopped: 0.0000700 seconds, Stopping threads took: 0.0000101 seconds
2017-09-07T17:03:41.562+0600: 3190.042: Total time for which application threads were stopped: 0.0000392 seconds, Stopping threads took: 0.0000054 seconds
Heap
 par new generation   total 109248K, used 20055K [0x00000000e0000000, 0x00000000e8000000, 0x00000000e8000000)
  eden space 87424K,  19% used [0x00000000e0000000, 0x00000000e1051c28, 0x00000000e5560000)
  from space 21824K,  15% used [0x00000000e5560000, 0x00000000e58a4108, 0x00000000e6ab0000)
  to   space 21824K,   0% used [0x00000000e6ab0000, 0x00000000e6ab0000, 0x00000000e8000000)
 concurrent mark-sweep generation total 393216K, used 27687K [0x00000000e8000000, 0x0000000100000000, 0x0000000100000000)
 Metaspace       used 38355K, capacity 39352K, committed 39500K, reserved 1083392K
  class space    used 4324K, capacity 4612K, committed 4684K, reserved 1048576K
